
[1m[38;5;232m[48;5;43m N E X T F L O W [0;2m  ~  [mversion 24.10.4[m
[K
Launching[35m `./main.nf` [0;2m[[0;1;36mevil_booth[0;2m] DSL2 - [36mrevision: [0;36m8fe4a5f03e[m
[K
ERROR ~ No such file or directory: Can't find a matching module file for include: ../subworkflows/local/prepare_input

 -- Check script './workflows/../subworkflows/local/utils_nfcore_genomeassembly_pipeline/main.nf' at line: 19 or see '.nextflow.log' file for more details

[1m[38;5;232m[48;5;43m N E X T F L O W [0;2m  ~  [mversion 24.10.4[m
[K
Launching[35m `./main.nf` [0;2m[[0;1;36mlethal_lavoisier[0;2m] DSL2 - [36mrevision: [0;36m8fe4a5f03e[m
[K
ERROR ~ No such file or directory: Can't find a matching module file for include: ../../subworkflows/local/prepare_input

 -- Check script './workflows/../subworkflows/local/utils_nfcore_genomeassembly_pipeline/main.nf' at line: 19 or see '.nextflow.log' file for more details

[1m[38;5;232m[48;5;43m N E X T F L O W [0;2m  ~  [mversion 24.10.4[m
[K
Launching[35m `./main.nf` [0;2m[[0;1;36mfurious_carson[0;2m] DSL2 - [36mrevision: [0;36m8fe4a5f03e[m
[K
[1mInput/output options[0m
  [0;34minput                     : [0;32m/lustre/scratch123/tol/teams/tola/users/jd42/genomeassembly_testing/genomeassembly/assets/test.yaml[0m
  [0;34moutdir                    : [0;32mresults[0m
  [0;34mhifiasm_hic_on            : [0;32mtrue[0m
  [0;34morganelles_on             : [0;32mtrue[0m
  [0;34mbed_chunks_polishing      : [0;32m2[0m
  [0;34mtimestamp                 : [0;32m20250326[0m
  [0;34mhifiasm                   : [0;32mhifiasm.20250326[0m
  [0;34mhifiasmhic                : [0;32mhifiasm-hic.20250326[0m
  [0;34mhifiasmtrio               : [0;32mhifiasm-trio.20250326[0m

[1mInstitutional config options[0m
  [0;34mconfig_profile_name       : [0;32mTest profile[0m
  [0;34mconfig_profile_description: [0;32mThe Wellcome Sanger Institute HPC cluster (tol22) profile[0m
  [0;34mconfig_profile_contact    : [0;32mPriyanka Surana (@priyanka-surana)[0m
  [0;34mconfig_profile_url        : [0;32mhttps://www.sanger.ac.uk[0m

[1mGeneric options[0m
  [0;34mtrace_report_suffix       : [0;32m2025-03-26_12-30-52[0m

[1mCore Nextflow options[0m
  [0;34mrunName                   : [0;32mfurious_carson[0m
  [0;34mcontainerEngine           : [0;32msingularity[0m
  [0;34mlaunchDir                 : [0;32m/lustre/scratch123/tol/teams/tola/users/jd42/genomeassembly_testing/genomeassembly[0m
  [0;34mworkDir                   : [0;32m/lustre/scratch123/tol/teams/tola/users/jd42/genomeassembly_testing/genomeassembly/work[0m
  [0;34mprojectDir                : [0;32m/lustre/scratch123/tol/teams/tola/users/jd42/genomeassembly_testing/genomeassembly[0m
  [0;34muserName                  : [0;32mjd42[0m
  [0;34mprofile                   : [0;32msanger,singularity,test[0m
  [0;34mconfigFiles               : [0;32m/lustre/scratch123/tol/teams/tola/users/jd42/genomeassembly_testing/genomeassembly/nextflow.config[0m

!! Only displaying parameters that differ from the pipeline defaults !!
-[2m----------------------------------------------------[0m-
[33mWARN: The following invalid input values have been detected:

* --max_memory: 1.4 TB
* --max_cpus: 64
* --max_time: 62d

[39m[K
[31mERROR ~ Validation of pipeline parameters failed!

 -- Check '.nextflow.log' file for details[39m[K

[1m[38;5;232m[48;5;43m N E X T F L O W [0;2m  ~  [mversion 24.10.5[m
[K
Launching[35m `./main.nf` [0;2m[[0;1;36mamazing_morse[0;2m] DSL2 - [36mrevision: [0;36m8fe4a5f03e[m
[K
[1mInput/output options[0m
  [0;34minput                     : [0;32m/lustre/scratch123/tol/teams/tola/users/jd42/genomeassembly_testing/genomeassembly/assets/test.yaml[0m
  [0;34moutdir                    : [0;32mresults[0m
  [0;34mhifiasm_hic_on            : [0;32mtrue[0m
  [0;34morganelles_on             : [0;32mtrue[0m
  [0;34mbed_chunks_polishing      : [0;32m2[0m
  [0;34mtimestamp                 : [0;32m20250326[0m
  [0;34mhifiasm                   : [0;32mhifiasm.20250326[0m
  [0;34mhifiasmhic                : [0;32mhifiasm-hic.20250326[0m
  [0;34mhifiasmtrio               : [0;32mhifiasm-trio.20250326[0m

[1mInstitutional config options[0m
  [0;34mconfig_profile_name       : [0;32mTest profile[0m
  [0;34mconfig_profile_description: [0;32mThe Wellcome Sanger Institute HPC cluster (tol22) profile[0m
  [0;34mconfig_profile_contact    : [0;32mPriyanka Surana (@priyanka-surana)[0m
  [0;34mconfig_profile_url        : [0;32mhttps://www.sanger.ac.uk[0m

[1mGeneric options[0m
  [0;34mtrace_report_suffix       : [0;32m2025-03-26_12-32-58[0m

[1mCore Nextflow options[0m
  [0;34mrunName                   : [0;32mamazing_morse[0m
  [0;34mcontainerEngine           : [0;32msingularity[0m
  [0;34mlaunchDir                 : [0;32m/lustre/scratch123/tol/teams/tola/users/jd42/genomeassembly_testing/genomeassembly[0m
  [0;34mworkDir                   : [0;32m/lustre/scratch123/tol/teams/tola/users/jd42/genomeassembly_testing/genomeassembly/work[0m
  [0;34mprojectDir                : [0;32m/lustre/scratch123/tol/teams/tola/users/jd42/genomeassembly_testing/genomeassembly[0m
  [0;34muserName                  : [0;32mjd42[0m
  [0;34mprofile                   : [0;32msanger,singularity,test[0m
  [0;34mconfigFiles               : [0;32m/lustre/scratch123/tol/teams/tola/users/jd42/genomeassembly_testing/genomeassembly/nextflow.config[0m

!! Only displaying parameters that differ from the pipeline defaults !!
-[2m----------------------------------------------------[0m-
[33mWARN: The following invalid input values have been detected:

* --max_memory: 1.4 TB
* --max_cpus: 64
* --max_time: 62d

[39m[K
[2m[[0;34m-        [0;2m] [0;2mSANGERTOL_GENOMEASSEMBLY:GENOMEASSEMBLY:GENOMESCOPE_MODEL:[mCAT_CAT_READS -[K
[2A
[2m[[0;34m-        [0;2m] [0;2mSANGERTOL_GENOMEASSEMBLY:GENOMEASSEMBLY:GENOMESCOPE_MODEL:[mCAT_CAT_READS                   -[K
[2m[[0;34m-        [0;2m] [0;2mSANGERTOL_GENOMEASSEMBLY:GENOMEASSEMBLY:GENOMESCOPE_MODEL:[mFASTK_FASTK                     -[K
[2m[[0;34m-        [0;2m] [0;2mSANGERTOL_GENOMEASSEMBLY:GENOMEASSEMBLY:GENOMESCOPE_MODEL:[mFASTK_HISTEX                    -[K
[2m[[0;34m-        [0;2m] [0;2mSANGERTOL_GENOMEASSEMBLY:GENOMEASSEMBLY:GENOMESCOPE_MODEL:TRIO_PROCESS:[mYAK_COUNT_PAT      -[K
[2m[[0;34m-        [0;2m] [0;2mSANGERTOL_GENOMEASSEMBLY:GENOMEASSEMBLY:GENOMESCOPE_MODEL:TRIO_PROCESS:[mFASTK_PAT          -[K
[2m[[0;34m-        [0;2m] [0;2mSANGERTOL_GENOMEASSEMBLY:GENOMEASSEMBLY:GENOMESCOPE_MODEL:TRIO_PROCESS:[mYAK_COUNT_MAT      -[K
[2m[[0;34m-        [0;2m] [0;2mSANGERTOL_GENOMEASSEMBLY:GENOMEASSEMBLY:GENOMESCOPE_MODEL:TRIO_PROCESS:[mFASTK_MAT          -[K
[2m[[0;34m-        [0;2m] [0;2mSANGERTOL_GENOMEASSEMBLY:GENOMEASSEMBLY:GENOMESCOPE_MODEL:TRIO_PROCESS:[mMERQURYFK_HAPMAKER -[K
[2m[[0;34m-        [0;2m] [0;2mSANGERTOL_GENOMEASSEMBLY:GENOMEASSEMBLY:GENOMESCOPE_MODEL:[mGENESCOPEFK                     -[K
[2m[[0;34m-        [0;2m] [0;2mSANGERTOL_GENOMEASSEMBLY:GENOMEASSEMBLY:RAW_ASSEMBLY:[mHIFIASM_PRI                          -[K
[2m[[0;34m-        [0;2m] [0;2mSANGERTOL_GENOMEASSEMBLY:GENOMEASSEMBLY:RAW_ASSEMBLY:[mGFA_TO_FASTA_PRI                     -[K
[2m[[0;34m-        [0;2m] [0;2mSANGERTOL_GENOMEASSEMBLY:GENOMEASSEMBLY:RAW_ASSEMBLY:[mGFA_TO_FASTA_ALT                     -[K
[2m[[0;34m-        [0;2m] [0;2mSANGERTOL_GENOMEASSEMBLY:GENOMEASSEMBLY:RAW_ASSEMBLY:[mHIFIASM_HIC                          -[K
[2m[[0;34m-        [0;2m] [0;2mSANGERTOL_GENOMEASSEMBLY:GENOMEASSEMBLY:RAW_ASSEMBLY:[mGFA_TO_FASTA_HAP1_HIC                -[K
[15A
[2m[[0;34m-        [0;2m] [0;2mSANGERTOL_GENOMEASSEMBLY:GENOMEASSEMBLY:GENOMESCOPE_MODEL:[mCAT_CAT_READS                   -[K
[2m[[0;34m-        [0;2m] [0;2mSANGERTOL_GENOMEASSEMBLY:GENOMEASSEMBLY:GENOMESCOPE_MODEL:[mFASTK_FASTK                     -[K
[2m[[0;34m-        [0;2m] [0;2mSANGERTOL_GENOMEASSEMBLY:GENOMEASSEMBLY:GENOMESCOPE_MODEL:[mFASTK_HISTEX                    -[K
[2m[[0;34m-        [0;2m] [0;2mSANGERTOL_GENOMEASSEMBLY:GENOMEASSEMBLY:GENOMESCOPE_MODEL:TRIO_PROCESS:[mYAK_COUNT_PAT      -[K
[2m[[0;34m-        [0;2m] [0;2mSANGERTOL_GENOMEASSEMBLY:GENOMEASSEMBLY:GENOMESCOPE_MODEL:TRIO_PROCESS:[mFASTK_PAT          -[K
[2m[[0;34m-        [0;2m] [0;2mSANGERTOL_GENOMEASSEMBLY:GENOMEASSEMBLY:GENOMESCOPE_MODEL:TRIO_PROCESS:[mYAK_COUNT_MAT      -[K
[2m[[0;34m-        [0;2m] [0;2mSANGERTOL_GENOMEASSEMBLY:GENOMEASSEMBLY:GENOMESCOPE_MODEL:TRIO_PROCESS:[mFASTK_MAT          -[K
[2m[[0;34m-        [0;2m] [0;2mSANGERTOL_GENOMEASSEMBLY:GENOMEASSEMBLY:GENOMESCOPE_MODEL:TRIO_PROCESS:[mMERQURYFK_HAPMAKER -[K
[2m[[0;34m-        [0;2m] [0;2mSANGERTOL_GENOMEASSEMBLY:GENOMEASSEMBLY:GENOMESCOPE_MODEL:[mGENESCOPEFK                     -[K
[2m[[0;34m-        [0;2m] [0;2mSANGERTOL_GENOMEASSEMBLY:GENOMEASSEMBLY:RAW_ASSEMBLY:[mHIFIASM_PRI                          -[K
[2m[[0;34m-        [0;2m] [0;2mSANGERTOL_GENOMEASSEMBLY:GENOMEASSEMBLY:RAW_ASSEMBLY:[mGFA_TO_FASTA_PRI                     -[K
[2m[[0;34m-        [0;2m] [0;2mSANGERTOL_GENOMEASSEMBLY:GENOMEASSEMBLY:RAW_ASSEMBLY:[mGFA_TO_FASTA_ALT                     -[K
[2m[[0;34m-        [0;2m] [0;2mSANGERTOL_GENOMEASSEMBLY:GENOMEASSEMBLY:RAW_ASSEMBLY:[mHIFIASM_HIC                          -[K
[2m[[0;34m-        [0;2m] [0;2mSANGERTOL_GENOMEASSEMBLY:GENOMEASSEMBLY:RAW_ASSEMBLY:[mGFA_TO_FASTA_HAP1_HIC                -[K
[2m[[0;34m-        [0;2m] [0;2mSANGERTOL_GENOMEASSEMBLY:GENOMEASSEMBLY:RAW_ASSEMBLY:[mGFA_TO_FASTA_HAP2_HIC                -[K
[2m[[0;34m-        [0;2m] [0;2mSANGERTOL_GENOMEASSEMBLY:GENOMEASSEMBLY:GENOME_STATISTICS_RAW:[mGFASTATS_PRI                -[K
[2m[[0;34m-        [0;2m] [0;2mSANGERTOL_GENOMEASSEMBLY:GENOMEASSEMBLY:GENOME_STATISTICS_RAW:[mGFASTATS_HAP                -[K
[2m[[0;34m-        [0;2m] [0;2mSANGERTOL_GENOMEASSEMBLY:GENOMEASSEMBLY:GENOME_STATISTICS_RAW:[mBUSCO_PRI                   -[K
[2m[[0;34m-        [0;2m] [0;2mSANGERTOL_GENOMEASSEMBLY:GENOMEASSEMBLY:GENOME_STATISTICS_RAW:[mMERQURYFK_MERQURYFK         -[K
[20A
[2m[[0;34m-        [0;2m] [0;2mSANGERTOL_GENOMEASSEMBLY:GENOMEASSEMBLY:GENOMESCOPE_MODEL:[mCAT_CAT_READS                   -[K
[2m[[0;34m-        [0;2m] [0;2mSANGERTOL_GENOMEASSEMBLY:GENOMEASSEMBLY:GENOMESCOPE_MODEL:[mFASTK_FASTK                     -[K
[2m[[0;34m-        [0;2m] [0;2mSANGERTOL_GENOMEASSEMBLY:GENOMEASSEMBLY:GENOMESCOPE_MODEL:[mFASTK_HISTEX                    -[K
[2m[[0;34m-        [0;2m] [0;2mSANGERTOL_GENOMEASSEMBLY:GENOMEASSEMBLY:GENOMESCOPE_MODEL:TRIO_PROCESS:[mYAK_COUNT_PAT      -[K
[2m[[0;34m-        [0;2m] [0;2mSANGERTOL_GENOMEASSEMBLY:GENOMEASSEMBLY:GENOMESCOPE_MODEL:TRIO_PROCESS:[mFASTK_PAT          -[K
[2m[[0;34m-        [0;2m] [0;2mSANGERTOL_GENOMEASSEMBLY:GENOMEASSEMBLY:GENOMESCOPE_MODEL:TRIO_PROCESS:[mYAK_COUNT_MAT      -[K
[2m[[0;34m-        [0;2m] [0;2mSANGERTOL_GENOMEASSEMBLY:GENOMEASSEMBLY:GENOMESCOPE_MODEL:TRIO_PROCESS:[mFASTK_MAT          -[K
[2m[[0;34m-        [0;2m] [0;2mSANGERTOL_GENOMEASSEMBLY:GENOMEASSEMBLY:GENOMESCOPE_MODEL:TRIO_PROCESS:[mMERQURYFK_HAPMAKER -[K
[2m[[0;34m-        [0;2m] [0;2mSANGERTOL_GENOMEASSEMBLY:GENOMEASSEMBLY:GENOMESCOPE_MODEL:[mGENESCOPEFK                     -[K
[2m[[0;34m-        [0;2m] [0;2mSANGERTOL_GENOMEASSEMBLY:GENOMEASSEMBLY:RAW_ASSEMBLY:[mHIFIASM_PRI                          -[K
[2m[[0;34m-        [0;2m] [0;2mSANGERTOL_GENOMEASSEMBLY:GENOMEASSEMBLY:RAW_ASSEMBLY:[mGFA_TO_FASTA_PRI                     -[K
[2m[[0;34m-        [0;2m] [0;2mSANGERTOL_GENOMEASSEMBLY:GENOMEASSEMBLY:RAW_ASSEMBLY:[mGFA_TO_FASTA_ALT                     -[K
[2m[[0;34m-        [0;2m] [0;2mSANGERTOL_GENOMEASSEMBLY:GENOMEASSEMBLY:RAW_ASSEMBLY:[mHIFIASM_HIC                          -[K
[2m[[0;34m-        [0;2m] [0;2mSANGERTOL_GENOMEASSEMBLY:GENOMEASSEMBLY:RAW_ASSEMBLY:[mGFA_TO_FASTA_HAP1_HIC                -[K
[2m[[0;34m-        [0;2m] [0;2mSANGERTOL_GENOMEASSEMBLY:GENOMEASSEMBLY:RAW_ASSEMBLY:[mGFA_TO_FASTA_HAP2_HIC                -[K
[2m[[0;34m-        [0;2m] [0;2mSANGERTOL_GENOMEASSEMBLY:GENOMEASSEMBLY:GENOME_STATISTICS_RAW:[mGFASTATS_PRI                -[K
[2m[[0;34m-        [0;2m] [0;2mSANGERTOL_GENOMEASSEMBLY:GENOMEASSEMBLY:GENOME_STATISTICS_RAW:[mGFASTATS_HAP                -[K
[2m[[0;34m-        [0;2m] [0;2mSANGERTOL_GENOMEASSEMBLY:GENOMEASSEMBLY:GENOME_STATISTICS_RAW:[mBUSCO_PRI                   -[K
[2m[[0;34m-        [0;2m] [0;2mSANGERTOL_GENOMEASSEMBLY:GENOMEASSEMBLY:GENOME_STATISTICS_RAW:[mMERQURYFK_MERQURYFK         -[K
[3;2mPlus [1m6[0;3;2m more processes waiting for tasks…[m[K
[21A
[2m[[0;34m-        [0;2m] [0;2mSANGERTOL_GENOMEASSEMBLY:GENOMEASSEMBLY:GENOMESCOPE_MODEL:[mCAT_CAT_READS                   -[K
[2m[[0;34m-        [0;2m] [0;2mSANGERTOL_GENOMEASSEMBLY:GENOMEASSEMBLY:GENOMESCOPE_MODEL:[mFASTK_FASTK                     -[K
[2m[[0;34m-        [0;2m] [0;2mSANGERTOL_GENOMEASSEMBLY:GENOMEASSEMBLY:GENOMESCOPE_MODEL:[mFASTK_HISTEX                    -[K
[2m[[0;34m-        [0;2m] [0;2mSANGERTOL_GENOMEASSEMBLY:GENOMEASSEMBLY:GENOMESCOPE_MODEL:TRIO_PROCESS:[mYAK_COUNT_PAT      -[K
[2m[[0;34m-        [0;2m] [0;2mSANGERTOL_GENOMEASSEMBLY:GENOMEASSEMBLY:GENOMESCOPE_MODEL:TRIO_PROCESS:[mFASTK_PAT          -[K
[2m[[0;34m-        [0;2m] [0;2mSANGERTOL_GENOMEASSEMBLY:GENOMEASSEMBLY:GENOMESCOPE_MODEL:TRIO_PROCESS:[mYAK_COUNT_MAT      -[K
[2m[[0;34m-        [0;2m] [0;2mSANGERTOL_GENOMEASSEMBLY:GENOMEASSEMBLY:GENOMESCOPE_MODEL:TRIO_PROCESS:[mFASTK_MAT          -[K
[2m[[0;34m-        [0;2m] [0;2mSANGERTOL_GENOMEASSEMBLY:GENOMEASSEMBLY:GENOMESCOPE_MODEL:TRIO_PROCESS:[mMERQURYFK_HAPMAKER -[K
[2m[[0;34m-        [0;2m] [0;2mSANGERTOL_GENOMEASSEMBLY:GENOMEASSEMBLY:GENOMESCOPE_MODEL:[mGENESCOPEFK                     -[K
[2m[[0;34m-        [0;2m] [0;2mSANGERTOL_GENOMEASSEMBLY:GENOMEASSEMBLY:RAW_ASSEMBLY:[mHIFIASM_PRI                          -[K
[2m[[0;34m-        [0;2m] [0;2mSANGERTOL_GENOMEASSEMBLY:GENOMEASSEMBLY:RAW_ASSEMBLY:[mGFA_TO_FASTA_PRI                     -[K
[2m[[0;34m-        [0;2m] [0;2mSANGERTOL_GENOMEASSEMBLY:GENOMEASSEMBLY:RAW_ASSEMBLY:[mGFA_TO_FASTA_ALT                     -[K
[2m[[0;34m-        [0;2m] [0;2mSANGERTOL_GENOMEASSEMBLY:GENOMEASSEMBLY:RAW_ASSEMBLY:[mHIFIASM_HIC                          -[K
[2m[[0;34m-        [0;2m] [0;2mSANGERTOL_GENOMEASSEMBLY:GENOMEASSEMBLY:RAW_ASSEMBLY:[mGFA_TO_FASTA_HAP1_HIC                -[K
[2m[[0;34m-        [0;2m] [0;2mSANGERTOL_GENOMEASSEMBLY:GENOMEASSEMBLY:RAW_ASSEMBLY:[mGFA_TO_FASTA_HAP2_HIC                -[K
[2m[[0;34m-        [0;2m] [0;2mSANGERTOL_GENOMEASSEMBLY:GENOMEASSEMBLY:GENOME_STATISTICS_RAW:[mGFASTATS_PRI                -[K
[2m[[0;34m-        [0;2m] [0;2mSANGERTOL_GENOMEASSEMBLY:GENOMEASSEMBLY:GENOME_STATISTICS_RAW:[mGFASTATS_HAP                -[K
[2m[[0;34m-        [0;2m] [0;2mSANGERTOL_GENOMEASSEMBLY:GENOMEASSEMBLY:GENOME_STATISTICS_RAW:[mBUSCO_PRI                   -[K
[2m[[0;34m-        [0;2m] [0;2mSANGERTOL_GENOMEASSEMBLY:GENOMEASSEMBLY:GENOME_STATISTICS_RAW:[mMERQURYFK_MERQURYFK         -[K
[3;2mPlus [1m11[0;3;2m more processes waiting for tasks…[m[K
[21A
[2m[[0;34m-        [0;2m] [0;2mSANGERTOL_GENOMEASSEMBLY:GENOMEASSEMBLY:GENOMESCOPE_MODEL:[mCAT_CAT_READS                   -[K
[2m[[0;34m-        [0;2m] [0;2mSANGERTOL_GENOMEASSEMBLY:GENOMEASSEMBLY:GENOMESCOPE_MODEL:[mFASTK_FASTK                     -[K
[2m[[0;34m-        [0;2m] [0;2mSANGERTOL_GENOMEASSEMBLY:GENOMEASSEMBLY:GENOMESCOPE_MODEL:[mFASTK_HISTEX                    -[K
[2m[[0;34m-        [0;2m] [0;2mSANGERTOL_GENOMEASSEMBLY:GENOMEASSEMBLY:GENOMESCOPE_MODEL:TRIO_PROCESS:[mYAK_COUNT_PAT      -[K
[2m[[0;34m-        [0;2m] [0;2mSANGERTOL_GENOMEASSEMBLY:GENOMEASSEMBLY:GENOMESCOPE_MODEL:TRIO_PROCESS:[mFASTK_PAT          -[K
[2m[[0;34m-        [0;2m] [0;2mSANGERTOL_GENOMEASSEMBLY:GENOMEASSEMBLY:GENOMESCOPE_MODEL:TRIO_PROCESS:[mYAK_COUNT_MAT      -[K
[2m[[0;34m-        [0;2m] [0;2mSANGERTOL_GENOMEASSEMBLY:GENOMEASSEMBLY:GENOMESCOPE_MODEL:TRIO_PROCESS:[mFASTK_MAT          -[K
[2m[[0;34m-        [0;2m] [0;2mSANGERTOL_GENOMEASSEMBLY:GENOMEASSEMBLY:GENOMESCOPE_MODEL:TRIO_PROCESS:[mMERQURYFK_HAPMAKER -[K
[2m[[0;34m-        [0;2m] [0;2mSANGERTOL_GENOMEASSEMBLY:GENOMEASSEMBLY:GENOMESCOPE_MODEL:[mGENESCOPEFK                     -[K
[2m[[0;34m-        [0;2m] [0;2mSANGERTOL_GENOMEASSEMBLY:GENOMEASSEMBLY:RAW_ASSEMBLY:[mHIFIASM_PRI                          -[K
[2m[[0;34m-        [0;2m] [0;2mSANGERTOL_GENOMEASSEMBLY:GENOMEASSEMBLY:RAW_ASSEMBLY:[mGFA_TO_FASTA_PRI                     -[K
[2m[[0;34m-        [0;2m] [0;2mSANGERTOL_GENOMEASSEMBLY:GENOMEASSEMBLY:RAW_ASSEMBLY:[mGFA_TO_FASTA_ALT                     -[K
[2m[[0;34m-        [0;2m] [0;2mSANGERTOL_GENOMEASSEMBLY:GENOMEASSEMBLY:RAW_ASSEMBLY:[mHIFIASM_HIC                          -[K
[2m[[0;34m-        [0;2m] [0;2mSANGERTOL_GENOMEASSEMBLY:GENOMEASSEMBLY:RAW_ASSEMBLY:[mGFA_TO_FASTA_HAP1_HIC                -[K
[2m[[0;34m-        [0;2m] [0;2mSANGERTOL_GENOMEASSEMBLY:GENOMEASSEMBLY:RAW_ASSEMBLY:[mGFA_TO_FASTA_HAP2_HIC                -[K
[2m[[0;34m-        [0;2m] [0;2mSANGERTOL_GENOMEASSEMBLY:GENOMEASSEMBLY:GENOME_STATISTICS_RAW:[mGFASTATS_PRI                -[K
[2m[[0;34m-        [0;2m] [0;2mSANGERTOL_GENOMEASSEMBLY:GENOMEASSEMBLY:GENOME_STATISTICS_RAW:[mGFASTATS_HAP                -[K
[2m[[0;34m-        [0;2m] [0;2mSANGERTOL_GENOMEASSEMBLY:GENOMEASSEMBLY:GENOME_STATISTICS_RAW:[mBUSCO_PRI                   -[K
[2m[[0;34m-        [0;2m] [0;2mSANGERTOL_GENOMEASSEMBLY:GENOMEASSEMBLY:GENOME_STATISTICS_RAW:[mMERQURYFK_MERQURYFK         -[K
[3;2mPlus [1m19[0;3;2m more processes waiting for tasks…[m[K
[21A
[2m[[0;34m-        [0;2m] [0;2mSANGERTOL_GENOMEASSEMBLY:GENOMEASSEMBLY:GENOMESCOPE_MODEL:[mCAT_CAT_READS                   -[K
[2m[[0;34m-        [0;2m] [0;2mSANGERTOL_GENOMEASSEMBLY:GENOMEASSEMBLY:GENOMESCOPE_MODEL:[mFASTK_FASTK                     -[K
[2m[[0;34m-        [0;2m] [0;2mSANGERTOL_GENOMEASSEMBLY:GENOMEASSEMBLY:GENOMESCOPE_MODEL:[mFASTK_HISTEX                    -[K
[2m[[0;34m-        [0;2m] [0;2mSANGERTOL_GENOMEASSEMBLY:GENOMEASSEMBLY:GENOMESCOPE_MODEL:TRIO_PROCESS:[mYAK_COUNT_PAT      -[K
[2m[[0;34m-        [0;2m] [0;2mSANGERTOL_GENOMEASSEMBLY:GENOMEASSEMBLY:GENOMESCOPE_MODEL:TRIO_PROCESS:[mFASTK_PAT          -[K
[2m[[0;34m-        [0;2m] [0;2mSANGERTOL_GENOMEASSEMBLY:GENOMEASSEMBLY:GENOMESCOPE_MODEL:TRIO_PROCESS:[mYAK_COUNT_MAT      -[K
[2m[[0;34m-        [0;2m] [0;2mSANGERTOL_GENOMEASSEMBLY:GENOMEASSEMBLY:GENOMESCOPE_MODEL:TRIO_PROCESS:[mFASTK_MAT          -[K
[2m[[0;34m-        [0;2m] [0;2mSANGERTOL_GENOMEASSEMBLY:GENOMEASSEMBLY:GENOMESCOPE_MODEL:TRIO_PROCESS:[mMERQURYFK_HAPMAKER -[K
[2m[[0;34m-        [0;2m] [0;2mSANGERTOL_GENOMEASSEMBLY:GENOMEASSEMBLY:GENOMESCOPE_MODEL:[mGENESCOPEFK                     -[K
[2m[[0;34m-        [0;2m] [0;2mSANGERTOL_GENOMEASSEMBLY:GENOMEASSEMBLY:RAW_ASSEMBLY:[mHIFIASM_PRI                          -[K
[2m[[0;34m-        [0;2m] [0;2mSANGERTOL_GENOMEASSEMBLY:GENOMEASSEMBLY:RAW_ASSEMBLY:[mGFA_TO_FASTA_PRI                     -[K
[2m[[0;34m-        [0;2m] [0;2mSANGERTOL_GENOMEASSEMBLY:GENOMEASSEMBLY:RAW_ASSEMBLY:[mGFA_TO_FASTA_ALT                     -[K
[2m[[0;34m-        [0;2m] [0;2mSANGERTOL_GENOMEASSEMBLY:GENOMEASSEMBLY:RAW_ASSEMBLY:[mHIFIASM_HIC                          -[K
[2m[[0;34m-        [0;2m] [0;2mSANGERTOL_GENOMEASSEMBLY:GENOMEASSEMBLY:RAW_ASSEMBLY:[mGFA_TO_FASTA_HAP1_HIC                -[K
[2m[[0;34m-        [0;2m] [0;2mSANGERTOL_GENOMEASSEMBLY:GENOMEASSEMBLY:RAW_ASSEMBLY:[mGFA_TO_FASTA_HAP2_HIC                -[K
[2m[[0;34m-        [0;2m] [0;2mSANGERTOL_GENOMEASSEMBLY:GENOMEASSEMBLY:GENOME_STATISTICS_RAW:[mGFASTATS_PRI                -[K
[2m[[0;34m-        [0;2m] [0;2mSANGERTOL_GENOMEASSEMBLY:GENOMEASSEMBLY:GENOME_STATISTICS_RAW:[mGFASTATS_HAP                -[K
[2m[[0;34m-        [0;2m] [0;2mSANGERTOL_GENOMEASSEMBLY:GENOMEASSEMBLY:GENOME_STATISTICS_RAW:[mBUSCO_PRI                   -[K
[2m[[0;34m-        [0;2m] [0;2mSANGERTOL_GENOMEASSEMBLY:GENOMEASSEMBLY:GENOME_STATISTICS_RAW:[mMERQURYFK_MERQURYFK         -[K
[3;2mPlus [1m25[0;3;2m more processes waiting for tasks…[m[K
ERROR ~ No such variable: PREPARE_INPUT

 -- Check script './workflows/genomeassembly.nf' at line: 343 or see '.nextflow.log' file for more details


[1m[38;5;232m[48;5;43m N E X T F L O W [0;2m  ~  [mversion 24.10.5[m
[K
Launching[35m `./main.nf` [0;2m[[0;1;36mcurious_noether[0;2m] DSL2 - [36mrevision: [0;36m8fe4a5f03e[m
[K
[1mInput/output options[0m
  [0;34minput                     : [0;32m/lustre/scratch123/tol/teams/tola/users/jd42/genomeassembly_testing/genomeassembly/assets/test.yaml[0m
  [0;34moutdir                    : [0;32mresults[0m
  [0;34mhifiasm_hic_on            : [0;32mtrue[0m
  [0;34morganelles_on             : [0;32mtrue[0m
  [0;34mbed_chunks_polishing      : [0;32m2[0m
  [0;34mtimestamp                 : [0;32m20250326[0m
  [0;34mhifiasm                   : [0;32mhifiasm.20250326[0m
  [0;34mhifiasmhic                : [0;32mhifiasm-hic.20250326[0m
  [0;34mhifiasmtrio               : [0;32mhifiasm-trio.20250326[0m

[1mInstitutional config options[0m
  [0;34mconfig_profile_name       : [0;32mTest profile[0m
  [0;34mconfig_profile_description: [0;32mThe Wellcome Sanger Institute HPC cluster (tol22) profile[0m
  [0;34mconfig_profile_contact    : [0;32mPriyanka Surana (@priyanka-surana)[0m
  [0;34mconfig_profile_url        : [0;32mhttps://www.sanger.ac.uk[0m

[1mGeneric options[0m
  [0;34mtrace_report_suffix       : [0;32m2025-03-26_12-34-14[0m

[1mCore Nextflow options[0m
  [0;34mrunName                   : [0;32mcurious_noether[0m
  [0;34mcontainerEngine           : [0;32msingularity[0m
  [0;34mlaunchDir                 : [0;32m/lustre/scratch123/tol/teams/tola/users/jd42/genomeassembly_testing/genomeassembly[0m
  [0;34mworkDir                   : [0;32m/lustre/scratch123/tol/teams/tola/users/jd42/genomeassembly_testing/genomeassembly/work[0m
  [0;34mprojectDir                : [0;32m/lustre/scratch123/tol/teams/tola/users/jd42/genomeassembly_testing/genomeassembly[0m
  [0;34muserName                  : [0;32mjd42[0m
  [0;34mprofile                   : [0;32msanger,singularity,test[0m
  [0;34mconfigFiles               : [0;32m/lustre/scratch123/tol/teams/tola/users/jd42/genomeassembly_testing/genomeassembly/nextflow.config[0m

!! Only displaying parameters that differ from the pipeline defaults !!
-[2m----------------------------------------------------[0m-
[33mWARN: The following invalid input values have been detected:

* --max_memory: 1.4 TB
* --max_cpus: 64
* --max_time: 62d

[39m[K
[2m[[0;34m-        [0;2m] [0;2mSANGERTOL_GENOMEASSEMBLY:GENOMEASSEMBLY:GENOMESCOPE_MODEL:[mCAT_CAT_READS -[K
[2m[[0;34m-        [0;2m] [0;2mSANGERTOL_GENOMEASSEMBLY:GENOMEASSEMBLY:GENOMESCOPE_MODEL:[mFASTK_FASTK   -[K
[2m[[0;34m-        [0;2m] [0;2mSANGERTOL_GENOMEASSEMBLY:GENOMEASSEMBLY:GENOMESCOPE_MODEL:[mFASTK_HISTEX  -[K
[4A
[2m[[0;34m-        [0;2m] [0;2mSANGERTOL_GENOMEASSEMBLY:GENOMEASSEMBLY:GENOMESCOPE_MODEL:[mCAT_CAT_READS                   -[K
[2m[[0;34m-        [0;2m] [0;2mSANGERTOL_GENOMEASSEMBLY:GENOMEASSEMBLY:GENOMESCOPE_MODEL:[mFASTK_FASTK                     -[K
[2m[[0;34m-        [0;2m] [0;2mSANGERTOL_GENOMEASSEMBLY:GENOMEASSEMBLY:GENOMESCOPE_MODEL:[mFASTK_HISTEX                    -[K
[2m[[0;34m-        [0;2m] [0;2mSANGERTOL_GENOMEASSEMBLY:GENOMEASSEMBLY:GENOMESCOPE_MODEL:TRIO_PROCESS:[mYAK_COUNT_PAT      -[K
[2m[[0;34m-        [0;2m] [0;2mSANGERTOL_GENOMEASSEMBLY:GENOMEASSEMBLY:GENOMESCOPE_MODEL:TRIO_PROCESS:[mFASTK_PAT          -[K
[2m[[0;34m-        [0;2m] [0;2mSANGERTOL_GENOMEASSEMBLY:GENOMEASSEMBLY:GENOMESCOPE_MODEL:TRIO_PROCESS:[mYAK_COUNT_MAT      -[K
[2m[[0;34m-        [0;2m] [0;2mSANGERTOL_GENOMEASSEMBLY:GENOMEASSEMBLY:GENOMESCOPE_MODEL:TRIO_PROCESS:[mFASTK_MAT          -[K
[2m[[0;34m-        [0;2m] [0;2mSANGERTOL_GENOMEASSEMBLY:GENOMEASSEMBLY:GENOMESCOPE_MODEL:TRIO_PROCESS:[mMERQURYFK_HAPMAKER -[K
[2m[[0;34m-        [0;2m] [0;2mSANGERTOL_GENOMEASSEMBLY:GENOMEASSEMBLY:GENOMESCOPE_MODEL:[mGENESCOPEFK                     -[K
[2m[[0;34m-        [0;2m] [0;2mSANGERTOL_GENOMEASSEMBLY:GENOMEASSEMBLY:RAW_ASSEMBLY:[mHIFIASM_PRI                          -[K
[2m[[0;34m-        [0;2m] [0;2mSANGERTOL_GENOMEASSEMBLY:GENOMEASSEMBLY:RAW_ASSEMBLY:[mGFA_TO_FASTA_PRI                     -[K
[2m[[0;34m-        [0;2m] [0;2mSANGERTOL_GENOMEASSEMBLY:GENOMEASSEMBLY:RAW_ASSEMBLY:[mGFA_TO_FASTA_ALT                     -[K
[2m[[0;34m-        [0;2m] [0;2mSANGERTOL_GENOMEASSEMBLY:GENOMEASSEMBLY:RAW_ASSEMBLY:[mHIFIASM_HIC                          -[K
[2m[[0;34m-        [0;2m] [0;2mSANGERTOL_GENOMEASSEMBLY:GENOMEASSEMBLY:RAW_ASSEMBLY:[mGFA_TO_FASTA_HAP1_HIC                -[K
[2m[[0;34m-        [0;2m] [0;2mSANGERTOL_GENOMEASSEMBLY:GENOMEASSEMBLY:RAW_ASSEMBLY:[mGFA_TO_FASTA_HAP2_HIC                -[K
[16A
[2m[[0;34m-        [0;2m] [0;2mSANGERTOL_GENOMEASSEMBLY:GENOMEASSEMBLY:GENOMESCOPE_MODEL:[mCAT_CAT_READS                   -[K
[2m[[0;34m-        [0;2m] [0;2mSANGERTOL_GENOMEASSEMBLY:GENOMEASSEMBLY:GENOMESCOPE_MODEL:[mFASTK_FASTK                     -[K
[2m[[0;34m-        [0;2m] [0;2mSANGERTOL_GENOMEASSEMBLY:GENOMEASSEMBLY:GENOMESCOPE_MODEL:[mFASTK_HISTEX                    -[K
[2m[[0;34m-        [0;2m] [0;2mSANGERTOL_GENOMEASSEMBLY:GENOMEASSEMBLY:GENOMESCOPE_MODEL:TRIO_PROCESS:[mYAK_COUNT_PAT      -[K
[2m[[0;34m-        [0;2m] [0;2mSANGERTOL_GENOMEASSEMBLY:GENOMEASSEMBLY:GENOMESCOPE_MODEL:TRIO_PROCESS:[mFASTK_PAT          -[K
[2m[[0;34m-        [0;2m] [0;2mSANGERTOL_GENOMEASSEMBLY:GENOMEASSEMBLY:GENOMESCOPE_MODEL:TRIO_PROCESS:[mYAK_COUNT_MAT      -[K
[2m[[0;34m-        [0;2m] [0;2mSANGERTOL_GENOMEASSEMBLY:GENOMEASSEMBLY:GENOMESCOPE_MODEL:TRIO_PROCESS:[mFASTK_MAT          -[K
[2m[[0;34m-        [0;2m] [0;2mSANGERTOL_GENOMEASSEMBLY:GENOMEASSEMBLY:GENOMESCOPE_MODEL:TRIO_PROCESS:[mMERQURYFK_HAPMAKER -[K
[2m[[0;34m-        [0;2m] [0;2mSANGERTOL_GENOMEASSEMBLY:GENOMEASSEMBLY:GENOMESCOPE_MODEL:[mGENESCOPEFK                     -[K
[2m[[0;34m-        [0;2m] [0;2mSANGERTOL_GENOMEASSEMBLY:GENOMEASSEMBLY:RAW_ASSEMBLY:[mHIFIASM_PRI                          -[K
[2m[[0;34m-        [0;2m] [0;2mSANGERTOL_GENOMEASSEMBLY:GENOMEASSEMBLY:RAW_ASSEMBLY:[mGFA_TO_FASTA_PRI                     -[K
[2m[[0;34m-        [0;2m] [0;2mSANGERTOL_GENOMEASSEMBLY:GENOMEASSEMBLY:RAW_ASSEMBLY:[mGFA_TO_FASTA_ALT                     -[K
[2m[[0;34m-        [0;2m] [0;2mSANGERTOL_GENOMEASSEMBLY:GENOMEASSEMBLY:RAW_ASSEMBLY:[mHIFIASM_HIC                          -[K
[2m[[0;34m-        [0;2m] [0;2mSANGERTOL_GENOMEASSEMBLY:GENOMEASSEMBLY:RAW_ASSEMBLY:[mGFA_TO_FASTA_HAP1_HIC                -[K
[2m[[0;34m-        [0;2m] [0;2mSANGERTOL_GENOMEASSEMBLY:GENOMEASSEMBLY:RAW_ASSEMBLY:[mGFA_TO_FASTA_HAP2_HIC                -[K
[2m[[0;34m-        [0;2m] [0;2mSANGERTOL_GENOMEASSEMBLY:GENOMEASSEMBLY:GENOME_STATISTICS_RAW:[mGFASTATS_PRI                -[K
[2m[[0;34m-        [0;2m] [0;2mSANGERTOL_GENOMEASSEMBLY:GENOMEASSEMBLY:GENOME_STATISTICS_RAW:[mGFASTATS_HAP                -[K
[2m[[0;34m-        [0;2m] [0;2mSANGERTOL_GENOMEASSEMBLY:GENOMEASSEMBLY:GENOME_STATISTICS_RAW:[mBUSCO_PRI                   -[K
[19A
[2m[[0;34m-        [0;2m] [0;2mSANGERTOL_GENOMEASSEMBLY:GENOMEASSEMBLY:GENOMESCOPE_MODEL:[mCAT_CAT_READS                   -[K
[2m[[0;34m-        [0;2m] [0;2mSANGERTOL_GENOMEASSEMBLY:GENOMEASSEMBLY:GENOMESCOPE_MODEL:[mFASTK_FASTK                     -[K
[2m[[0;34m-        [0;2m] [0;2mSANGERTOL_GENOMEASSEMBLY:GENOMEASSEMBLY:GENOMESCOPE_MODEL:[mFASTK_HISTEX                    -[K
[2m[[0;34m-        [0;2m] [0;2mSANGERTOL_GENOMEASSEMBLY:GENOMEASSEMBLY:GENOMESCOPE_MODEL:TRIO_PROCESS:[mYAK_COUNT_PAT      -[K
[2m[[0;34m-        [0;2m] [0;2mSANGERTOL_GENOMEASSEMBLY:GENOMEASSEMBLY:GENOMESCOPE_MODEL:TRIO_PROCESS:[mFASTK_PAT          -[K
[2m[[0;34m-        [0;2m] [0;2mSANGERTOL_GENOMEASSEMBLY:GENOMEASSEMBLY:GENOMESCOPE_MODEL:TRIO_PROCESS:[mYAK_COUNT_MAT      -[K
[2m[[0;34m-        [0;2m] [0;2mSANGERTOL_GENOMEASSEMBLY:GENOMEASSEMBLY:GENOMESCOPE_MODEL:TRIO_PROCESS:[mFASTK_MAT          -[K
[2m[[0;34m-        [0;2m] [0;2mSANGERTOL_GENOMEASSEMBLY:GENOMEASSEMBLY:GENOMESCOPE_MODEL:TRIO_PROCESS:[mMERQURYFK_HAPMAKER -[K
[2m[[0;34m-        [0;2m] [0;2mSANGERTOL_GENOMEASSEMBLY:GENOMEASSEMBLY:GENOMESCOPE_MODEL:[mGENESCOPEFK                     -[K
[2m[[0;34m-        [0;2m] [0;2mSANGERTOL_GENOMEASSEMBLY:GENOMEASSEMBLY:RAW_ASSEMBLY:[mHIFIASM_PRI                          -[K
[2m[[0;34m-        [0;2m] [0;2mSANGERTOL_GENOMEASSEMBLY:GENOMEASSEMBLY:RAW_ASSEMBLY:[mGFA_TO_FASTA_PRI                     -[K
[2m[[0;34m-        [0;2m] [0;2mSANGERTOL_GENOMEASSEMBLY:GENOMEASSEMBLY:RAW_ASSEMBLY:[mGFA_TO_FASTA_ALT                     -[K
[2m[[0;34m-        [0;2m] [0;2mSANGERTOL_GENOMEASSEMBLY:GENOMEASSEMBLY:RAW_ASSEMBLY:[mHIFIASM_HIC                          -[K
[2m[[0;34m-        [0;2m] [0;2mSANGERTOL_GENOMEASSEMBLY:GENOMEASSEMBLY:RAW_ASSEMBLY:[mGFA_TO_FASTA_HAP1_HIC                -[K
[2m[[0;34m-        [0;2m] [0;2mSANGERTOL_GENOMEASSEMBLY:GENOMEASSEMBLY:RAW_ASSEMBLY:[mGFA_TO_FASTA_HAP2_HIC                -[K
[2m[[0;34m-        [0;2m] [0;2mSANGERTOL_GENOMEASSEMBLY:GENOMEASSEMBLY:GENOME_STATISTICS_RAW:[mGFASTATS_PRI                -[K
[2m[[0;34m-        [0;2m] [0;2mSANGERTOL_GENOMEASSEMBLY:GENOMEASSEMBLY:GENOME_STATISTICS_RAW:[mGFASTATS_HAP                -[K
[2m[[0;34m-        [0;2m] [0;2mSANGERTOL_GENOMEASSEMBLY:GENOMEASSEMBLY:GENOME_STATISTICS_RAW:[mBUSCO_PRI                   -[K
[3;2mPlus [1m3[0;3;2m more processes waiting for tasks…[m[K
[20A
[2m[[0;34m-        [0;2m] [0;2mSANGERTOL_GENOMEASSEMBLY:GENOMEASSEMBLY:GENOMESCOPE_MODEL:[mCAT_CAT_READS                   -[K
[2m[[0;34m-        [0;2m] [0;2mSANGERTOL_GENOMEASSEMBLY:GENOMEASSEMBLY:GENOMESCOPE_MODEL:[mFASTK_FASTK                     -[K
[2m[[0;34m-        [0;2m] [0;2mSANGERTOL_GENOMEASSEMBLY:GENOMEASSEMBLY:GENOMESCOPE_MODEL:[mFASTK_HISTEX                    -[K
[2m[[0;34m-        [0;2m] [0;2mSANGERTOL_GENOMEASSEMBLY:GENOMEASSEMBLY:GENOMESCOPE_MODEL:TRIO_PROCESS:[mYAK_COUNT_PAT      -[K
[2m[[0;34m-        [0;2m] [0;2mSANGERTOL_GENOMEASSEMBLY:GENOMEASSEMBLY:GENOMESCOPE_MODEL:TRIO_PROCESS:[mFASTK_PAT          -[K
[2m[[0;34m-        [0;2m] [0;2mSANGERTOL_GENOMEASSEMBLY:GENOMEASSEMBLY:GENOMESCOPE_MODEL:TRIO_PROCESS:[mYAK_COUNT_MAT      -[K
[2m[[0;34m-        [0;2m] [0;2mSANGERTOL_GENOMEASSEMBLY:GENOMEASSEMBLY:GENOMESCOPE_MODEL:TRIO_PROCESS:[mFASTK_MAT          -[K
[2m[[0;34m-        [0;2m] [0;2mSANGERTOL_GENOMEASSEMBLY:GENOMEASSEMBLY:GENOMESCOPE_MODEL:TRIO_PROCESS:[mMERQURYFK_HAPMAKER -[K
[2m[[0;34m-        [0;2m] [0;2mSANGERTOL_GENOMEASSEMBLY:GENOMEASSEMBLY:GENOMESCOPE_MODEL:[mGENESCOPEFK                     -[K
[2m[[0;34m-        [0;2m] [0;2mSANGERTOL_GENOMEASSEMBLY:GENOMEASSEMBLY:RAW_ASSEMBLY:[mHIFIASM_PRI                          -[K
[2m[[0;34m-        [0;2m] [0;2mSANGERTOL_GENOMEASSEMBLY:GENOMEASSEMBLY:RAW_ASSEMBLY:[mGFA_TO_FASTA_PRI                     -[K
[2m[[0;34m-        [0;2m] [0;2mSANGERTOL_GENOMEASSEMBLY:GENOMEASSEMBLY:RAW_ASSEMBLY:[mGFA_TO_FASTA_ALT                     -[K
[2m[[0;34m-        [0;2m] [0;2mSANGERTOL_GENOMEASSEMBLY:GENOMEASSEMBLY:RAW_ASSEMBLY:[mHIFIASM_HIC                          -[K
[2m[[0;34m-        [0;2m] [0;2mSANGERTOL_GENOMEASSEMBLY:GENOMEASSEMBLY:RAW_ASSEMBLY:[mGFA_TO_FASTA_HAP1_HIC                -[K
[2m[[0;34m-        [0;2m] [0;2mSANGERTOL_GENOMEASSEMBLY:GENOMEASSEMBLY:RAW_ASSEMBLY:[mGFA_TO_FASTA_HAP2_HIC                -[K
[2m[[0;34m-        [0;2m] [0;2mSANGERTOL_GENOMEASSEMBLY:GENOMEASSEMBLY:GENOME_STATISTICS_RAW:[mGFASTATS_PRI                -[K
[2m[[0;34m-        [0;2m] [0;2mSANGERTOL_GENOMEASSEMBLY:GENOMEASSEMBLY:GENOME_STATISTICS_RAW:[mGFASTATS_HAP                -[K
[2m[[0;34m-        [0;2m] [0;2mSANGERTOL_GENOMEASSEMBLY:GENOMEASSEMBLY:GENOME_STATISTICS_RAW:[mBUSCO_PRI                   -[K
[3;2mPlus [1m5[0;3;2m more processes waiting for tasks…[m[K
[20A
[2m[[0;34m-        [0;2m] [0;2mSANGERTOL_GENOMEASSEMBLY:GENOMEASSEMBLY:GENOMESCOPE_MODEL:[mCAT_CAT_READS                   -[K
[2m[[0;34m-        [0;2m] [0;2mSANGERTOL_GENOMEASSEMBLY:GENOMEASSEMBLY:GENOMESCOPE_MODEL:[mFASTK_FASTK                     -[K
[2m[[0;34m-        [0;2m] [0;2mSANGERTOL_GENOMEASSEMBLY:GENOMEASSEMBLY:GENOMESCOPE_MODEL:[mFASTK_HISTEX                    -[K
[2m[[0;34m-        [0;2m] [0;2mSANGERTOL_GENOMEASSEMBLY:GENOMEASSEMBLY:GENOMESCOPE_MODEL:TRIO_PROCESS:[mYAK_COUNT_PAT      -[K
[2m[[0;34m-        [0;2m] [0;2mSANGERTOL_GENOMEASSEMBLY:GENOMEASSEMBLY:GENOMESCOPE_MODEL:TRIO_PROCESS:[mFASTK_PAT          -[K
[2m[[0;34m-        [0;2m] [0;2mSANGERTOL_GENOMEASSEMBLY:GENOMEASSEMBLY:GENOMESCOPE_MODEL:TRIO_PROCESS:[mYAK_COUNT_MAT      -[K
[2m[[0;34m-        [0;2m] [0;2mSANGERTOL_GENOMEASSEMBLY:GENOMEASSEMBLY:GENOMESCOPE_MODEL:TRIO_PROCESS:[mFASTK_MAT          -[K
[2m[[0;34m-        [0;2m] [0;2mSANGERTOL_GENOMEASSEMBLY:GENOMEASSEMBLY:GENOMESCOPE_MODEL:TRIO_PROCESS:[mMERQURYFK_HAPMAKER -[K
[2m[[0;34m-        [0;2m] [0;2mSANGERTOL_GENOMEASSEMBLY:GENOMEASSEMBLY:GENOMESCOPE_MODEL:[mGENESCOPEFK                     -[K
[2m[[0;34m-        [0;2m] [0;2mSANGERTOL_GENOMEASSEMBLY:GENOMEASSEMBLY:RAW_ASSEMBLY:[mHIFIASM_PRI                          -[K
[2m[[0;34m-        [0;2m] [0;2mSANGERTOL_GENOMEASSEMBLY:GENOMEASSEMBLY:RAW_ASSEMBLY:[mGFA_TO_FASTA_PRI                     -[K
[2m[[0;34m-        [0;2m] [0;2mSANGERTOL_GENOMEASSEMBLY:GENOMEASSEMBLY:RAW_ASSEMBLY:[mGFA_TO_FASTA_ALT                     -[K
[2m[[0;34m-        [0;2m] [0;2mSANGERTOL_GENOMEASSEMBLY:GENOMEASSEMBLY:RAW_ASSEMBLY:[mHIFIASM_HIC                          -[K
[2m[[0;34m-        [0;2m] [0;2mSANGERTOL_GENOMEASSEMBLY:GENOMEASSEMBLY:RAW_ASSEMBLY:[mGFA_TO_FASTA_HAP1_HIC                -[K
[2m[[0;34m-        [0;2m] [0;2mSANGERTOL_GENOMEASSEMBLY:GENOMEASSEMBLY:RAW_ASSEMBLY:[mGFA_TO_FASTA_HAP2_HIC                -[K
[2m[[0;34m-        [0;2m] [0;2mSANGERTOL_GENOMEASSEMBLY:GENOMEASSEMBLY:GENOME_STATISTICS_RAW:[mGFASTATS_PRI                -[K
[2m[[0;34m-        [0;2m] [0;2mSANGERTOL_GENOMEASSEMBLY:GENOMEASSEMBLY:GENOME_STATISTICS_RAW:[mGFASTATS_HAP                -[K
[2m[[0;34m-        [0;2m] [0;2mSANGERTOL_GENOMEASSEMBLY:GENOMEASSEMBLY:GENOME_STATISTICS_RAW:[mBUSCO_PRI                   -[K
[3;2mPlus [1m8[0;3;2m more processes waiting for tasks…[m[K
[20A
[2m[[0;34m-        [0;2m] [0;2mSANGERTOL_GENOMEASSEMBLY:GENOMEASSEMBLY:GENOMESCOPE_MODEL:[mCAT_CAT_READS                   -[K
[2m[[0;34m-        [0;2m] [0;2mSANGERTOL_GENOMEASSEMBLY:GENOMEASSEMBLY:GENOMESCOPE_MODEL:[mFASTK_FASTK                     -[K
[2m[[0;34m-        [0;2m] [0;2mSANGERTOL_GENOMEASSEMBLY:GENOMEASSEMBLY:GENOMESCOPE_MODEL:[mFASTK_HISTEX                    -[K
[2m[[0;34m-        [0;2m] [0;2mSANGERTOL_GENOMEASSEMBLY:GENOMEASSEMBLY:GENOMESCOPE_MODEL:TRIO_PROCESS:[mYAK_COUNT_PAT      -[K
[2m[[0;34m-        [0;2m] [0;2mSANGERTOL_GENOMEASSEMBLY:GENOMEASSEMBLY:GENOMESCOPE_MODEL:TRIO_PROCESS:[mFASTK_PAT          -[K
[2m[[0;34m-        [0;2m] [0;2mSANGERTOL_GENOMEASSEMBLY:GENOMEASSEMBLY:GENOMESCOPE_MODEL:TRIO_PROCESS:[mYAK_COUNT_MAT      -[K
[2m[[0;34m-        [0;2m] [0;2mSANGERTOL_GENOMEASSEMBLY:GENOMEASSEMBLY:GENOMESCOPE_MODEL:TRIO_PROCESS:[mFASTK_MAT          -[K
[2m[[0;34m-        [0;2m] [0;2mSANGERTOL_GENOMEASSEMBLY:GENOMEASSEMBLY:GENOMESCOPE_MODEL:TRIO_PROCESS:[mMERQURYFK_HAPMAKER -[K
[2m[[0;34m-        [0;2m] [0;2mSANGERTOL_GENOMEASSEMBLY:GENOMEASSEMBLY:GENOMESCOPE_MODEL:[mGENESCOPEFK                     -[K
[2m[[0;34m-        [0;2m] [0;2mSANGERTOL_GENOMEASSEMBLY:GENOMEASSEMBLY:RAW_ASSEMBLY:[mHIFIASM_PRI                          -[K
[2m[[0;34m-        [0;2m] [0;2mSANGERTOL_GENOMEASSEMBLY:GENOMEASSEMBLY:RAW_ASSEMBLY:[mGFA_TO_FASTA_PRI                     -[K
[2m[[0;34m-        [0;2m] [0;2mSANGERTOL_GENOMEASSEMBLY:GENOMEASSEMBLY:RAW_ASSEMBLY:[mGFA_TO_FASTA_ALT                     -[K
[2m[[0;34m-        [0;2m] [0;2mSANGERTOL_GENOMEASSEMBLY:GENOMEASSEMBLY:RAW_ASSEMBLY:[mHIFIASM_HIC                          -[K
[2m[[0;34m-        [0;2m] [0;2mSANGERTOL_GENOMEASSEMBLY:GENOMEASSEMBLY:RAW_ASSEMBLY:[mGFA_TO_FASTA_HAP1_HIC                -[K
[2m[[0;34m-        [0;2m] [0;2mSANGERTOL_GENOMEASSEMBLY:GENOMEASSEMBLY:RAW_ASSEMBLY:[mGFA_TO_FASTA_HAP2_HIC                -[K
[2m[[0;34m-        [0;2m] [0;2mSANGERTOL_GENOMEASSEMBLY:GENOMEASSEMBLY:GENOME_STATISTICS_RAW:[mGFASTATS_PRI                -[K
[2m[[0;34m-        [0;2m] [0;2mSANGERTOL_GENOMEASSEMBLY:GENOMEASSEMBLY:GENOME_STATISTICS_RAW:[mGFASTATS_HAP                -[K
[2m[[0;34m-        [0;2m] [0;2mSANGERTOL_GENOMEASSEMBLY:GENOMEASSEMBLY:GENOME_STATISTICS_RAW:[mBUSCO_PRI                   -[K
[3;2mPlus [1m11[0;3;2m more processes waiting for tasks…[m[K
[20A
[2m[[0;34m-        [0;2m] [0;2mSANGERTOL_GENOMEASSEMBLY:GENOMEASSEMBLY:GENOMESCOPE_MODEL:[mCAT_CAT_READS                   -[K
[2m[[0;34m-        [0;2m] [0;2mSANGERTOL_GENOMEASSEMBLY:GENOMEASSEMBLY:GENOMESCOPE_MODEL:[mFASTK_FASTK                     -[K
[2m[[0;34m-        [0;2m] [0;2mSANGERTOL_GENOMEASSEMBLY:GENOMEASSEMBLY:GENOMESCOPE_MODEL:[mFASTK_HISTEX                    -[K
[2m[[0;34m-        [0;2m] [0;2mSANGERTOL_GENOMEASSEMBLY:GENOMEASSEMBLY:GENOMESCOPE_MODEL:TRIO_PROCESS:[mYAK_COUNT_PAT      -[K
[2m[[0;34m-        [0;2m] [0;2mSANGERTOL_GENOMEASSEMBLY:GENOMEASSEMBLY:GENOMESCOPE_MODEL:TRIO_PROCESS:[mFASTK_PAT          -[K
[2m[[0;34m-        [0;2m] [0;2mSANGERTOL_GENOMEASSEMBLY:GENOMEASSEMBLY:GENOMESCOPE_MODEL:TRIO_PROCESS:[mYAK_COUNT_MAT      -[K
[2m[[0;34m-        [0;2m] [0;2mSANGERTOL_GENOMEASSEMBLY:GENOMEASSEMBLY:GENOMESCOPE_MODEL:TRIO_PROCESS:[mFASTK_MAT          -[K
[2m[[0;34m-        [0;2m] [0;2mSANGERTOL_GENOMEASSEMBLY:GENOMEASSEMBLY:GENOMESCOPE_MODEL:TRIO_PROCESS:[mMERQURYFK_HAPMAKER -[K
[2m[[0;34m-        [0;2m] [0;2mSANGERTOL_GENOMEASSEMBLY:GENOMEASSEMBLY:GENOMESCOPE_MODEL:[mGENESCOPEFK                     -[K
[2m[[0;34m-        [0;2m] [0;2mSANGERTOL_GENOMEASSEMBLY:GENOMEASSEMBLY:RAW_ASSEMBLY:[mHIFIASM_PRI                          -[K
[2m[[0;34m-        [0;2m] [0;2mSANGERTOL_GENOMEASSEMBLY:GENOMEASSEMBLY:RAW_ASSEMBLY:[mGFA_TO_FASTA_PRI                     -[K
[2m[[0;34m-        [0;2m] [0;2mSANGERTOL_GENOMEASSEMBLY:GENOMEASSEMBLY:RAW_ASSEMBLY:[mGFA_TO_FASTA_ALT                     -[K
[2m[[0;34m-        [0;2m] [0;2mSANGERTOL_GENOMEASSEMBLY:GENOMEASSEMBLY:RAW_ASSEMBLY:[mHIFIASM_HIC                          -[K
[2m[[0;34m-        [0;2m] [0;2mSANGERTOL_GENOMEASSEMBLY:GENOMEASSEMBLY:RAW_ASSEMBLY:[mGFA_TO_FASTA_HAP1_HIC                -[K
[2m[[0;34m-        [0;2m] [0;2mSANGERTOL_GENOMEASSEMBLY:GENOMEASSEMBLY:RAW_ASSEMBLY:[mGFA_TO_FASTA_HAP2_HIC                -[K
[2m[[0;34m-        [0;2m] [0;2mSANGERTOL_GENOMEASSEMBLY:GENOMEASSEMBLY:GENOME_STATISTICS_RAW:[mGFASTATS_PRI                -[K
[2m[[0;34m-        [0;2m] [0;2mSANGERTOL_GENOMEASSEMBLY:GENOMEASSEMBLY:GENOME_STATISTICS_RAW:[mGFASTATS_HAP                -[K
[2m[[0;34m-        [0;2m] [0;2mSANGERTOL_GENOMEASSEMBLY:GENOMEASSEMBLY:GENOME_STATISTICS_RAW:[mBUSCO_PRI                   -[K
[3;2mPlus [1m13[0;3;2m more processes waiting for tasks…[m[K
[20A
[2m[[0;34m-        [0;2m] [0;2mSANGERTOL_GENOMEASSEMBLY:GENOMEASSEMBLY:GENOMESCOPE_MODEL:[mCAT_CAT_READS                   -[K
[2m[[0;34m-        [0;2m] [0;2mSANGERTOL_GENOMEASSEMBLY:GENOMEASSEMBLY:GENOMESCOPE_MODEL:[mFASTK_FASTK                     -[K
[2m[[0;34m-        [0;2m] [0;2mSANGERTOL_GENOMEASSEMBLY:GENOMEASSEMBLY:GENOMESCOPE_MODEL:[mFASTK_HISTEX                    -[K
[2m[[0;34m-        [0;2m] [0;2mSANGERTOL_GENOMEASSEMBLY:GENOMEASSEMBLY:GENOMESCOPE_MODEL:TRIO_PROCESS:[mYAK_COUNT_PAT      -[K
[2m[[0;34m-        [0;2m] [0;2mSANGERTOL_GENOMEASSEMBLY:GENOMEASSEMBLY:GENOMESCOPE_MODEL:TRIO_PROCESS:[mFASTK_PAT          -[K
[2m[[0;34m-        [0;2m] [0;2mSANGERTOL_GENOMEASSEMBLY:GENOMEASSEMBLY:GENOMESCOPE_MODEL:TRIO_PROCESS:[mYAK_COUNT_MAT      -[K
[2m[[0;34m-        [0;2m] [0;2mSANGERTOL_GENOMEASSEMBLY:GENOMEASSEMBLY:GENOMESCOPE_MODEL:TRIO_PROCESS:[mFASTK_MAT          -[K
[2m[[0;34m-        [0;2m] [0;2mSANGERTOL_GENOMEASSEMBLY:GENOMEASSEMBLY:GENOMESCOPE_MODEL:TRIO_PROCESS:[mMERQURYFK_HAPMAKER -[K
[2m[[0;34m-        [0;2m] [0;2mSANGERTOL_GENOMEASSEMBLY:GENOMEASSEMBLY:GENOMESCOPE_MODEL:[mGENESCOPEFK                     -[K
[2m[[0;34m-        [0;2m] [0;2mSANGERTOL_GENOMEASSEMBLY:GENOMEASSEMBLY:RAW_ASSEMBLY:[mHIFIASM_PRI                          -[K
[2m[[0;34m-        [0;2m] [0;2mSANGERTOL_GENOMEASSEMBLY:GENOMEASSEMBLY:RAW_ASSEMBLY:[mGFA_TO_FASTA_PRI                     -[K
[2m[[0;34m-        [0;2m] [0;2mSANGERTOL_GENOMEASSEMBLY:GENOMEASSEMBLY:RAW_ASSEMBLY:[mGFA_TO_FASTA_ALT                     -[K
[2m[[0;34m-        [0;2m] [0;2mSANGERTOL_GENOMEASSEMBLY:GENOMEASSEMBLY:RAW_ASSEMBLY:[mHIFIASM_HIC                          -[K
[2m[[0;34m-        [0;2m] [0;2mSANGERTOL_GENOMEASSEMBLY:GENOMEASSEMBLY:RAW_ASSEMBLY:[mGFA_TO_FASTA_HAP1_HIC                -[K
[2m[[0;34m-        [0;2m] [0;2mSANGERTOL_GENOMEASSEMBLY:GENOMEASSEMBLY:RAW_ASSEMBLY:[mGFA_TO_FASTA_HAP2_HIC                -[K
[2m[[0;34m-        [0;2m] [0;2mSANGERTOL_GENOMEASSEMBLY:GENOMEASSEMBLY:GENOME_STATISTICS_RAW:[mGFASTATS_PRI                -[K
[2m[[0;34m-        [0;2m] [0;2mSANGERTOL_GENOMEASSEMBLY:GENOMEASSEMBLY:GENOME_STATISTICS_RAW:[mGFASTATS_HAP                -[K
[2m[[0;34m-        [0;2m] [0;2mSANGERTOL_GENOMEASSEMBLY:GENOMEASSEMBLY:GENOME_STATISTICS_RAW:[mBUSCO_PRI                   -[K
[3;2mPlus [1m17[0;3;2m more processes waiting for tasks…[m[K
[20A
[2m[[0;34m-        [0;2m] [0;2mSANGERTOL_GENOMEASSEMBLY:GENOMEASSEMBLY:GENOMESCOPE_MODEL:[mCAT_CAT_READS                   -[K
[2m[[0;34m-        [0;2m] [0;2mSANGERTOL_GENOMEASSEMBLY:GENOMEASSEMBLY:GENOMESCOPE_MODEL:[mFASTK_FASTK                     -[K
[2m[[0;34m-        [0;2m] [0;2mSANGERTOL_GENOMEASSEMBLY:GENOMEASSEMBLY:GENOMESCOPE_MODEL:[mFASTK_HISTEX                    -[K
[2m[[0;34m-        [0;2m] [0;2mSANGERTOL_GENOMEASSEMBLY:GENOMEASSEMBLY:GENOMESCOPE_MODEL:TRIO_PROCESS:[mYAK_COUNT_PAT      -[K
[2m[[0;34m-        [0;2m] [0;2mSANGERTOL_GENOMEASSEMBLY:GENOMEASSEMBLY:GENOMESCOPE_MODEL:TRIO_PROCESS:[mFASTK_PAT          -[K
[2m[[0;34m-        [0;2m] [0;2mSANGERTOL_GENOMEASSEMBLY:GENOMEASSEMBLY:GENOMESCOPE_MODEL:TRIO_PROCESS:[mYAK_COUNT_MAT      -[K
[2m[[0;34m-        [0;2m] [0;2mSANGERTOL_GENOMEASSEMBLY:GENOMEASSEMBLY:GENOMESCOPE_MODEL:TRIO_PROCESS:[mFASTK_MAT          -[K
[2m[[0;34m-        [0;2m] [0;2mSANGERTOL_GENOMEASSEMBLY:GENOMEASSEMBLY:GENOMESCOPE_MODEL:TRIO_PROCESS:[mMERQURYFK_HAPMAKER -[K
[2m[[0;34m-        [0;2m] [0;2mSANGERTOL_GENOMEASSEMBLY:GENOMEASSEMBLY:GENOMESCOPE_MODEL:[mGENESCOPEFK                     -[K
[2m[[0;34m-        [0;2m] [0;2mSANGERTOL_GENOMEASSEMBLY:GENOMEASSEMBLY:RAW_ASSEMBLY:[mHIFIASM_PRI                          -[K
[2m[[0;34m-        [0;2m] [0;2mSANGERTOL_GENOMEASSEMBLY:GENOMEASSEMBLY:RAW_ASSEMBLY:[mGFA_TO_FASTA_PRI                     -[K
[2m[[0;34m-        [0;2m] [0;2mSANGERTOL_GENOMEASSEMBLY:GENOMEASSEMBLY:RAW_ASSEMBLY:[mGFA_TO_FASTA_ALT                     -[K
[2m[[0;34m-        [0;2m] [0;2mSANGERTOL_GENOMEASSEMBLY:GENOMEASSEMBLY:RAW_ASSEMBLY:[mHIFIASM_HIC                          -[K
[2m[[0;34m-        [0;2m] [0;2mSANGERTOL_GENOMEASSEMBLY:GENOMEASSEMBLY:RAW_ASSEMBLY:[mGFA_TO_FASTA_HAP1_HIC                -[K
[2m[[0;34m-        [0;2m] [0;2mSANGERTOL_GENOMEASSEMBLY:GENOMEASSEMBLY:RAW_ASSEMBLY:[mGFA_TO_FASTA_HAP2_HIC                -[K
[2m[[0;34m-        [0;2m] [0;2mSANGERTOL_GENOMEASSEMBLY:GENOMEASSEMBLY:GENOME_STATISTICS_RAW:[mGFASTATS_PRI                -[K
[2m[[0;34m-        [0;2m] [0;2mSANGERTOL_GENOMEASSEMBLY:GENOMEASSEMBLY:GENOME_STATISTICS_RAW:[mGFASTATS_HAP                -[K
[2m[[0;34m-        [0;2m] [0;2mSANGERTOL_GENOMEASSEMBLY:GENOMEASSEMBLY:GENOME_STATISTICS_RAW:[mBUSCO_PRI                   -[K
[3;2mPlus [1m21[0;3;2m more processes waiting for tasks…[m[K
[20A
[2m[[0;34m-        [0;2m] [0;2mSANGERTOL_GENOMEASSEMBLY:GENOMEASSEMBLY:GENOMESCOPE_MODEL:[mCAT_CAT_READS                   -[K
[2m[[0;34m-        [0;2m] [0;2mSANGERTOL_GENOMEASSEMBLY:GENOMEASSEMBLY:GENOMESCOPE_MODEL:[mFASTK_FASTK                     -[K
[2m[[0;34m-        [0;2m] [0;2mSANGERTOL_GENOMEASSEMBLY:GENOMEASSEMBLY:GENOMESCOPE_MODEL:[mFASTK_HISTEX                    -[K
[2m[[0;34m-        [0;2m] [0;2mSANGERTOL_GENOMEASSEMBLY:GENOMEASSEMBLY:GENOMESCOPE_MODEL:TRIO_PROCESS:[mYAK_COUNT_PAT      -[K
[2m[[0;34m-        [0;2m] [0;2mSANGERTOL_GENOMEASSEMBLY:GENOMEASSEMBLY:GENOMESCOPE_MODEL:TRIO_PROCESS:[mFASTK_PAT          -[K
[2m[[0;34m-        [0;2m] [0;2mSANGERTOL_GENOMEASSEMBLY:GENOMEASSEMBLY:GENOMESCOPE_MODEL:TRIO_PROCESS:[mYAK_COUNT_MAT      -[K
[2m[[0;34m-        [0;2m] [0;2mSANGERTOL_GENOMEASSEMBLY:GENOMEASSEMBLY:GENOMESCOPE_MODEL:TRIO_PROCESS:[mFASTK_MAT          -[K
[2m[[0;34m-        [0;2m] [0;2mSANGERTOL_GENOMEASSEMBLY:GENOMEASSEMBLY:GENOMESCOPE_MODEL:TRIO_PROCESS:[mMERQURYFK_HAPMAKER -[K
[2m[[0;34m-        [0;2m] [0;2mSANGERTOL_GENOMEASSEMBLY:GENOMEASSEMBLY:GENOMESCOPE_MODEL:[mGENESCOPEFK                     -[K
[2m[[0;34m-        [0;2m] [0;2mSANGERTOL_GENOMEASSEMBLY:GENOMEASSEMBLY:RAW_ASSEMBLY:[mHIFIASM_PRI                          -[K
[2m[[0;34m-        [0;2m] [0;2mSANGERTOL_GENOMEASSEMBLY:GENOMEASSEMBLY:RAW_ASSEMBLY:[mGFA_TO_FASTA_PRI                     -[K
[2m[[0;34m-        [0;2m] [0;2mSANGERTOL_GENOMEASSEMBLY:GENOMEASSEMBLY:RAW_ASSEMBLY:[mGFA_TO_FASTA_ALT                     -[K
[2m[[0;34m-        [0;2m] [0;2mSANGERTOL_GENOMEASSEMBLY:GENOMEASSEMBLY:RAW_ASSEMBLY:[mHIFIASM_HIC                          -[K
[2m[[0;34m-        [0;2m] [0;2mSANGERTOL_GENOMEASSEMBLY:GENOMEASSEMBLY:RAW_ASSEMBLY:[mGFA_TO_FASTA_HAP1_HIC                -[K
[2m[[0;34m-        [0;2m] [0;2mSANGERTOL_GENOMEASSEMBLY:GENOMEASSEMBLY:RAW_ASSEMBLY:[mGFA_TO_FASTA_HAP2_HIC                -[K
[2m[[0;34m-        [0;2m] [0;2mSANGERTOL_GENOMEASSEMBLY:GENOMEASSEMBLY:GENOME_STATISTICS_RAW:[mGFASTATS_PRI                -[K
[2m[[0;34m-        [0;2m] [0;2mSANGERTOL_GENOMEASSEMBLY:GENOMEASSEMBLY:GENOME_STATISTICS_RAW:[mGFASTATS_HAP                -[K
[2m[[0;34m-        [0;2m] [0;2mSANGERTOL_GENOMEASSEMBLY:GENOMEASSEMBLY:GENOME_STATISTICS_RAW:[mBUSCO_PRI                   -[K
[3;2mPlus [1m24[0;3;2m more processes waiting for tasks…[m[K
[20A
[2m[[0;34m-        [0;2m] [0;2mSANGERTOL_GENOMEASSEMBLY:GENOMEASSEMBLY:GENOMESCOPE_MODEL:[mCAT_CAT_READS                   -[K
[2m[[0;34m-        [0;2m] [0;2mSANGERTOL_GENOMEASSEMBLY:GENOMEASSEMBLY:GENOMESCOPE_MODEL:[mFASTK_FASTK                     -[K
[2m[[0;34m-        [0;2m] [0;2mSANGERTOL_GENOMEASSEMBLY:GENOMEASSEMBLY:GENOMESCOPE_MODEL:[mFASTK_HISTEX                    -[K
[2m[[0;34m-        [0;2m] [0;2mSANGERTOL_GENOMEASSEMBLY:GENOMEASSEMBLY:GENOMESCOPE_MODEL:TRIO_PROCESS:[mYAK_COUNT_PAT      -[K
[2m[[0;34m-        [0;2m] [0;2mSANGERTOL_GENOMEASSEMBLY:GENOMEASSEMBLY:GENOMESCOPE_MODEL:TRIO_PROCESS:[mFASTK_PAT          -[K
[2m[[0;34m-        [0;2m] [0;2mSANGERTOL_GENOMEASSEMBLY:GENOMEASSEMBLY:GENOMESCOPE_MODEL:TRIO_PROCESS:[mYAK_COUNT_MAT      -[K
[2m[[0;34m-        [0;2m] [0;2mSANGERTOL_GENOMEASSEMBLY:GENOMEASSEMBLY:GENOMESCOPE_MODEL:TRIO_PROCESS:[mFASTK_MAT          -[K
[2m[[0;34m-        [0;2m] [0;2mSANGERTOL_GENOMEASSEMBLY:GENOMEASSEMBLY:GENOMESCOPE_MODEL:TRIO_PROCESS:[mMERQURYFK_HAPMAKER -[K
[2m[[0;34m-        [0;2m] [0;2mSANGERTOL_GENOMEASSEMBLY:GENOMEASSEMBLY:GENOMESCOPE_MODEL:[mGENESCOPEFK                     -[K
[2m[[0;34m-        [0;2m] [0;2mSANGERTOL_GENOMEASSEMBLY:GENOMEASSEMBLY:RAW_ASSEMBLY:[mHIFIASM_PRI                          -[K
[2m[[0;34m-        [0;2m] [0;2mSANGERTOL_GENOMEASSEMBLY:GENOMEASSEMBLY:RAW_ASSEMBLY:[mGFA_TO_FASTA_PRI                     -[K
[2m[[0;34m-        [0;2m] [0;2mSANGERTOL_GENOMEASSEMBLY:GENOMEASSEMBLY:RAW_ASSEMBLY:[mGFA_TO_FASTA_ALT                     -[K
[2m[[0;34m-        [0;2m] [0;2mSANGERTOL_GENOMEASSEMBLY:GENOMEASSEMBLY:RAW_ASSEMBLY:[mHIFIASM_HIC                          -[K
[2m[[0;34m-        [0;2m] [0;2mSANGERTOL_GENOMEASSEMBLY:GENOMEASSEMBLY:RAW_ASSEMBLY:[mGFA_TO_FASTA_HAP1_HIC                -[K
[2m[[0;34m-        [0;2m] [0;2mSANGERTOL_GENOMEASSEMBLY:GENOMEASSEMBLY:RAW_ASSEMBLY:[mGFA_TO_FASTA_HAP2_HIC                -[K
[2m[[0;34m-        [0;2m] [0;2mSANGERTOL_GENOMEASSEMBLY:GENOMEASSEMBLY:GENOME_STATISTICS_RAW:[mGFASTATS_PRI                -[K
[2m[[0;34m-        [0;2m] [0;2mSANGERTOL_GENOMEASSEMBLY:GENOMEASSEMBLY:GENOME_STATISTICS_RAW:[mGFASTATS_HAP                -[K
[2m[[0;34m-        [0;2m] [0;2mSANGERTOL_GENOMEASSEMBLY:GENOMEASSEMBLY:GENOME_STATISTICS_RAW:[mBUSCO_PRI                   -[K
[3;2mPlus [1m26[0;3;2m more processes waiting for tasks…[m[K
[20A
[2m[[0;34m-        [0;2m] [0;2mSANGERTOL_GENOMEASSEMBLY:GENOMEASSEMBLY:GENOMESCOPE_MODEL:[mCAT_CAT_READS                   -[K
[2m[[0;34m-        [0;2m] [0;2mSANGERTOL_GENOMEASSEMBLY:GENOMEASSEMBLY:GENOMESCOPE_MODEL:[mFASTK_FASTK                     -[K
[2m[[0;34m-        [0;2m] [0;2mSANGERTOL_GENOMEASSEMBLY:GENOMEASSEMBLY:GENOMESCOPE_MODEL:[mFASTK_HISTEX                    -[K
[2m[[0;34m-        [0;2m] [0;2mSANGERTOL_GENOMEASSEMBLY:GENOMEASSEMBLY:GENOMESCOPE_MODEL:TRIO_PROCESS:[mYAK_COUNT_PAT      -[K
[2m[[0;34m-        [0;2m] [0;2mSANGERTOL_GENOMEASSEMBLY:GENOMEASSEMBLY:GENOMESCOPE_MODEL:TRIO_PROCESS:[mFASTK_PAT          -[K
[2m[[0;34m-        [0;2m] [0;2mSANGERTOL_GENOMEASSEMBLY:GENOMEASSEMBLY:GENOMESCOPE_MODEL:TRIO_PROCESS:[mYAK_COUNT_MAT      -[K
[2m[[0;34m-        [0;2m] [0;2mSANGERTOL_GENOMEASSEMBLY:GENOMEASSEMBLY:GENOMESCOPE_MODEL:TRIO_PROCESS:[mFASTK_MAT          -[K
[2m[[0;34m-        [0;2m] [0;2mSANGERTOL_GENOMEASSEMBLY:GENOMEASSEMBLY:GENOMESCOPE_MODEL:TRIO_PROCESS:[mMERQURYFK_HAPMAKER -[K
[2m[[0;34m-        [0;2m] [0;2mSANGERTOL_GENOMEASSEMBLY:GENOMEASSEMBLY:GENOMESCOPE_MODEL:[mGENESCOPEFK                     -[K
[2m[[0;34m-        [0;2m] [0;2mSANGERTOL_GENOMEASSEMBLY:GENOMEASSEMBLY:RAW_ASSEMBLY:[mHIFIASM_PRI                          -[K
[2m[[0;34m-        [0;2m] [0;2mSANGERTOL_GENOMEASSEMBLY:GENOMEASSEMBLY:RAW_ASSEMBLY:[mGFA_TO_FASTA_PRI                     -[K
[2m[[0;34m-        [0;2m] [0;2mSANGERTOL_GENOMEASSEMBLY:GENOMEASSEMBLY:RAW_ASSEMBLY:[mGFA_TO_FASTA_ALT                     -[K
[2m[[0;34m-        [0;2m] [0;2mSANGERTOL_GENOMEASSEMBLY:GENOMEASSEMBLY:RAW_ASSEMBLY:[mHIFIASM_HIC                          -[K
[2m[[0;34m-        [0;2m] [0;2mSANGERTOL_GENOMEASSEMBLY:GENOMEASSEMBLY:RAW_ASSEMBLY:[mGFA_TO_FASTA_HAP1_HIC                -[K
[2m[[0;34m-        [0;2m] [0;2mSANGERTOL_GENOMEASSEMBLY:GENOMEASSEMBLY:RAW_ASSEMBLY:[mGFA_TO_FASTA_HAP2_HIC                -[K
[2m[[0;34m-        [0;2m] [0;2mSANGERTOL_GENOMEASSEMBLY:GENOMEASSEMBLY:GENOME_STATISTICS_RAW:[mGFASTATS_PRI                -[K
[2m[[0;34m-        [0;2m] [0;2mSANGERTOL_GENOMEASSEMBLY:GENOMEASSEMBLY:GENOME_STATISTICS_RAW:[mGFASTATS_HAP                -[K
[2m[[0;34m-        [0;2m] [0;2mSANGERTOL_GENOMEASSEMBLY:GENOMEASSEMBLY:GENOME_STATISTICS_RAW:[mBUSCO_PRI                   -[K
[3;2mPlus [1m29[0;3;2m more processes waiting for tasks…[m[K
[20A
[2m[[0;34m-        [0;2m] [0;2mSANGERTOL_GENOMEASSEMBLY:GENOMEASSEMBLY:GENOMESCOPE_MODEL:[mCAT_CAT_READS                                       -[K
[2m[[0;34m-        [0;2m] [0;2mSANGERTOL_GENOMEASSEMBLY:GENOMEASSEMBLY:GENOMESCOPE_MODEL:[mFASTK_FASTK                                         -[K
[2m[[0;34m-        [0;2m] [0;2mSANGERTOL_GENOMEASSEMBLY:GENOMEASSEMBLY:GENOMESCOPE_MODEL:[mFASTK_HISTEX                                        -[K
[2m[[0;34m-        [0;2m] [0;2mSANGERTOL_GENOMEASSEMBLY:GENOMEASSEMBLY:GENOMESCOPE_MODEL:TRIO_PROCESS:[mYAK_COUNT_PAT                          -[K
[2m[[0;34m-        [0;2m] [0;2mSANGERTOL_GENOMEASSEMBLY:GENOMEASSEMBLY:GENOMESCOPE_MODEL:TRIO_PROCESS:[mFASTK_PAT                              -[K
[2m[[0;34m-        [0;2m] [0;2mSANGERTOL_GENOMEASSEMBLY:GENOMEASSEMBLY:GENOMESCOPE_MODEL:TRIO_PROCESS:[mYAK_COUNT_MAT                          -[K
[2m[[0;34m-        [0;2m] [0;2mSANGERTOL_GENOMEASSEMBLY:GENOMEASSEMBLY:GENOMESCOPE_MODEL:TRIO_PROCESS:[mFASTK_MAT                              -[K
[2m[[0;34m-        [0;2m] [0;2mSANGERTOL_GENOMEASSEMBLY:GENOMEASSEMBLY:GENOMESCOPE_MODEL:TRIO_PROCESS:[mMERQURYFK_HAPMAKER                     -[K
[2m[[0;34m-        [0;2m] [0;2mSANGERTOL_GENOMEASSEMBLY:GENOMEASSEMBLY:GENOMESCOPE_MODEL:[mGENESCOPEFK                                         -[K
[2m[[0;34m-        [0;2m] [0;2mSANGERTOL_GENOMEASSEMBLY:GENOMEASSEMBLY:RAW_ASSEMBLY:[mHIFIASM_PRI                                              -[K
[2m[[0;34m-        [0;2m] [0;2mSANGERTOL_GENOMEASSEMBLY:GENOMEASSEMBLY:RAW_ASSEMBLY:[mGFA_TO_FASTA_PRI                                         -[K
[2m[[0;34m-        [0;2m] [0;2mSANGERTOL_GENOMEASSEMBLY:GENOMEASSEMBLY:RAW_ASSEMBLY:[mGFA_TO_FASTA_ALT                                         -[K
[2m[[0;34m-        [0;2m] [0;2mSANGERTOL_GENOMEASSEMBLY:GENOMEASSEMBLY:RAW_ASSEMBLY:[mHIFIASM_HIC                                              -[K
[2m[[0;34m-        [0;2m] [0;2mSANGERTOL_GENOMEASSEMBLY:GENOMEASSEMBLY:RAW_ASSEMBLY:[mGFA_TO_FASTA_HAP1_HIC                                    -[K
[2m[[0;34m-        [0;2m] [0;2mSANGERTOL_GENOMEASSEMBLY:GENOMEASSEMBLY:RAW_ASSEMBLY:[mGFA_TO_FASTA_HAP2_HIC                                    -[K
[2m[[0;34m-        [0;2m] [0;2mSANGERTOL_GENOMEASSEMBLY:GENOMEASSEMBLY:GENOME_STATISTICS_RAW:[mGFASTATS_PRI                                    -[K
[2m[[0;34m-        [0;2m] [0;2mSANGERTOL_GENOMEASSEMBLY:GENOMEASSEMBLY:GENOME_STATISTICS_RAW:[mGFASTATS_HAP                                    -[K
[2m[[0;34m-        [0;2m] [0;2mSANGERTOL_GENOMEASSEMBLY:GENOMEASSEMBLY:GENOME_STATISTICS_RAW:[mBUSCO_PRI                                       -[K
[3;2mPlus [1m32[0;3;2m more processes waiting for tasks…[m[K
[20A
[2m[[0;34m-        [0;2m] [0;2mSANGERTOL_GENOMEASSEMBLY:GENOMEASSEMBLY:GENOMESCOPE_MODEL:[mCAT_CAT_READS                                       -[K
[2m[[0;34m-        [0;2m] [0;2mSANGERTOL_GENOMEASSEMBLY:GENOMEASSEMBLY:GENOMESCOPE_MODEL:[mFASTK_FASTK                                         -[K
[2m[[0;34m-        [0;2m] [0;2mSANGERTOL_GENOMEASSEMBLY:GENOMEASSEMBLY:GENOMESCOPE_MODEL:[mFASTK_HISTEX                                        -[K
[2m[[0;34m-        [0;2m] [0;2mSANGERTOL_GENOMEASSEMBLY:GENOMEASSEMBLY:GENOMESCOPE_MODEL:TRIO_PROCESS:[mYAK_COUNT_PAT                          -[K
[2m[[0;34m-        [0;2m] [0;2mSANGERTOL_GENOMEASSEMBLY:GENOMEASSEMBLY:GENOMESCOPE_MODEL:TRIO_PROCESS:[mFASTK_PAT                              -[K
[2m[[0;34m-        [0;2m] [0;2mSANGERTOL_GENOMEASSEMBLY:GENOMEASSEMBLY:GENOMESCOPE_MODEL:TRIO_PROCESS:[mYAK_COUNT_MAT                          -[K
[2m[[0;34m-        [0;2m] [0;2mSANGERTOL_GENOMEASSEMBLY:GENOMEASSEMBLY:GENOMESCOPE_MODEL:TRIO_PROCESS:[mFASTK_MAT                              -[K
[2m[[0;34m-        [0;2m] [0;2mSANGERTOL_GENOMEASSEMBLY:GENOMEASSEMBLY:GENOMESCOPE_MODEL:TRIO_PROCESS:[mMERQURYFK_HAPMAKER                     -[K
[2m[[0;34m-        [0;2m] [0;2mSANGERTOL_GENOMEASSEMBLY:GENOMEASSEMBLY:GENOMESCOPE_MODEL:[mGENESCOPEFK                                         -[K
[2m[[0;34m-        [0;2m] [0;2mSANGERTOL_GENOMEASSEMBLY:GENOMEASSEMBLY:RAW_ASSEMBLY:[mHIFIASM_PRI                                              -[K
[2m[[0;34m-        [0;2m] [0;2mSANGERTOL_GENOMEASSEMBLY:GENOMEASSEMBLY:RAW_ASSEMBLY:[mGFA_TO_FASTA_PRI                                         -[K
[2m[[0;34m-        [0;2m] [0;2mSANGERTOL_GENOMEASSEMBLY:GENOMEASSEMBLY:RAW_ASSEMBLY:[mGFA_TO_FASTA_ALT                                         -[K
[2m[[0;34m-        [0;2m] [0;2mSANGERTOL_GENOMEASSEMBLY:GENOMEASSEMBLY:RAW_ASSEMBLY:[mHIFIASM_HIC                                              -[K
[2m[[0;34m-        [0;2m] [0;2mSANGERTOL_GENOMEASSEMBLY:GENOMEASSEMBLY:RAW_ASSEMBLY:[mGFA_TO_FASTA_HAP1_HIC                                    -[K
[2m[[0;34m-        [0;2m] [0;2mSANGERTOL_GENOMEASSEMBLY:GENOMEASSEMBLY:RAW_ASSEMBLY:[mGFA_TO_FASTA_HAP2_HIC                                    -[K
[2m[[0;34m-        [0;2m] [0;2mSANGERTOL_GENOMEASSEMBLY:GENOMEASSEMBLY:GENOME_STATISTICS_RAW:[mGFASTATS_PRI                                    -[K
[2m[[0;34m-        [0;2m] [0;2mSANGERTOL_GENOMEASSEMBLY:GENOMEASSEMBLY:GENOME_STATISTICS_RAW:[mGFASTATS_HAP                                    -[K
[2m[[0;34m-        [0;2m] [0;2mSANGERTOL_GENOMEASSEMBLY:GENOMEASSEMBLY:GENOME_STATISTICS_RAW:[mBUSCO_PRI                                       -[K
[3;2mPlus [1m36[0;3;2m more processes waiting for tasks…[m[K
[20A
[2m[[0;34m-        [0;2m] [0;2mSANGERTOL_GENOMEASSEMBLY:GENOMEASSEMBLY:GENOMESCOPE_MODEL:[mCAT_CAT_READS                                       -[K
[2m[[0;34m-        [0;2m] [0;2mSANGERTOL_GENOMEASSEMBLY:GENOMEASSEMBLY:GENOMESCOPE_MODEL:[mFASTK_FASTK                                         -[K
[2m[[0;34m-        [0;2m] [0;2mSANGERTOL_GENOMEASSEMBLY:GENOMEASSEMBLY:GENOMESCOPE_MODEL:[mFASTK_HISTEX                                        -[K
[2m[[0;34m-        [0;2m] [0;2mSANGERTOL_GENOMEASSEMBLY:GENOMEASSEMBLY:GENOMESCOPE_MODEL:TRIO_PROCESS:[mYAK_COUNT_PAT                          -[K
[2m[[0;34m-        [0;2m] [0;2mSANGERTOL_GENOMEASSEMBLY:GENOMEASSEMBLY:GENOMESCOPE_MODEL:TRIO_PROCESS:[mFASTK_PAT                              -[K
[2m[[0;34m-        [0;2m] [0;2mSANGERTOL_GENOMEASSEMBLY:GENOMEASSEMBLY:GENOMESCOPE_MODEL:TRIO_PROCESS:[mYAK_COUNT_MAT                          -[K
[2m[[0;34m-        [0;2m] [0;2mSANGERTOL_GENOMEASSEMBLY:GENOMEASSEMBLY:GENOMESCOPE_MODEL:TRIO_PROCESS:[mFASTK_MAT                              -[K
[2m[[0;34m-        [0;2m] [0;2mSANGERTOL_GENOMEASSEMBLY:GENOMEASSEMBLY:GENOMESCOPE_MODEL:TRIO_PROCESS:[mMERQURYFK_HAPMAKER                     -[K
[2m[[0;34m-        [0;2m] [0;2mSANGERTOL_GENOMEASSEMBLY:GENOMEASSEMBLY:GENOMESCOPE_MODEL:[mGENESCOPEFK                                         -[K
[2m[[0;34m-        [0;2m] [0;2mSANGERTOL_GENOMEASSEMBLY:GENOMEASSEMBLY:RAW_ASSEMBLY:[mHIFIASM_PRI                                              -[K
[2m[[0;34m-        [0;2m] [0;2mSANGERTOL_GENOMEASSEMBLY:GENOMEASSEMBLY:RAW_ASSEMBLY:[mGFA_TO_FASTA_PRI                                         -[K
[2m[[0;34m-        [0;2m] [0;2mSANGERTOL_GENOMEASSEMBLY:GENOMEASSEMBLY:RAW_ASSEMBLY:[mGFA_TO_FASTA_ALT                                         -[K
[2m[[0;34m-        [0;2m] [0;2mSANGERTOL_GENOMEASSEMBLY:GENOMEASSEMBLY:RAW_ASSEMBLY:[mHIFIASM_HIC                                              -[K
[2m[[0;34m-        [0;2m] [0;2mSANGERTOL_GENOMEASSEMBLY:GENOMEASSEMBLY:RAW_ASSEMBLY:[mGFA_TO_FASTA_HAP1_HIC                                    -[K
[2m[[0;34m-        [0;2m] [0;2mSANGERTOL_GENOMEASSEMBLY:GENOMEASSEMBLY:RAW_ASSEMBLY:[mGFA_TO_FASTA_HAP2_HIC                                    -[K
[2m[[0;34m-        [0;2m] [0;2mSANGERTOL_GENOMEASSEMBLY:GENOMEASSEMBLY:GENOME_STATISTICS_RAW:[mGFASTATS_PRI                                    -[K
[2m[[0;34m-        [0;2m] [0;2mSANGERTOL_GENOMEASSEMBLY:GENOMEASSEMBLY:GENOME_STATISTICS_RAW:[mGFASTATS_HAP                                    -[K
[2m[[0;34m-        [0;2m] [0;2mSANGERTOL_GENOMEASSEMBLY:GENOMEASSEMBLY:GENOME_STATISTICS_RAW:[mBUSCO_PRI                                       -[K
[3;2mPlus [1m41[0;3;2m more processes waiting for tasks…[m[K
[20A
[2m[[0;34m-        [0;2m] [0;2mSANGERTOL_GENOMEASSEMBLY:GENOMEASSEMBLY:GENOMESCOPE_MODEL:[mCAT_CAT_READS                                       -[K
[2m[[0;34m-        [0;2m] [0;2mSANGERTOL_GENOMEASSEMBLY:GENOMEASSEMBLY:GENOMESCOPE_MODEL:[mFASTK_FASTK                                         -[K
[2m[[0;34m-        [0;2m] [0;2mSANGERTOL_GENOMEASSEMBLY:GENOMEASSEMBLY:GENOMESCOPE_MODEL:[mFASTK_HISTEX                                        -[K
[2m[[0;34m-        [0;2m] [0;2mSANGERTOL_GENOMEASSEMBLY:GENOMEASSEMBLY:GENOMESCOPE_MODEL:TRIO_PROCESS:[mYAK_COUNT_PAT                          -[K
[2m[[0;34m-        [0;2m] [0;2mSANGERTOL_GENOMEASSEMBLY:GENOMEASSEMBLY:GENOMESCOPE_MODEL:TRIO_PROCESS:[mFASTK_PAT                              -[K
[2m[[0;34m-        [0;2m] [0;2mSANGERTOL_GENOMEASSEMBLY:GENOMEASSEMBLY:GENOMESCOPE_MODEL:TRIO_PROCESS:[mYAK_COUNT_MAT                          -[K
[2m[[0;34m-        [0;2m] [0;2mSANGERTOL_GENOMEASSEMBLY:GENOMEASSEMBLY:GENOMESCOPE_MODEL:TRIO_PROCESS:[mFASTK_MAT                              -[K
[2m[[0;34m-        [0;2m] [0;2mSANGERTOL_GENOMEASSEMBLY:GENOMEASSEMBLY:GENOMESCOPE_MODEL:TRIO_PROCESS:[mMERQURYFK_HAPMAKER                     -[K
[2m[[0;34m-        [0;2m] [0;2mSANGERTOL_GENOMEASSEMBLY:GENOMEASSEMBLY:GENOMESCOPE_MODEL:[mGENESCOPEFK                                         -[K
[2m[[0;34m-        [0;2m] [0;2mSANGERTOL_GENOMEASSEMBLY:GENOMEASSEMBLY:RAW_ASSEMBLY:[mHIFIASM_PRI                                              -[K
[2m[[0;34m-        [0;2m] [0;2mSANGERTOL_GENOMEASSEMBLY:GENOMEASSEMBLY:RAW_ASSEMBLY:[mGFA_TO_FASTA_PRI                                         -[K
[2m[[0;34m-        [0;2m] [0;2mSANGERTOL_GENOMEASSEMBLY:GENOMEASSEMBLY:RAW_ASSEMBLY:[mGFA_TO_FASTA_ALT                                         -[K
[2m[[0;34m-        [0;2m] [0;2mSANGERTOL_GENOMEASSEMBLY:GENOMEASSEMBLY:RAW_ASSEMBLY:[mHIFIASM_HIC                                              -[K
[2m[[0;34m-        [0;2m] [0;2mSANGERTOL_GENOMEASSEMBLY:GENOMEASSEMBLY:RAW_ASSEMBLY:[mGFA_TO_FASTA_HAP1_HIC                                    -[K
[2m[[0;34m-        [0;2m] [0;2mSANGERTOL_GENOMEASSEMBLY:GENOMEASSEMBLY:RAW_ASSEMBLY:[mGFA_TO_FASTA_HAP2_HIC                                    -[K
[2m[[0;34m-        [0;2m] [0;2mSANGERTOL_GENOMEASSEMBLY:GENOMEASSEMBLY:GENOME_STATISTICS_RAW:[mGFASTATS_PRI                                    -[K
[2m[[0;34m-        [0;2m] [0;2mSANGERTOL_GENOMEASSEMBLY:GENOMEASSEMBLY:GENOME_STATISTICS_RAW:[mGFASTATS_HAP                                    -[K
[2m[[0;34m-        [0;2m] [0;2mSANGERTOL_GENOMEASSEMBLY:GENOMEASSEMBLY:GENOME_STATISTICS_RAW:[mBUSCO_PRI                                       -[K
[3;2mPlus [1m45[0;3;2m more processes waiting for tasks…[m[K
[20A
[2m[[0;34m-        [0;2m] [0;2mSANGERTOL_GENOMEASSEMBLY:GENOMEASSEMBLY:GENOMESCOPE_MODEL:[mCAT_CAT_READS                                       -[K
[2m[[0;34m-        [0;2m] [0;2mSANGERTOL_GENOMEASSEMBLY:GENOMEASSEMBLY:GENOMESCOPE_MODEL:[mFASTK_FASTK                                         -[K
[2m[[0;34m-        [0;2m] [0;2mSANGERTOL_GENOMEASSEMBLY:GENOMEASSEMBLY:GENOMESCOPE_MODEL:[mFASTK_HISTEX                                        -[K
[2m[[0;34m-        [0;2m] [0;2mSANGERTOL_GENOMEASSEMBLY:GENOMEASSEMBLY:GENOMESCOPE_MODEL:TRIO_PROCESS:[mYAK_COUNT_PAT                          -[K
[2m[[0;34m-        [0;2m] [0;2mSANGERTOL_GENOMEASSEMBLY:GENOMEASSEMBLY:GENOMESCOPE_MODEL:TRIO_PROCESS:[mFASTK_PAT                              -[K
[2m[[0;34m-        [0;2m] [0;2mSANGERTOL_GENOMEASSEMBLY:GENOMEASSEMBLY:GENOMESCOPE_MODEL:TRIO_PROCESS:[mYAK_COUNT_MAT                          -[K
[2m[[0;34m-        [0;2m] [0;2mSANGERTOL_GENOMEASSEMBLY:GENOMEASSEMBLY:GENOMESCOPE_MODEL:TRIO_PROCESS:[mFASTK_MAT                              -[K
[2m[[0;34m-        [0;2m] [0;2mSANGERTOL_GENOMEASSEMBLY:GENOMEASSEMBLY:GENOMESCOPE_MODEL:TRIO_PROCESS:[mMERQURYFK_HAPMAKER                     -[K
[2m[[0;34m-        [0;2m] [0;2mSANGERTOL_GENOMEASSEMBLY:GENOMEASSEMBLY:GENOMESCOPE_MODEL:[mGENESCOPEFK                                         -[K
[2m[[0;34m-        [0;2m] [0;2mSANGERTOL_GENOMEASSEMBLY:GENOMEASSEMBLY:RAW_ASSEMBLY:[mHIFIASM_PRI                                              -[K
[2m[[0;34m-        [0;2m] [0;2mSANGERTOL_GENOMEASSEMBLY:GENOMEASSEMBLY:RAW_ASSEMBLY:[mGFA_TO_FASTA_PRI                                         -[K
[2m[[0;34m-        [0;2m] [0;2mSANGERTOL_GENOMEASSEMBLY:GENOMEASSEMBLY:RAW_ASSEMBLY:[mGFA_TO_FASTA_ALT                                         -[K
[2m[[0;34m-        [0;2m] [0;2mSANGERTOL_GENOMEASSEMBLY:GENOMEASSEMBLY:RAW_ASSEMBLY:[mHIFIASM_HIC                                              -[K
[2m[[0;34m-        [0;2m] [0;2mSANGERTOL_GENOMEASSEMBLY:GENOMEASSEMBLY:RAW_ASSEMBLY:[mGFA_TO_FASTA_HAP1_HIC                                    -[K
[2m[[0;34m-        [0;2m] [0;2mSANGERTOL_GENOMEASSEMBLY:GENOMEASSEMBLY:RAW_ASSEMBLY:[mGFA_TO_FASTA_HAP2_HIC                                    -[K
[2m[[0;34m-        [0;2m] [0;2mSANGERTOL_GENOMEASSEMBLY:GENOMEASSEMBLY:GENOME_STATISTICS_RAW:[mGFASTATS_PRI                                    -[K
[2m[[0;34m-        [0;2m] [0;2mSANGERTOL_GENOMEASSEMBLY:GENOMEASSEMBLY:GENOME_STATISTICS_RAW:[mGFASTATS_HAP                                    -[K
[2m[[0;34m-        [0;2m] [0;2mSANGERTOL_GENOMEASSEMBLY:GENOMEASSEMBLY:GENOME_STATISTICS_RAW:[mBUSCO_PRI                                       -[K
[3;2mPlus [1m51[0;3;2m more processes waiting for tasks…[m[K
[20A
[2m[[0;34m-        [0;2m] [0;2mSANGERTOL_GENOMEASSEMBLY:GENOMEASSEMBLY:GENOMESCOPE_MODEL:[mCAT_CAT_READS                                       -[K
[2m[[0;34m-        [0;2m] [0;2mSANGERTOL_GENOMEASSEMBLY:GENOMEASSEMBLY:GENOMESCOPE_MODEL:[mFASTK_FASTK                                         -[K
[2m[[0;34m-        [0;2m] [0;2mSANGERTOL_GENOMEASSEMBLY:GENOMEASSEMBLY:GENOMESCOPE_MODEL:[mFASTK_HISTEX                                        -[K
[2m[[0;34m-        [0;2m] [0;2mSANGERTOL_GENOMEASSEMBLY:GENOMEASSEMBLY:GENOMESCOPE_MODEL:TRIO_PROCESS:[mYAK_COUNT_PAT                          -[K
[2m[[0;34m-        [0;2m] [0;2mSANGERTOL_GENOMEASSEMBLY:GENOMEASSEMBLY:GENOMESCOPE_MODEL:TRIO_PROCESS:[mFASTK_PAT                              -[K
[2m[[0;34m-        [0;2m] [0;2mSANGERTOL_GENOMEASSEMBLY:GENOMEASSEMBLY:GENOMESCOPE_MODEL:TRIO_PROCESS:[mYAK_COUNT_MAT                          -[K
[2m[[0;34m-        [0;2m] [0;2mSANGERTOL_GENOMEASSEMBLY:GENOMEASSEMBLY:GENOMESCOPE_MODEL:TRIO_PROCESS:[mFASTK_MAT                              -[K
[2m[[0;34m-        [0;2m] [0;2mSANGERTOL_GENOMEASSEMBLY:GENOMEASSEMBLY:GENOMESCOPE_MODEL:TRIO_PROCESS:[mMERQURYFK_HAPMAKER                     -[K
[2m[[0;34m-        [0;2m] [0;2mSANGERTOL_GENOMEASSEMBLY:GENOMEASSEMBLY:GENOMESCOPE_MODEL:[mGENESCOPEFK                                         -[K
[2m[[0;34m-        [0;2m] [0;2mSANGERTOL_GENOMEASSEMBLY:GENOMEASSEMBLY:RAW_ASSEMBLY:[mHIFIASM_PRI                                              -[K
[2m[[0;34m-        [0;2m] [0;2mSANGERTOL_GENOMEASSEMBLY:GENOMEASSEMBLY:RAW_ASSEMBLY:[mGFA_TO_FASTA_PRI                                         -[K
[2m[[0;34m-        [0;2m] [0;2mSANGERTOL_GENOMEASSEMBLY:GENOMEASSEMBLY:RAW_ASSEMBLY:[mGFA_TO_FASTA_ALT                                         -[K
[2m[[0;34m-        [0;2m] [0;2mSANGERTOL_GENOMEASSEMBLY:GENOMEASSEMBLY:RAW_ASSEMBLY:[mHIFIASM_HIC                                              -[K
[2m[[0;34m-        [0;2m] [0;2mSANGERTOL_GENOMEASSEMBLY:GENOMEASSEMBLY:RAW_ASSEMBLY:[mGFA_TO_FASTA_HAP1_HIC                                    -[K
[2m[[0;34m-        [0;2m] [0;2mSANGERTOL_GENOMEASSEMBLY:GENOMEASSEMBLY:RAW_ASSEMBLY:[mGFA_TO_FASTA_HAP2_HIC                                    -[K
[2m[[0;34m-        [0;2m] [0;2mSANGERTOL_GENOMEASSEMBLY:GENOMEASSEMBLY:GENOME_STATISTICS_RAW:[mGFASTATS_PRI                                    -[K
[2m[[0;34m-        [0;2m] [0;2mSANGERTOL_GENOMEASSEMBLY:GENOMEASSEMBLY:GENOME_STATISTICS_RAW:[mGFASTATS_HAP                                    -[K
[2m[[0;34m-        [0;2m] [0;2mSANGERTOL_GENOMEASSEMBLY:GENOMEASSEMBLY:GENOME_STATISTICS_RAW:[mBUSCO_PRI                                       -[K
[3;2mPlus [1m54[0;3;2m more processes waiting for tasks…[m[K
[20A
[2m[[0;34m-        [0;2m] [0;2mSANGERTOL_GENOMEASSEMBLY:GENOMEASSEMBLY:GENOMESCOPE_MODEL:[mCAT_CAT_READS                                       -[K
[2m[[0;34m-        [0;2m] [0;2mSANGERTOL_GENOMEASSEMBLY:GENOMEASSEMBLY:GENOMESCOPE_MODEL:[mFASTK_FASTK                                         -[K
[2m[[0;34m-        [0;2m] [0;2mSANGERTOL_GENOMEASSEMBLY:GENOMEASSEMBLY:GENOMESCOPE_MODEL:[mFASTK_HISTEX                                        -[K
[2m[[0;34m-        [0;2m] [0;2mSANGERTOL_GENOMEASSEMBLY:GENOMEASSEMBLY:GENOMESCOPE_MODEL:TRIO_PROCESS:[mYAK_COUNT_PAT                          -[K
[2m[[0;34m-        [0;2m] [0;2mSANGERTOL_GENOMEASSEMBLY:GENOMEASSEMBLY:GENOMESCOPE_MODEL:TRIO_PROCESS:[mFASTK_PAT                              -[K
[2m[[0;34m-        [0;2m] [0;2mSANGERTOL_GENOMEASSEMBLY:GENOMEASSEMBLY:GENOMESCOPE_MODEL:TRIO_PROCESS:[mYAK_COUNT_MAT                          -[K
[2m[[0;34m-        [0;2m] [0;2mSANGERTOL_GENOMEASSEMBLY:GENOMEASSEMBLY:GENOMESCOPE_MODEL:TRIO_PROCESS:[mFASTK_MAT                              -[K
[2m[[0;34m-        [0;2m] [0;2mSANGERTOL_GENOMEASSEMBLY:GENOMEASSEMBLY:GENOMESCOPE_MODEL:TRIO_PROCESS:[mMERQURYFK_HAPMAKER                     -[K
[2m[[0;34m-        [0;2m] [0;2mSANGERTOL_GENOMEASSEMBLY:GENOMEASSEMBLY:GENOMESCOPE_MODEL:[mGENESCOPEFK                                         -[K
[2m[[0;34m-        [0;2m] [0;2mSANGERTOL_GENOMEASSEMBLY:GENOMEASSEMBLY:RAW_ASSEMBLY:[mHIFIASM_PRI                                              -[K
[2m[[0;34m-        [0;2m] [0;2mSANGERTOL_GENOMEASSEMBLY:GENOMEASSEMBLY:RAW_ASSEMBLY:[mGFA_TO_FASTA_PRI                                         -[K
[2m[[0;34m-        [0;2m] [0;2mSANGERTOL_GENOMEASSEMBLY:GENOMEASSEMBLY:RAW_ASSEMBLY:[mGFA_TO_FASTA_ALT                                         -[K
[2m[[0;34m-        [0;2m] [0;2mSANGERTOL_GENOMEASSEMBLY:GENOMEASSEMBLY:RAW_ASSEMBLY:[mHIFIASM_HIC                                              -[K
[2m[[0;34m-        [0;2m] [0;2mSANGERTOL_GENOMEASSEMBLY:GENOMEASSEMBLY:RAW_ASSEMBLY:[mGFA_TO_FASTA_HAP1_HIC                                    -[K
[2m[[0;34m-        [0;2m] [0;2mSANGERTOL_GENOMEASSEMBLY:GENOMEASSEMBLY:RAW_ASSEMBLY:[mGFA_TO_FASTA_HAP2_HIC                                    -[K
[2m[[0;34m-        [0;2m] [0;2mSANGERTOL_GENOMEASSEMBLY:GENOMEASSEMBLY:GENOME_STATISTICS_RAW:[mGFASTATS_PRI                                    -[K
[2m[[0;34m-        [0;2m] [0;2mSANGERTOL_GENOMEASSEMBLY:GENOMEASSEMBLY:GENOME_STATISTICS_RAW:[mGFASTATS_HAP                                    -[K
[2m[[0;34m-        [0;2m] [0;2mSANGERTOL_GENOMEASSEMBLY:GENOMEASSEMBLY:GENOME_STATISTICS_RAW:[mBUSCO_PRI                                       -[K
[3;2mPlus [1m57[0;3;2m more processes waiting for tasks…[m[K
[20A
[2m[[0;34m-        [0;2m] [0;2mSANGERTOL_GENOMEASSEMBLY:GENOMEASSEMBLY:GENOMESCOPE_MODEL:[mCAT_CAT_READS                                            -[K
[2m[[0;34m-        [0;2m] [0;2mSANGERTOL_GENOMEASSEMBLY:GENOMEASSEMBLY:GENOMESCOPE_MODEL:[mFASTK_FASTK                                              -[K
[2m[[0;34m-        [0;2m] [0;2mSANGERTOL_GENOMEASSEMBLY:GENOMEASSEMBLY:GENOMESCOPE_MODEL:[mFASTK_HISTEX                                             -[K
[2m[[0;34m-        [0;2m] [0;2mSANGERTOL_GENOMEASSEMBLY:GENOMEASSEMBLY:GENOMESCOPE_MODEL:TRIO_PROCESS:[mYAK_COUNT_PAT                               -[K
[2m[[0;34m-        [0;2m] [0;2mSANGERTOL_GENOMEASSEMBLY:GENOMEASSEMBLY:GENOMESCOPE_MODEL:TRIO_PROCESS:[mFASTK_PAT                                   -[K
[2m[[0;34m-        [0;2m] [0;2mSANGERTOL_GENOMEASSEMBLY:GENOMEASSEMBLY:GENOMESCOPE_MODEL:TRIO_PROCESS:[mYAK_COUNT_MAT                               -[K
[2m[[0;34m-        [0;2m] [0;2mSANGERTOL_GENOMEASSEMBLY:GENOMEASSEMBLY:GENOMESCOPE_MODEL:TRIO_PROCESS:[mFASTK_MAT                                   -[K
[2m[[0;34m-        [0;2m] [0;2mSANGERTOL_GENOMEASSEMBLY:GENOMEASSEMBLY:GENOMESCOPE_MODEL:TRIO_PROCESS:[mMERQURYFK_HAPMAKER                          -[K
[2m[[0;34m-        [0;2m] [0;2mSANGERTOL_GENOMEASSEMBLY:GENOMEASSEMBLY:GENOMESCOPE_MODEL:[mGENESCOPEFK                                              -[K
[2m[[0;34m-        [0;2m] [0;2mSANGERTOL_GENOMEASSEMBLY:GENOMEASSEMBLY:RAW_ASSEMBLY:[mHIFIASM_PRI                                                   -[K
[2m[[0;34m-        [0;2m] [0;2mSANGERTOL_GENOMEASSEMBLY:GENOMEASSEMBLY:RAW_ASSEMBLY:[mGFA_TO_FASTA_PRI                                              -[K
[2m[[0;34m-        [0;2m] [0;2mSANGERTOL_GENOMEASSEMBLY:GENOMEASSEMBLY:RAW_ASSEMBLY:[mGFA_TO_FASTA_ALT                                              -[K
[2m[[0;34m-        [0;2m] [0;2mSANGERTOL_GENOMEASSEMBLY:GENOMEASSEMBLY:RAW_ASSEMBLY:[mHIFIASM_HIC                                                   -[K
[2m[[0;34m-        [0;2m] [0;2mSANGERTOL_GENOMEASSEMBLY:GENOMEASSEMBLY:RAW_ASSEMBLY:[mGFA_TO_FASTA_HAP1_HIC                                         -[K
[2m[[0;34m-        [0;2m] [0;2mSANGERTOL_GENOMEASSEMBLY:GENOMEASSEMBLY:RAW_ASSEMBLY:[mGFA_TO_FASTA_HAP2_HIC                                         -[K
[2m[[0;34m-        [0;2m] [0;2mSANGERTOL_GENOMEASSEMBLY:GENOMEASSEMBLY:GENOME_STATISTICS_RAW:[mGFASTATS_PRI                                         -[K
[2m[[0;34m-        [0;2m] [0;2mSANGERTOL_GENOMEASSEMBLY:GENOMEASSEMBLY:GENOME_STATISTICS_RAW:[mGFASTATS_HAP                                         -[K
[2m[[0;34m-        [0;2m] [0;2mSANGERTOL_GENOMEASSEMBLY:GENOMEASSEMBLY:GENOME_STATISTICS_RAW:[mBUSCO_PRI                                            -[K
[3;2mPlus [1m61[0;3;2m more processes waiting for tasks…[m[K
[20A
[2m[[0;34m-        [0;2m] [0;2mSANGERTOL_GENOMEASSEMBLY:GENOMEASSEMBLY:GENOMESCOPE_MODEL:[mCAT_CAT_READS                                            -[K
[2m[[0;34m-        [0;2m] [0;2mSANGERTOL_GENOMEASSEMBLY:GENOMEASSEMBLY:GENOMESCOPE_MODEL:[mFASTK_FASTK                                              -[K
[2m[[0;34m-        [0;2m] [0;2mSANGERTOL_GENOMEASSEMBLY:GENOMEASSEMBLY:GENOMESCOPE_MODEL:[mFASTK_HISTEX                                             -[K
[2m[[0;34m-        [0;2m] [0;2mSANGERTOL_GENOMEASSEMBLY:GENOMEASSEMBLY:GENOMESCOPE_MODEL:TRIO_PROCESS:[mYAK_COUNT_PAT                               -[K
[2m[[0;34m-        [0;2m] [0;2mSANGERTOL_GENOMEASSEMBLY:GENOMEASSEMBLY:GENOMESCOPE_MODEL:TRIO_PROCESS:[mFASTK_PAT                                   -[K
[2m[[0;34m-        [0;2m] [0;2mSANGERTOL_GENOMEASSEMBLY:GENOMEASSEMBLY:GENOMESCOPE_MODEL:TRIO_PROCESS:[mYAK_COUNT_MAT                               -[K
[2m[[0;34m-        [0;2m] [0;2mSANGERTOL_GENOMEASSEMBLY:GENOMEASSEMBLY:GENOMESCOPE_MODEL:TRIO_PROCESS:[mFASTK_MAT                                   -[K
[2m[[0;34m-        [0;2m] [0;2mSANGERTOL_GENOMEASSEMBLY:GENOMEASSEMBLY:GENOMESCOPE_MODEL:TRIO_PROCESS:[mMERQURYFK_HAPMAKER                          -[K
[2m[[0;34m-        [0;2m] [0;2mSANGERTOL_GENOMEASSEMBLY:GENOMEASSEMBLY:GENOMESCOPE_MODEL:[mGENESCOPEFK                                              -[K
[2m[[0;34m-        [0;2m] [0;2mSANGERTOL_GENOMEASSEMBLY:GENOMEASSEMBLY:RAW_ASSEMBLY:[mHIFIASM_PRI                                                   -[K
[2m[[0;34m-        [0;2m] [0;2mSANGERTOL_GENOMEASSEMBLY:GENOMEASSEMBLY:RAW_ASSEMBLY:[mGFA_TO_FASTA_PRI                                              -[K
[2m[[0;34m-        [0;2m] [0;2mSANGERTOL_GENOMEASSEMBLY:GENOMEASSEMBLY:RAW_ASSEMBLY:[mGFA_TO_FASTA_ALT                                              -[K
[2m[[0;34m-        [0;2m] [0;2mSANGERTOL_GENOMEASSEMBLY:GENOMEASSEMBLY:RAW_ASSEMBLY:[mHIFIASM_HIC                                                   -[K
[2m[[0;34m-        [0;2m] [0;2mSANGERTOL_GENOMEASSEMBLY:GENOMEASSEMBLY:RAW_ASSEMBLY:[mGFA_TO_FASTA_HAP1_HIC                                         -[K
[2m[[0;34m-        [0;2m] [0;2mSANGERTOL_GENOMEASSEMBLY:GENOMEASSEMBLY:RAW_ASSEMBLY:[mGFA_TO_FASTA_HAP2_HIC                                         -[K
[2m[[0;34m-        [0;2m] [0;2mSANGERTOL_GENOMEASSEMBLY:GENOMEASSEMBLY:GENOME_STATISTICS_RAW:[mGFASTATS_PRI                                         -[K
[2m[[0;34m-        [0;2m] [0;2mSANGERTOL_GENOMEASSEMBLY:GENOMEASSEMBLY:GENOME_STATISTICS_RAW:[mGFASTATS_HAP                                         -[K
[2m[[0;34m-        [0;2m] [0;2mSANGERTOL_GENOMEASSEMBLY:GENOMEASSEMBLY:GENOME_STATISTICS_RAW:[mBUSCO_PRI                                            -[K
[3;2mPlus [1m65[0;3;2m more processes waiting for tasks…[m[K
[20A
[2m[[0;34m-        [0;2m] [0;2mSANGERTOL_GENOMEASSEMBLY:GENOMEASSEMBLY:GENOMESCOPE_MODEL:[mCAT_CAT_READS                                            -[K
[2m[[0;34m-        [0;2m] [0;2mSANGERTOL_GENOMEASSEMBLY:GENOMEASSEMBLY:GENOMESCOPE_MODEL:[mFASTK_FASTK                                              -[K
[2m[[0;34m-        [0;2m] [0;2mSANGERTOL_GENOMEASSEMBLY:GENOMEASSEMBLY:GENOMESCOPE_MODEL:[mFASTK_HISTEX                                             -[K
[2m[[0;34m-        [0;2m] [0;2mSANGERTOL_GENOMEASSEMBLY:GENOMEASSEMBLY:GENOMESCOPE_MODEL:TRIO_PROCESS:[mYAK_COUNT_PAT                               -[K
[2m[[0;34m-        [0;2m] [0;2mSANGERTOL_GENOMEASSEMBLY:GENOMEASSEMBLY:GENOMESCOPE_MODEL:TRIO_PROCESS:[mFASTK_PAT                                   -[K
[2m[[0;34m-        [0;2m] [0;2mSANGERTOL_GENOMEASSEMBLY:GENOMEASSEMBLY:GENOMESCOPE_MODEL:TRIO_PROCESS:[mYAK_COUNT_MAT                               -[K
[2m[[0;34m-        [0;2m] [0;2mSANGERTOL_GENOMEASSEMBLY:GENOMEASSEMBLY:GENOMESCOPE_MODEL:TRIO_PROCESS:[mFASTK_MAT                                   -[K
[2m[[0;34m-        [0;2m] [0;2mSANGERTOL_GENOMEASSEMBLY:GENOMEASSEMBLY:GENOMESCOPE_MODEL:TRIO_PROCESS:[mMERQURYFK_HAPMAKER                          -[K
[2m[[0;34m-        [0;2m] [0;2mSANGERTOL_GENOMEASSEMBLY:GENOMEASSEMBLY:GENOMESCOPE_MODEL:[mGENESCOPEFK                                              -[K
[2m[[0;34m-        [0;2m] [0;2mSANGERTOL_GENOMEASSEMBLY:GENOMEASSEMBLY:RAW_ASSEMBLY:[mHIFIASM_PRI                                                   -[K
[2m[[0;34m-        [0;2m] [0;2mSANGERTOL_GENOMEASSEMBLY:GENOMEASSEMBLY:RAW_ASSEMBLY:[mGFA_TO_FASTA_PRI                                              -[K
[2m[[0;34m-        [0;2m] [0;2mSANGERTOL_GENOMEASSEMBLY:GENOMEASSEMBLY:RAW_ASSEMBLY:[mGFA_TO_FASTA_ALT                                              -[K
[2m[[0;34m-        [0;2m] [0;2mSANGERTOL_GENOMEASSEMBLY:GENOMEASSEMBLY:RAW_ASSEMBLY:[mHIFIASM_HIC                                                   -[K
[2m[[0;34m-        [0;2m] [0;2mSANGERTOL_GENOMEASSEMBLY:GENOMEASSEMBLY:RAW_ASSEMBLY:[mGFA_TO_FASTA_HAP1_HIC                                         -[K
[2m[[0;34m-        [0;2m] [0;2mSANGERTOL_GENOMEASSEMBLY:GENOMEASSEMBLY:RAW_ASSEMBLY:[mGFA_TO_FASTA_HAP2_HIC                                         -[K
[2m[[0;34m-        [0;2m] [0;2mSANGERTOL_GENOMEASSEMBLY:GENOMEASSEMBLY:GENOME_STATISTICS_RAW:[mGFASTATS_PRI                                         -[K
[2m[[0;34m-        [0;2m] [0;2mSANGERTOL_GENOMEASSEMBLY:GENOMEASSEMBLY:GENOME_STATISTICS_RAW:[mGFASTATS_HAP                                         -[K
[2m[[0;34m-        [0;2m] [0;2mSANGERTOL_GENOMEASSEMBLY:GENOMEASSEMBLY:GENOME_STATISTICS_RAW:[mBUSCO_PRI                                            -[K
[3;2mPlus [1m69[0;3;2m more processes waiting for tasks…[m[K
[20A
[2m[[0;34m-        [0;2m] [0;2mSANGERTOL_GENOMEASSEMBLY:GENOMEASSEMBLY:GENOMESCOPE_MODEL:[mCAT_CAT_READS                                            -[K
[2m[[0;34m-        [0;2m] [0;2mSANGERTOL_GENOMEASSEMBLY:GENOMEASSEMBLY:GENOMESCOPE_MODEL:[mFASTK_FASTK                                              -[K
[2m[[0;34m-        [0;2m] [0;2mSANGERTOL_GENOMEASSEMBLY:GENOMEASSEMBLY:GENOMESCOPE_MODEL:[mFASTK_HISTEX                                             -[K
[2m[[0;34m-        [0;2m] [0;2mSANGERTOL_GENOMEASSEMBLY:GENOMEASSEMBLY:GENOMESCOPE_MODEL:TRIO_PROCESS:[mYAK_COUNT_PAT                               -[K
[2m[[0;34m-        [0;2m] [0;2mSANGERTOL_GENOMEASSEMBLY:GENOMEASSEMBLY:GENOMESCOPE_MODEL:TRIO_PROCESS:[mFASTK_PAT                                   -[K
[2m[[0;34m-        [0;2m] [0;2mSANGERTOL_GENOMEASSEMBLY:GENOMEASSEMBLY:GENOMESCOPE_MODEL:TRIO_PROCESS:[mYAK_COUNT_MAT                               -[K
[2m[[0;34m-        [0;2m] [0;2mSANGERTOL_GENOMEASSEMBLY:GENOMEASSEMBLY:GENOMESCOPE_MODEL:TRIO_PROCESS:[mFASTK_MAT                                   -[K
[2m[[0;34m-        [0;2m] [0;2mSANGERTOL_GENOMEASSEMBLY:GENOMEASSEMBLY:GENOMESCOPE_MODEL:TRIO_PROCESS:[mMERQURYFK_HAPMAKER                          -[K
[2m[[0;34m-        [0;2m] [0;2mSANGERTOL_GENOMEASSEMBLY:GENOMEASSEMBLY:GENOMESCOPE_MODEL:[mGENESCOPEFK                                              -[K
[2m[[0;34m-        [0;2m] [0;2mSANGERTOL_GENOMEASSEMBLY:GENOMEASSEMBLY:RAW_ASSEMBLY:[mHIFIASM_PRI                                                   -[K
[2m[[0;34m-        [0;2m] [0;2mSANGERTOL_GENOMEASSEMBLY:GENOMEASSEMBLY:RAW_ASSEMBLY:[mGFA_TO_FASTA_PRI                                              -[K
[2m[[0;34m-        [0;2m] [0;2mSANGERTOL_GENOMEASSEMBLY:GENOMEASSEMBLY:RAW_ASSEMBLY:[mGFA_TO_FASTA_ALT                                              -[K
[2m[[0;34m-        [0;2m] [0;2mSANGERTOL_GENOMEASSEMBLY:GENOMEASSEMBLY:RAW_ASSEMBLY:[mHIFIASM_HIC                                                   -[K
[2m[[0;34m-        [0;2m] [0;2mSANGERTOL_GENOMEASSEMBLY:GENOMEASSEMBLY:RAW_ASSEMBLY:[mGFA_TO_FASTA_HAP1_HIC                                         -[K
[2m[[0;34m-        [0;2m] [0;2mSANGERTOL_GENOMEASSEMBLY:GENOMEASSEMBLY:RAW_ASSEMBLY:[mGFA_TO_FASTA_HAP2_HIC                                         -[K
[2m[[0;34m-        [0;2m] [0;2mSANGERTOL_GENOMEASSEMBLY:GENOMEASSEMBLY:GENOME_STATISTICS_RAW:[mGFASTATS_PRI                                         -[K
[2m[[0;34m-        [0;2m] [0;2mSANGERTOL_GENOMEASSEMBLY:GENOMEASSEMBLY:GENOME_STATISTICS_RAW:[mGFASTATS_HAP                                         -[K
[2m[[0;34m-        [0;2m] [0;2mSANGERTOL_GENOMEASSEMBLY:GENOMEASSEMBLY:GENOME_STATISTICS_RAW:[mBUSCO_PRI                                            -[K
[3;2mPlus [1m72[0;3;2m more processes waiting for tasks…[m[K
[20A
[2m[[0;34m-        [0;2m] [0;2mSANGERTOL_GENOMEASSEMBLY:GENOMEASSEMBLY:GENOMESCOPE_MODEL:[mCAT_CAT_READS                                            -[K
[2m[[0;34m-        [0;2m] [0;2mSANGERTOL_GENOMEASSEMBLY:GENOMEASSEMBLY:GENOMESCOPE_MODEL:[mFASTK_FASTK                                              -[K
[2m[[0;34m-        [0;2m] [0;2mSANGERTOL_GENOMEASSEMBLY:GENOMEASSEMBLY:GENOMESCOPE_MODEL:[mFASTK_HISTEX                                             -[K
[2m[[0;34m-        [0;2m] [0;2mSANGERTOL_GENOMEASSEMBLY:GENOMEASSEMBLY:GENOMESCOPE_MODEL:TRIO_PROCESS:[mYAK_COUNT_PAT                               -[K
[2m[[0;34m-        [0;2m] [0;2mSANGERTOL_GENOMEASSEMBLY:GENOMEASSEMBLY:GENOMESCOPE_MODEL:TRIO_PROCESS:[mFASTK_PAT                                   -[K
[2m[[0;34m-        [0;2m] [0;2mSANGERTOL_GENOMEASSEMBLY:GENOMEASSEMBLY:GENOMESCOPE_MODEL:TRIO_PROCESS:[mYAK_COUNT_MAT                               -[K
[2m[[0;34m-        [0;2m] [0;2mSANGERTOL_GENOMEASSEMBLY:GENOMEASSEMBLY:GENOMESCOPE_MODEL:TRIO_PROCESS:[mFASTK_MAT                                   -[K
[2m[[0;34m-        [0;2m] [0;2mSANGERTOL_GENOMEASSEMBLY:GENOMEASSEMBLY:GENOMESCOPE_MODEL:TRIO_PROCESS:[mMERQURYFK_HAPMAKER                          -[K
[2m[[0;34m-        [0;2m] [0;2mSANGERTOL_GENOMEASSEMBLY:GENOMEASSEMBLY:GENOMESCOPE_MODEL:[mGENESCOPEFK                                              -[K
[2m[[0;34m-        [0;2m] [0;2mSANGERTOL_GENOMEASSEMBLY:GENOMEASSEMBLY:RAW_ASSEMBLY:[mHIFIASM_PRI                                                   -[K
[2m[[0;34m-        [0;2m] [0;2mSANGERTOL_GENOMEASSEMBLY:GENOMEASSEMBLY:RAW_ASSEMBLY:[mGFA_TO_FASTA_PRI                                              -[K
[2m[[0;34m-        [0;2m] [0;2mSANGERTOL_GENOMEASSEMBLY:GENOMEASSEMBLY:RAW_ASSEMBLY:[mGFA_TO_FASTA_ALT                                              -[K
[2m[[0;34m-        [0;2m] [0;2mSANGERTOL_GENOMEASSEMBLY:GENOMEASSEMBLY:RAW_ASSEMBLY:[mHIFIASM_HIC                                                   -[K
[2m[[0;34m-        [0;2m] [0;2mSANGERTOL_GENOMEASSEMBLY:GENOMEASSEMBLY:RAW_ASSEMBLY:[mGFA_TO_FASTA_HAP1_HIC                                         -[K
[2m[[0;34m-        [0;2m] [0;2mSANGERTOL_GENOMEASSEMBLY:GENOMEASSEMBLY:RAW_ASSEMBLY:[mGFA_TO_FASTA_HAP2_HIC                                         -[K
[2m[[0;34m-        [0;2m] [0;2mSANGERTOL_GENOMEASSEMBLY:GENOMEASSEMBLY:GENOME_STATISTICS_RAW:[mGFASTATS_PRI                                         -[K
[2m[[0;34m-        [0;2m] [0;2mSANGERTOL_GENOMEASSEMBLY:GENOMEASSEMBLY:GENOME_STATISTICS_RAW:[mGFASTATS_HAP                                         -[K
[2m[[0;34m-        [0;2m] [0;2mSANGERTOL_GENOMEASSEMBLY:GENOMEASSEMBLY:GENOME_STATISTICS_RAW:[mBUSCO_PRI                                            -[K
[3;2mPlus [1m76[0;3;2m more processes waiting for tasks…[m[K
[20A
[2m[[0;34m-        [0;2m] [0;2mSANGERTOL_GENOMEASSEMBLY:GENOMEASSEMBLY:GENOMESCOPE_MODEL:[mCAT_CAT_READS                                            -[K
[2m[[0;34m-        [0;2m] [0;2mSANGERTOL_GENOMEASSEMBLY:GENOMEASSEMBLY:GENOMESCOPE_MODEL:[mFASTK_FASTK                                              -[K
[2m[[0;34m-        [0;2m] [0;2mSANGERTOL_GENOMEASSEMBLY:GENOMEASSEMBLY:GENOMESCOPE_MODEL:[mFASTK_HISTEX                                             -[K
[2m[[0;34m-        [0;2m] [0;2mSANGERTOL_GENOMEASSEMBLY:GENOMEASSEMBLY:GENOMESCOPE_MODEL:TRIO_PROCESS:[mYAK_COUNT_PAT                               -[K
[2m[[0;34m-        [0;2m] [0;2mSANGERTOL_GENOMEASSEMBLY:GENOMEASSEMBLY:GENOMESCOPE_MODEL:TRIO_PROCESS:[mFASTK_PAT                                   -[K
[2m[[0;34m-        [0;2m] [0;2mSANGERTOL_GENOMEASSEMBLY:GENOMEASSEMBLY:GENOMESCOPE_MODEL:TRIO_PROCESS:[mYAK_COUNT_MAT                               -[K
[2m[[0;34m-        [0;2m] [0;2mSANGERTOL_GENOMEASSEMBLY:GENOMEASSEMBLY:GENOMESCOPE_MODEL:TRIO_PROCESS:[mFASTK_MAT                                   -[K
[2m[[0;34m-        [0;2m] [0;2mSANGERTOL_GENOMEASSEMBLY:GENOMEASSEMBLY:GENOMESCOPE_MODEL:TRIO_PROCESS:[mMERQURYFK_HAPMAKER                          -[K
[2m[[0;34m-        [0;2m] [0;2mSANGERTOL_GENOMEASSEMBLY:GENOMEASSEMBLY:GENOMESCOPE_MODEL:[mGENESCOPEFK                                              -[K
[2m[[0;34m-        [0;2m] [0;2mSANGERTOL_GENOMEASSEMBLY:GENOMEASSEMBLY:RAW_ASSEMBLY:[mHIFIASM_PRI                                                   -[K
[2m[[0;34m-        [0;2m] [0;2mSANGERTOL_GENOMEASSEMBLY:GENOMEASSEMBLY:RAW_ASSEMBLY:[mGFA_TO_FASTA_PRI                                              -[K
[2m[[0;34m-        [0;2m] [0;2mSANGERTOL_GENOMEASSEMBLY:GENOMEASSEMBLY:RAW_ASSEMBLY:[mGFA_TO_FASTA_ALT                                              -[K
[2m[[0;34m-        [0;2m] [0;2mSANGERTOL_GENOMEASSEMBLY:GENOMEASSEMBLY:RAW_ASSEMBLY:[mHIFIASM_HIC                                                   -[K
[2m[[0;34m-        [0;2m] [0;2mSANGERTOL_GENOMEASSEMBLY:GENOMEASSEMBLY:RAW_ASSEMBLY:[mGFA_TO_FASTA_HAP1_HIC                                         -[K
[2m[[0;34m-        [0;2m] [0;2mSANGERTOL_GENOMEASSEMBLY:GENOMEASSEMBLY:RAW_ASSEMBLY:[mGFA_TO_FASTA_HAP2_HIC                                         -[K
[2m[[0;34m-        [0;2m] [0;2mSANGERTOL_GENOMEASSEMBLY:GENOMEASSEMBLY:GENOME_STATISTICS_RAW:[mGFASTATS_PRI                                         -[K
[2m[[0;34m-        [0;2m] [0;2mSANGERTOL_GENOMEASSEMBLY:GENOMEASSEMBLY:GENOME_STATISTICS_RAW:[mGFASTATS_HAP                                         -[K
[2m[[0;34m-        [0;2m] [0;2mSANGERTOL_GENOMEASSEMBLY:GENOMEASSEMBLY:GENOME_STATISTICS_RAW:[mBUSCO_PRI                                            -[K
[3;2mPlus [1m82[0;3;2m more processes waiting for tasks…[m[K
[20A
[2m[[0;34m-        [0;2m] [0;2mSANGERTOL_GENOMEASSEMBLY:GENOMEASSEMBLY:GENOMESCOPE_MODEL:[mCAT_CAT_READS                                            -[K
[2m[[0;34m-        [0;2m] [0;2mSANGERTOL_GENOMEASSEMBLY:GENOMEASSEMBLY:GENOMESCOPE_MODEL:[mFASTK_FASTK                                              -[K
[2m[[0;34m-        [0;2m] [0;2mSANGERTOL_GENOMEASSEMBLY:GENOMEASSEMBLY:GENOMESCOPE_MODEL:[mFASTK_HISTEX                                             -[K
[2m[[0;34m-        [0;2m] [0;2mSANGERTOL_GENOMEASSEMBLY:GENOMEASSEMBLY:GENOMESCOPE_MODEL:TRIO_PROCESS:[mYAK_COUNT_PAT                               -[K
[2m[[0;34m-        [0;2m] [0;2mSANGERTOL_GENOMEASSEMBLY:GENOMEASSEMBLY:GENOMESCOPE_MODEL:TRIO_PROCESS:[mFASTK_PAT                                   -[K
[2m[[0;34m-        [0;2m] [0;2mSANGERTOL_GENOMEASSEMBLY:GENOMEASSEMBLY:GENOMESCOPE_MODEL:TRIO_PROCESS:[mYAK_COUNT_MAT                               -[K
[2m[[0;34m-        [0;2m] [0;2mSANGERTOL_GENOMEASSEMBLY:GENOMEASSEMBLY:GENOMESCOPE_MODEL:TRIO_PROCESS:[mFASTK_MAT                                   -[K
[2m[[0;34m-        [0;2m] [0;2mSANGERTOL_GENOMEASSEMBLY:GENOMEASSEMBLY:GENOMESCOPE_MODEL:TRIO_PROCESS:[mMERQURYFK_HAPMAKER                          -[K
[2m[[0;34m-        [0;2m] [0;2mSANGERTOL_GENOMEASSEMBLY:GENOMEASSEMBLY:GENOMESCOPE_MODEL:[mGENESCOPEFK                                              -[K
[2m[[0;34m-        [0;2m] [0;2mSANGERTOL_GENOMEASSEMBLY:GENOMEASSEMBLY:RAW_ASSEMBLY:[mHIFIASM_PRI                                                   -[K
[2m[[0;34m-        [0;2m] [0;2mSANGERTOL_GENOMEASSEMBLY:GENOMEASSEMBLY:RAW_ASSEMBLY:[mGFA_TO_FASTA_PRI                                              -[K
[2m[[0;34m-        [0;2m] [0;2mSANGERTOL_GENOMEASSEMBLY:GENOMEASSEMBLY:RAW_ASSEMBLY:[mGFA_TO_FASTA_ALT                                              -[K
[2m[[0;34m-        [0;2m] [0;2mSANGERTOL_GENOMEASSEMBLY:GENOMEASSEMBLY:RAW_ASSEMBLY:[mHIFIASM_HIC                                                   -[K
[2m[[0;34m-        [0;2m] [0;2mSANGERTOL_GENOMEASSEMBLY:GENOMEASSEMBLY:RAW_ASSEMBLY:[mGFA_TO_FASTA_HAP1_HIC                                         -[K
[2m[[0;34m-        [0;2m] [0;2mSANGERTOL_GENOMEASSEMBLY:GENOMEASSEMBLY:RAW_ASSEMBLY:[mGFA_TO_FASTA_HAP2_HIC                                         -[K
[2m[[0;34m-        [0;2m] [0;2mSANGERTOL_GENOMEASSEMBLY:GENOMEASSEMBLY:GENOME_STATISTICS_RAW:[mGFASTATS_PRI                                         -[K
[2m[[0;34m-        [0;2m] [0;2mSANGERTOL_GENOMEASSEMBLY:GENOMEASSEMBLY:GENOME_STATISTICS_RAW:[mGFASTATS_HAP                                         -[K
[2m[[0;34m-        [0;2m] [0;2mSANGERTOL_GENOMEASSEMBLY:GENOMEASSEMBLY:GENOME_STATISTICS_RAW:[mBUSCO_PRI                                            -[K
[3;2mPlus [1m86[0;3;2m more processes waiting for tasks…[m[K
[20A
[2m[[0;34m-        [0;2m] [0;2mSANGERTOL_GENOMEASSEMBLY:GENOMEASSEMBLY:GENOMESCOPE_MODEL:[mCAT_CAT_READS                                            -[K
[2m[[0;34m-        [0;2m] [0;2mSANGERTOL_GENOMEASSEMBLY:GENOMEASSEMBLY:GENOMESCOPE_MODEL:[mFASTK_FASTK                                              -[K
[2m[[0;34m-        [0;2m] [0;2mSANGERTOL_GENOMEASSEMBLY:GENOMEASSEMBLY:GENOMESCOPE_MODEL:[mFASTK_HISTEX                                             -[K
[2m[[0;34m-        [0;2m] [0;2mSANGERTOL_GENOMEASSEMBLY:GENOMEASSEMBLY:GENOMESCOPE_MODEL:TRIO_PROCESS:[mYAK_COUNT_PAT                               -[K
[2m[[0;34m-        [0;2m] [0;2mSANGERTOL_GENOMEASSEMBLY:GENOMEASSEMBLY:GENOMESCOPE_MODEL:TRIO_PROCESS:[mFASTK_PAT                                   -[K
[2m[[0;34m-        [0;2m] [0;2mSANGERTOL_GENOMEASSEMBLY:GENOMEASSEMBLY:GENOMESCOPE_MODEL:TRIO_PROCESS:[mYAK_COUNT_MAT                               -[K
[2m[[0;34m-        [0;2m] [0;2mSANGERTOL_GENOMEASSEMBLY:GENOMEASSEMBLY:GENOMESCOPE_MODEL:TRIO_PROCESS:[mFASTK_MAT                                   -[K
[2m[[0;34m-        [0;2m] [0;2mSANGERTOL_GENOMEASSEMBLY:GENOMEASSEMBLY:GENOMESCOPE_MODEL:TRIO_PROCESS:[mMERQURYFK_HAPMAKER                          -[K
[2m[[0;34m-        [0;2m] [0;2mSANGERTOL_GENOMEASSEMBLY:GENOMEASSEMBLY:GENOMESCOPE_MODEL:[mGENESCOPEFK                                              -[K
[2m[[0;34m-        [0;2m] [0;2mSANGERTOL_GENOMEASSEMBLY:GENOMEASSEMBLY:RAW_ASSEMBLY:[mHIFIASM_PRI                                                   -[K
[2m[[0;34m-        [0;2m] [0;2mSANGERTOL_GENOMEASSEMBLY:GENOMEASSEMBLY:RAW_ASSEMBLY:[mGFA_TO_FASTA_PRI                                              -[K
[2m[[0;34m-        [0;2m] [0;2mSANGERTOL_GENOMEASSEMBLY:GENOMEASSEMBLY:RAW_ASSEMBLY:[mGFA_TO_FASTA_ALT                                              -[K
[2m[[0;34m-        [0;2m] [0;2mSANGERTOL_GENOMEASSEMBLY:GENOMEASSEMBLY:RAW_ASSEMBLY:[mHIFIASM_HIC                                                   -[K
[2m[[0;34m-        [0;2m] [0;2mSANGERTOL_GENOMEASSEMBLY:GENOMEASSEMBLY:RAW_ASSEMBLY:[mGFA_TO_FASTA_HAP1_HIC                                         -[K
[2m[[0;34m-        [0;2m] [0;2mSANGERTOL_GENOMEASSEMBLY:GENOMEASSEMBLY:RAW_ASSEMBLY:[mGFA_TO_FASTA_HAP2_HIC                                         -[K
[2m[[0;34m-        [0;2m] [0;2mSANGERTOL_GENOMEASSEMBLY:GENOMEASSEMBLY:GENOME_STATISTICS_RAW:[mGFASTATS_PRI                                         -[K
[2m[[0;34m-        [0;2m] [0;2mSANGERTOL_GENOMEASSEMBLY:GENOMEASSEMBLY:GENOME_STATISTICS_RAW:[mGFASTATS_HAP                                         -[K
[2m[[0;34m-        [0;2m] [0;2mSANGERTOL_GENOMEASSEMBLY:GENOMEASSEMBLY:GENOME_STATISTICS_RAW:[mBUSCO_PRI                                            -[K
[3;2mPlus [1m90[0;3;2m more processes waiting for tasks…[m[K
[20A
[2m[[0;34m-        [0;2m] [0;2mSANGERTOL_GENOMEASSEMBLY:GENOMEASSEMBLY:GENOMESCOPE_MODEL:[mCAT_CAT_READS                                            -[K
[2m[[0;34m-        [0;2m] [0;2mSANGERTOL_GENOMEASSEMBLY:GENOMEASSEMBLY:GENOMESCOPE_MODEL:[mFASTK_FASTK                                              -[K
[2m[[0;34m-        [0;2m] [0;2mSANGERTOL_GENOMEASSEMBLY:GENOMEASSEMBLY:GENOMESCOPE_MODEL:[mFASTK_HISTEX                                             -[K
[2m[[0;34m-        [0;2m] [0;2mSANGERTOL_GENOMEASSEMBLY:GENOMEASSEMBLY:GENOMESCOPE_MODEL:TRIO_PROCESS:[mYAK_COUNT_PAT                               -[K
[2m[[0;34m-        [0;2m] [0;2mSANGERTOL_GENOMEASSEMBLY:GENOMEASSEMBLY:GENOMESCOPE_MODEL:TRIO_PROCESS:[mFASTK_PAT                                   -[K
[2m[[0;34m-        [0;2m] [0;2mSANGERTOL_GENOMEASSEMBLY:GENOMEASSEMBLY:GENOMESCOPE_MODEL:TRIO_PROCESS:[mYAK_COUNT_MAT                               -[K
[2m[[0;34m-        [0;2m] [0;2mSANGERTOL_GENOMEASSEMBLY:GENOMEASSEMBLY:GENOMESCOPE_MODEL:TRIO_PROCESS:[mFASTK_MAT                                   -[K
[2m[[0;34m-        [0;2m] [0;2mSANGERTOL_GENOMEASSEMBLY:GENOMEASSEMBLY:GENOMESCOPE_MODEL:TRIO_PROCESS:[mMERQURYFK_HAPMAKER                          -[K
[2m[[0;34m-        [0;2m] [0;2mSANGERTOL_GENOMEASSEMBLY:GENOMEASSEMBLY:GENOMESCOPE_MODEL:[mGENESCOPEFK                                              -[K
[2m[[0;34m-        [0;2m] [0;2mSANGERTOL_GENOMEASSEMBLY:GENOMEASSEMBLY:RAW_ASSEMBLY:[mHIFIASM_PRI                                                   -[K
[2m[[0;34m-        [0;2m] [0;2mSANGERTOL_GENOMEASSEMBLY:GENOMEASSEMBLY:RAW_ASSEMBLY:[mGFA_TO_FASTA_PRI                                              -[K
[2m[[0;34m-        [0;2m] [0;2mSANGERTOL_GENOMEASSEMBLY:GENOMEASSEMBLY:RAW_ASSEMBLY:[mGFA_TO_FASTA_ALT                                              -[K
[2m[[0;34m-        [0;2m] [0;2mSANGERTOL_GENOMEASSEMBLY:GENOMEASSEMBLY:RAW_ASSEMBLY:[mHIFIASM_HIC                                                   -[K
[2m[[0;34m-        [0;2m] [0;2mSANGERTOL_GENOMEASSEMBLY:GENOMEASSEMBLY:RAW_ASSEMBLY:[mGFA_TO_FASTA_HAP1_HIC                                         -[K
[2m[[0;34m-        [0;2m] [0;2mSANGERTOL_GENOMEASSEMBLY:GENOMEASSEMBLY:RAW_ASSEMBLY:[mGFA_TO_FASTA_HAP2_HIC                                         -[K
[2m[[0;34m-        [0;2m] [0;2mSANGERTOL_GENOMEASSEMBLY:GENOMEASSEMBLY:GENOME_STATISTICS_RAW:[mGFASTATS_PRI                                         -[K
[2m[[0;34m-        [0;2m] [0;2mSANGERTOL_GENOMEASSEMBLY:GENOMEASSEMBLY:GENOME_STATISTICS_RAW:[mGFASTATS_HAP                                         -[K
[2m[[0;34m-        [0;2m] [0;2mSANGERTOL_GENOMEASSEMBLY:GENOMEASSEMBLY:GENOME_STATISTICS_RAW:[mBUSCO_PRI                                            -[K
[3;2mPlus [1m95[0;3;2m more processes waiting for tasks…[m[K
[20A
[2m[[0;34m-        [0;2m] [0;2mSANGERTOL_GENOMEASSEMBLY:GENOMEASSEMBLY:GENOMESCOPE_MODEL:[mCAT_CAT_READS                                            -[K
[2m[[0;34m-        [0;2m] [0;2mSANGERTOL_GENOMEASSEMBLY:GENOMEASSEMBLY:GENOMESCOPE_MODEL:[mFASTK_FASTK                                              -[K
[2m[[0;34m-        [0;2m] [0;2mSANGERTOL_GENOMEASSEMBLY:GENOMEASSEMBLY:GENOMESCOPE_MODEL:[mFASTK_HISTEX                                             -[K
[2m[[0;34m-        [0;2m] [0;2mSANGERTOL_GENOMEASSEMBLY:GENOMEASSEMBLY:GENOMESCOPE_MODEL:TRIO_PROCESS:[mYAK_COUNT_PAT                               -[K
[2m[[0;34m-        [0;2m] [0;2mSANGERTOL_GENOMEASSEMBLY:GENOMEASSEMBLY:GENOMESCOPE_MODEL:TRIO_PROCESS:[mFASTK_PAT                                   -[K
[2m[[0;34m-        [0;2m] [0;2mSANGERTOL_GENOMEASSEMBLY:GENOMEASSEMBLY:GENOMESCOPE_MODEL:TRIO_PROCESS:[mYAK_COUNT_MAT                               -[K
[2m[[0;34m-        [0;2m] [0;2mSANGERTOL_GENOMEASSEMBLY:GENOMEASSEMBLY:GENOMESCOPE_MODEL:TRIO_PROCESS:[mFASTK_MAT                                   -[K
[2m[[0;34m-        [0;2m] [0;2mSANGERTOL_GENOMEASSEMBLY:GENOMEASSEMBLY:GENOMESCOPE_MODEL:TRIO_PROCESS:[mMERQURYFK_HAPMAKER                          -[K
[2m[[0;34m-        [0;2m] [0;2mSANGERTOL_GENOMEASSEMBLY:GENOMEASSEMBLY:GENOMESCOPE_MODEL:[mGENESCOPEFK                                              -[K
[2m[[0;34m-        [0;2m] [0;2mSANGERTOL_GENOMEASSEMBLY:GENOMEASSEMBLY:RAW_ASSEMBLY:[mHIFIASM_PRI                                                   -[K
[2m[[0;34m-        [0;2m] [0;2mSANGERTOL_GENOMEASSEMBLY:GENOMEASSEMBLY:RAW_ASSEMBLY:[mGFA_TO_FASTA_PRI                                              -[K
[2m[[0;34m-        [0;2m] [0;2mSANGERTOL_GENOMEASSEMBLY:GENOMEASSEMBLY:RAW_ASSEMBLY:[mGFA_TO_FASTA_ALT                                              -[K
[2m[[0;34m-        [0;2m] [0;2mSANGERTOL_GENOMEASSEMBLY:GENOMEASSEMBLY:RAW_ASSEMBLY:[mHIFIASM_HIC                                                   -[K
[2m[[0;34m-        [0;2m] [0;2mSANGERTOL_GENOMEASSEMBLY:GENOMEASSEMBLY:RAW_ASSEMBLY:[mGFA_TO_FASTA_HAP1_HIC                                         -[K
[2m[[0;34m-        [0;2m] [0;2mSANGERTOL_GENOMEASSEMBLY:GENOMEASSEMBLY:RAW_ASSEMBLY:[mGFA_TO_FASTA_HAP2_HIC                                         -[K
[2m[[0;34m-        [0;2m] [0;2mSANGERTOL_GENOMEASSEMBLY:GENOMEASSEMBLY:GENOME_STATISTICS_RAW:[mGFASTATS_PRI                                         -[K
[2m[[0;34m-        [0;2m] [0;2mSANGERTOL_GENOMEASSEMBLY:GENOMEASSEMBLY:GENOME_STATISTICS_RAW:[mGFASTATS_HAP                                         -[K
[2m[[0;34m-        [0;2m] [0;2mSANGERTOL_GENOMEASSEMBLY:GENOMEASSEMBLY:GENOME_STATISTICS_RAW:[mBUSCO_PRI                                            -[K
[3;2mPlus [1m98[0;3;2m more processes waiting for tasks…[m[K
[20A
[2m[[0;34m-        [0;2m] [0;2mSANGERTOL_GENOMEASSEMBLY:GENOMEASSEMBLY:GENOMESCOPE_MODEL:[mCAT_CAT_READS                                            -[K
[2m[[0;34m-        [0;2m] [0;2mSANGERTOL_GENOMEASSEMBLY:GENOMEASSEMBLY:GENOMESCOPE_MODEL:[mFASTK_FASTK                                              -[K
[2m[[0;34m-        [0;2m] [0;2mSANGERTOL_GENOMEASSEMBLY:GENOMEASSEMBLY:GENOMESCOPE_MODEL:[mFASTK_HISTEX                                             -[K
[2m[[0;34m-        [0;2m] [0;2mSANGERTOL_GENOMEASSEMBLY:GENOMEASSEMBLY:GENOMESCOPE_MODEL:TRIO_PROCESS:[mYAK_COUNT_PAT                               -[K
[2m[[0;34m-        [0;2m] [0;2mSANGERTOL_GENOMEASSEMBLY:GENOMEASSEMBLY:GENOMESCOPE_MODEL:TRIO_PROCESS:[mFASTK_PAT                                   -[K
[2m[[0;34m-        [0;2m] [0;2mSANGERTOL_GENOMEASSEMBLY:GENOMEASSEMBLY:GENOMESCOPE_MODEL:TRIO_PROCESS:[mYAK_COUNT_MAT                               -[K
[2m[[0;34m-        [0;2m] [0;2mSANGERTOL_GENOMEASSEMBLY:GENOMEASSEMBLY:GENOMESCOPE_MODEL:TRIO_PROCESS:[mFASTK_MAT                                   -[K
[2m[[0;34m-        [0;2m] [0;2mSANGERTOL_GENOMEASSEMBLY:GENOMEASSEMBLY:GENOMESCOPE_MODEL:TRIO_PROCESS:[mMERQURYFK_HAPMAKER                          -[K
[2m[[0;34m-        [0;2m] [0;2mSANGERTOL_GENOMEASSEMBLY:GENOMEASSEMBLY:GENOMESCOPE_MODEL:[mGENESCOPEFK                                              -[K
[2m[[0;34m-        [0;2m] [0;2mSANGERTOL_GENOMEASSEMBLY:GENOMEASSEMBLY:RAW_ASSEMBLY:[mHIFIASM_PRI                                                   -[K
[2m[[0;34m-        [0;2m] [0;2mSANGERTOL_GENOMEASSEMBLY:GENOMEASSEMBLY:RAW_ASSEMBLY:[mGFA_TO_FASTA_PRI                                              -[K
[2m[[0;34m-        [0;2m] [0;2mSANGERTOL_GENOMEASSEMBLY:GENOMEASSEMBLY:RAW_ASSEMBLY:[mGFA_TO_FASTA_ALT                                              -[K
[2m[[0;34m-        [0;2m] [0;2mSANGERTOL_GENOMEASSEMBLY:GENOMEASSEMBLY:RAW_ASSEMBLY:[mHIFIASM_HIC                                                   -[K
[2m[[0;34m-        [0;2m] [0;2mSANGERTOL_GENOMEASSEMBLY:GENOMEASSEMBLY:RAW_ASSEMBLY:[mGFA_TO_FASTA_HAP1_HIC                                         -[K
[2m[[0;34m-        [0;2m] [0;2mSANGERTOL_GENOMEASSEMBLY:GENOMEASSEMBLY:RAW_ASSEMBLY:[mGFA_TO_FASTA_HAP2_HIC                                         -[K
[2m[[0;34m-        [0;2m] [0;2mSANGERTOL_GENOMEASSEMBLY:GENOMEASSEMBLY:GENOME_STATISTICS_RAW:[mGFASTATS_PRI                                         -[K
[2m[[0;34m-        [0;2m] [0;2mSANGERTOL_GENOMEASSEMBLY:GENOMEASSEMBLY:GENOME_STATISTICS_RAW:[mGFASTATS_HAP                                         -[K
[2m[[0;34m-        [0;2m] [0;2mSANGERTOL_GENOMEASSEMBLY:GENOMEASSEMBLY:GENOME_STATISTICS_RAW:[mBUSCO_PRI                                            -[K
[3;2mPlus [1m103[0;3;2m more processes waiting for tasks…[m[K
[20A
[2m[[0;34m-        [0;2m] [0;2mSANGERTOL_GENOMEASSEMBLY:GENOMEASSEMBLY:GENOMESCOPE_MODEL:[mCAT_CAT_READS                                            -[K
[2m[[0;34m-        [0;2m] [0;2mSANGERTOL_GENOMEASSEMBLY:GENOMEASSEMBLY:GENOMESCOPE_MODEL:[mFASTK_FASTK                                              -[K
[2m[[0;34m-        [0;2m] [0;2mSANGERTOL_GENOMEASSEMBLY:GENOMEASSEMBLY:GENOMESCOPE_MODEL:[mFASTK_HISTEX                                             -[K
[2m[[0;34m-        [0;2m] [0;2mSANGERTOL_GENOMEASSEMBLY:GENOMEASSEMBLY:GENOMESCOPE_MODEL:TRIO_PROCESS:[mYAK_COUNT_PAT                               -[K
[2m[[0;34m-        [0;2m] [0;2mSANGERTOL_GENOMEASSEMBLY:GENOMEASSEMBLY:GENOMESCOPE_MODEL:TRIO_PROCESS:[mFASTK_PAT                                   -[K
[2m[[0;34m-        [0;2m] [0;2mSANGERTOL_GENOMEASSEMBLY:GENOMEASSEMBLY:GENOMESCOPE_MODEL:TRIO_PROCESS:[mYAK_COUNT_MAT                               -[K
[2m[[0;34m-        [0;2m] [0;2mSANGERTOL_GENOMEASSEMBLY:GENOMEASSEMBLY:GENOMESCOPE_MODEL:TRIO_PROCESS:[mFASTK_MAT                                   -[K
[2m[[0;34m-        [0;2m] [0;2mSANGERTOL_GENOMEASSEMBLY:GENOMEASSEMBLY:GENOMESCOPE_MODEL:TRIO_PROCESS:[mMERQURYFK_HAPMAKER                          -[K
[2m[[0;34m-        [0;2m] [0;2mSANGERTOL_GENOMEASSEMBLY:GENOMEASSEMBLY:GENOMESCOPE_MODEL:[mGENESCOPEFK                                              -[K
[2m[[0;34m-        [0;2m] [0;2mSANGERTOL_GENOMEASSEMBLY:GENOMEASSEMBLY:RAW_ASSEMBLY:[mHIFIASM_PRI                                                   -[K
[2m[[0;34m-        [0;2m] [0;2mSANGERTOL_GENOMEASSEMBLY:GENOMEASSEMBLY:RAW_ASSEMBLY:[mGFA_TO_FASTA_PRI                                              -[K
[2m[[0;34m-        [0;2m] [0;2mSANGERTOL_GENOMEASSEMBLY:GENOMEASSEMBLY:RAW_ASSEMBLY:[mGFA_TO_FASTA_ALT                                              -[K
[2m[[0;34m-        [0;2m] [0;2mSANGERTOL_GENOMEASSEMBLY:GENOMEASSEMBLY:RAW_ASSEMBLY:[mHIFIASM_HIC                                                   -[K
[2m[[0;34m-        [0;2m] [0;2mSANGERTOL_GENOMEASSEMBLY:GENOMEASSEMBLY:RAW_ASSEMBLY:[mGFA_TO_FASTA_HAP1_HIC                                         -[K
[2m[[0;34m-        [0;2m] [0;2mSANGERTOL_GENOMEASSEMBLY:GENOMEASSEMBLY:RAW_ASSEMBLY:[mGFA_TO_FASTA_HAP2_HIC                                         -[K
[2m[[0;34m-        [0;2m] [0;2mSANGERTOL_GENOMEASSEMBLY:GENOMEASSEMBLY:GENOME_STATISTICS_RAW:[mGFASTATS_PRI                                         -[K
[2m[[0;34m-        [0;2m] [0;2mSANGERTOL_GENOMEASSEMBLY:GENOMEASSEMBLY:GENOME_STATISTICS_RAW:[mGFASTATS_HAP                                         -[K
[2m[[0;34m-        [0;2m] [0;2mSANGERTOL_GENOMEASSEMBLY:GENOMEASSEMBLY:GENOME_STATISTICS_RAW:[mBUSCO_PRI                                            -[K
[3;2mPlus [1m109[0;3;2m more processes waiting for tasks…[m[K
[20A
[2m[[0;34m-        [0;2m] [0;2mSANGERTOL_GENOMEASSEMBLY:GENOMEASSEMBLY:GENOMESCOPE_MODEL:[mCAT_CAT_READS                                            -[K
[2m[[0;34m-        [0;2m] [0;2mSANGERTOL_GENOMEASSEMBLY:GENOMEASSEMBLY:GENOMESCOPE_MODEL:[mFASTK_FASTK                                              -[K
[2m[[0;34m-        [0;2m] [0;2mSANGERTOL_GENOMEASSEMBLY:GENOMEASSEMBLY:GENOMESCOPE_MODEL:[mFASTK_HISTEX                                             -[K
[2m[[0;34m-        [0;2m] [0;2mSANGERTOL_GENOMEASSEMBLY:GENOMEASSEMBLY:GENOMESCOPE_MODEL:TRIO_PROCESS:[mYAK_COUNT_PAT                               -[K
[2m[[0;34m-        [0;2m] [0;2mSANGERTOL_GENOMEASSEMBLY:GENOMEASSEMBLY:GENOMESCOPE_MODEL:TRIO_PROCESS:[mFASTK_PAT                                   -[K
[2m[[0;34m-        [0;2m] [0;2mSANGERTOL_GENOMEASSEMBLY:GENOMEASSEMBLY:GENOMESCOPE_MODEL:TRIO_PROCESS:[mYAK_COUNT_MAT                               -[K
[2m[[0;34m-        [0;2m] [0;2mSANGERTOL_GENOMEASSEMBLY:GENOMEASSEMBLY:GENOMESCOPE_MODEL:TRIO_PROCESS:[mFASTK_MAT                                   -[K
[2m[[0;34m-        [0;2m] [0;2mSANGERTOL_GENOMEASSEMBLY:GENOMEASSEMBLY:GENOMESCOPE_MODEL:TRIO_PROCESS:[mMERQURYFK_HAPMAKER                          -[K
[2m[[0;34m-        [0;2m] [0;2mSANGERTOL_GENOMEASSEMBLY:GENOMEASSEMBLY:GENOMESCOPE_MODEL:[mGENESCOPEFK                                              -[K
[2m[[0;34m-        [0;2m] [0;2mSANGERTOL_GENOMEASSEMBLY:GENOMEASSEMBLY:RAW_ASSEMBLY:[mHIFIASM_PRI                                                   -[K
[2m[[0;34m-        [0;2m] [0;2mSANGERTOL_GENOMEASSEMBLY:GENOMEASSEMBLY:RAW_ASSEMBLY:[mGFA_TO_FASTA_PRI                                              -[K
[2m[[0;34m-        [0;2m] [0;2mSANGERTOL_GENOMEASSEMBLY:GENOMEASSEMBLY:RAW_ASSEMBLY:[mGFA_TO_FASTA_ALT                                              -[K
[2m[[0;34m-        [0;2m] [0;2mSANGERTOL_GENOMEASSEMBLY:GENOMEASSEMBLY:RAW_ASSEMBLY:[mHIFIASM_HIC                                                   -[K
[2m[[0;34m-        [0;2m] [0;2mSANGERTOL_GENOMEASSEMBLY:GENOMEASSEMBLY:RAW_ASSEMBLY:[mGFA_TO_FASTA_HAP1_HIC                                         -[K
[2m[[0;34m-        [0;2m] [0;2mSANGERTOL_GENOMEASSEMBLY:GENOMEASSEMBLY:RAW_ASSEMBLY:[mGFA_TO_FASTA_HAP2_HIC                                         -[K
[2m[[0;34m-        [0;2m] [0;2mSANGERTOL_GENOMEASSEMBLY:GENOMEASSEMBLY:GENOME_STATISTICS_RAW:[mGFASTATS_PRI                                         -[K
[2m[[0;34m-        [0;2m] [0;2mSANGERTOL_GENOMEASSEMBLY:GENOMEASSEMBLY:GENOME_STATISTICS_RAW:[mGFASTATS_HAP                                         -[K
[2m[[0;34m-        [0;2m] [0;2mSANGERTOL_GENOMEASSEMBLY:GENOMEASSEMBLY:GENOME_STATISTICS_RAW:[mBUSCO_PRI                                            -[K
[3;2mPlus [1m111[0;3;2m more processes waiting for tasks…[m[K
[20A
[2m[[0;34m-        [0;2m] [0;2mSANGERTOL_GENOMEASSEMBLY:GENOMEASSEMBLY:GENOMESCOPE_MODEL:[mCAT_CAT_READS                                            -[K
[2m[[0;34m-        [0;2m] [0;2mSANGERTOL_GENOMEASSEMBLY:GENOMEASSEMBLY:GENOMESCOPE_MODEL:[mFASTK_FASTK                                              -[K
[2m[[0;34m-        [0;2m] [0;2mSANGERTOL_GENOMEASSEMBLY:GENOMEASSEMBLY:GENOMESCOPE_MODEL:[mFASTK_HISTEX                                             -[K
[2m[[0;34m-        [0;2m] [0;2mSANGERTOL_GENOMEASSEMBLY:GENOMEASSEMBLY:GENOMESCOPE_MODEL:TRIO_PROCESS:[mYAK_COUNT_PAT                               -[K
[2m[[0;34m-        [0;2m] [0;2mSANGERTOL_GENOMEASSEMBLY:GENOMEASSEMBLY:GENOMESCOPE_MODEL:TRIO_PROCESS:[mFASTK_PAT                                   -[K
[2m[[0;34m-        [0;2m] [0;2mSANGERTOL_GENOMEASSEMBLY:GENOMEASSEMBLY:GENOMESCOPE_MODEL:TRIO_PROCESS:[mYAK_COUNT_MAT                               -[K
[2m[[0;34m-        [0;2m] [0;2mSANGERTOL_GENOMEASSEMBLY:GENOMEASSEMBLY:GENOMESCOPE_MODEL:TRIO_PROCESS:[mFASTK_MAT                                   -[K
[2m[[0;34m-        [0;2m] [0;2mSANGERTOL_GENOMEASSEMBLY:GENOMEASSEMBLY:GENOMESCOPE_MODEL:TRIO_PROCESS:[mMERQURYFK_HAPMAKER                          -[K
[2m[[0;34m-        [0;2m] [0;2mSANGERTOL_GENOMEASSEMBLY:GENOMEASSEMBLY:GENOMESCOPE_MODEL:[mGENESCOPEFK                                              -[K
[2m[[0;34m-        [0;2m] [0;2mSANGERTOL_GENOMEASSEMBLY:GENOMEASSEMBLY:RAW_ASSEMBLY:[mHIFIASM_PRI                                                   -[K
[2m[[0;34m-        [0;2m] [0;2mSANGERTOL_GENOMEASSEMBLY:GENOMEASSEMBLY:RAW_ASSEMBLY:[mGFA_TO_FASTA_PRI                                              -[K
[2m[[0;34m-        [0;2m] [0;2mSANGERTOL_GENOMEASSEMBLY:GENOMEASSEMBLY:RAW_ASSEMBLY:[mGFA_TO_FASTA_ALT                                              -[K
[2m[[0;34m-        [0;2m] [0;2mSANGERTOL_GENOMEASSEMBLY:GENOMEASSEMBLY:RAW_ASSEMBLY:[mHIFIASM_HIC                                                   -[K
[2m[[0;34m-        [0;2m] [0;2mSANGERTOL_GENOMEASSEMBLY:GENOMEASSEMBLY:RAW_ASSEMBLY:[mGFA_TO_FASTA_HAP1_HIC                                         -[K
[2m[[0;34m-        [0;2m] [0;2mSANGERTOL_GENOMEASSEMBLY:GENOMEASSEMBLY:RAW_ASSEMBLY:[mGFA_TO_FASTA_HAP2_HIC                                         -[K
[2m[[0;34m-        [0;2m] [0;2mSANGERTOL_GENOMEASSEMBLY:GENOMEASSEMBLY:GENOME_STATISTICS_RAW:[mGFASTATS_PRI                                         -[K
[2m[[0;34m-        [0;2m] [0;2mSANGERTOL_GENOMEASSEMBLY:GENOMEASSEMBLY:GENOME_STATISTICS_RAW:[mGFASTATS_HAP                                         -[K
[2m[[0;34m-        [0;2m] [0;2mSANGERTOL_GENOMEASSEMBLY:GENOMEASSEMBLY:GENOME_STATISTICS_RAW:[mBUSCO_PRI                                            -[K
[3;2mPlus [1m113[0;3;2m more processes waiting for tasks…[m[K
[20A
[2m[[0;34m-        [0;2m] [0;2mSANGERTOL_GENOMEASSEMBLY:GENOMEASSEMBLY:GENOMESCOPE_MODEL:[mCAT_CAT_READS                                            -[K
[2m[[0;34m-        [0;2m] [0;2mSANGERTOL_GENOMEASSEMBLY:GENOMEASSEMBLY:GENOMESCOPE_MODEL:[mFASTK_FASTK                                              -[K
[2m[[0;34m-        [0;2m] [0;2mSANGERTOL_GENOMEASSEMBLY:GENOMEASSEMBLY:GENOMESCOPE_MODEL:[mFASTK_HISTEX                                             -[K
[2m[[0;34m-        [0;2m] [0;2mSANGERTOL_GENOMEASSEMBLY:GENOMEASSEMBLY:GENOMESCOPE_MODEL:TRIO_PROCESS:[mYAK_COUNT_PAT                               -[K
[2m[[0;34m-        [0;2m] [0;2mSANGERTOL_GENOMEASSEMBLY:GENOMEASSEMBLY:GENOMESCOPE_MODEL:TRIO_PROCESS:[mFASTK_PAT                                   -[K
[2m[[0;34m-        [0;2m] [0;2mSANGERTOL_GENOMEASSEMBLY:GENOMEASSEMBLY:GENOMESCOPE_MODEL:TRIO_PROCESS:[mYAK_COUNT_MAT                               -[K
[2m[[0;34m-        [0;2m] [0;2mSANGERTOL_GENOMEASSEMBLY:GENOMEASSEMBLY:GENOMESCOPE_MODEL:TRIO_PROCESS:[mFASTK_MAT                                   -[K
[2m[[0;34m-        [0;2m] [0;2mSANGERTOL_GENOMEASSEMBLY:GENOMEASSEMBLY:GENOMESCOPE_MODEL:TRIO_PROCESS:[mMERQURYFK_HAPMAKER                          -[K
[2m[[0;34m-        [0;2m] [0;2mSANGERTOL_GENOMEASSEMBLY:GENOMEASSEMBLY:GENOMESCOPE_MODEL:[mGENESCOPEFK                                              -[K
[2m[[0;34m-        [0;2m] [0;2mSANGERTOL_GENOMEASSEMBLY:GENOMEASSEMBLY:RAW_ASSEMBLY:[mHIFIASM_PRI                                                   -[K
[2m[[0;34m-        [0;2m] [0;2mSANGERTOL_GENOMEASSEMBLY:GENOMEASSEMBLY:RAW_ASSEMBLY:[mGFA_TO_FASTA_PRI                                              -[K
[2m[[0;34m-        [0;2m] [0;2mSANGERTOL_GENOMEASSEMBLY:GENOMEASSEMBLY:RAW_ASSEMBLY:[mGFA_TO_FASTA_ALT                                              -[K
[2m[[0;34m-        [0;2m] [0;2mSANGERTOL_GENOMEASSEMBLY:GENOMEASSEMBLY:RAW_ASSEMBLY:[mHIFIASM_HIC                                                   -[K
[2m[[0;34m-        [0;2m] [0;2mSANGERTOL_GENOMEASSEMBLY:GENOMEASSEMBLY:RAW_ASSEMBLY:[mGFA_TO_FASTA_HAP1_HIC                                         -[K
[2m[[0;34m-        [0;2m] [0;2mSANGERTOL_GENOMEASSEMBLY:GENOMEASSEMBLY:RAW_ASSEMBLY:[mGFA_TO_FASTA_HAP2_HIC                                         -[K
[2m[[0;34m-        [0;2m] [0;2mSANGERTOL_GENOMEASSEMBLY:GENOMEASSEMBLY:GENOME_STATISTICS_RAW:[mGFASTATS_PRI                                         -[K
[2m[[0;34m-        [0;2m] [0;2mSANGERTOL_GENOMEASSEMBLY:GENOMEASSEMBLY:GENOME_STATISTICS_RAW:[mGFASTATS_HAP                                         -[K
[2m[[0;34m-        [0;2m] [0;2mSANGERTOL_GENOMEASSEMBLY:GENOMEASSEMBLY:GENOME_STATISTICS_RAW:[mBUSCO_PRI                                            -[K
[3;2mPlus [1m113[0;3;2m more processes waiting for tasks…[m[K
Pulling Singularity image docker://ghcr.io/marcelauliano/mitohifi:3.2.3 [cache /lustre/scratch123/tol/teams/tola/users/jd42/nextflow/singularity/ghcr.io-marcelauliano-mitohifi-3.2.3.img][K
[21A
[2m[[0;34m-        [0;2m] [0;2mSANGERTOL_GENOMEASSEMBLY:GENOMEASSEMBLY:GENOMESCOPE_MODEL:[mCAT_CAT_READS                                            -[K
[2m[[0;34m-        [0;2m] [0;2mSANGERTOL_GENOMEASSEMBLY:GENOMEASSEMBLY:GENOMESCOPE_MODEL:[mFASTK_FASTK                                              -[K
[2m[[0;34m-        [0;2m] [0;2mSANGERTOL_GENOMEASSEMBLY:GENOMEASSEMBLY:GENOMESCOPE_MODEL:[mFASTK_HISTEX                                             -[K
[2m[[0;34m-        [0;2m] [0;2mSANGERTOL_GENOMEASSEMBLY:GENOMEASSEMBLY:GENOMESCOPE_MODEL:TRIO_PROCESS:[mYAK_COUNT_PAT                               -[K
[2m[[0;34m-        [0;2m] [0;2mSANGERTOL_GENOMEASSEMBLY:GENOMEASSEMBLY:GENOMESCOPE_MODEL:TRIO_PROCESS:[mFASTK_PAT                                   -[K
[2m[[0;34m-        [0;2m] [0;2mSANGERTOL_GENOMEASSEMBLY:GENOMEASSEMBLY:GENOMESCOPE_MODEL:TRIO_PROCESS:[mYAK_COUNT_MAT                               -[K
[2m[[0;34m-        [0;2m] [0;2mSANGERTOL_GENOMEASSEMBLY:GENOMEASSEMBLY:GENOMESCOPE_MODEL:TRIO_PROCESS:[mFASTK_MAT                                   -[K
[2m[[0;34m-        [0;2m] [0;2mSANGERTOL_GENOMEASSEMBLY:GENOMEASSEMBLY:GENOMESCOPE_MODEL:TRIO_PROCESS:[mMERQURYFK_HAPMAKER                          -[K
[2m[[0;34m-        [0;2m] [0;2mSANGERTOL_GENOMEASSEMBLY:GENOMEASSEMBLY:GENOMESCOPE_MODEL:[mGENESCOPEFK                                              -[K
[2m[[0;34m-        [0;2m] [0;2mSANGERTOL_GENOMEASSEMBLY:GENOMEASSEMBLY:RAW_ASSEMBLY:[mHIFIASM_PRI                                                   -[K
[2m[[0;34m-        [0;2m] [0;2mSANGERTOL_GENOMEASSEMBLY:GENOMEASSEMBLY:RAW_ASSEMBLY:[mGFA_TO_FASTA_PRI                                              -[K
[2m[[0;34m-        [0;2m] [0;2mSANGERTOL_GENOMEASSEMBLY:GENOMEASSEMBLY:RAW_ASSEMBLY:[mGFA_TO_FASTA_ALT                                              -[K
[2m[[0;34m-        [0;2m] [0;2mSANGERTOL_GENOMEASSEMBLY:GENOMEASSEMBLY:RAW_ASSEMBLY:[mHIFIASM_HIC                                                   -[K
[2m[[0;34m-        [0;2m] [0;2mSANGERTOL_GENOMEASSEMBLY:GENOMEASSEMBLY:RAW_ASSEMBLY:[mGFA_TO_FASTA_HAP1_HIC                                         -[K
[2m[[0;34m-        [0;2m] [0;2mSANGERTOL_GENOMEASSEMBLY:GENOMEASSEMBLY:RAW_ASSEMBLY:[mGFA_TO_FASTA_HAP2_HIC                                         -[K
[2m[[0;34m-        [0;2m] [0;2mSANGERTOL_GENOMEASSEMBLY:GENOMEASSEMBLY:GENOME_STATISTICS_RAW:[mGFASTATS_PRI                                         -[K
[2m[[0;34m-        [0;2m] [0;2mSANGERTOL_GENOMEASSEMBLY:GENOMEASSEMBLY:GENOME_STATISTICS_RAW:[mGFASTATS_HAP                                         -[K
[2m[[0;34m-        [0;2m] [0;2mSANGERTOL_GENOMEASSEMBLY:GENOMEASSEMBLY:GENOME_STATISTICS_RAW:[mBUSCO_PRI                                            -[K
[3;2mPlus [1m113[0;3;2m more processes waiting for tasks…[m[K
Pulling Singularity image docker://ghcr.io/marcelauliano/mitohifi:3.2.3 [cache /lustre/scratch123/tol/teams/tola/users/jd42/nextflow/singularity/ghcr.io-marcelauliano-mitohifi-3.2.3.img][K
[21A
[2m[[0;34m-        [0;2m] [0;2mSANGERTOL_GENOMEASSEMBLY:GENOMEASSEMBLY:GENOMESCOPE_MODEL:[mCAT_CAT_READS                                            -[K
[2m[[0;34m-        [0;2m] [0;2mSANGERTOL_GENOMEASSEMBLY:GENOMEASSEMBLY:GENOMESCOPE_MODEL:[mFASTK_FASTK                                              -[K
[2m[[0;34m-        [0;2m] [0;2mSANGERTOL_GENOMEASSEMBLY:GENOMEASSEMBLY:GENOMESCOPE_MODEL:[mFASTK_HISTEX                                             -[K
[2m[[0;34m-        [0;2m] [0;2mSANGERTOL_GENOMEASSEMBLY:GENOMEASSEMBLY:GENOMESCOPE_MODEL:TRIO_PROCESS:[mYAK_COUNT_PAT                               -[K
[2m[[0;34m-        [0;2m] [0;2mSANGERTOL_GENOMEASSEMBLY:GENOMEASSEMBLY:GENOMESCOPE_MODEL:TRIO_PROCESS:[mFASTK_PAT                                   -[K
[2m[[0;34m-        [0;2m] [0;2mSANGERTOL_GENOMEASSEMBLY:GENOMEASSEMBLY:GENOMESCOPE_MODEL:TRIO_PROCESS:[mYAK_COUNT_MAT                               -[K
[2m[[0;34m-        [0;2m] [0;2mSANGERTOL_GENOMEASSEMBLY:GENOMEASSEMBLY:GENOMESCOPE_MODEL:TRIO_PROCESS:[mFASTK_MAT                                   -[K
[2m[[0;34m-        [0;2m] [0;2mSANGERTOL_GENOMEASSEMBLY:GENOMEASSEMBLY:GENOMESCOPE_MODEL:TRIO_PROCESS:[mMERQURYFK_HAPMAKER                          -[K
[2m[[0;34m-        [0;2m] [0;2mSANGERTOL_GENOMEASSEMBLY:GENOMEASSEMBLY:GENOMESCOPE_MODEL:[mGENESCOPEFK                                              -[K
[2m[[0;34m-        [0;2m] [0;2mSANGERTOL_GENOMEASSEMBLY:GENOMEASSEMBLY:RAW_ASSEMBLY:[mHIFIASM_PRI                                                   -[K
[2m[[0;34m-        [0;2m] [0;2mSANGERTOL_GENOMEASSEMBLY:GENOMEASSEMBLY:RAW_ASSEMBLY:[mGFA_TO_FASTA_PRI                                              -[K
[2m[[0;34m-        [0;2m] [0;2mSANGERTOL_GENOMEASSEMBLY:GENOMEASSEMBLY:RAW_ASSEMBLY:[mGFA_TO_FASTA_ALT                                              -[K
[2m[[0;34m-        [0;2m] [0;2mSANGERTOL_GENOMEASSEMBLY:GENOMEASSEMBLY:RAW_ASSEMBLY:[mHIFIASM_HIC                                                   -[K
[2m[[0;34m-        [0;2m] [0;2mSANGERTOL_GENOMEASSEMBLY:GENOMEASSEMBLY:RAW_ASSEMBLY:[mGFA_TO_FASTA_HAP1_HIC                                         -[K
[2m[[0;34m-        [0;2m] [0;2mSANGERTOL_GENOMEASSEMBLY:GENOMEASSEMBLY:RAW_ASSEMBLY:[mGFA_TO_FASTA_HAP2_HIC                                         -[K
[2m[[0;34m-        [0;2m] [0;2mSANGERTOL_GENOMEASSEMBLY:GENOMEASSEMBLY:GENOME_STATISTICS_RAW:[mGFASTATS_PRI                                         -[K
[2m[[0;34m-        [0;2m] [0;2mSANGERTOL_GENOMEASSEMBLY:GENOMEASSEMBLY:GENOME_STATISTICS_RAW:[mGFASTATS_HAP                                         -[K
[2m[[0;34m-        [0;2m] [0;2mSANGERTOL_GENOMEASSEMBLY:GENOMEASSEMBLY:GENOME_STATISTICS_RAW:[mBUSCO_PRI                                            -[K
[3;2mPlus [1m113[0;3;2m more processes waiting for tasks…[m[K
Pulling Singularity image docker://ghcr.io/marcelauliano/mitohifi:3.2.3 [cache /lustre/scratch123/tol/teams/tola/users/jd42/nextflow/singularity/ghcr.io-marcelauliano-mitohifi-3.2.3.img][K
Execution cancelled -- Finishing pending tasks before exit[K
[31mERROR ~ Error executing process > 'SANGERTOL_GENOMEASSEMBLY:GENOMEASSEMBLY:RAW_ASSEMBLY:HIFIASM_PRI (baUndUnlc1)'[K
[K
Caused by:[K
  No signature of method: nextflow.script.ScriptBinding.check_max() is applicable for argument types: () values: [] -- Check script './workflows/../subworkflows/local/../../modules/nf-core/hifiasm/main.nf' at line: 90[K
[K
[K
Source block:[K
  if (workflow.profile.tokenize(',').intersect(['conda', 'mamba']).size() >= 1) {[K
      exit 1, "This version of HIFIASM module does not support Conda. Please use Docker / Singularity / Podman instead."[K
  }[K
  def args = task.ext.args ?: ''[K
  def prefix = task.ext.prefix ?: "${meta.id}"[K
  def hic_read1 = hic_reads_cram ? "for f in $hic_reads_cram; do samtools cat \$f | samtools fastq -n -f0x40 -F0xB00; done" : ""[K
  def hic_read2 = hic_reads_cram ? "for f in $hic_reads_cram; do samtools cat \$f | samtools fastq -n -f0x80 -F0xB00; done" : ""[K
  if ((paternal_kmer_dump) && (maternal_kmer_dump) && (hic_read1) && (hic_read2)) {[K
      error "Hifiasm Trio-binning and Hi-C integrated should not be used at the same time"[K
  } else if ((paternal_kmer_dump) && !(maternal_kmer_dump)) {[K
      error "Hifiasm Trio-binning requires maternal data"[K
  } else if (!(paternal_kmer_dump) && (maternal_kmer_dump)) {[K
      error "Hifiasm Trio-binning requires paternal data"[K
  } else if ((paternal_kmer_dump) && (maternal_kmer_dump)) {[K
      """[K
      hifiasm \\[K
          $args \\[K
          -o ${prefix}.asm \\[K
          -t $task.cpus \\[K
          -1 $paternal_kmer_dump \\[K
          -2 $maternal_kmer_dump \\[K
          $reads \\[K
          2> >( tee ${prefix}.stderr.log >&2 )[K
  [K
  [K
      cat <<-END_VERSIONS > versions.yml[K
      "${task.process}":[K
          hifiasm: \$(hifiasm --version 2>&1)[K
      END_VERSIONS[K
      """[K
  } else if ((hic_read1) && !(hic_read2)) {[K
      error "Hifiasm Hi-C integrated requires paired-end data (only R1 specified here)"[K
  } else if (!(hic_read1) && (hic_read2)) {[K
      error "Hifiasm Hi-C integrated requires paired-end data (only R2 specified here)"[K
  } else if ((hic_read1) && (hic_read2)) {[K
      """[K
      hifiasm \\[K
          $args \\[K
          -o ${prefix}.asm \\[K
          -t $task.cpus \\[K
          --h1 <($hic_read1) \\[K
          --h2 <($hic_read2) \\[K
          $reads \\[K
          2> >( tee ${prefix}.stderr.log >&2 )[K
  [K
  [K
      cat <<-END_VERSIONS > versions.yml[K
      "${task.process}":[K
          hifiasm: \$(hifiasm --version 2>&1)[K
      END_VERSIONS[K
      """[K
  } else { // Phasing with Hi-C data is not supported yet[K
      """[K
      hifiasm \\[K
          $args \\[K
          -o ${prefix}.asm \\[K
          -t $task.cpus \\[K
          $reads \\[K
          2> >( tee ${prefix}.stderr.log >&2 )[K
  [K
      cat <<-END_VERSIONS > versions.yml[K
      "${task.process}":[K
          hifiasm: \$(hifiasm --version 2>&1)[K
      END_VERSIONS[K
      """[K
  }[K
[K
Container:[K
  /nfs/treeoflife-01/teams/shared/nextflow/cache/nxf_singularity/quay.io-sanger-tol-hifiasm_samtools-0.01.img[K
[K
Tip: when you have fixed the problem you can continue the execution adding the option `-resume` to the run command line[K
[K
 -- Check '.nextflow.log' file for details[39m[K
[102A
[2m[[0;34m-        [0;2m] [0;2mSANGERTOL_GENOMEASSEMBLY:GENOMEASSEMBLY:GENOMESCOPE_MODEL:[mCAT_CAT_READS                                            -[K
[2m[[0;34m-        [0;2m] [0;2mSANGERTOL_GENOMEASSEMBLY:GENOMEASSEMBLY:GENOMESCOPE_MODEL:[mFASTK_FASTK                                              -[K
[2m[[0;34m-        [0;2m] [0;2mSANGERTOL_GENOMEASSEMBLY:GENOMEASSEMBLY:GENOMESCOPE_MODEL:[mFASTK_HISTEX                                             -[K
[2m[[0;34m-        [0;2m] [0;2mSANGERTOL_GENOMEASSEMBLY:GENOMEASSEMBLY:GENOMESCOPE_MODEL:TRIO_PROCESS:[mYAK_COUNT_PAT                               -[K
[2m[[0;34m-        [0;2m] [0;2mSANGERTOL_GENOMEASSEMBLY:GENOMEASSEMBLY:GENOMESCOPE_MODEL:TRIO_PROCESS:[mFASTK_PAT                                   -[K
[2m[[0;34m-        [0;2m] [0;2mSANGERTOL_GENOMEASSEMBLY:GENOMEASSEMBLY:GENOMESCOPE_MODEL:TRIO_PROCESS:[mYAK_COUNT_MAT                               -[K
[2m[[0;34m-        [0;2m] [0;2mSANGERTOL_GENOMEASSEMBLY:GENOMEASSEMBLY:GENOMESCOPE_MODEL:TRIO_PROCESS:[mFASTK_MAT                                   -[K
[2m[[0;34m-        [0;2m] [0;2mSANGERTOL_GENOMEASSEMBLY:GENOMEASSEMBLY:GENOMESCOPE_MODEL:TRIO_PROCESS:[mMERQURYFK_HAPMAKER                          -[K
[2m[[0;34m-        [0;2m] [0;2mSANGERTOL_GENOMEASSEMBLY:GENOMEASSEMBLY:GENOMESCOPE_MODEL:[mGENESCOPEFK                                              -[K
[2m[[0;34m-        [0;2m] [0;2mSANGERTOL_GENOMEASSEMBLY:GENOMEASSEMBLY:RAW_ASSEMBLY:[mHIFIASM_PRI                                                   -[K
[2m[[0;34m-        [0;2m] [0;2mSANGERTOL_GENOMEASSEMBLY:GENOMEASSEMBLY:RAW_ASSEMBLY:[mGFA_TO_FASTA_PRI                                              -[K
[2m[[0;34m-        [0;2m] [0;2mSANGERTOL_GENOMEASSEMBLY:GENOMEASSEMBLY:RAW_ASSEMBLY:[mGFA_TO_FASTA_ALT                                              -[K
[2m[[0;34m-        [0;2m] [0;2mSANGERTOL_GENOMEASSEMBLY:GENOMEASSEMBLY:RAW_ASSEMBLY:[mHIFIASM_HIC                                                   -[K
[2m[[0;34m-        [0;2m] [0;2mSANGERTOL_GENOMEASSEMBLY:GENOMEASSEMBLY:RAW_ASSEMBLY:[mGFA_TO_FASTA_HAP1_HIC                                         -[K
[2m[[0;34m-        [0;2m] [0;2mSANGERTOL_GENOMEASSEMBLY:GENOMEASSEMBLY:RAW_ASSEMBLY:[mGFA_TO_FASTA_HAP2_HIC                                         -[K
[2m[[0;34m-        [0;2m] [0;2mSANGERTOL_GENOMEASSEMBLY:GENOMEASSEMBLY:GENOME_STATISTICS_RAW:[mGFASTATS_PRI                                         -[K
[2m[[0;34m-        [0;2m] [0;2mSANGERTOL_GENOMEASSEMBLY:GENOMEASSEMBLY:GENOME_STATISTICS_RAW:[mGFASTATS_HAP                                         -[K
[2m[[0;34m-        [0;2m] [0;2mSANGERTOL_GENOMEASSEMBLY:GENOMEASSEMBLY:GENOME_STATISTICS_RAW:[mBUSCO_PRI                                            -[K
[3;2mPlus [1m113[0;3;2m more processes waiting for tasks…[m[K
Pulling Singularity image docker://ghcr.io/marcelauliano/mitohifi:3.2.3 [cache /lustre/scratch123/tol/teams/tola/users/jd42/nextflow/singularity/ghcr.io-marcelauliano-mitohifi-3.2.3.img][K
Execution cancelled -- Finishing pending tasks before exit[K
[31mERROR ~ Error executing process > 'SANGERTOL_GENOMEASSEMBLY:GENOMEASSEMBLY:RAW_ASSEMBLY:HIFIASM_PRI (baUndUnlc1)'[K
[K
Caused by:[K
  No signature of method: nextflow.script.ScriptBinding.check_max() is applicable for argument types: () values: [] -- Check script './workflows/../subworkflows/local/../../modules/nf-core/hifiasm/main.nf' at line: 90[K
[K
[K
Source block:[K
  if (workflow.profile.tokenize(',').intersect(['conda', 'mamba']).size() >= 1) {[K
      exit 1, "This version of HIFIASM module does not support Conda. Please use Docker / Singularity / Podman instead."[K
  }[K
  def args = task.ext.args ?: ''[K
  def prefix = task.ext.prefix ?: "${meta.id}"[K
  def hic_read1 = hic_reads_cram ? "for f in $hic_reads_cram; do samtools cat \$f | samtools fastq -n -f0x40 -F0xB00; done" : ""[K
  def hic_read2 = hic_reads_cram ? "for f in $hic_reads_cram; do samtools cat \$f | samtools fastq -n -f0x80 -F0xB00; done" : ""[K
  if ((paternal_kmer_dump) && (maternal_kmer_dump) && (hic_read1) && (hic_read2)) {[K
      error "Hifiasm Trio-binning and Hi-C integrated should not be used at the same time"[K
  } else if ((paternal_kmer_dump) && !(maternal_kmer_dump)) {[K
      error "Hifiasm Trio-binning requires maternal data"[K
  } else if (!(paternal_kmer_dump) && (maternal_kmer_dump)) {[K
      error "Hifiasm Trio-binning requires paternal data"[K
  } else if ((paternal_kmer_dump) && (maternal_kmer_dump)) {[K
      """[K
      hifiasm \\[K
          $args \\[K
          -o ${prefix}.asm \\[K
          -t $task.cpus \\[K
          -1 $paternal_kmer_dump \\[K
          -2 $maternal_kmer_dump \\[K
          $reads \\[K
          2> >( tee ${prefix}.stderr.log >&2 )[K
  [K
  [K
      cat <<-END_VERSIONS > versions.yml[K
      "${task.process}":[K
          hifiasm: \$(hifiasm --version 2>&1)[K
      END_VERSIONS[K
      """[K
  } else if ((hic_read1) && !(hic_read2)) {[K
      error "Hifiasm Hi-C integrated requires paired-end data (only R1 specified here)"[K
  } else if (!(hic_read1) && (hic_read2)) {[K
      error "Hifiasm Hi-C integrated requires paired-end data (only R2 specified here)"[K
  } else if ((hic_read1) && (hic_read2)) {[K
      """[K
      hifiasm \\[K
          $args \\[K
          -o ${prefix}.asm \\[K
          -t $task.cpus \\[K
          --h1 <($hic_read1) \\[K
          --h2 <($hic_read2) \\[K
          $reads \\[K
          2> >( tee ${prefix}.stderr.log >&2 )[K
  [K
  [K
      cat <<-END_VERSIONS > versions.yml[K
      "${task.process}":[K
          hifiasm: \$(hifiasm --version 2>&1)[K
      END_VERSIONS[K
      """[K
  } else { // Phasing with Hi-C data is not supported yet[K
      """[K
      hifiasm \\[K
          $args \\[K
          -o ${prefix}.asm \\[K
          -t $task.cpus \\[K
          $reads \\[K
          2> >( tee ${prefix}.stderr.log >&2 )[K
  [K
      cat <<-END_VERSIONS > versions.yml[K
      "${task.process}":[K
          hifiasm: \$(hifiasm --version 2>&1)[K
      END_VERSIONS[K
      """[K
  }[K
[K
Container:[K
  /nfs/treeoflife-01/teams/shared/nextflow/cache/nxf_singularity/quay.io-sanger-tol-hifiasm_samtools-0.01.img[K
[K
Tip: when you have fixed the problem you can continue the execution adding the option `-resume` to the run command line[K
[K
 -- Check '.nextflow.log' file for details[39m[K
[31mERROR ~ Pipeline failed. Please refer to troubleshooting docs: https://nf-co.re/docs/usage/troubleshooting[K
[K
 -- Check '.nextflow.log' file for details[39m[K
[105A
[2m[[0;34m-        [0;2m] [0;2mSANGERTOL_GENOMEASSEMBLY:GENOMEASSEMBLY:GENOMESCOPE_MODEL:[mCAT_CAT_READS                                           [2m [[0;34m  0%[0;2m][m 0 of 1[K
[2m[[0;34m-        [0;2m] [0;2mSANGERTOL_GENOMEASSEMBLY:GENOMEASSEMBLY:GENOMESCOPE_MODEL:[mFASTK_FASTK                                              -[K
[2m[[0;34m-        [0;2m] [0;2mSANGERTOL_GENOMEASSEMBLY:GENOMEASSEMBLY:GENOMESCOPE_MODEL:[mFASTK_HISTEX                                             -[K
[2m[[0;34m-        [0;2m] [0;2mSANGERTOL_GENOMEASSEMBLY:GENOMEASSEMBLY:GENOMESCOPE_MODEL:TRIO_PROCESS:[mYAK_COUNT_PAT                               -[K
[2m[[0;34m-        [0;2m] [0;2mSANGERTOL_GENOMEASSEMBLY:GENOMEASSEMBLY:GENOMESCOPE_MODEL:TRIO_PROCESS:[mFASTK_PAT                                   -[K
[2m[[0;34m-        [0;2m] [0;2mSANGERTOL_GENOMEASSEMBLY:GENOMEASSEMBLY:GENOMESCOPE_MODEL:TRIO_PROCESS:[mYAK_COUNT_MAT                               -[K
[2m[[0;34m-        [0;2m] [0;2mSANGERTOL_GENOMEASSEMBLY:GENOMEASSEMBLY:GENOMESCOPE_MODEL:TRIO_PROCESS:[mFASTK_MAT                                   -[K
[2m[[0;34m-        [0;2m] [0;2mSANGERTOL_GENOMEASSEMBLY:GENOMEASSEMBLY:GENOMESCOPE_MODEL:TRIO_PROCESS:[mMERQURYFK_HAPMAKER                          -[K
[2m[[0;34m-        [0;2m] [0;2mSANGERTOL_GENOMEASSEMBLY:GENOMEASSEMBLY:GENOMESCOPE_MODEL:[mGENESCOPEFK                                              -[K
[2m[[0;34m-        [0;2m] [0;2mSANGERTOL_GENOMEASSEMBLY:GENOMEASSEMBLY:RAW_ASSEMBLY:[mHIFIASM_PRI                                                   -[K
[2m[[0;34m-        [0;2m] [0;2mSANGERTOL_GENOMEASSEMBLY:GENOMEASSEMBLY:RAW_ASSEMBLY:[mGFA_TO_FASTA_PRI                                              -[K
[2m[[0;34m-        [0;2m] [0;2mSANGERTOL_GENOMEASSEMBLY:GENOMEASSEMBLY:RAW_ASSEMBLY:[mGFA_TO_FASTA_ALT                                              -[K
[2m[[0;34m-        [0;2m] [0;2mSANGERTOL_GENOMEASSEMBLY:GENOMEASSEMBLY:RAW_ASSEMBLY:[mHIFIASM_HIC                                                   -[K
[2m[[0;34m-        [0;2m] [0;2mSANGERTOL_GENOMEASSEMBLY:GENOMEASSEMBLY:RAW_ASSEMBLY:[mGFA_TO_FASTA_HAP1_HIC                                         -[K
[2m[[0;34m-        [0;2m] [0;2mSANGERTOL_GENOMEASSEMBLY:GENOMEASSEMBLY:RAW_ASSEMBLY:[mGFA_TO_FASTA_HAP2_HIC                                         -[K
[2m[[0;34m-        [0;2m] [0;2mSANGERTOL_GENOMEASSEMBLY:GENOMEASSEMBLY:GENOME_STATISTICS_RAW:[mGFASTATS_PRI                                         -[K
[2m[[0;34m-        [0;2m] [0;2mSANGERTOL_GENOMEASSEMBLY:GENOMEASSEMBLY:GENOME_STATISTICS_RAW:[mGFASTATS_HAP                                         -[K
[2m[[0;34m-        [0;2m] [0;2mSANGERTOL_GENOMEASSEMBLY:GENOMEASSEMBLY:GENOME_STATISTICS_RAW:[mBUSCO_PRI                                            -[K
[2m[[0;34m-        [0;2m] [0;2mSANGERTOL_GENOMEASSEMBLY:GENOMEASSEMBLY:[mCAT_CAT_MITOHIFI_READS                                                    [2m [[0;34m  0%[0;2m][m 0 of 1[K
[3;2mPlus [1m112[0;3;2m more processes waiting for tasks…[m[K
Pulling Singularity image docker://ghcr.io/marcelauliano/mitohifi:3.2.3 [cache /lustre/scratch123/tol/teams/tola/users/jd42/nextflow/singularity/ghcr.io-marcelauliano-mitohifi-3.2.3.img][K
Execution cancelled -- Finishing pending tasks before exit[K
[31mERROR ~ Error executing process > 'SANGERTOL_GENOMEASSEMBLY:GENOMEASSEMBLY:RAW_ASSEMBLY:HIFIASM_PRI (baUndUnlc1)'[K
[K
Caused by:[K
  No signature of method: nextflow.script.ScriptBinding.check_max() is applicable for argument types: () values: [] -- Check script './workflows/../subworkflows/local/../../modules/nf-core/hifiasm/main.nf' at line: 90[K
[K
[K
Source block:[K
  if (workflow.profile.tokenize(',').intersect(['conda', 'mamba']).size() >= 1) {[K
      exit 1, "This version of HIFIASM module does not support Conda. Please use Docker / Singularity / Podman instead."[K
  }[K
  def args = task.ext.args ?: ''[K
  def prefix = task.ext.prefix ?: "${meta.id}"[K
  def hic_read1 = hic_reads_cram ? "for f in $hic_reads_cram; do samtools cat \$f | samtools fastq -n -f0x40 -F0xB00; done" : ""[K
  def hic_read2 = hic_reads_cram ? "for f in $hic_reads_cram; do samtools cat \$f | samtools fastq -n -f0x80 -F0xB00; done" : ""[K
  if ((paternal_kmer_dump) && (maternal_kmer_dump) && (hic_read1) && (hic_read2)) {[K
      error "Hifiasm Trio-binning and Hi-C integrated should not be used at the same time"[K
  } else if ((paternal_kmer_dump) && !(maternal_kmer_dump)) {[K
      error "Hifiasm Trio-binning requires maternal data"[K
  } else if (!(paternal_kmer_dump) && (maternal_kmer_dump)) {[K
      error "Hifiasm Trio-binning requires paternal data"[K
  } else if ((paternal_kmer_dump) && (maternal_kmer_dump)) {[K
      """[K
      hifiasm \\[K
          $args \\[K
          -o ${prefix}.asm \\[K
          -t $task.cpus \\[K
          -1 $paternal_kmer_dump \\[K
          -2 $maternal_kmer_dump \\[K
          $reads \\[K
          2> >( tee ${prefix}.stderr.log >&2 )[K
  [K
  [K
      cat <<-END_VERSIONS > versions.yml[K
      "${task.process}":[K
          hifiasm: \$(hifiasm --version 2>&1)[K
      END_VERSIONS[K
      """[K
  } else if ((hic_read1) && !(hic_read2)) {[K
      error "Hifiasm Hi-C integrated requires paired-end data (only R1 specified here)"[K
  } else if (!(hic_read1) && (hic_read2)) {[K
      error "Hifiasm Hi-C integrated requires paired-end data (only R2 specified here)"[K
  } else if ((hic_read1) && (hic_read2)) {[K
      """[K
      hifiasm \\[K
          $args \\[K
          -o ${prefix}.asm \\[K
          -t $task.cpus \\[K
          --h1 <($hic_read1) \\[K
          --h2 <($hic_read2) \\[K
          $reads \\[K
          2> >( tee ${prefix}.stderr.log >&2 )[K
  [K
  [K
      cat <<-END_VERSIONS > versions.yml[K
      "${task.process}":[K
          hifiasm: \$(hifiasm --version 2>&1)[K
      END_VERSIONS[K
      """[K
  } else { // Phasing with Hi-C data is not supported yet[K
      """[K
      hifiasm \\[K
          $args \\[K
          -o ${prefix}.asm \\[K
          -t $task.cpus \\[K
          $reads \\[K
          2> >( tee ${prefix}.stderr.log >&2 )[K
  [K
      cat <<-END_VERSIONS > versions.yml[K
      "${task.process}":[K
          hifiasm: \$(hifiasm --version 2>&1)[K
      END_VERSIONS[K
      """[K
  }[K
[K
Container:[K
  /nfs/treeoflife-01/teams/shared/nextflow/cache/nxf_singularity/quay.io-sanger-tol-hifiasm_samtools-0.01.img[K
[K
Tip: when you have fixed the problem you can continue the execution adding the option `-resume` to the run command line[K
[K
 -- Check '.nextflow.log' file for details[39m[K
[31mERROR ~ Pipeline failed. Please refer to troubleshooting docs: https://nf-co.re/docs/usage/troubleshooting[K
[K
 -- Check '.nextflow.log' file for details[39m[K
[31mERROR ~ Cannot invoke "java.nio.file.Path.getFileSystem()" because "path" is null[K
[K
 -- Check script './subworkflows/local/utils_nfcore_genomeassembly_pipeline/../../nf-core/utils_nfcore_pipeline/main.nf' at line: 82 or see '.nextflow.log' file for more details[39m[K
[109A
[2m[[0;34m-        [0;2m] [0;2mSANGERTOL_GENOMEASSEMBLY:GENOMEASSEMBLY:GENOMESCOPE_MODEL:[mCAT_CAT_READS                                           [2m [[0;34m  0%[0;2m][m 0 of 1[K
[2m[[0;34m-        [0;2m] [0;2mSANGERTOL_GENOMEASSEMBLY:GENOMEASSEMBLY:GENOMESCOPE_MODEL:[mFASTK_FASTK                                              -[K
[2m[[0;34m-        [0;2m] [0;2mSANGERTOL_GENOMEASSEMBLY:GENOMEASSEMBLY:GENOMESCOPE_MODEL:[mFASTK_HISTEX                                             -[K
[2m[[0;34m-        [0;2m] [0;2mSANGERTOL_GENOMEASSEMBLY:GENOMEASSEMBLY:GENOMESCOPE_MODEL:TRIO_PROCESS:[mYAK_COUNT_PAT                               -[K
[2m[[0;34m-        [0;2m] [0;2mSANGERTOL_GENOMEASSEMBLY:GENOMEASSEMBLY:GENOMESCOPE_MODEL:TRIO_PROCESS:[mFASTK_PAT                                   -[K
[2m[[0;34m-        [0;2m] [0;2mSANGERTOL_GENOMEASSEMBLY:GENOMEASSEMBLY:GENOMESCOPE_MODEL:TRIO_PROCESS:[mYAK_COUNT_MAT                               -[K
[2m[[0;34m-        [0;2m] [0;2mSANGERTOL_GENOMEASSEMBLY:GENOMEASSEMBLY:GENOMESCOPE_MODEL:TRIO_PROCESS:[mFASTK_MAT                                   -[K
[2m[[0;34m-        [0;2m] [0;2mSANGERTOL_GENOMEASSEMBLY:GENOMEASSEMBLY:GENOMESCOPE_MODEL:TRIO_PROCESS:[mMERQURYFK_HAPMAKER                          -[K
[2m[[0;34m-        [0;2m] [0;2mSANGERTOL_GENOMEASSEMBLY:GENOMEASSEMBLY:GENOMESCOPE_MODEL:[mGENESCOPEFK                                              -[K
[2m[[0;34m-        [0;2m] [0;2mSANGERTOL_GENOMEASSEMBLY:GENOMEASSEMBLY:RAW_ASSEMBLY:[mHIFIASM_PRI                                                   -[K
[2m[[0;34m-        [0;2m] [0;2mSANGERTOL_GENOMEASSEMBLY:GENOMEASSEMBLY:RAW_ASSEMBLY:[mGFA_TO_FASTA_PRI                                              -[K
[2m[[0;34m-        [0;2m] [0;2mSANGERTOL_GENOMEASSEMBLY:GENOMEASSEMBLY:RAW_ASSEMBLY:[mGFA_TO_FASTA_ALT                                              -[K
[2m[[0;34m-        [0;2m] [0;2mSANGERTOL_GENOMEASSEMBLY:GENOMEASSEMBLY:RAW_ASSEMBLY:[mHIFIASM_HIC                                                   -[K
[2m[[0;34m-        [0;2m] [0;2mSANGERTOL_GENOMEASSEMBLY:GENOMEASSEMBLY:RAW_ASSEMBLY:[mGFA_TO_FASTA_HAP1_HIC                                         -[K
[2m[[0;34m-        [0;2m] [0;2mSANGERTOL_GENOMEASSEMBLY:GENOMEASSEMBLY:RAW_ASSEMBLY:[mGFA_TO_FASTA_HAP2_HIC                                         -[K
[2m[[0;34m-        [0;2m] [0;2mSANGERTOL_GENOMEASSEMBLY:GENOMEASSEMBLY:GENOME_STATISTICS_RAW:[mGFASTATS_PRI                                         -[K
[2m[[0;34m-        [0;2m] [0;2mSANGERTOL_GENOMEASSEMBLY:GENOMEASSEMBLY:GENOME_STATISTICS_RAW:[mGFASTATS_HAP                                         -[K
[2m[[0;34m-        [0;2m] [0;2mSANGERTOL_GENOMEASSEMBLY:GENOMEASSEMBLY:GENOME_STATISTICS_RAW:[mBUSCO_PRI                                            -[K
[2m[[0;34m-        [0;2m] [0;2mSANGERTOL_GENOMEASSEMBLY:GENOMEASSEMBLY:[mCAT_CAT_MITOHIFI_READS                                                    [2m [[0;34m  0%[0;2m][m 0 of 1[K
[3;2mPlus [1m112[0;3;2m more processes waiting for tasks…[m[K
Pulling Singularity image docker://ghcr.io/marcelauliano/mitohifi:3.2.3 [cache /lustre/scratch123/tol/teams/tola/users/jd42/nextflow/singularity/ghcr.io-marcelauliano-mitohifi-3.2.3.img][K
Execution cancelled -- Finishing pending tasks before exit[K
[33mWARN: Got an interrupted exception while taking agent result | java.lang.InterruptedException[39m[K
[31mERROR ~ Error executing process > 'SANGERTOL_GENOMEASSEMBLY:GENOMEASSEMBLY:RAW_ASSEMBLY:HIFIASM_PRI (baUndUnlc1)'[K
[K
Caused by:[K
  No signature of method: nextflow.script.ScriptBinding.check_max() is applicable for argument types: () values: [] -- Check script './workflows/../subworkflows/local/../../modules/nf-core/hifiasm/main.nf' at line: 90[K
[K
[K
Source block:[K
  if (workflow.profile.tokenize(',').intersect(['conda', 'mamba']).size() >= 1) {[K
      exit 1, "This version of HIFIASM module does not support Conda. Please use Docker / Singularity / Podman instead."[K
  }[K
  def args = task.ext.args ?: ''[K
  def prefix = task.ext.prefix ?: "${meta.id}"[K
  def hic_read1 = hic_reads_cram ? "for f in $hic_reads_cram; do samtools cat \$f | samtools fastq -n -f0x40 -F0xB00; done" : ""[K
  def hic_read2 = hic_reads_cram ? "for f in $hic_reads_cram; do samtools cat \$f | samtools fastq -n -f0x80 -F0xB00; done" : ""[K
  if ((paternal_kmer_dump) && (maternal_kmer_dump) && (hic_read1) && (hic_read2)) {[K
      error "Hifiasm Trio-binning and Hi-C integrated should not be used at the same time"[K
  } else if ((paternal_kmer_dump) && !(maternal_kmer_dump)) {[K
      error "Hifiasm Trio-binning requires maternal data"[K
  } else if (!(paternal_kmer_dump) && (maternal_kmer_dump)) {[K
      error "Hifiasm Trio-binning requires paternal data"[K
  } else if ((paternal_kmer_dump) && (maternal_kmer_dump)) {[K
      """[K
      hifiasm \\[K
          $args \\[K
          -o ${prefix}.asm \\[K
          -t $task.cpus \\[K
          -1 $paternal_kmer_dump \\[K
          -2 $maternal_kmer_dump \\[K
          $reads \\[K
          2> >( tee ${prefix}.stderr.log >&2 )[K
  [K
  [K
      cat <<-END_VERSIONS > versions.yml[K
      "${task.process}":[K
          hifiasm: \$(hifiasm --version 2>&1)[K
      END_VERSIONS[K
      """[K
  } else if ((hic_read1) && !(hic_read2)) {[K
      error "Hifiasm Hi-C integrated requires paired-end data (only R1 specified here)"[K
  } else if (!(hic_read1) && (hic_read2)) {[K
      error "Hifiasm Hi-C integrated requires paired-end data (only R2 specified here)"[K
  } else if ((hic_read1) && (hic_read2)) {[K
      """[K
      hifiasm \\[K
          $args \\[K
          -o ${prefix}.asm \\[K
          -t $task.cpus \\[K
          --h1 <($hic_read1) \\[K
          --h2 <($hic_read2) \\[K
          $reads \\[K
          2> >( tee ${prefix}.stderr.log >&2 )[K
  [K
  [K
      cat <<-END_VERSIONS > versions.yml[K
      "${task.process}":[K
          hifiasm: \$(hifiasm --version 2>&1)[K
      END_VERSIONS[K
      """[K
  } else { // Phasing with Hi-C data is not supported yet[K
      """[K
      hifiasm \\[K
          $args \\[K
          -o ${prefix}.asm \\[K
          -t $task.cpus \\[K
          $reads \\[K
          2> >( tee ${prefix}.stderr.log >&2 )[K
  [K
      cat <<-END_VERSIONS > versions.yml[K
      "${task.process}":[K
          hifiasm: \$(hifiasm --version 2>&1)[K
      END_VERSIONS[K
      """[K
  }[K
[K
Container:[K
  /nfs/treeoflife-01/teams/shared/nextflow/cache/nxf_singularity/quay.io-sanger-tol-hifiasm_samtools-0.01.img[K
[K
Tip: when you have fixed the problem you can continue the execution adding the option `-resume` to the run command line[K
[K
 -- Check '.nextflow.log' file for details[39m[K
[31mERROR ~ Pipeline failed. Please refer to troubleshooting docs: https://nf-co.re/docs/usage/troubleshooting[K
[K
 -- Check '.nextflow.log' file for details[39m[K
[31mERROR ~ Cannot invoke "java.nio.file.Path.getFileSystem()" because "path" is null[K
[K
 -- Check script './subworkflows/local/utils_nfcore_genomeassembly_pipeline/../../nf-core/utils_nfcore_pipeline/main.nf' at line: 82 or see '.nextflow.log' file for more details[39m[K
[31mERROR ~ Pipeline failed. Please refer to troubleshooting docs: https://nf-co.re/docs/usage/troubleshooting[K
[K
 -- Check '.nextflow.log' file for details[39m[K
-[0;35m[sanger-tol/genomeassembly][0;31m Pipeline completed with errors[0m-
Staging foreign file: https://tolit.cog.sanger.ac.uk/test-data/Undibacterium_unclassified/genomic_data/baUndUnlc1/hic-arima2/41741_2%237.sub.cram


[1m[38;5;232m[48;5;43m N E X T F L O W [0;2m  ~  [mversion 24.10.5[m
[K
Launching[35m `./main.nf` [0;2m[[0;1;36mnice_planck[0;2m] DSL2 - [36mrevision: [0;36m8fe4a5f03e[m
[K
[1mInput/output options[0m
  [0;34minput                     : [0;32m/lustre/scratch123/tol/teams/tola/users/jd42/genomeassembly_testing/genomeassembly/assets/test.yaml[0m
  [0;34moutdir                    : [0;32mresults[0m
  [0;34mhifiasm_hic_on            : [0;32mtrue[0m
  [0;34morganelles_on             : [0;32mtrue[0m
  [0;34mbed_chunks_polishing      : [0;32m2[0m
  [0;34mtimestamp                 : [0;32m20250326[0m
  [0;34mhifiasm                   : [0;32mhifiasm.20250326[0m
  [0;34mhifiasmhic                : [0;32mhifiasm-hic.20250326[0m
  [0;34mhifiasmtrio               : [0;32mhifiasm-trio.20250326[0m

[1mInstitutional config options[0m
  [0;34mconfig_profile_name       : [0;32mTest profile[0m
  [0;34mconfig_profile_description: [0;32mThe Wellcome Sanger Institute HPC cluster (tol22) profile[0m
  [0;34mconfig_profile_contact    : [0;32mPriyanka Surana (@priyanka-surana)[0m
  [0;34mconfig_profile_url        : [0;32mhttps://www.sanger.ac.uk[0m

[1mGeneric options[0m
  [0;34mtrace_report_suffix       : [0;32m2025-03-26_12-37-29[0m

[1mCore Nextflow options[0m
  [0;34mrunName                   : [0;32mnice_planck[0m
  [0;34mcontainerEngine           : [0;32msingularity[0m
  [0;34mlaunchDir                 : [0;32m/lustre/scratch123/tol/teams/tola/users/jd42/genomeassembly_testing/genomeassembly[0m
  [0;34mworkDir                   : [0;32m/lustre/scratch123/tol/teams/tola/users/jd42/genomeassembly_testing/genomeassembly/work[0m
  [0;34mprojectDir                : [0;32m/lustre/scratch123/tol/teams/tola/users/jd42/genomeassembly_testing/genomeassembly[0m
  [0;34muserName                  : [0;32mjd42[0m
  [0;34mprofile                   : [0;32msanger,singularity,test[0m
  [0;34mconfigFiles               : [0;32m/lustre/scratch123/tol/teams/tola/users/jd42/genomeassembly_testing/genomeassembly/nextflow.config[0m

!! Only displaying parameters that differ from the pipeline defaults !!
-[2m----------------------------------------------------[0m-
[33mWARN: The following invalid input values have been detected:

* --max_memory: 1.4 TB
* --max_cpus: 64
* --max_time: 62d

[39m[K
[2m[[0;34m-        [0;2m] [0;2mSANGERTOL_GENOMEASSEMBLY:GENOMEASSEMBLY:GENOMESCOPE_MODEL:[mCAT_CAT_READS -[K
[2A
[2m[[0;34m-        [0;2m] [0;2mSANGERTOL_GENOMEASSEMBLY:GENOMEASSEMBLY:GENOMESCOPE_MODEL:[mCAT_CAT_READS                   -[K
[2m[[0;34m-        [0;2m] [0;2mSANGERTOL_GENOMEASSEMBLY:GENOMEASSEMBLY:GENOMESCOPE_MODEL:[mFASTK_FASTK                     -[K
[2m[[0;34m-        [0;2m] [0;2mSANGERTOL_GENOMEASSEMBLY:GENOMEASSEMBLY:GENOMESCOPE_MODEL:[mFASTK_HISTEX                    -[K
[2m[[0;34m-        [0;2m] [0;2mSANGERTOL_GENOMEASSEMBLY:GENOMEASSEMBLY:GENOMESCOPE_MODEL:TRIO_PROCESS:[mYAK_COUNT_PAT      -[K
[2m[[0;34m-        [0;2m] [0;2mSANGERTOL_GENOMEASSEMBLY:GENOMEASSEMBLY:GENOMESCOPE_MODEL:TRIO_PROCESS:[mFASTK_PAT          -[K
[2m[[0;34m-        [0;2m] [0;2mSANGERTOL_GENOMEASSEMBLY:GENOMEASSEMBLY:GENOMESCOPE_MODEL:TRIO_PROCESS:[mYAK_COUNT_MAT      -[K
[2m[[0;34m-        [0;2m] [0;2mSANGERTOL_GENOMEASSEMBLY:GENOMEASSEMBLY:GENOMESCOPE_MODEL:TRIO_PROCESS:[mFASTK_MAT          -[K
[2m[[0;34m-        [0;2m] [0;2mSANGERTOL_GENOMEASSEMBLY:GENOMEASSEMBLY:GENOMESCOPE_MODEL:TRIO_PROCESS:[mMERQURYFK_HAPMAKER -[K
[2m[[0;34m-        [0;2m] [0;2mSANGERTOL_GENOMEASSEMBLY:GENOMEASSEMBLY:GENOMESCOPE_MODEL:[mGENESCOPEFK                     -[K
[10A
[2m[[0;34m-        [0;2m] [0;2mSANGERTOL_GENOMEASSEMBLY:GENOMEASSEMBLY:GENOMESCOPE_MODEL:[mCAT_CAT_READS                   -[K
[2m[[0;34m-        [0;2m] [0;2mSANGERTOL_GENOMEASSEMBLY:GENOMEASSEMBLY:GENOMESCOPE_MODEL:[mFASTK_FASTK                     -[K
[2m[[0;34m-        [0;2m] [0;2mSANGERTOL_GENOMEASSEMBLY:GENOMEASSEMBLY:GENOMESCOPE_MODEL:[mFASTK_HISTEX                    -[K
[2m[[0;34m-        [0;2m] [0;2mSANGERTOL_GENOMEASSEMBLY:GENOMEASSEMBLY:GENOMESCOPE_MODEL:TRIO_PROCESS:[mYAK_COUNT_PAT      -[K
[2m[[0;34m-        [0;2m] [0;2mSANGERTOL_GENOMEASSEMBLY:GENOMEASSEMBLY:GENOMESCOPE_MODEL:TRIO_PROCESS:[mFASTK_PAT          -[K
[2m[[0;34m-        [0;2m] [0;2mSANGERTOL_GENOMEASSEMBLY:GENOMEASSEMBLY:GENOMESCOPE_MODEL:TRIO_PROCESS:[mYAK_COUNT_MAT      -[K
[2m[[0;34m-        [0;2m] [0;2mSANGERTOL_GENOMEASSEMBLY:GENOMEASSEMBLY:GENOMESCOPE_MODEL:TRIO_PROCESS:[mFASTK_MAT          -[K
[2m[[0;34m-        [0;2m] [0;2mSANGERTOL_GENOMEASSEMBLY:GENOMEASSEMBLY:GENOMESCOPE_MODEL:TRIO_PROCESS:[mMERQURYFK_HAPMAKER -[K
[2m[[0;34m-        [0;2m] [0;2mSANGERTOL_GENOMEASSEMBLY:GENOMEASSEMBLY:GENOMESCOPE_MODEL:[mGENESCOPEFK                     -[K
[2m[[0;34m-        [0;2m] [0;2mSANGERTOL_GENOMEASSEMBLY:GENOMEASSEMBLY:RAW_ASSEMBLY:[mHIFIASM_PRI                          -[K
[2m[[0;34m-        [0;2m] [0;2mSANGERTOL_GENOMEASSEMBLY:GENOMEASSEMBLY:RAW_ASSEMBLY:[mGFA_TO_FASTA_PRI                     -[K
[2m[[0;34m-        [0;2m] [0;2mSANGERTOL_GENOMEASSEMBLY:GENOMEASSEMBLY:RAW_ASSEMBLY:[mGFA_TO_FASTA_ALT                     -[K
[2m[[0;34m-        [0;2m] [0;2mSANGERTOL_GENOMEASSEMBLY:GENOMEASSEMBLY:RAW_ASSEMBLY:[mHIFIASM_HIC                          -[K
[14A
[2m[[0;34m-        [0;2m] [0;2mSANGERTOL_GENOMEASSEMBLY:GENOMEASSEMBLY:GENOMESCOPE_MODEL:[mCAT_CAT_READS                   -[K
[2m[[0;34m-        [0;2m] [0;2mSANGERTOL_GENOMEASSEMBLY:GENOMEASSEMBLY:GENOMESCOPE_MODEL:[mFASTK_FASTK                     -[K
[2m[[0;34m-        [0;2m] [0;2mSANGERTOL_GENOMEASSEMBLY:GENOMEASSEMBLY:GENOMESCOPE_MODEL:[mFASTK_HISTEX                    -[K
[2m[[0;34m-        [0;2m] [0;2mSANGERTOL_GENOMEASSEMBLY:GENOMEASSEMBLY:GENOMESCOPE_MODEL:TRIO_PROCESS:[mYAK_COUNT_PAT      -[K
[2m[[0;34m-        [0;2m] [0;2mSANGERTOL_GENOMEASSEMBLY:GENOMEASSEMBLY:GENOMESCOPE_MODEL:TRIO_PROCESS:[mFASTK_PAT          -[K
[2m[[0;34m-        [0;2m] [0;2mSANGERTOL_GENOMEASSEMBLY:GENOMEASSEMBLY:GENOMESCOPE_MODEL:TRIO_PROCESS:[mYAK_COUNT_MAT      -[K
[2m[[0;34m-        [0;2m] [0;2mSANGERTOL_GENOMEASSEMBLY:GENOMEASSEMBLY:GENOMESCOPE_MODEL:TRIO_PROCESS:[mFASTK_MAT          -[K
[2m[[0;34m-        [0;2m] [0;2mSANGERTOL_GENOMEASSEMBLY:GENOMEASSEMBLY:GENOMESCOPE_MODEL:TRIO_PROCESS:[mMERQURYFK_HAPMAKER -[K
[2m[[0;34m-        [0;2m] [0;2mSANGERTOL_GENOMEASSEMBLY:GENOMEASSEMBLY:GENOMESCOPE_MODEL:[mGENESCOPEFK                     -[K
[2m[[0;34m-        [0;2m] [0;2mSANGERTOL_GENOMEASSEMBLY:GENOMEASSEMBLY:RAW_ASSEMBLY:[mHIFIASM_PRI                          -[K
[2m[[0;34m-        [0;2m] [0;2mSANGERTOL_GENOMEASSEMBLY:GENOMEASSEMBLY:RAW_ASSEMBLY:[mGFA_TO_FASTA_PRI                     -[K
[2m[[0;34m-        [0;2m] [0;2mSANGERTOL_GENOMEASSEMBLY:GENOMEASSEMBLY:RAW_ASSEMBLY:[mGFA_TO_FASTA_ALT                     -[K
[2m[[0;34m-        [0;2m] [0;2mSANGERTOL_GENOMEASSEMBLY:GENOMEASSEMBLY:RAW_ASSEMBLY:[mHIFIASM_HIC                          -[K
[2m[[0;34m-        [0;2m] [0;2mSANGERTOL_GENOMEASSEMBLY:GENOMEASSEMBLY:RAW_ASSEMBLY:[mGFA_TO_FASTA_HAP1_HIC                -[K
[2m[[0;34m-        [0;2m] [0;2mSANGERTOL_GENOMEASSEMBLY:GENOMEASSEMBLY:RAW_ASSEMBLY:[mGFA_TO_FASTA_HAP2_HIC                -[K
[2m[[0;34m-        [0;2m] [0;2mSANGERTOL_GENOMEASSEMBLY:GENOMEASSEMBLY:GENOME_STATISTICS_RAW:[mGFASTATS_PRI                -[K
[2m[[0;34m-        [0;2m] [0;2mSANGERTOL_GENOMEASSEMBLY:GENOMEASSEMBLY:GENOME_STATISTICS_RAW:[mGFASTATS_HAP                -[K
[18A
[2m[[0;34m-        [0;2m] [0;2mSANGERTOL_GENOMEASSEMBLY:GENOMEASSEMBLY:GENOMESCOPE_MODEL:[mCAT_CAT_READS                   -[K
[2m[[0;34m-        [0;2m] [0;2mSANGERTOL_GENOMEASSEMBLY:GENOMEASSEMBLY:GENOMESCOPE_MODEL:[mFASTK_FASTK                     -[K
[2m[[0;34m-        [0;2m] [0;2mSANGERTOL_GENOMEASSEMBLY:GENOMEASSEMBLY:GENOMESCOPE_MODEL:[mFASTK_HISTEX                    -[K
[2m[[0;34m-        [0;2m] [0;2mSANGERTOL_GENOMEASSEMBLY:GENOMEASSEMBLY:GENOMESCOPE_MODEL:TRIO_PROCESS:[mYAK_COUNT_PAT      -[K
[2m[[0;34m-        [0;2m] [0;2mSANGERTOL_GENOMEASSEMBLY:GENOMEASSEMBLY:GENOMESCOPE_MODEL:TRIO_PROCESS:[mFASTK_PAT          -[K
[2m[[0;34m-        [0;2m] [0;2mSANGERTOL_GENOMEASSEMBLY:GENOMEASSEMBLY:GENOMESCOPE_MODEL:TRIO_PROCESS:[mYAK_COUNT_MAT      -[K
[2m[[0;34m-        [0;2m] [0;2mSANGERTOL_GENOMEASSEMBLY:GENOMEASSEMBLY:GENOMESCOPE_MODEL:TRIO_PROCESS:[mFASTK_MAT          -[K
[2m[[0;34m-        [0;2m] [0;2mSANGERTOL_GENOMEASSEMBLY:GENOMEASSEMBLY:GENOMESCOPE_MODEL:TRIO_PROCESS:[mMERQURYFK_HAPMAKER -[K
[2m[[0;34m-        [0;2m] [0;2mSANGERTOL_GENOMEASSEMBLY:GENOMEASSEMBLY:GENOMESCOPE_MODEL:[mGENESCOPEFK                     -[K
[2m[[0;34m-        [0;2m] [0;2mSANGERTOL_GENOMEASSEMBLY:GENOMEASSEMBLY:RAW_ASSEMBLY:[mHIFIASM_PRI                          -[K
[2m[[0;34m-        [0;2m] [0;2mSANGERTOL_GENOMEASSEMBLY:GENOMEASSEMBLY:RAW_ASSEMBLY:[mGFA_TO_FASTA_PRI                     -[K
[2m[[0;34m-        [0;2m] [0;2mSANGERTOL_GENOMEASSEMBLY:GENOMEASSEMBLY:RAW_ASSEMBLY:[mGFA_TO_FASTA_ALT                     -[K
[2m[[0;34m-        [0;2m] [0;2mSANGERTOL_GENOMEASSEMBLY:GENOMEASSEMBLY:RAW_ASSEMBLY:[mHIFIASM_HIC                          -[K
[2m[[0;34m-        [0;2m] [0;2mSANGERTOL_GENOMEASSEMBLY:GENOMEASSEMBLY:RAW_ASSEMBLY:[mGFA_TO_FASTA_HAP1_HIC                -[K
[2m[[0;34m-        [0;2m] [0;2mSANGERTOL_GENOMEASSEMBLY:GENOMEASSEMBLY:RAW_ASSEMBLY:[mGFA_TO_FASTA_HAP2_HIC                -[K
[2m[[0;34m-        [0;2m] [0;2mSANGERTOL_GENOMEASSEMBLY:GENOMEASSEMBLY:GENOME_STATISTICS_RAW:[mGFASTATS_PRI                -[K
[2m[[0;34m-        [0;2m] [0;2mSANGERTOL_GENOMEASSEMBLY:GENOMEASSEMBLY:GENOME_STATISTICS_RAW:[mGFASTATS_HAP                -[K
[2m[[0;34m-        [0;2m] [0;2mSANGERTOL_GENOMEASSEMBLY:GENOMEASSEMBLY:GENOME_STATISTICS_RAW:[mBUSCO_PRI                   -[K
[2m[[0;34m-        [0;2m] [0;2mSANGERTOL_GENOMEASSEMBLY:GENOMEASSEMBLY:GENOME_STATISTICS_RAW:[mMERQURYFK_MERQURYFK         -[K
[2m[[0;34m-        [0;2m] [0;2mSANGERTOL_GENOMEASSEMBLY:GENOMEASSEMBLY:[mCAT_CAT_RAW                                       -[K
[2m[[0;34m-        [0;2m] [0;2mSANGERTOL_GENOMEASSEMBLY:GENOMEASSEMBLY:[mCAT_CAT_MITOHIFI_READS                            -[K
[22A
[2m[[0;34m-        [0;2m] [0;2mSANGERTOL_GENOMEASSEMBLY:GENOMEASSEMBLY:GENOMESCOPE_MODEL:[mCAT_CAT_READS                   -[K
[2m[[0;34m-        [0;2m] [0;2mSANGERTOL_GENOMEASSEMBLY:GENOMEASSEMBLY:GENOMESCOPE_MODEL:[mFASTK_FASTK                     -[K
[2m[[0;34m-        [0;2m] [0;2mSANGERTOL_GENOMEASSEMBLY:GENOMEASSEMBLY:GENOMESCOPE_MODEL:[mFASTK_HISTEX                    -[K
[2m[[0;34m-        [0;2m] [0;2mSANGERTOL_GENOMEASSEMBLY:GENOMEASSEMBLY:GENOMESCOPE_MODEL:TRIO_PROCESS:[mYAK_COUNT_PAT      -[K
[2m[[0;34m-        [0;2m] [0;2mSANGERTOL_GENOMEASSEMBLY:GENOMEASSEMBLY:GENOMESCOPE_MODEL:TRIO_PROCESS:[mFASTK_PAT          -[K
[2m[[0;34m-        [0;2m] [0;2mSANGERTOL_GENOMEASSEMBLY:GENOMEASSEMBLY:GENOMESCOPE_MODEL:TRIO_PROCESS:[mYAK_COUNT_MAT      -[K
[2m[[0;34m-        [0;2m] [0;2mSANGERTOL_GENOMEASSEMBLY:GENOMEASSEMBLY:GENOMESCOPE_MODEL:TRIO_PROCESS:[mFASTK_MAT          -[K
[2m[[0;34m-        [0;2m] [0;2mSANGERTOL_GENOMEASSEMBLY:GENOMEASSEMBLY:GENOMESCOPE_MODEL:TRIO_PROCESS:[mMERQURYFK_HAPMAKER -[K
[2m[[0;34m-        [0;2m] [0;2mSANGERTOL_GENOMEASSEMBLY:GENOMEASSEMBLY:GENOMESCOPE_MODEL:[mGENESCOPEFK                     -[K
[2m[[0;34m-        [0;2m] [0;2mSANGERTOL_GENOMEASSEMBLY:GENOMEASSEMBLY:RAW_ASSEMBLY:[mHIFIASM_PRI                          -[K
[2m[[0;34m-        [0;2m] [0;2mSANGERTOL_GENOMEASSEMBLY:GENOMEASSEMBLY:RAW_ASSEMBLY:[mGFA_TO_FASTA_PRI                     -[K
[2m[[0;34m-        [0;2m] [0;2mSANGERTOL_GENOMEASSEMBLY:GENOMEASSEMBLY:RAW_ASSEMBLY:[mGFA_TO_FASTA_ALT                     -[K
[2m[[0;34m-        [0;2m] [0;2mSANGERTOL_GENOMEASSEMBLY:GENOMEASSEMBLY:RAW_ASSEMBLY:[mHIFIASM_HIC                          -[K
[2m[[0;34m-        [0;2m] [0;2mSANGERTOL_GENOMEASSEMBLY:GENOMEASSEMBLY:RAW_ASSEMBLY:[mGFA_TO_FASTA_HAP1_HIC                -[K
[2m[[0;34m-        [0;2m] [0;2mSANGERTOL_GENOMEASSEMBLY:GENOMEASSEMBLY:RAW_ASSEMBLY:[mGFA_TO_FASTA_HAP2_HIC                -[K
[2m[[0;34m-        [0;2m] [0;2mSANGERTOL_GENOMEASSEMBLY:GENOMEASSEMBLY:GENOME_STATISTICS_RAW:[mGFASTATS_PRI                -[K
[2m[[0;34m-        [0;2m] [0;2mSANGERTOL_GENOMEASSEMBLY:GENOMEASSEMBLY:GENOME_STATISTICS_RAW:[mGFASTATS_HAP                -[K
[2m[[0;34m-        [0;2m] [0;2mSANGERTOL_GENOMEASSEMBLY:GENOMEASSEMBLY:GENOME_STATISTICS_RAW:[mBUSCO_PRI                   -[K
[2m[[0;34m-        [0;2m] [0;2mSANGERTOL_GENOMEASSEMBLY:GENOMEASSEMBLY:GENOME_STATISTICS_RAW:[mMERQURYFK_MERQURYFK         -[K
[2m[[0;34m-        [0;2m] [0;2mSANGERTOL_GENOMEASSEMBLY:GENOMEASSEMBLY:[mCAT_CAT_RAW                                       -[K
[2m[[0;34m-        [0;2m] [0;2mSANGERTOL_GENOMEASSEMBLY:GENOMEASSEMBLY:[mCAT_CAT_MITOHIFI_READS                            -[K
[2m[[0;34m-        [0;2m] [0;2mSANGERTOL_GENOMEASSEMBLY:GENOMEASSEMBLY:ORGANELLES:[mMITOHIFI_FINDMITOREFERENCE             -[K
[2m[[0;34m-        [0;2m] [0;2mSANGERTOL_GENOMEASSEMBLY:GENOMEASSEMBLY:ORGANELLES:[mMITOHIFI_MITOHIFI_READS                -[K
[24A
[2m[[0;34m-        [0;2m] [0;2mSANGERTOL_GENOMEASSEMBLY:GENOMEASSEMBLY:GENOMESCOPE_MODEL:[mCAT_CAT_READS                   -[K
[2m[[0;34m-        [0;2m] [0;2mSANGERTOL_GENOMEASSEMBLY:GENOMEASSEMBLY:GENOMESCOPE_MODEL:[mFASTK_FASTK                     -[K
[2m[[0;34m-        [0;2m] [0;2mSANGERTOL_GENOMEASSEMBLY:GENOMEASSEMBLY:GENOMESCOPE_MODEL:[mFASTK_HISTEX                    -[K
[2m[[0;34m-        [0;2m] [0;2mSANGERTOL_GENOMEASSEMBLY:GENOMEASSEMBLY:GENOMESCOPE_MODEL:TRIO_PROCESS:[mYAK_COUNT_PAT      -[K
[2m[[0;34m-        [0;2m] [0;2mSANGERTOL_GENOMEASSEMBLY:GENOMEASSEMBLY:GENOMESCOPE_MODEL:TRIO_PROCESS:[mFASTK_PAT          -[K
[2m[[0;34m-        [0;2m] [0;2mSANGERTOL_GENOMEASSEMBLY:GENOMEASSEMBLY:GENOMESCOPE_MODEL:TRIO_PROCESS:[mYAK_COUNT_MAT      -[K
[2m[[0;34m-        [0;2m] [0;2mSANGERTOL_GENOMEASSEMBLY:GENOMEASSEMBLY:GENOMESCOPE_MODEL:TRIO_PROCESS:[mFASTK_MAT          -[K
[2m[[0;34m-        [0;2m] [0;2mSANGERTOL_GENOMEASSEMBLY:GENOMEASSEMBLY:GENOMESCOPE_MODEL:TRIO_PROCESS:[mMERQURYFK_HAPMAKER -[K
[2m[[0;34m-        [0;2m] [0;2mSANGERTOL_GENOMEASSEMBLY:GENOMEASSEMBLY:GENOMESCOPE_MODEL:[mGENESCOPEFK                     -[K
[2m[[0;34m-        [0;2m] [0;2mSANGERTOL_GENOMEASSEMBLY:GENOMEASSEMBLY:RAW_ASSEMBLY:[mHIFIASM_PRI                          -[K
[2m[[0;34m-        [0;2m] [0;2mSANGERTOL_GENOMEASSEMBLY:GENOMEASSEMBLY:RAW_ASSEMBLY:[mGFA_TO_FASTA_PRI                     -[K
[2m[[0;34m-        [0;2m] [0;2mSANGERTOL_GENOMEASSEMBLY:GENOMEASSEMBLY:RAW_ASSEMBLY:[mGFA_TO_FASTA_ALT                     -[K
[2m[[0;34m-        [0;2m] [0;2mSANGERTOL_GENOMEASSEMBLY:GENOMEASSEMBLY:RAW_ASSEMBLY:[mHIFIASM_HIC                          -[K
[2m[[0;34m-        [0;2m] [0;2mSANGERTOL_GENOMEASSEMBLY:GENOMEASSEMBLY:RAW_ASSEMBLY:[mGFA_TO_FASTA_HAP1_HIC                -[K
[2m[[0;34m-        [0;2m] [0;2mSANGERTOL_GENOMEASSEMBLY:GENOMEASSEMBLY:RAW_ASSEMBLY:[mGFA_TO_FASTA_HAP2_HIC                -[K
[2m[[0;34m-        [0;2m] [0;2mSANGERTOL_GENOMEASSEMBLY:GENOMEASSEMBLY:GENOME_STATISTICS_RAW:[mGFASTATS_PRI                -[K
[2m[[0;34m-        [0;2m] [0;2mSANGERTOL_GENOMEASSEMBLY:GENOMEASSEMBLY:GENOME_STATISTICS_RAW:[mGFASTATS_HAP                -[K
[2m[[0;34m-        [0;2m] [0;2mSANGERTOL_GENOMEASSEMBLY:GENOMEASSEMBLY:GENOME_STATISTICS_RAW:[mBUSCO_PRI                   -[K
[2m[[0;34m-        [0;2m] [0;2mSANGERTOL_GENOMEASSEMBLY:GENOMEASSEMBLY:GENOME_STATISTICS_RAW:[mMERQURYFK_MERQURYFK         -[K
[2m[[0;34m-        [0;2m] [0;2mSANGERTOL_GENOMEASSEMBLY:GENOMEASSEMBLY:[mCAT_CAT_RAW                                       -[K
[2m[[0;34m-        [0;2m] [0;2mSANGERTOL_GENOMEASSEMBLY:GENOMEASSEMBLY:[mCAT_CAT_MITOHIFI_READS                            -[K
[2m[[0;34m-        [0;2m] [0;2mSANGERTOL_GENOMEASSEMBLY:GENOMEASSEMBLY:ORGANELLES:[mMITOHIFI_FINDMITOREFERENCE             -[K
[2m[[0;34m-        [0;2m] [0;2mSANGERTOL_GENOMEASSEMBLY:GENOMEASSEMBLY:ORGANELLES:[mMITOHIFI_MITOHIFI_READS                -[K
[2m[[0;34m-        [0;2m] [0;2mSANGERTOL_GENOMEASSEMBLY:GENOMEASSEMBLY:ORGANELLES:[mMITOHIFI_MITOHIFI_CONTIGS              -[K
[2m[[0;34m-        [0;2m] [0;2mSANGERTOL_GENOMEASSEMBLY:GENOMEASSEMBLY:ORGANELLES:[mOATK                                   -[K
[3;2mPlus [1m1[0;3;2m more processes waiting for tasks…[m[K
[27A
[2m[[0;34m-        [0;2m] [0;2mSANGERTOL_GENOMEASSEMBLY:GENOMEASSEMBLY:GENOMESCOPE_MODEL:[mCAT_CAT_READS                   -[K
[2m[[0;34m-        [0;2m] [0;2mSANGERTOL_GENOMEASSEMBLY:GENOMEASSEMBLY:GENOMESCOPE_MODEL:[mFASTK_FASTK                     -[K
[2m[[0;34m-        [0;2m] [0;2mSANGERTOL_GENOMEASSEMBLY:GENOMEASSEMBLY:GENOMESCOPE_MODEL:[mFASTK_HISTEX                    -[K
[2m[[0;34m-        [0;2m] [0;2mSANGERTOL_GENOMEASSEMBLY:GENOMEASSEMBLY:GENOMESCOPE_MODEL:TRIO_PROCESS:[mYAK_COUNT_PAT      -[K
[2m[[0;34m-        [0;2m] [0;2mSANGERTOL_GENOMEASSEMBLY:GENOMEASSEMBLY:GENOMESCOPE_MODEL:TRIO_PROCESS:[mFASTK_PAT          -[K
[2m[[0;34m-        [0;2m] [0;2mSANGERTOL_GENOMEASSEMBLY:GENOMEASSEMBLY:GENOMESCOPE_MODEL:TRIO_PROCESS:[mYAK_COUNT_MAT      -[K
[2m[[0;34m-        [0;2m] [0;2mSANGERTOL_GENOMEASSEMBLY:GENOMEASSEMBLY:GENOMESCOPE_MODEL:TRIO_PROCESS:[mFASTK_MAT          -[K
[2m[[0;34m-        [0;2m] [0;2mSANGERTOL_GENOMEASSEMBLY:GENOMEASSEMBLY:GENOMESCOPE_MODEL:TRIO_PROCESS:[mMERQURYFK_HAPMAKER -[K
[2m[[0;34m-        [0;2m] [0;2mSANGERTOL_GENOMEASSEMBLY:GENOMEASSEMBLY:GENOMESCOPE_MODEL:[mGENESCOPEFK                     -[K
[2m[[0;34m-        [0;2m] [0;2mSANGERTOL_GENOMEASSEMBLY:GENOMEASSEMBLY:RAW_ASSEMBLY:[mHIFIASM_PRI                          -[K
[2m[[0;34m-        [0;2m] [0;2mSANGERTOL_GENOMEASSEMBLY:GENOMEASSEMBLY:RAW_ASSEMBLY:[mGFA_TO_FASTA_PRI                     -[K
[2m[[0;34m-        [0;2m] [0;2mSANGERTOL_GENOMEASSEMBLY:GENOMEASSEMBLY:RAW_ASSEMBLY:[mGFA_TO_FASTA_ALT                     -[K
[2m[[0;34m-        [0;2m] [0;2mSANGERTOL_GENOMEASSEMBLY:GENOMEASSEMBLY:RAW_ASSEMBLY:[mHIFIASM_HIC                          -[K
[2m[[0;34m-        [0;2m] [0;2mSANGERTOL_GENOMEASSEMBLY:GENOMEASSEMBLY:RAW_ASSEMBLY:[mGFA_TO_FASTA_HAP1_HIC                -[K
[2m[[0;34m-        [0;2m] [0;2mSANGERTOL_GENOMEASSEMBLY:GENOMEASSEMBLY:RAW_ASSEMBLY:[mGFA_TO_FASTA_HAP2_HIC                -[K
[2m[[0;34m-        [0;2m] [0;2mSANGERTOL_GENOMEASSEMBLY:GENOMEASSEMBLY:GENOME_STATISTICS_RAW:[mGFASTATS_PRI                -[K
[2m[[0;34m-        [0;2m] [0;2mSANGERTOL_GENOMEASSEMBLY:GENOMEASSEMBLY:GENOME_STATISTICS_RAW:[mGFASTATS_HAP                -[K
[2m[[0;34m-        [0;2m] [0;2mSANGERTOL_GENOMEASSEMBLY:GENOMEASSEMBLY:GENOME_STATISTICS_RAW:[mBUSCO_PRI                   -[K
[2m[[0;34m-        [0;2m] [0;2mSANGERTOL_GENOMEASSEMBLY:GENOMEASSEMBLY:GENOME_STATISTICS_RAW:[mMERQURYFK_MERQURYFK         -[K
[2m[[0;34m-        [0;2m] [0;2mSANGERTOL_GENOMEASSEMBLY:GENOMEASSEMBLY:[mCAT_CAT_RAW                                       -[K
[2m[[0;34m-        [0;2m] [0;2mSANGERTOL_GENOMEASSEMBLY:GENOMEASSEMBLY:[mCAT_CAT_MITOHIFI_READS                            -[K
[2m[[0;34m-        [0;2m] [0;2mSANGERTOL_GENOMEASSEMBLY:GENOMEASSEMBLY:ORGANELLES:[mMITOHIFI_FINDMITOREFERENCE             -[K
[2m[[0;34m-        [0;2m] [0;2mSANGERTOL_GENOMEASSEMBLY:GENOMEASSEMBLY:ORGANELLES:[mMITOHIFI_MITOHIFI_READS                -[K
[2m[[0;34m-        [0;2m] [0;2mSANGERTOL_GENOMEASSEMBLY:GENOMEASSEMBLY:ORGANELLES:[mMITOHIFI_MITOHIFI_CONTIGS              -[K
[2m[[0;34m-        [0;2m] [0;2mSANGERTOL_GENOMEASSEMBLY:GENOMEASSEMBLY:ORGANELLES:[mOATK                                   -[K
[3;2mPlus [1m4[0;3;2m more processes waiting for tasks…[m[K
[27A
[2m[[0;34m-        [0;2m] [0;2mSANGERTOL_GENOMEASSEMBLY:GENOMEASSEMBLY:GENOMESCOPE_MODEL:[mCAT_CAT_READS                   -[K
[2m[[0;34m-        [0;2m] [0;2mSANGERTOL_GENOMEASSEMBLY:GENOMEASSEMBLY:GENOMESCOPE_MODEL:[mFASTK_FASTK                     -[K
[2m[[0;34m-        [0;2m] [0;2mSANGERTOL_GENOMEASSEMBLY:GENOMEASSEMBLY:GENOMESCOPE_MODEL:[mFASTK_HISTEX                    -[K
[2m[[0;34m-        [0;2m] [0;2mSANGERTOL_GENOMEASSEMBLY:GENOMEASSEMBLY:GENOMESCOPE_MODEL:TRIO_PROCESS:[mYAK_COUNT_PAT      -[K
[2m[[0;34m-        [0;2m] [0;2mSANGERTOL_GENOMEASSEMBLY:GENOMEASSEMBLY:GENOMESCOPE_MODEL:TRIO_PROCESS:[mFASTK_PAT          -[K
[2m[[0;34m-        [0;2m] [0;2mSANGERTOL_GENOMEASSEMBLY:GENOMEASSEMBLY:GENOMESCOPE_MODEL:TRIO_PROCESS:[mYAK_COUNT_MAT      -[K
[2m[[0;34m-        [0;2m] [0;2mSANGERTOL_GENOMEASSEMBLY:GENOMEASSEMBLY:GENOMESCOPE_MODEL:TRIO_PROCESS:[mFASTK_MAT          -[K
[2m[[0;34m-        [0;2m] [0;2mSANGERTOL_GENOMEASSEMBLY:GENOMEASSEMBLY:GENOMESCOPE_MODEL:TRIO_PROCESS:[mMERQURYFK_HAPMAKER -[K
[2m[[0;34m-        [0;2m] [0;2mSANGERTOL_GENOMEASSEMBLY:GENOMEASSEMBLY:GENOMESCOPE_MODEL:[mGENESCOPEFK                     -[K
[2m[[0;34m-        [0;2m] [0;2mSANGERTOL_GENOMEASSEMBLY:GENOMEASSEMBLY:RAW_ASSEMBLY:[mHIFIASM_PRI                          -[K
[2m[[0;34m-        [0;2m] [0;2mSANGERTOL_GENOMEASSEMBLY:GENOMEASSEMBLY:RAW_ASSEMBLY:[mGFA_TO_FASTA_PRI                     -[K
[2m[[0;34m-        [0;2m] [0;2mSANGERTOL_GENOMEASSEMBLY:GENOMEASSEMBLY:RAW_ASSEMBLY:[mGFA_TO_FASTA_ALT                     -[K
[2m[[0;34m-        [0;2m] [0;2mSANGERTOL_GENOMEASSEMBLY:GENOMEASSEMBLY:RAW_ASSEMBLY:[mHIFIASM_HIC                          -[K
[2m[[0;34m-        [0;2m] [0;2mSANGERTOL_GENOMEASSEMBLY:GENOMEASSEMBLY:RAW_ASSEMBLY:[mGFA_TO_FASTA_HAP1_HIC                -[K
[2m[[0;34m-        [0;2m] [0;2mSANGERTOL_GENOMEASSEMBLY:GENOMEASSEMBLY:RAW_ASSEMBLY:[mGFA_TO_FASTA_HAP2_HIC                -[K
[2m[[0;34m-        [0;2m] [0;2mSANGERTOL_GENOMEASSEMBLY:GENOMEASSEMBLY:GENOME_STATISTICS_RAW:[mGFASTATS_PRI                -[K
[2m[[0;34m-        [0;2m] [0;2mSANGERTOL_GENOMEASSEMBLY:GENOMEASSEMBLY:GENOME_STATISTICS_RAW:[mGFASTATS_HAP                -[K
[2m[[0;34m-        [0;2m] [0;2mSANGERTOL_GENOMEASSEMBLY:GENOMEASSEMBLY:GENOME_STATISTICS_RAW:[mBUSCO_PRI                   -[K
[2m[[0;34m-        [0;2m] [0;2mSANGERTOL_GENOMEASSEMBLY:GENOMEASSEMBLY:GENOME_STATISTICS_RAW:[mMERQURYFK_MERQURYFK         -[K
[2m[[0;34m-        [0;2m] [0;2mSANGERTOL_GENOMEASSEMBLY:GENOMEASSEMBLY:[mCAT_CAT_RAW                                       -[K
[2m[[0;34m-        [0;2m] [0;2mSANGERTOL_GENOMEASSEMBLY:GENOMEASSEMBLY:[mCAT_CAT_MITOHIFI_READS                            -[K
[2m[[0;34m-        [0;2m] [0;2mSANGERTOL_GENOMEASSEMBLY:GENOMEASSEMBLY:ORGANELLES:[mMITOHIFI_FINDMITOREFERENCE             -[K
[2m[[0;34m-        [0;2m] [0;2mSANGERTOL_GENOMEASSEMBLY:GENOMEASSEMBLY:ORGANELLES:[mMITOHIFI_MITOHIFI_READS                -[K
[2m[[0;34m-        [0;2m] [0;2mSANGERTOL_GENOMEASSEMBLY:GENOMEASSEMBLY:ORGANELLES:[mMITOHIFI_MITOHIFI_CONTIGS              -[K
[2m[[0;34m-        [0;2m] [0;2mSANGERTOL_GENOMEASSEMBLY:GENOMEASSEMBLY:ORGANELLES:[mOATK                                   -[K
[3;2mPlus [1m7[0;3;2m more processes waiting for tasks…[m[K
[27A
[2m[[0;34m-        [0;2m] [0;2mSANGERTOL_GENOMEASSEMBLY:GENOMEASSEMBLY:GENOMESCOPE_MODEL:[mCAT_CAT_READS                   -[K
[2m[[0;34m-        [0;2m] [0;2mSANGERTOL_GENOMEASSEMBLY:GENOMEASSEMBLY:GENOMESCOPE_MODEL:[mFASTK_FASTK                     -[K
[2m[[0;34m-        [0;2m] [0;2mSANGERTOL_GENOMEASSEMBLY:GENOMEASSEMBLY:GENOMESCOPE_MODEL:[mFASTK_HISTEX                    -[K
[2m[[0;34m-        [0;2m] [0;2mSANGERTOL_GENOMEASSEMBLY:GENOMEASSEMBLY:GENOMESCOPE_MODEL:TRIO_PROCESS:[mYAK_COUNT_PAT      -[K
[2m[[0;34m-        [0;2m] [0;2mSANGERTOL_GENOMEASSEMBLY:GENOMEASSEMBLY:GENOMESCOPE_MODEL:TRIO_PROCESS:[mFASTK_PAT          -[K
[2m[[0;34m-        [0;2m] [0;2mSANGERTOL_GENOMEASSEMBLY:GENOMEASSEMBLY:GENOMESCOPE_MODEL:TRIO_PROCESS:[mYAK_COUNT_MAT      -[K
[2m[[0;34m-        [0;2m] [0;2mSANGERTOL_GENOMEASSEMBLY:GENOMEASSEMBLY:GENOMESCOPE_MODEL:TRIO_PROCESS:[mFASTK_MAT          -[K
[2m[[0;34m-        [0;2m] [0;2mSANGERTOL_GENOMEASSEMBLY:GENOMEASSEMBLY:GENOMESCOPE_MODEL:TRIO_PROCESS:[mMERQURYFK_HAPMAKER -[K
[2m[[0;34m-        [0;2m] [0;2mSANGERTOL_GENOMEASSEMBLY:GENOMEASSEMBLY:GENOMESCOPE_MODEL:[mGENESCOPEFK                     -[K
[2m[[0;34m-        [0;2m] [0;2mSANGERTOL_GENOMEASSEMBLY:GENOMEASSEMBLY:RAW_ASSEMBLY:[mHIFIASM_PRI                          -[K
[2m[[0;34m-        [0;2m] [0;2mSANGERTOL_GENOMEASSEMBLY:GENOMEASSEMBLY:RAW_ASSEMBLY:[mGFA_TO_FASTA_PRI                     -[K
[2m[[0;34m-        [0;2m] [0;2mSANGERTOL_GENOMEASSEMBLY:GENOMEASSEMBLY:RAW_ASSEMBLY:[mGFA_TO_FASTA_ALT                     -[K
[2m[[0;34m-        [0;2m] [0;2mSANGERTOL_GENOMEASSEMBLY:GENOMEASSEMBLY:RAW_ASSEMBLY:[mHIFIASM_HIC                          -[K
[2m[[0;34m-        [0;2m] [0;2mSANGERTOL_GENOMEASSEMBLY:GENOMEASSEMBLY:RAW_ASSEMBLY:[mGFA_TO_FASTA_HAP1_HIC                -[K
[2m[[0;34m-        [0;2m] [0;2mSANGERTOL_GENOMEASSEMBLY:GENOMEASSEMBLY:RAW_ASSEMBLY:[mGFA_TO_FASTA_HAP2_HIC                -[K
[2m[[0;34m-        [0;2m] [0;2mSANGERTOL_GENOMEASSEMBLY:GENOMEASSEMBLY:GENOME_STATISTICS_RAW:[mGFASTATS_PRI                -[K
[2m[[0;34m-        [0;2m] [0;2mSANGERTOL_GENOMEASSEMBLY:GENOMEASSEMBLY:GENOME_STATISTICS_RAW:[mGFASTATS_HAP                -[K
[2m[[0;34m-        [0;2m] [0;2mSANGERTOL_GENOMEASSEMBLY:GENOMEASSEMBLY:GENOME_STATISTICS_RAW:[mBUSCO_PRI                   -[K
[2m[[0;34m-        [0;2m] [0;2mSANGERTOL_GENOMEASSEMBLY:GENOMEASSEMBLY:GENOME_STATISTICS_RAW:[mMERQURYFK_MERQURYFK         -[K
[2m[[0;34m-        [0;2m] [0;2mSANGERTOL_GENOMEASSEMBLY:GENOMEASSEMBLY:[mCAT_CAT_RAW                                       -[K
[2m[[0;34m-        [0;2m] [0;2mSANGERTOL_GENOMEASSEMBLY:GENOMEASSEMBLY:[mCAT_CAT_MITOHIFI_READS                            -[K
[2m[[0;34m-        [0;2m] [0;2mSANGERTOL_GENOMEASSEMBLY:GENOMEASSEMBLY:ORGANELLES:[mMITOHIFI_FINDMITOREFERENCE             -[K
[2m[[0;34m-        [0;2m] [0;2mSANGERTOL_GENOMEASSEMBLY:GENOMEASSEMBLY:ORGANELLES:[mMITOHIFI_MITOHIFI_READS                -[K
[2m[[0;34m-        [0;2m] [0;2mSANGERTOL_GENOMEASSEMBLY:GENOMEASSEMBLY:ORGANELLES:[mMITOHIFI_MITOHIFI_CONTIGS              -[K
[2m[[0;34m-        [0;2m] [0;2mSANGERTOL_GENOMEASSEMBLY:GENOMEASSEMBLY:ORGANELLES:[mOATK                                   -[K
[3;2mPlus [1m12[0;3;2m more processes waiting for tasks…[m[K
[27A
[2m[[0;34m-        [0;2m] [0;2mSANGERTOL_GENOMEASSEMBLY:GENOMEASSEMBLY:GENOMESCOPE_MODEL:[mCAT_CAT_READS                   -[K
[2m[[0;34m-        [0;2m] [0;2mSANGERTOL_GENOMEASSEMBLY:GENOMEASSEMBLY:GENOMESCOPE_MODEL:[mFASTK_FASTK                     -[K
[2m[[0;34m-        [0;2m] [0;2mSANGERTOL_GENOMEASSEMBLY:GENOMEASSEMBLY:GENOMESCOPE_MODEL:[mFASTK_HISTEX                    -[K
[2m[[0;34m-        [0;2m] [0;2mSANGERTOL_GENOMEASSEMBLY:GENOMEASSEMBLY:GENOMESCOPE_MODEL:TRIO_PROCESS:[mYAK_COUNT_PAT      -[K
[2m[[0;34m-        [0;2m] [0;2mSANGERTOL_GENOMEASSEMBLY:GENOMEASSEMBLY:GENOMESCOPE_MODEL:TRIO_PROCESS:[mFASTK_PAT          -[K
[2m[[0;34m-        [0;2m] [0;2mSANGERTOL_GENOMEASSEMBLY:GENOMEASSEMBLY:GENOMESCOPE_MODEL:TRIO_PROCESS:[mYAK_COUNT_MAT      -[K
[2m[[0;34m-        [0;2m] [0;2mSANGERTOL_GENOMEASSEMBLY:GENOMEASSEMBLY:GENOMESCOPE_MODEL:TRIO_PROCESS:[mFASTK_MAT          -[K
[2m[[0;34m-        [0;2m] [0;2mSANGERTOL_GENOMEASSEMBLY:GENOMEASSEMBLY:GENOMESCOPE_MODEL:TRIO_PROCESS:[mMERQURYFK_HAPMAKER -[K
[2m[[0;34m-        [0;2m] [0;2mSANGERTOL_GENOMEASSEMBLY:GENOMEASSEMBLY:GENOMESCOPE_MODEL:[mGENESCOPEFK                     -[K
[2m[[0;34m-        [0;2m] [0;2mSANGERTOL_GENOMEASSEMBLY:GENOMEASSEMBLY:RAW_ASSEMBLY:[mHIFIASM_PRI                          -[K
[2m[[0;34m-        [0;2m] [0;2mSANGERTOL_GENOMEASSEMBLY:GENOMEASSEMBLY:RAW_ASSEMBLY:[mGFA_TO_FASTA_PRI                     -[K
[2m[[0;34m-        [0;2m] [0;2mSANGERTOL_GENOMEASSEMBLY:GENOMEASSEMBLY:RAW_ASSEMBLY:[mGFA_TO_FASTA_ALT                     -[K
[2m[[0;34m-        [0;2m] [0;2mSANGERTOL_GENOMEASSEMBLY:GENOMEASSEMBLY:RAW_ASSEMBLY:[mHIFIASM_HIC                          -[K
[2m[[0;34m-        [0;2m] [0;2mSANGERTOL_GENOMEASSEMBLY:GENOMEASSEMBLY:RAW_ASSEMBLY:[mGFA_TO_FASTA_HAP1_HIC                -[K
[2m[[0;34m-        [0;2m] [0;2mSANGERTOL_GENOMEASSEMBLY:GENOMEASSEMBLY:RAW_ASSEMBLY:[mGFA_TO_FASTA_HAP2_HIC                -[K
[2m[[0;34m-        [0;2m] [0;2mSANGERTOL_GENOMEASSEMBLY:GENOMEASSEMBLY:GENOME_STATISTICS_RAW:[mGFASTATS_PRI                -[K
[2m[[0;34m-        [0;2m] [0;2mSANGERTOL_GENOMEASSEMBLY:GENOMEASSEMBLY:GENOME_STATISTICS_RAW:[mGFASTATS_HAP                -[K
[2m[[0;34m-        [0;2m] [0;2mSANGERTOL_GENOMEASSEMBLY:GENOMEASSEMBLY:GENOME_STATISTICS_RAW:[mBUSCO_PRI                   -[K
[2m[[0;34m-        [0;2m] [0;2mSANGERTOL_GENOMEASSEMBLY:GENOMEASSEMBLY:GENOME_STATISTICS_RAW:[mMERQURYFK_MERQURYFK         -[K
[2m[[0;34m-        [0;2m] [0;2mSANGERTOL_GENOMEASSEMBLY:GENOMEASSEMBLY:[mCAT_CAT_RAW                                       -[K
[2m[[0;34m-        [0;2m] [0;2mSANGERTOL_GENOMEASSEMBLY:GENOMEASSEMBLY:[mCAT_CAT_MITOHIFI_READS                            -[K
[2m[[0;34m-        [0;2m] [0;2mSANGERTOL_GENOMEASSEMBLY:GENOMEASSEMBLY:ORGANELLES:[mMITOHIFI_FINDMITOREFERENCE             -[K
[2m[[0;34m-        [0;2m] [0;2mSANGERTOL_GENOMEASSEMBLY:GENOMEASSEMBLY:ORGANELLES:[mMITOHIFI_MITOHIFI_READS                -[K
[2m[[0;34m-        [0;2m] [0;2mSANGERTOL_GENOMEASSEMBLY:GENOMEASSEMBLY:ORGANELLES:[mMITOHIFI_MITOHIFI_CONTIGS              -[K
[2m[[0;34m-        [0;2m] [0;2mSANGERTOL_GENOMEASSEMBLY:GENOMEASSEMBLY:ORGANELLES:[mOATK                                   -[K
[3;2mPlus [1m16[0;3;2m more processes waiting for tasks…[m[K
[27A
[2m[[0;34m-        [0;2m] [0;2mSANGERTOL_GENOMEASSEMBLY:GENOMEASSEMBLY:GENOMESCOPE_MODEL:[mCAT_CAT_READS                   -[K
[2m[[0;34m-        [0;2m] [0;2mSANGERTOL_GENOMEASSEMBLY:GENOMEASSEMBLY:GENOMESCOPE_MODEL:[mFASTK_FASTK                     -[K
[2m[[0;34m-        [0;2m] [0;2mSANGERTOL_GENOMEASSEMBLY:GENOMEASSEMBLY:GENOMESCOPE_MODEL:[mFASTK_HISTEX                    -[K
[2m[[0;34m-        [0;2m] [0;2mSANGERTOL_GENOMEASSEMBLY:GENOMEASSEMBLY:GENOMESCOPE_MODEL:TRIO_PROCESS:[mYAK_COUNT_PAT      -[K
[2m[[0;34m-        [0;2m] [0;2mSANGERTOL_GENOMEASSEMBLY:GENOMEASSEMBLY:GENOMESCOPE_MODEL:TRIO_PROCESS:[mFASTK_PAT          -[K
[2m[[0;34m-        [0;2m] [0;2mSANGERTOL_GENOMEASSEMBLY:GENOMEASSEMBLY:GENOMESCOPE_MODEL:TRIO_PROCESS:[mYAK_COUNT_MAT      -[K
[2m[[0;34m-        [0;2m] [0;2mSANGERTOL_GENOMEASSEMBLY:GENOMEASSEMBLY:GENOMESCOPE_MODEL:TRIO_PROCESS:[mFASTK_MAT          -[K
[2m[[0;34m-        [0;2m] [0;2mSANGERTOL_GENOMEASSEMBLY:GENOMEASSEMBLY:GENOMESCOPE_MODEL:TRIO_PROCESS:[mMERQURYFK_HAPMAKER -[K
[2m[[0;34m-        [0;2m] [0;2mSANGERTOL_GENOMEASSEMBLY:GENOMEASSEMBLY:GENOMESCOPE_MODEL:[mGENESCOPEFK                     -[K
[2m[[0;34m-        [0;2m] [0;2mSANGERTOL_GENOMEASSEMBLY:GENOMEASSEMBLY:RAW_ASSEMBLY:[mHIFIASM_PRI                          -[K
[2m[[0;34m-        [0;2m] [0;2mSANGERTOL_GENOMEASSEMBLY:GENOMEASSEMBLY:RAW_ASSEMBLY:[mGFA_TO_FASTA_PRI                     -[K
[2m[[0;34m-        [0;2m] [0;2mSANGERTOL_GENOMEASSEMBLY:GENOMEASSEMBLY:RAW_ASSEMBLY:[mGFA_TO_FASTA_ALT                     -[K
[2m[[0;34m-        [0;2m] [0;2mSANGERTOL_GENOMEASSEMBLY:GENOMEASSEMBLY:RAW_ASSEMBLY:[mHIFIASM_HIC                          -[K
[2m[[0;34m-        [0;2m] [0;2mSANGERTOL_GENOMEASSEMBLY:GENOMEASSEMBLY:RAW_ASSEMBLY:[mGFA_TO_FASTA_HAP1_HIC                -[K
[2m[[0;34m-        [0;2m] [0;2mSANGERTOL_GENOMEASSEMBLY:GENOMEASSEMBLY:RAW_ASSEMBLY:[mGFA_TO_FASTA_HAP2_HIC                -[K
[2m[[0;34m-        [0;2m] [0;2mSANGERTOL_GENOMEASSEMBLY:GENOMEASSEMBLY:GENOME_STATISTICS_RAW:[mGFASTATS_PRI                -[K
[2m[[0;34m-        [0;2m] [0;2mSANGERTOL_GENOMEASSEMBLY:GENOMEASSEMBLY:GENOME_STATISTICS_RAW:[mGFASTATS_HAP                -[K
[2m[[0;34m-        [0;2m] [0;2mSANGERTOL_GENOMEASSEMBLY:GENOMEASSEMBLY:GENOME_STATISTICS_RAW:[mBUSCO_PRI                   -[K
[2m[[0;34m-        [0;2m] [0;2mSANGERTOL_GENOMEASSEMBLY:GENOMEASSEMBLY:GENOME_STATISTICS_RAW:[mMERQURYFK_MERQURYFK         -[K
[2m[[0;34m-        [0;2m] [0;2mSANGERTOL_GENOMEASSEMBLY:GENOMEASSEMBLY:[mCAT_CAT_RAW                                       -[K
[2m[[0;34m-        [0;2m] [0;2mSANGERTOL_GENOMEASSEMBLY:GENOMEASSEMBLY:[mCAT_CAT_MITOHIFI_READS                            -[K
[2m[[0;34m-        [0;2m] [0;2mSANGERTOL_GENOMEASSEMBLY:GENOMEASSEMBLY:ORGANELLES:[mMITOHIFI_FINDMITOREFERENCE             -[K
[2m[[0;34m-        [0;2m] [0;2mSANGERTOL_GENOMEASSEMBLY:GENOMEASSEMBLY:ORGANELLES:[mMITOHIFI_MITOHIFI_READS                -[K
[2m[[0;34m-        [0;2m] [0;2mSANGERTOL_GENOMEASSEMBLY:GENOMEASSEMBLY:ORGANELLES:[mMITOHIFI_MITOHIFI_CONTIGS              -[K
[2m[[0;34m-        [0;2m] [0;2mSANGERTOL_GENOMEASSEMBLY:GENOMEASSEMBLY:ORGANELLES:[mOATK                                   -[K
[3;2mPlus [1m21[0;3;2m more processes waiting for tasks…[m[K
[27A
[2m[[0;34m-        [0;2m] [0;2mSANGERTOL_GENOMEASSEMBLY:GENOMEASSEMBLY:GENOMESCOPE_MODEL:[mCAT_CAT_READS                                       -[K
[2m[[0;34m-        [0;2m] [0;2mSANGERTOL_GENOMEASSEMBLY:GENOMEASSEMBLY:GENOMESCOPE_MODEL:[mFASTK_FASTK                                         -[K
[2m[[0;34m-        [0;2m] [0;2mSANGERTOL_GENOMEASSEMBLY:GENOMEASSEMBLY:GENOMESCOPE_MODEL:[mFASTK_HISTEX                                        -[K
[2m[[0;34m-        [0;2m] [0;2mSANGERTOL_GENOMEASSEMBLY:GENOMEASSEMBLY:GENOMESCOPE_MODEL:TRIO_PROCESS:[mYAK_COUNT_PAT                          -[K
[2m[[0;34m-        [0;2m] [0;2mSANGERTOL_GENOMEASSEMBLY:GENOMEASSEMBLY:GENOMESCOPE_MODEL:TRIO_PROCESS:[mFASTK_PAT                              -[K
[2m[[0;34m-        [0;2m] [0;2mSANGERTOL_GENOMEASSEMBLY:GENOMEASSEMBLY:GENOMESCOPE_MODEL:TRIO_PROCESS:[mYAK_COUNT_MAT                          -[K
[2m[[0;34m-        [0;2m] [0;2mSANGERTOL_GENOMEASSEMBLY:GENOMEASSEMBLY:GENOMESCOPE_MODEL:TRIO_PROCESS:[mFASTK_MAT                              -[K
[2m[[0;34m-        [0;2m] [0;2mSANGERTOL_GENOMEASSEMBLY:GENOMEASSEMBLY:GENOMESCOPE_MODEL:TRIO_PROCESS:[mMERQURYFK_HAPMAKER                     -[K
[2m[[0;34m-        [0;2m] [0;2mSANGERTOL_GENOMEASSEMBLY:GENOMEASSEMBLY:GENOMESCOPE_MODEL:[mGENESCOPEFK                                         -[K
[2m[[0;34m-        [0;2m] [0;2mSANGERTOL_GENOMEASSEMBLY:GENOMEASSEMBLY:RAW_ASSEMBLY:[mHIFIASM_PRI                                              -[K
[2m[[0;34m-        [0;2m] [0;2mSANGERTOL_GENOMEASSEMBLY:GENOMEASSEMBLY:RAW_ASSEMBLY:[mGFA_TO_FASTA_PRI                                         -[K
[2m[[0;34m-        [0;2m] [0;2mSANGERTOL_GENOMEASSEMBLY:GENOMEASSEMBLY:RAW_ASSEMBLY:[mGFA_TO_FASTA_ALT                                         -[K
[2m[[0;34m-        [0;2m] [0;2mSANGERTOL_GENOMEASSEMBLY:GENOMEASSEMBLY:RAW_ASSEMBLY:[mHIFIASM_HIC                                              -[K
[2m[[0;34m-        [0;2m] [0;2mSANGERTOL_GENOMEASSEMBLY:GENOMEASSEMBLY:RAW_ASSEMBLY:[mGFA_TO_FASTA_HAP1_HIC                                    -[K
[2m[[0;34m-        [0;2m] [0;2mSANGERTOL_GENOMEASSEMBLY:GENOMEASSEMBLY:RAW_ASSEMBLY:[mGFA_TO_FASTA_HAP2_HIC                                    -[K
[2m[[0;34m-        [0;2m] [0;2mSANGERTOL_GENOMEASSEMBLY:GENOMEASSEMBLY:GENOME_STATISTICS_RAW:[mGFASTATS_PRI                                    -[K
[2m[[0;34m-        [0;2m] [0;2mSANGERTOL_GENOMEASSEMBLY:GENOMEASSEMBLY:GENOME_STATISTICS_RAW:[mGFASTATS_HAP                                    -[K
[2m[[0;34m-        [0;2m] [0;2mSANGERTOL_GENOMEASSEMBLY:GENOMEASSEMBLY:GENOME_STATISTICS_RAW:[mBUSCO_PRI                                       -[K
[2m[[0;34m-        [0;2m] [0;2mSANGERTOL_GENOMEASSEMBLY:GENOMEASSEMBLY:GENOME_STATISTICS_RAW:[mMERQURYFK_MERQURYFK                             -[K
[2m[[0;34m-        [0;2m] [0;2mSANGERTOL_GENOMEASSEMBLY:GENOMEASSEMBLY:[mCAT_CAT_RAW                                                           -[K
[2m[[0;34m-        [0;2m] [0;2mSANGERTOL_GENOMEASSEMBLY:GENOMEASSEMBLY:[mCAT_CAT_MITOHIFI_READS                                                -[K
[2m[[0;34m-        [0;2m] [0;2mSANGERTOL_GENOMEASSEMBLY:GENOMEASSEMBLY:ORGANELLES:[mMITOHIFI_FINDMITOREFERENCE                                 -[K
[2m[[0;34m-        [0;2m] [0;2mSANGERTOL_GENOMEASSEMBLY:GENOMEASSEMBLY:ORGANELLES:[mMITOHIFI_MITOHIFI_READS                                    -[K
[2m[[0;34m-        [0;2m] [0;2mSANGERTOL_GENOMEASSEMBLY:GENOMEASSEMBLY:ORGANELLES:[mMITOHIFI_MITOHIFI_CONTIGS                                  -[K
[2m[[0;34m-        [0;2m] [0;2mSANGERTOL_GENOMEASSEMBLY:GENOMEASSEMBLY:ORGANELLES:[mOATK                                                       -[K
[3;2mPlus [1m24[0;3;2m more processes waiting for tasks…[m[K
[27A
[2m[[0;34m-        [0;2m] [0;2mSANGERTOL_GENOMEASSEMBLY:GENOMEASSEMBLY:GENOMESCOPE_MODEL:[mCAT_CAT_READS                                       -[K
[2m[[0;34m-        [0;2m] [0;2mSANGERTOL_GENOMEASSEMBLY:GENOMEASSEMBLY:GENOMESCOPE_MODEL:[mFASTK_FASTK                                         -[K
[2m[[0;34m-        [0;2m] [0;2mSANGERTOL_GENOMEASSEMBLY:GENOMEASSEMBLY:GENOMESCOPE_MODEL:[mFASTK_HISTEX                                        -[K
[2m[[0;34m-        [0;2m] [0;2mSANGERTOL_GENOMEASSEMBLY:GENOMEASSEMBLY:GENOMESCOPE_MODEL:TRIO_PROCESS:[mYAK_COUNT_PAT                          -[K
[2m[[0;34m-        [0;2m] [0;2mSANGERTOL_GENOMEASSEMBLY:GENOMEASSEMBLY:GENOMESCOPE_MODEL:TRIO_PROCESS:[mFASTK_PAT                              -[K
[2m[[0;34m-        [0;2m] [0;2mSANGERTOL_GENOMEASSEMBLY:GENOMEASSEMBLY:GENOMESCOPE_MODEL:TRIO_PROCESS:[mYAK_COUNT_MAT                          -[K
[2m[[0;34m-        [0;2m] [0;2mSANGERTOL_GENOMEASSEMBLY:GENOMEASSEMBLY:GENOMESCOPE_MODEL:TRIO_PROCESS:[mFASTK_MAT                              -[K
[2m[[0;34m-        [0;2m] [0;2mSANGERTOL_GENOMEASSEMBLY:GENOMEASSEMBLY:GENOMESCOPE_MODEL:TRIO_PROCESS:[mMERQURYFK_HAPMAKER                     -[K
[2m[[0;34m-        [0;2m] [0;2mSANGERTOL_GENOMEASSEMBLY:GENOMEASSEMBLY:GENOMESCOPE_MODEL:[mGENESCOPEFK                                         -[K
[2m[[0;34m-        [0;2m] [0;2mSANGERTOL_GENOMEASSEMBLY:GENOMEASSEMBLY:RAW_ASSEMBLY:[mHIFIASM_PRI                                              -[K
[2m[[0;34m-        [0;2m] [0;2mSANGERTOL_GENOMEASSEMBLY:GENOMEASSEMBLY:RAW_ASSEMBLY:[mGFA_TO_FASTA_PRI                                         -[K
[2m[[0;34m-        [0;2m] [0;2mSANGERTOL_GENOMEASSEMBLY:GENOMEASSEMBLY:RAW_ASSEMBLY:[mGFA_TO_FASTA_ALT                                         -[K
[2m[[0;34m-        [0;2m] [0;2mSANGERTOL_GENOMEASSEMBLY:GENOMEASSEMBLY:RAW_ASSEMBLY:[mHIFIASM_HIC                                              -[K
[2m[[0;34m-        [0;2m] [0;2mSANGERTOL_GENOMEASSEMBLY:GENOMEASSEMBLY:RAW_ASSEMBLY:[mGFA_TO_FASTA_HAP1_HIC                                    -[K
[2m[[0;34m-        [0;2m] [0;2mSANGERTOL_GENOMEASSEMBLY:GENOMEASSEMBLY:RAW_ASSEMBLY:[mGFA_TO_FASTA_HAP2_HIC                                    -[K
[2m[[0;34m-        [0;2m] [0;2mSANGERTOL_GENOMEASSEMBLY:GENOMEASSEMBLY:GENOME_STATISTICS_RAW:[mGFASTATS_PRI                                    -[K
[2m[[0;34m-        [0;2m] [0;2mSANGERTOL_GENOMEASSEMBLY:GENOMEASSEMBLY:GENOME_STATISTICS_RAW:[mGFASTATS_HAP                                    -[K
[2m[[0;34m-        [0;2m] [0;2mSANGERTOL_GENOMEASSEMBLY:GENOMEASSEMBLY:GENOME_STATISTICS_RAW:[mBUSCO_PRI                                       -[K
[2m[[0;34m-        [0;2m] [0;2mSANGERTOL_GENOMEASSEMBLY:GENOMEASSEMBLY:GENOME_STATISTICS_RAW:[mMERQURYFK_MERQURYFK                             -[K
[2m[[0;34m-        [0;2m] [0;2mSANGERTOL_GENOMEASSEMBLY:GENOMEASSEMBLY:[mCAT_CAT_RAW                                                           -[K
[2m[[0;34m-        [0;2m] [0;2mSANGERTOL_GENOMEASSEMBLY:GENOMEASSEMBLY:[mCAT_CAT_MITOHIFI_READS                                                -[K
[2m[[0;34m-        [0;2m] [0;2mSANGERTOL_GENOMEASSEMBLY:GENOMEASSEMBLY:ORGANELLES:[mMITOHIFI_FINDMITOREFERENCE                                 -[K
[2m[[0;34m-        [0;2m] [0;2mSANGERTOL_GENOMEASSEMBLY:GENOMEASSEMBLY:ORGANELLES:[mMITOHIFI_MITOHIFI_READS                                    -[K
[2m[[0;34m-        [0;2m] [0;2mSANGERTOL_GENOMEASSEMBLY:GENOMEASSEMBLY:ORGANELLES:[mMITOHIFI_MITOHIFI_CONTIGS                                  -[K
[2m[[0;34m-        [0;2m] [0;2mSANGERTOL_GENOMEASSEMBLY:GENOMEASSEMBLY:ORGANELLES:[mOATK                                                       -[K
[3;2mPlus [1m27[0;3;2m more processes waiting for tasks…[m[K
[27A
[2m[[0;34m-        [0;2m] [0;2mSANGERTOL_GENOMEASSEMBLY:GENOMEASSEMBLY:GENOMESCOPE_MODEL:[mCAT_CAT_READS                                       -[K
[2m[[0;34m-        [0;2m] [0;2mSANGERTOL_GENOMEASSEMBLY:GENOMEASSEMBLY:GENOMESCOPE_MODEL:[mFASTK_FASTK                                         -[K
[2m[[0;34m-        [0;2m] [0;2mSANGERTOL_GENOMEASSEMBLY:GENOMEASSEMBLY:GENOMESCOPE_MODEL:[mFASTK_HISTEX                                        -[K
[2m[[0;34m-        [0;2m] [0;2mSANGERTOL_GENOMEASSEMBLY:GENOMEASSEMBLY:GENOMESCOPE_MODEL:TRIO_PROCESS:[mYAK_COUNT_PAT                          -[K
[2m[[0;34m-        [0;2m] [0;2mSANGERTOL_GENOMEASSEMBLY:GENOMEASSEMBLY:GENOMESCOPE_MODEL:TRIO_PROCESS:[mFASTK_PAT                              -[K
[2m[[0;34m-        [0;2m] [0;2mSANGERTOL_GENOMEASSEMBLY:GENOMEASSEMBLY:GENOMESCOPE_MODEL:TRIO_PROCESS:[mYAK_COUNT_MAT                          -[K
[2m[[0;34m-        [0;2m] [0;2mSANGERTOL_GENOMEASSEMBLY:GENOMEASSEMBLY:GENOMESCOPE_MODEL:TRIO_PROCESS:[mFASTK_MAT                              -[K
[2m[[0;34m-        [0;2m] [0;2mSANGERTOL_GENOMEASSEMBLY:GENOMEASSEMBLY:GENOMESCOPE_MODEL:TRIO_PROCESS:[mMERQURYFK_HAPMAKER                     -[K
[2m[[0;34m-        [0;2m] [0;2mSANGERTOL_GENOMEASSEMBLY:GENOMEASSEMBLY:GENOMESCOPE_MODEL:[mGENESCOPEFK                                         -[K
[2m[[0;34m-        [0;2m] [0;2mSANGERTOL_GENOMEASSEMBLY:GENOMEASSEMBLY:RAW_ASSEMBLY:[mHIFIASM_PRI                                              -[K
[2m[[0;34m-        [0;2m] [0;2mSANGERTOL_GENOMEASSEMBLY:GENOMEASSEMBLY:RAW_ASSEMBLY:[mGFA_TO_FASTA_PRI                                         -[K
[2m[[0;34m-        [0;2m] [0;2mSANGERTOL_GENOMEASSEMBLY:GENOMEASSEMBLY:RAW_ASSEMBLY:[mGFA_TO_FASTA_ALT                                         -[K
[2m[[0;34m-        [0;2m] [0;2mSANGERTOL_GENOMEASSEMBLY:GENOMEASSEMBLY:RAW_ASSEMBLY:[mHIFIASM_HIC                                              -[K
[2m[[0;34m-        [0;2m] [0;2mSANGERTOL_GENOMEASSEMBLY:GENOMEASSEMBLY:RAW_ASSEMBLY:[mGFA_TO_FASTA_HAP1_HIC                                    -[K
[2m[[0;34m-        [0;2m] [0;2mSANGERTOL_GENOMEASSEMBLY:GENOMEASSEMBLY:RAW_ASSEMBLY:[mGFA_TO_FASTA_HAP2_HIC                                    -[K
[2m[[0;34m-        [0;2m] [0;2mSANGERTOL_GENOMEASSEMBLY:GENOMEASSEMBLY:GENOME_STATISTICS_RAW:[mGFASTATS_PRI                                    -[K
[2m[[0;34m-        [0;2m] [0;2mSANGERTOL_GENOMEASSEMBLY:GENOMEASSEMBLY:GENOME_STATISTICS_RAW:[mGFASTATS_HAP                                    -[K
[2m[[0;34m-        [0;2m] [0;2mSANGERTOL_GENOMEASSEMBLY:GENOMEASSEMBLY:GENOME_STATISTICS_RAW:[mBUSCO_PRI                                       -[K
[2m[[0;34m-        [0;2m] [0;2mSANGERTOL_GENOMEASSEMBLY:GENOMEASSEMBLY:GENOME_STATISTICS_RAW:[mMERQURYFK_MERQURYFK                             -[K
[2m[[0;34m-        [0;2m] [0;2mSANGERTOL_GENOMEASSEMBLY:GENOMEASSEMBLY:[mCAT_CAT_RAW                                                           -[K
[2m[[0;34m-        [0;2m] [0;2mSANGERTOL_GENOMEASSEMBLY:GENOMEASSEMBLY:[mCAT_CAT_MITOHIFI_READS                                                -[K
[2m[[0;34m-        [0;2m] [0;2mSANGERTOL_GENOMEASSEMBLY:GENOMEASSEMBLY:ORGANELLES:[mMITOHIFI_FINDMITOREFERENCE                                 -[K
[2m[[0;34m-        [0;2m] [0;2mSANGERTOL_GENOMEASSEMBLY:GENOMEASSEMBLY:ORGANELLES:[mMITOHIFI_MITOHIFI_READS                                    -[K
[2m[[0;34m-        [0;2m] [0;2mSANGERTOL_GENOMEASSEMBLY:GENOMEASSEMBLY:ORGANELLES:[mMITOHIFI_MITOHIFI_CONTIGS                                  -[K
[2m[[0;34m-        [0;2m] [0;2mSANGERTOL_GENOMEASSEMBLY:GENOMEASSEMBLY:ORGANELLES:[mOATK                                                       -[K
[3;2mPlus [1m32[0;3;2m more processes waiting for tasks…[m[K
[27A
[2m[[0;34m-        [0;2m] [0;2mSANGERTOL_GENOMEASSEMBLY:GENOMEASSEMBLY:GENOMESCOPE_MODEL:[mCAT_CAT_READS                                       -[K
[2m[[0;34m-        [0;2m] [0;2mSANGERTOL_GENOMEASSEMBLY:GENOMEASSEMBLY:GENOMESCOPE_MODEL:[mFASTK_FASTK                                         -[K
[2m[[0;34m-        [0;2m] [0;2mSANGERTOL_GENOMEASSEMBLY:GENOMEASSEMBLY:GENOMESCOPE_MODEL:[mFASTK_HISTEX                                        -[K
[2m[[0;34m-        [0;2m] [0;2mSANGERTOL_GENOMEASSEMBLY:GENOMEASSEMBLY:GENOMESCOPE_MODEL:TRIO_PROCESS:[mYAK_COUNT_PAT                          -[K
[2m[[0;34m-        [0;2m] [0;2mSANGERTOL_GENOMEASSEMBLY:GENOMEASSEMBLY:GENOMESCOPE_MODEL:TRIO_PROCESS:[mFASTK_PAT                              -[K
[2m[[0;34m-        [0;2m] [0;2mSANGERTOL_GENOMEASSEMBLY:GENOMEASSEMBLY:GENOMESCOPE_MODEL:TRIO_PROCESS:[mYAK_COUNT_MAT                          -[K
[2m[[0;34m-        [0;2m] [0;2mSANGERTOL_GENOMEASSEMBLY:GENOMEASSEMBLY:GENOMESCOPE_MODEL:TRIO_PROCESS:[mFASTK_MAT                              -[K
[2m[[0;34m-        [0;2m] [0;2mSANGERTOL_GENOMEASSEMBLY:GENOMEASSEMBLY:GENOMESCOPE_MODEL:TRIO_PROCESS:[mMERQURYFK_HAPMAKER                     -[K
[2m[[0;34m-        [0;2m] [0;2mSANGERTOL_GENOMEASSEMBLY:GENOMEASSEMBLY:GENOMESCOPE_MODEL:[mGENESCOPEFK                                         -[K
[2m[[0;34m-        [0;2m] [0;2mSANGERTOL_GENOMEASSEMBLY:GENOMEASSEMBLY:RAW_ASSEMBLY:[mHIFIASM_PRI                                              -[K
[2m[[0;34m-        [0;2m] [0;2mSANGERTOL_GENOMEASSEMBLY:GENOMEASSEMBLY:RAW_ASSEMBLY:[mGFA_TO_FASTA_PRI                                         -[K
[2m[[0;34m-        [0;2m] [0;2mSANGERTOL_GENOMEASSEMBLY:GENOMEASSEMBLY:RAW_ASSEMBLY:[mGFA_TO_FASTA_ALT                                         -[K
[2m[[0;34m-        [0;2m] [0;2mSANGERTOL_GENOMEASSEMBLY:GENOMEASSEMBLY:RAW_ASSEMBLY:[mHIFIASM_HIC                                              -[K
[2m[[0;34m-        [0;2m] [0;2mSANGERTOL_GENOMEASSEMBLY:GENOMEASSEMBLY:RAW_ASSEMBLY:[mGFA_TO_FASTA_HAP1_HIC                                    -[K
[2m[[0;34m-        [0;2m] [0;2mSANGERTOL_GENOMEASSEMBLY:GENOMEASSEMBLY:RAW_ASSEMBLY:[mGFA_TO_FASTA_HAP2_HIC                                    -[K
[2m[[0;34m-        [0;2m] [0;2mSANGERTOL_GENOMEASSEMBLY:GENOMEASSEMBLY:GENOME_STATISTICS_RAW:[mGFASTATS_PRI                                    -[K
[2m[[0;34m-        [0;2m] [0;2mSANGERTOL_GENOMEASSEMBLY:GENOMEASSEMBLY:GENOME_STATISTICS_RAW:[mGFASTATS_HAP                                    -[K
[2m[[0;34m-        [0;2m] [0;2mSANGERTOL_GENOMEASSEMBLY:GENOMEASSEMBLY:GENOME_STATISTICS_RAW:[mBUSCO_PRI                                       -[K
[2m[[0;34m-        [0;2m] [0;2mSANGERTOL_GENOMEASSEMBLY:GENOMEASSEMBLY:GENOME_STATISTICS_RAW:[mMERQURYFK_MERQURYFK                             -[K
[2m[[0;34m-        [0;2m] [0;2mSANGERTOL_GENOMEASSEMBLY:GENOMEASSEMBLY:[mCAT_CAT_RAW                                                           -[K
[2m[[0;34m-        [0;2m] [0;2mSANGERTOL_GENOMEASSEMBLY:GENOMEASSEMBLY:[mCAT_CAT_MITOHIFI_READS                                                -[K
[2m[[0;34m-        [0;2m] [0;2mSANGERTOL_GENOMEASSEMBLY:GENOMEASSEMBLY:ORGANELLES:[mMITOHIFI_FINDMITOREFERENCE                                 -[K
[2m[[0;34m-        [0;2m] [0;2mSANGERTOL_GENOMEASSEMBLY:GENOMEASSEMBLY:ORGANELLES:[mMITOHIFI_MITOHIFI_READS                                    -[K
[2m[[0;34m-        [0;2m] [0;2mSANGERTOL_GENOMEASSEMBLY:GENOMEASSEMBLY:ORGANELLES:[mMITOHIFI_MITOHIFI_CONTIGS                                  -[K
[2m[[0;34m-        [0;2m] [0;2mSANGERTOL_GENOMEASSEMBLY:GENOMEASSEMBLY:ORGANELLES:[mOATK                                                       -[K
[3;2mPlus [1m36[0;3;2m more processes waiting for tasks…[m[K
[27A
[2m[[0;34m-        [0;2m] [0;2mSANGERTOL_GENOMEASSEMBLY:GENOMEASSEMBLY:GENOMESCOPE_MODEL:[mCAT_CAT_READS                                       -[K
[2m[[0;34m-        [0;2m] [0;2mSANGERTOL_GENOMEASSEMBLY:GENOMEASSEMBLY:GENOMESCOPE_MODEL:[mFASTK_FASTK                                         -[K
[2m[[0;34m-        [0;2m] [0;2mSANGERTOL_GENOMEASSEMBLY:GENOMEASSEMBLY:GENOMESCOPE_MODEL:[mFASTK_HISTEX                                        -[K
[2m[[0;34m-        [0;2m] [0;2mSANGERTOL_GENOMEASSEMBLY:GENOMEASSEMBLY:GENOMESCOPE_MODEL:TRIO_PROCESS:[mYAK_COUNT_PAT                          -[K
[2m[[0;34m-        [0;2m] [0;2mSANGERTOL_GENOMEASSEMBLY:GENOMEASSEMBLY:GENOMESCOPE_MODEL:TRIO_PROCESS:[mFASTK_PAT                              -[K
[2m[[0;34m-        [0;2m] [0;2mSANGERTOL_GENOMEASSEMBLY:GENOMEASSEMBLY:GENOMESCOPE_MODEL:TRIO_PROCESS:[mYAK_COUNT_MAT                          -[K
[2m[[0;34m-        [0;2m] [0;2mSANGERTOL_GENOMEASSEMBLY:GENOMEASSEMBLY:GENOMESCOPE_MODEL:TRIO_PROCESS:[mFASTK_MAT                              -[K
[2m[[0;34m-        [0;2m] [0;2mSANGERTOL_GENOMEASSEMBLY:GENOMEASSEMBLY:GENOMESCOPE_MODEL:TRIO_PROCESS:[mMERQURYFK_HAPMAKER                     -[K
[2m[[0;34m-        [0;2m] [0;2mSANGERTOL_GENOMEASSEMBLY:GENOMEASSEMBLY:GENOMESCOPE_MODEL:[mGENESCOPEFK                                         -[K
[2m[[0;34m-        [0;2m] [0;2mSANGERTOL_GENOMEASSEMBLY:GENOMEASSEMBLY:RAW_ASSEMBLY:[mHIFIASM_PRI                                              -[K
[2m[[0;34m-        [0;2m] [0;2mSANGERTOL_GENOMEASSEMBLY:GENOMEASSEMBLY:RAW_ASSEMBLY:[mGFA_TO_FASTA_PRI                                         -[K
[2m[[0;34m-        [0;2m] [0;2mSANGERTOL_GENOMEASSEMBLY:GENOMEASSEMBLY:RAW_ASSEMBLY:[mGFA_TO_FASTA_ALT                                         -[K
[2m[[0;34m-        [0;2m] [0;2mSANGERTOL_GENOMEASSEMBLY:GENOMEASSEMBLY:RAW_ASSEMBLY:[mHIFIASM_HIC                                              -[K
[2m[[0;34m-        [0;2m] [0;2mSANGERTOL_GENOMEASSEMBLY:GENOMEASSEMBLY:RAW_ASSEMBLY:[mGFA_TO_FASTA_HAP1_HIC                                    -[K
[2m[[0;34m-        [0;2m] [0;2mSANGERTOL_GENOMEASSEMBLY:GENOMEASSEMBLY:RAW_ASSEMBLY:[mGFA_TO_FASTA_HAP2_HIC                                    -[K
[2m[[0;34m-        [0;2m] [0;2mSANGERTOL_GENOMEASSEMBLY:GENOMEASSEMBLY:GENOME_STATISTICS_RAW:[mGFASTATS_PRI                                    -[K
[2m[[0;34m-        [0;2m] [0;2mSANGERTOL_GENOMEASSEMBLY:GENOMEASSEMBLY:GENOME_STATISTICS_RAW:[mGFASTATS_HAP                                    -[K
[2m[[0;34m-        [0;2m] [0;2mSANGERTOL_GENOMEASSEMBLY:GENOMEASSEMBLY:GENOME_STATISTICS_RAW:[mBUSCO_PRI                                       -[K
[2m[[0;34m-        [0;2m] [0;2mSANGERTOL_GENOMEASSEMBLY:GENOMEASSEMBLY:GENOME_STATISTICS_RAW:[mMERQURYFK_MERQURYFK                             -[K
[2m[[0;34m-        [0;2m] [0;2mSANGERTOL_GENOMEASSEMBLY:GENOMEASSEMBLY:[mCAT_CAT_RAW                                                           -[K
[2m[[0;34m-        [0;2m] [0;2mSANGERTOL_GENOMEASSEMBLY:GENOMEASSEMBLY:[mCAT_CAT_MITOHIFI_READS                                                -[K
[2m[[0;34m-        [0;2m] [0;2mSANGERTOL_GENOMEASSEMBLY:GENOMEASSEMBLY:ORGANELLES:[mMITOHIFI_FINDMITOREFERENCE                                 -[K
[2m[[0;34m-        [0;2m] [0;2mSANGERTOL_GENOMEASSEMBLY:GENOMEASSEMBLY:ORGANELLES:[mMITOHIFI_MITOHIFI_READS                                    -[K
[2m[[0;34m-        [0;2m] [0;2mSANGERTOL_GENOMEASSEMBLY:GENOMEASSEMBLY:ORGANELLES:[mMITOHIFI_MITOHIFI_CONTIGS                                  -[K
[2m[[0;34m-        [0;2m] [0;2mSANGERTOL_GENOMEASSEMBLY:GENOMEASSEMBLY:ORGANELLES:[mOATK                                                       -[K
[3;2mPlus [1m44[0;3;2m more processes waiting for tasks…[m[K
[27A
[2m[[0;34m-        [0;2m] [0;2mSANGERTOL_GENOMEASSEMBLY:GENOMEASSEMBLY:GENOMESCOPE_MODEL:[mCAT_CAT_READS                                       -[K
[2m[[0;34m-        [0;2m] [0;2mSANGERTOL_GENOMEASSEMBLY:GENOMEASSEMBLY:GENOMESCOPE_MODEL:[mFASTK_FASTK                                         -[K
[2m[[0;34m-        [0;2m] [0;2mSANGERTOL_GENOMEASSEMBLY:GENOMEASSEMBLY:GENOMESCOPE_MODEL:[mFASTK_HISTEX                                        -[K
[2m[[0;34m-        [0;2m] [0;2mSANGERTOL_GENOMEASSEMBLY:GENOMEASSEMBLY:GENOMESCOPE_MODEL:TRIO_PROCESS:[mYAK_COUNT_PAT                          -[K
[2m[[0;34m-        [0;2m] [0;2mSANGERTOL_GENOMEASSEMBLY:GENOMEASSEMBLY:GENOMESCOPE_MODEL:TRIO_PROCESS:[mFASTK_PAT                              -[K
[2m[[0;34m-        [0;2m] [0;2mSANGERTOL_GENOMEASSEMBLY:GENOMEASSEMBLY:GENOMESCOPE_MODEL:TRIO_PROCESS:[mYAK_COUNT_MAT                          -[K
[2m[[0;34m-        [0;2m] [0;2mSANGERTOL_GENOMEASSEMBLY:GENOMEASSEMBLY:GENOMESCOPE_MODEL:TRIO_PROCESS:[mFASTK_MAT                              -[K
[2m[[0;34m-        [0;2m] [0;2mSANGERTOL_GENOMEASSEMBLY:GENOMEASSEMBLY:GENOMESCOPE_MODEL:TRIO_PROCESS:[mMERQURYFK_HAPMAKER                     -[K
[2m[[0;34m-        [0;2m] [0;2mSANGERTOL_GENOMEASSEMBLY:GENOMEASSEMBLY:GENOMESCOPE_MODEL:[mGENESCOPEFK                                         -[K
[2m[[0;34m-        [0;2m] [0;2mSANGERTOL_GENOMEASSEMBLY:GENOMEASSEMBLY:RAW_ASSEMBLY:[mHIFIASM_PRI                                              -[K
[2m[[0;34m-        [0;2m] [0;2mSANGERTOL_GENOMEASSEMBLY:GENOMEASSEMBLY:RAW_ASSEMBLY:[mGFA_TO_FASTA_PRI                                         -[K
[2m[[0;34m-        [0;2m] [0;2mSANGERTOL_GENOMEASSEMBLY:GENOMEASSEMBLY:RAW_ASSEMBLY:[mGFA_TO_FASTA_ALT                                         -[K
[2m[[0;34m-        [0;2m] [0;2mSANGERTOL_GENOMEASSEMBLY:GENOMEASSEMBLY:RAW_ASSEMBLY:[mHIFIASM_HIC                                              -[K
[2m[[0;34m-        [0;2m] [0;2mSANGERTOL_GENOMEASSEMBLY:GENOMEASSEMBLY:RAW_ASSEMBLY:[mGFA_TO_FASTA_HAP1_HIC                                    -[K
[2m[[0;34m-        [0;2m] [0;2mSANGERTOL_GENOMEASSEMBLY:GENOMEASSEMBLY:RAW_ASSEMBLY:[mGFA_TO_FASTA_HAP2_HIC                                    -[K
[2m[[0;34m-        [0;2m] [0;2mSANGERTOL_GENOMEASSEMBLY:GENOMEASSEMBLY:GENOME_STATISTICS_RAW:[mGFASTATS_PRI                                    -[K
[2m[[0;34m-        [0;2m] [0;2mSANGERTOL_GENOMEASSEMBLY:GENOMEASSEMBLY:GENOME_STATISTICS_RAW:[mGFASTATS_HAP                                    -[K
[2m[[0;34m-        [0;2m] [0;2mSANGERTOL_GENOMEASSEMBLY:GENOMEASSEMBLY:GENOME_STATISTICS_RAW:[mBUSCO_PRI                                       -[K
[2m[[0;34m-        [0;2m] [0;2mSANGERTOL_GENOMEASSEMBLY:GENOMEASSEMBLY:GENOME_STATISTICS_RAW:[mMERQURYFK_MERQURYFK                             -[K
[2m[[0;34m-        [0;2m] [0;2mSANGERTOL_GENOMEASSEMBLY:GENOMEASSEMBLY:[mCAT_CAT_RAW                                                           -[K
[2m[[0;34m-        [0;2m] [0;2mSANGERTOL_GENOMEASSEMBLY:GENOMEASSEMBLY:[mCAT_CAT_MITOHIFI_READS                                                -[K
[2m[[0;34m-        [0;2m] [0;2mSANGERTOL_GENOMEASSEMBLY:GENOMEASSEMBLY:ORGANELLES:[mMITOHIFI_FINDMITOREFERENCE                                 -[K
[2m[[0;34m-        [0;2m] [0;2mSANGERTOL_GENOMEASSEMBLY:GENOMEASSEMBLY:ORGANELLES:[mMITOHIFI_MITOHIFI_READS                                    -[K
[2m[[0;34m-        [0;2m] [0;2mSANGERTOL_GENOMEASSEMBLY:GENOMEASSEMBLY:ORGANELLES:[mMITOHIFI_MITOHIFI_CONTIGS                                  -[K
[2m[[0;34m-        [0;2m] [0;2mSANGERTOL_GENOMEASSEMBLY:GENOMEASSEMBLY:ORGANELLES:[mOATK                                                       -[K
[3;2mPlus [1m47[0;3;2m more processes waiting for tasks…[m[K
[27A
[2m[[0;34m-        [0;2m] [0;2mSANGERTOL_GENOMEASSEMBLY:GENOMEASSEMBLY:GENOMESCOPE_MODEL:[mCAT_CAT_READS                                       -[K
[2m[[0;34m-        [0;2m] [0;2mSANGERTOL_GENOMEASSEMBLY:GENOMEASSEMBLY:GENOMESCOPE_MODEL:[mFASTK_FASTK                                         -[K
[2m[[0;34m-        [0;2m] [0;2mSANGERTOL_GENOMEASSEMBLY:GENOMEASSEMBLY:GENOMESCOPE_MODEL:[mFASTK_HISTEX                                        -[K
[2m[[0;34m-        [0;2m] [0;2mSANGERTOL_GENOMEASSEMBLY:GENOMEASSEMBLY:GENOMESCOPE_MODEL:TRIO_PROCESS:[mYAK_COUNT_PAT                          -[K
[2m[[0;34m-        [0;2m] [0;2mSANGERTOL_GENOMEASSEMBLY:GENOMEASSEMBLY:GENOMESCOPE_MODEL:TRIO_PROCESS:[mFASTK_PAT                              -[K
[2m[[0;34m-        [0;2m] [0;2mSANGERTOL_GENOMEASSEMBLY:GENOMEASSEMBLY:GENOMESCOPE_MODEL:TRIO_PROCESS:[mYAK_COUNT_MAT                          -[K
[2m[[0;34m-        [0;2m] [0;2mSANGERTOL_GENOMEASSEMBLY:GENOMEASSEMBLY:GENOMESCOPE_MODEL:TRIO_PROCESS:[mFASTK_MAT                              -[K
[2m[[0;34m-        [0;2m] [0;2mSANGERTOL_GENOMEASSEMBLY:GENOMEASSEMBLY:GENOMESCOPE_MODEL:TRIO_PROCESS:[mMERQURYFK_HAPMAKER                     -[K
[2m[[0;34m-        [0;2m] [0;2mSANGERTOL_GENOMEASSEMBLY:GENOMEASSEMBLY:GENOMESCOPE_MODEL:[mGENESCOPEFK                                         -[K
[2m[[0;34m-        [0;2m] [0;2mSANGERTOL_GENOMEASSEMBLY:GENOMEASSEMBLY:RAW_ASSEMBLY:[mHIFIASM_PRI                                              -[K
[2m[[0;34m-        [0;2m] [0;2mSANGERTOL_GENOMEASSEMBLY:GENOMEASSEMBLY:RAW_ASSEMBLY:[mGFA_TO_FASTA_PRI                                         -[K
[2m[[0;34m-        [0;2m] [0;2mSANGERTOL_GENOMEASSEMBLY:GENOMEASSEMBLY:RAW_ASSEMBLY:[mGFA_TO_FASTA_ALT                                         -[K
[2m[[0;34m-        [0;2m] [0;2mSANGERTOL_GENOMEASSEMBLY:GENOMEASSEMBLY:RAW_ASSEMBLY:[mHIFIASM_HIC                                              -[K
[2m[[0;34m-        [0;2m] [0;2mSANGERTOL_GENOMEASSEMBLY:GENOMEASSEMBLY:RAW_ASSEMBLY:[mGFA_TO_FASTA_HAP1_HIC                                    -[K
[2m[[0;34m-        [0;2m] [0;2mSANGERTOL_GENOMEASSEMBLY:GENOMEASSEMBLY:RAW_ASSEMBLY:[mGFA_TO_FASTA_HAP2_HIC                                    -[K
[2m[[0;34m-        [0;2m] [0;2mSANGERTOL_GENOMEASSEMBLY:GENOMEASSEMBLY:GENOME_STATISTICS_RAW:[mGFASTATS_PRI                                    -[K
[2m[[0;34m-        [0;2m] [0;2mSANGERTOL_GENOMEASSEMBLY:GENOMEASSEMBLY:GENOME_STATISTICS_RAW:[mGFASTATS_HAP                                    -[K
[2m[[0;34m-        [0;2m] [0;2mSANGERTOL_GENOMEASSEMBLY:GENOMEASSEMBLY:GENOME_STATISTICS_RAW:[mBUSCO_PRI                                       -[K
[2m[[0;34m-        [0;2m] [0;2mSANGERTOL_GENOMEASSEMBLY:GENOMEASSEMBLY:GENOME_STATISTICS_RAW:[mMERQURYFK_MERQURYFK                             -[K
[2m[[0;34m-        [0;2m] [0;2mSANGERTOL_GENOMEASSEMBLY:GENOMEASSEMBLY:[mCAT_CAT_RAW                                                           -[K
[2m[[0;34m-        [0;2m] [0;2mSANGERTOL_GENOMEASSEMBLY:GENOMEASSEMBLY:[mCAT_CAT_MITOHIFI_READS                                                -[K
[2m[[0;34m-        [0;2m] [0;2mSANGERTOL_GENOMEASSEMBLY:GENOMEASSEMBLY:ORGANELLES:[mMITOHIFI_FINDMITOREFERENCE                                 -[K
[2m[[0;34m-        [0;2m] [0;2mSANGERTOL_GENOMEASSEMBLY:GENOMEASSEMBLY:ORGANELLES:[mMITOHIFI_MITOHIFI_READS                                    -[K
[2m[[0;34m-        [0;2m] [0;2mSANGERTOL_GENOMEASSEMBLY:GENOMEASSEMBLY:ORGANELLES:[mMITOHIFI_MITOHIFI_CONTIGS                                  -[K
[2m[[0;34m-        [0;2m] [0;2mSANGERTOL_GENOMEASSEMBLY:GENOMEASSEMBLY:ORGANELLES:[mOATK                                                       -[K
[3;2mPlus [1m52[0;3;2m more processes waiting for tasks…[m[K
[27A
[2m[[0;34m-        [0;2m] [0;2mSANGERTOL_GENOMEASSEMBLY:GENOMEASSEMBLY:GENOMESCOPE_MODEL:[mCAT_CAT_READS                                            -[K
[2m[[0;34m-        [0;2m] [0;2mSANGERTOL_GENOMEASSEMBLY:GENOMEASSEMBLY:GENOMESCOPE_MODEL:[mFASTK_FASTK                                              -[K
[2m[[0;34m-        [0;2m] [0;2mSANGERTOL_GENOMEASSEMBLY:GENOMEASSEMBLY:GENOMESCOPE_MODEL:[mFASTK_HISTEX                                             -[K
[2m[[0;34m-        [0;2m] [0;2mSANGERTOL_GENOMEASSEMBLY:GENOMEASSEMBLY:GENOMESCOPE_MODEL:TRIO_PROCESS:[mYAK_COUNT_PAT                               -[K
[2m[[0;34m-        [0;2m] [0;2mSANGERTOL_GENOMEASSEMBLY:GENOMEASSEMBLY:GENOMESCOPE_MODEL:TRIO_PROCESS:[mFASTK_PAT                                   -[K
[2m[[0;34m-        [0;2m] [0;2mSANGERTOL_GENOMEASSEMBLY:GENOMEASSEMBLY:GENOMESCOPE_MODEL:TRIO_PROCESS:[mYAK_COUNT_MAT                               -[K
[2m[[0;34m-        [0;2m] [0;2mSANGERTOL_GENOMEASSEMBLY:GENOMEASSEMBLY:GENOMESCOPE_MODEL:TRIO_PROCESS:[mFASTK_MAT                                   -[K
[2m[[0;34m-        [0;2m] [0;2mSANGERTOL_GENOMEASSEMBLY:GENOMEASSEMBLY:GENOMESCOPE_MODEL:TRIO_PROCESS:[mMERQURYFK_HAPMAKER                          -[K
[2m[[0;34m-        [0;2m] [0;2mSANGERTOL_GENOMEASSEMBLY:GENOMEASSEMBLY:GENOMESCOPE_MODEL:[mGENESCOPEFK                                              -[K
[2m[[0;34m-        [0;2m] [0;2mSANGERTOL_GENOMEASSEMBLY:GENOMEASSEMBLY:RAW_ASSEMBLY:[mHIFIASM_PRI                                                   -[K
[2m[[0;34m-        [0;2m] [0;2mSANGERTOL_GENOMEASSEMBLY:GENOMEASSEMBLY:RAW_ASSEMBLY:[mGFA_TO_FASTA_PRI                                              -[K
[2m[[0;34m-        [0;2m] [0;2mSANGERTOL_GENOMEASSEMBLY:GENOMEASSEMBLY:RAW_ASSEMBLY:[mGFA_TO_FASTA_ALT                                              -[K
[2m[[0;34m-        [0;2m] [0;2mSANGERTOL_GENOMEASSEMBLY:GENOMEASSEMBLY:RAW_ASSEMBLY:[mHIFIASM_HIC                                                   -[K
[2m[[0;34m-        [0;2m] [0;2mSANGERTOL_GENOMEASSEMBLY:GENOMEASSEMBLY:RAW_ASSEMBLY:[mGFA_TO_FASTA_HAP1_HIC                                         -[K
[2m[[0;34m-        [0;2m] [0;2mSANGERTOL_GENOMEASSEMBLY:GENOMEASSEMBLY:RAW_ASSEMBLY:[mGFA_TO_FASTA_HAP2_HIC                                         -[K
[2m[[0;34m-        [0;2m] [0;2mSANGERTOL_GENOMEASSEMBLY:GENOMEASSEMBLY:GENOME_STATISTICS_RAW:[mGFASTATS_PRI                                         -[K
[2m[[0;34m-        [0;2m] [0;2mSANGERTOL_GENOMEASSEMBLY:GENOMEASSEMBLY:GENOME_STATISTICS_RAW:[mGFASTATS_HAP                                         -[K
[2m[[0;34m-        [0;2m] [0;2mSANGERTOL_GENOMEASSEMBLY:GENOMEASSEMBLY:GENOME_STATISTICS_RAW:[mBUSCO_PRI                                            -[K
[2m[[0;34m-        [0;2m] [0;2mSANGERTOL_GENOMEASSEMBLY:GENOMEASSEMBLY:GENOME_STATISTICS_RAW:[mMERQURYFK_MERQURYFK                                  -[K
[2m[[0;34m-        [0;2m] [0;2mSANGERTOL_GENOMEASSEMBLY:GENOMEASSEMBLY:[mCAT_CAT_RAW                                                                -[K
[2m[[0;34m-        [0;2m] [0;2mSANGERTOL_GENOMEASSEMBLY:GENOMEASSEMBLY:[mCAT_CAT_MITOHIFI_READS                                                     -[K
[2m[[0;34m-        [0;2m] [0;2mSANGERTOL_GENOMEASSEMBLY:GENOMEASSEMBLY:ORGANELLES:[mMITOHIFI_FINDMITOREFERENCE                                      -[K
[2m[[0;34m-        [0;2m] [0;2mSANGERTOL_GENOMEASSEMBLY:GENOMEASSEMBLY:ORGANELLES:[mMITOHIFI_MITOHIFI_READS                                         -[K
[2m[[0;34m-        [0;2m] [0;2mSANGERTOL_GENOMEASSEMBLY:GENOMEASSEMBLY:ORGANELLES:[mMITOHIFI_MITOHIFI_CONTIGS                                       -[K
[2m[[0;34m-        [0;2m] [0;2mSANGERTOL_GENOMEASSEMBLY:GENOMEASSEMBLY:ORGANELLES:[mOATK                                                            -[K
[3;2mPlus [1m55[0;3;2m more processes waiting for tasks…[m[K
[27A
[2m[[0;34m-        [0;2m] [0;2mSANGERTOL_GENOMEASSEMBLY:GENOMEASSEMBLY:GENOMESCOPE_MODEL:[mCAT_CAT_READS                                            -[K
[2m[[0;34m-        [0;2m] [0;2mSANGERTOL_GENOMEASSEMBLY:GENOMEASSEMBLY:GENOMESCOPE_MODEL:[mFASTK_FASTK                                              -[K
[2m[[0;34m-        [0;2m] [0;2mSANGERTOL_GENOMEASSEMBLY:GENOMEASSEMBLY:GENOMESCOPE_MODEL:[mFASTK_HISTEX                                             -[K
[2m[[0;34m-        [0;2m] [0;2mSANGERTOL_GENOMEASSEMBLY:GENOMEASSEMBLY:GENOMESCOPE_MODEL:TRIO_PROCESS:[mYAK_COUNT_PAT                               -[K
[2m[[0;34m-        [0;2m] [0;2mSANGERTOL_GENOMEASSEMBLY:GENOMEASSEMBLY:GENOMESCOPE_MODEL:TRIO_PROCESS:[mFASTK_PAT                                   -[K
[2m[[0;34m-        [0;2m] [0;2mSANGERTOL_GENOMEASSEMBLY:GENOMEASSEMBLY:GENOMESCOPE_MODEL:TRIO_PROCESS:[mYAK_COUNT_MAT                               -[K
[2m[[0;34m-        [0;2m] [0;2mSANGERTOL_GENOMEASSEMBLY:GENOMEASSEMBLY:GENOMESCOPE_MODEL:TRIO_PROCESS:[mFASTK_MAT                                   -[K
[2m[[0;34m-        [0;2m] [0;2mSANGERTOL_GENOMEASSEMBLY:GENOMEASSEMBLY:GENOMESCOPE_MODEL:TRIO_PROCESS:[mMERQURYFK_HAPMAKER                          -[K
[2m[[0;34m-        [0;2m] [0;2mSANGERTOL_GENOMEASSEMBLY:GENOMEASSEMBLY:GENOMESCOPE_MODEL:[mGENESCOPEFK                                              -[K
[2m[[0;34m-        [0;2m] [0;2mSANGERTOL_GENOMEASSEMBLY:GENOMEASSEMBLY:RAW_ASSEMBLY:[mHIFIASM_PRI                                                   -[K
[2m[[0;34m-        [0;2m] [0;2mSANGERTOL_GENOMEASSEMBLY:GENOMEASSEMBLY:RAW_ASSEMBLY:[mGFA_TO_FASTA_PRI                                              -[K
[2m[[0;34m-        [0;2m] [0;2mSANGERTOL_GENOMEASSEMBLY:GENOMEASSEMBLY:RAW_ASSEMBLY:[mGFA_TO_FASTA_ALT                                              -[K
[2m[[0;34m-        [0;2m] [0;2mSANGERTOL_GENOMEASSEMBLY:GENOMEASSEMBLY:RAW_ASSEMBLY:[mHIFIASM_HIC                                                   -[K
[2m[[0;34m-        [0;2m] [0;2mSANGERTOL_GENOMEASSEMBLY:GENOMEASSEMBLY:RAW_ASSEMBLY:[mGFA_TO_FASTA_HAP1_HIC                                         -[K
[2m[[0;34m-        [0;2m] [0;2mSANGERTOL_GENOMEASSEMBLY:GENOMEASSEMBLY:RAW_ASSEMBLY:[mGFA_TO_FASTA_HAP2_HIC                                         -[K
[2m[[0;34m-        [0;2m] [0;2mSANGERTOL_GENOMEASSEMBLY:GENOMEASSEMBLY:GENOME_STATISTICS_RAW:[mGFASTATS_PRI                                         -[K
[2m[[0;34m-        [0;2m] [0;2mSANGERTOL_GENOMEASSEMBLY:GENOMEASSEMBLY:GENOME_STATISTICS_RAW:[mGFASTATS_HAP                                         -[K
[2m[[0;34m-        [0;2m] [0;2mSANGERTOL_GENOMEASSEMBLY:GENOMEASSEMBLY:GENOME_STATISTICS_RAW:[mBUSCO_PRI                                            -[K
[2m[[0;34m-        [0;2m] [0;2mSANGERTOL_GENOMEASSEMBLY:GENOMEASSEMBLY:GENOME_STATISTICS_RAW:[mMERQURYFK_MERQURYFK                                  -[K
[2m[[0;34m-        [0;2m] [0;2mSANGERTOL_GENOMEASSEMBLY:GENOMEASSEMBLY:[mCAT_CAT_RAW                                                                -[K
[2m[[0;34m-        [0;2m] [0;2mSANGERTOL_GENOMEASSEMBLY:GENOMEASSEMBLY:[mCAT_CAT_MITOHIFI_READS                                                     -[K
[2m[[0;34m-        [0;2m] [0;2mSANGERTOL_GENOMEASSEMBLY:GENOMEASSEMBLY:ORGANELLES:[mMITOHIFI_FINDMITOREFERENCE                                      -[K
[2m[[0;34m-        [0;2m] [0;2mSANGERTOL_GENOMEASSEMBLY:GENOMEASSEMBLY:ORGANELLES:[mMITOHIFI_MITOHIFI_READS                                         -[K
[2m[[0;34m-        [0;2m] [0;2mSANGERTOL_GENOMEASSEMBLY:GENOMEASSEMBLY:ORGANELLES:[mMITOHIFI_MITOHIFI_CONTIGS                                       -[K
[2m[[0;34m-        [0;2m] [0;2mSANGERTOL_GENOMEASSEMBLY:GENOMEASSEMBLY:ORGANELLES:[mOATK                                                            -[K
[3;2mPlus [1m59[0;3;2m more processes waiting for tasks…[m[K
[27A
[2m[[0;34m-        [0;2m] [0;2mSANGERTOL_GENOMEASSEMBLY:GENOMEASSEMBLY:GENOMESCOPE_MODEL:[mCAT_CAT_READS                                            -[K
[2m[[0;34m-        [0;2m] [0;2mSANGERTOL_GENOMEASSEMBLY:GENOMEASSEMBLY:GENOMESCOPE_MODEL:[mFASTK_FASTK                                              -[K
[2m[[0;34m-        [0;2m] [0;2mSANGERTOL_GENOMEASSEMBLY:GENOMEASSEMBLY:GENOMESCOPE_MODEL:[mFASTK_HISTEX                                             -[K
[2m[[0;34m-        [0;2m] [0;2mSANGERTOL_GENOMEASSEMBLY:GENOMEASSEMBLY:GENOMESCOPE_MODEL:TRIO_PROCESS:[mYAK_COUNT_PAT                               -[K
[2m[[0;34m-        [0;2m] [0;2mSANGERTOL_GENOMEASSEMBLY:GENOMEASSEMBLY:GENOMESCOPE_MODEL:TRIO_PROCESS:[mFASTK_PAT                                   -[K
[2m[[0;34m-        [0;2m] [0;2mSANGERTOL_GENOMEASSEMBLY:GENOMEASSEMBLY:GENOMESCOPE_MODEL:TRIO_PROCESS:[mYAK_COUNT_MAT                               -[K
[2m[[0;34m-        [0;2m] [0;2mSANGERTOL_GENOMEASSEMBLY:GENOMEASSEMBLY:GENOMESCOPE_MODEL:TRIO_PROCESS:[mFASTK_MAT                                   -[K
[2m[[0;34m-        [0;2m] [0;2mSANGERTOL_GENOMEASSEMBLY:GENOMEASSEMBLY:GENOMESCOPE_MODEL:TRIO_PROCESS:[mMERQURYFK_HAPMAKER                          -[K
[2m[[0;34m-        [0;2m] [0;2mSANGERTOL_GENOMEASSEMBLY:GENOMEASSEMBLY:GENOMESCOPE_MODEL:[mGENESCOPEFK                                              -[K
[2m[[0;34m-        [0;2m] [0;2mSANGERTOL_GENOMEASSEMBLY:GENOMEASSEMBLY:RAW_ASSEMBLY:[mHIFIASM_PRI                                                   -[K
[2m[[0;34m-        [0;2m] [0;2mSANGERTOL_GENOMEASSEMBLY:GENOMEASSEMBLY:RAW_ASSEMBLY:[mGFA_TO_FASTA_PRI                                              -[K
[2m[[0;34m-        [0;2m] [0;2mSANGERTOL_GENOMEASSEMBLY:GENOMEASSEMBLY:RAW_ASSEMBLY:[mGFA_TO_FASTA_ALT                                              -[K
[2m[[0;34m-        [0;2m] [0;2mSANGERTOL_GENOMEASSEMBLY:GENOMEASSEMBLY:RAW_ASSEMBLY:[mHIFIASM_HIC                                                   -[K
[2m[[0;34m-        [0;2m] [0;2mSANGERTOL_GENOMEASSEMBLY:GENOMEASSEMBLY:RAW_ASSEMBLY:[mGFA_TO_FASTA_HAP1_HIC                                         -[K
[2m[[0;34m-        [0;2m] [0;2mSANGERTOL_GENOMEASSEMBLY:GENOMEASSEMBLY:RAW_ASSEMBLY:[mGFA_TO_FASTA_HAP2_HIC                                         -[K
[2m[[0;34m-        [0;2m] [0;2mSANGERTOL_GENOMEASSEMBLY:GENOMEASSEMBLY:GENOME_STATISTICS_RAW:[mGFASTATS_PRI                                         -[K
[2m[[0;34m-        [0;2m] [0;2mSANGERTOL_GENOMEASSEMBLY:GENOMEASSEMBLY:GENOME_STATISTICS_RAW:[mGFASTATS_HAP                                         -[K
[2m[[0;34m-        [0;2m] [0;2mSANGERTOL_GENOMEASSEMBLY:GENOMEASSEMBLY:GENOME_STATISTICS_RAW:[mBUSCO_PRI                                            -[K
[2m[[0;34m-        [0;2m] [0;2mSANGERTOL_GENOMEASSEMBLY:GENOMEASSEMBLY:GENOME_STATISTICS_RAW:[mMERQURYFK_MERQURYFK                                  -[K
[2m[[0;34m-        [0;2m] [0;2mSANGERTOL_GENOMEASSEMBLY:GENOMEASSEMBLY:[mCAT_CAT_RAW                                                                -[K
[2m[[0;34m-        [0;2m] [0;2mSANGERTOL_GENOMEASSEMBLY:GENOMEASSEMBLY:[mCAT_CAT_MITOHIFI_READS                                                     -[K
[2m[[0;34m-        [0;2m] [0;2mSANGERTOL_GENOMEASSEMBLY:GENOMEASSEMBLY:ORGANELLES:[mMITOHIFI_FINDMITOREFERENCE                                      -[K
[2m[[0;34m-        [0;2m] [0;2mSANGERTOL_GENOMEASSEMBLY:GENOMEASSEMBLY:ORGANELLES:[mMITOHIFI_MITOHIFI_READS                                         -[K
[2m[[0;34m-        [0;2m] [0;2mSANGERTOL_GENOMEASSEMBLY:GENOMEASSEMBLY:ORGANELLES:[mMITOHIFI_MITOHIFI_CONTIGS                                       -[K
[2m[[0;34m-        [0;2m] [0;2mSANGERTOL_GENOMEASSEMBLY:GENOMEASSEMBLY:ORGANELLES:[mOATK                                                            -[K
[3;2mPlus [1m65[0;3;2m more processes waiting for tasks…[m[K
[27A
[2m[[0;34m-        [0;2m] [0;2mSANGERTOL_GENOMEASSEMBLY:GENOMEASSEMBLY:GENOMESCOPE_MODEL:[mCAT_CAT_READS                                            -[K
[2m[[0;34m-        [0;2m] [0;2mSANGERTOL_GENOMEASSEMBLY:GENOMEASSEMBLY:GENOMESCOPE_MODEL:[mFASTK_FASTK                                              -[K
[2m[[0;34m-        [0;2m] [0;2mSANGERTOL_GENOMEASSEMBLY:GENOMEASSEMBLY:GENOMESCOPE_MODEL:[mFASTK_HISTEX                                             -[K
[2m[[0;34m-        [0;2m] [0;2mSANGERTOL_GENOMEASSEMBLY:GENOMEASSEMBLY:GENOMESCOPE_MODEL:TRIO_PROCESS:[mYAK_COUNT_PAT                               -[K
[2m[[0;34m-        [0;2m] [0;2mSANGERTOL_GENOMEASSEMBLY:GENOMEASSEMBLY:GENOMESCOPE_MODEL:TRIO_PROCESS:[mFASTK_PAT                                   -[K
[2m[[0;34m-        [0;2m] [0;2mSANGERTOL_GENOMEASSEMBLY:GENOMEASSEMBLY:GENOMESCOPE_MODEL:TRIO_PROCESS:[mYAK_COUNT_MAT                               -[K
[2m[[0;34m-        [0;2m] [0;2mSANGERTOL_GENOMEASSEMBLY:GENOMEASSEMBLY:GENOMESCOPE_MODEL:TRIO_PROCESS:[mFASTK_MAT                                   -[K
[2m[[0;34m-        [0;2m] [0;2mSANGERTOL_GENOMEASSEMBLY:GENOMEASSEMBLY:GENOMESCOPE_MODEL:TRIO_PROCESS:[mMERQURYFK_HAPMAKER                          -[K
[2m[[0;34m-        [0;2m] [0;2mSANGERTOL_GENOMEASSEMBLY:GENOMEASSEMBLY:GENOMESCOPE_MODEL:[mGENESCOPEFK                                              -[K
[2m[[0;34m-        [0;2m] [0;2mSANGERTOL_GENOMEASSEMBLY:GENOMEASSEMBLY:RAW_ASSEMBLY:[mHIFIASM_PRI                                                   -[K
[2m[[0;34m-        [0;2m] [0;2mSANGERTOL_GENOMEASSEMBLY:GENOMEASSEMBLY:RAW_ASSEMBLY:[mGFA_TO_FASTA_PRI                                              -[K
[2m[[0;34m-        [0;2m] [0;2mSANGERTOL_GENOMEASSEMBLY:GENOMEASSEMBLY:RAW_ASSEMBLY:[mGFA_TO_FASTA_ALT                                              -[K
[2m[[0;34m-        [0;2m] [0;2mSANGERTOL_GENOMEASSEMBLY:GENOMEASSEMBLY:RAW_ASSEMBLY:[mHIFIASM_HIC                                                   -[K
[2m[[0;34m-        [0;2m] [0;2mSANGERTOL_GENOMEASSEMBLY:GENOMEASSEMBLY:RAW_ASSEMBLY:[mGFA_TO_FASTA_HAP1_HIC                                         -[K
[2m[[0;34m-        [0;2m] [0;2mSANGERTOL_GENOMEASSEMBLY:GENOMEASSEMBLY:RAW_ASSEMBLY:[mGFA_TO_FASTA_HAP2_HIC                                         -[K
[2m[[0;34m-        [0;2m] [0;2mSANGERTOL_GENOMEASSEMBLY:GENOMEASSEMBLY:GENOME_STATISTICS_RAW:[mGFASTATS_PRI                                         -[K
[2m[[0;34m-        [0;2m] [0;2mSANGERTOL_GENOMEASSEMBLY:GENOMEASSEMBLY:GENOME_STATISTICS_RAW:[mGFASTATS_HAP                                         -[K
[2m[[0;34m-        [0;2m] [0;2mSANGERTOL_GENOMEASSEMBLY:GENOMEASSEMBLY:GENOME_STATISTICS_RAW:[mBUSCO_PRI                                            -[K
[2m[[0;34m-        [0;2m] [0;2mSANGERTOL_GENOMEASSEMBLY:GENOMEASSEMBLY:GENOME_STATISTICS_RAW:[mMERQURYFK_MERQURYFK                                  -[K
[2m[[0;34m-        [0;2m] [0;2mSANGERTOL_GENOMEASSEMBLY:GENOMEASSEMBLY:[mCAT_CAT_RAW                                                                -[K
[2m[[0;34m-        [0;2m] [0;2mSANGERTOL_GENOMEASSEMBLY:GENOMEASSEMBLY:[mCAT_CAT_MITOHIFI_READS                                                     -[K
[2m[[0;34m-        [0;2m] [0;2mSANGERTOL_GENOMEASSEMBLY:GENOMEASSEMBLY:ORGANELLES:[mMITOHIFI_FINDMITOREFERENCE                                      -[K
[2m[[0;34m-        [0;2m] [0;2mSANGERTOL_GENOMEASSEMBLY:GENOMEASSEMBLY:ORGANELLES:[mMITOHIFI_MITOHIFI_READS                                         -[K
[2m[[0;34m-        [0;2m] [0;2mSANGERTOL_GENOMEASSEMBLY:GENOMEASSEMBLY:ORGANELLES:[mMITOHIFI_MITOHIFI_CONTIGS                                       -[K
[2m[[0;34m-        [0;2m] [0;2mSANGERTOL_GENOMEASSEMBLY:GENOMEASSEMBLY:ORGANELLES:[mOATK                                                            -[K
[3;2mPlus [1m71[0;3;2m more processes waiting for tasks…[m[K
[27A
[2m[[0;34m-        [0;2m] [0;2mSANGERTOL_GENOMEASSEMBLY:GENOMEASSEMBLY:GENOMESCOPE_MODEL:[mCAT_CAT_READS                                            -[K
[2m[[0;34m-        [0;2m] [0;2mSANGERTOL_GENOMEASSEMBLY:GENOMEASSEMBLY:GENOMESCOPE_MODEL:[mFASTK_FASTK                                              -[K
[2m[[0;34m-        [0;2m] [0;2mSANGERTOL_GENOMEASSEMBLY:GENOMEASSEMBLY:GENOMESCOPE_MODEL:[mFASTK_HISTEX                                             -[K
[2m[[0;34m-        [0;2m] [0;2mSANGERTOL_GENOMEASSEMBLY:GENOMEASSEMBLY:GENOMESCOPE_MODEL:TRIO_PROCESS:[mYAK_COUNT_PAT                               -[K
[2m[[0;34m-        [0;2m] [0;2mSANGERTOL_GENOMEASSEMBLY:GENOMEASSEMBLY:GENOMESCOPE_MODEL:TRIO_PROCESS:[mFASTK_PAT                                   -[K
[2m[[0;34m-        [0;2m] [0;2mSANGERTOL_GENOMEASSEMBLY:GENOMEASSEMBLY:GENOMESCOPE_MODEL:TRIO_PROCESS:[mYAK_COUNT_MAT                               -[K
[2m[[0;34m-        [0;2m] [0;2mSANGERTOL_GENOMEASSEMBLY:GENOMEASSEMBLY:GENOMESCOPE_MODEL:TRIO_PROCESS:[mFASTK_MAT                                   -[K
[2m[[0;34m-        [0;2m] [0;2mSANGERTOL_GENOMEASSEMBLY:GENOMEASSEMBLY:GENOMESCOPE_MODEL:TRIO_PROCESS:[mMERQURYFK_HAPMAKER                          -[K
[2m[[0;34m-        [0;2m] [0;2mSANGERTOL_GENOMEASSEMBLY:GENOMEASSEMBLY:GENOMESCOPE_MODEL:[mGENESCOPEFK                                              -[K
[2m[[0;34m-        [0;2m] [0;2mSANGERTOL_GENOMEASSEMBLY:GENOMEASSEMBLY:RAW_ASSEMBLY:[mHIFIASM_PRI                                                   -[K
[2m[[0;34m-        [0;2m] [0;2mSANGERTOL_GENOMEASSEMBLY:GENOMEASSEMBLY:RAW_ASSEMBLY:[mGFA_TO_FASTA_PRI                                              -[K
[2m[[0;34m-        [0;2m] [0;2mSANGERTOL_GENOMEASSEMBLY:GENOMEASSEMBLY:RAW_ASSEMBLY:[mGFA_TO_FASTA_ALT                                              -[K
[2m[[0;34m-        [0;2m] [0;2mSANGERTOL_GENOMEASSEMBLY:GENOMEASSEMBLY:RAW_ASSEMBLY:[mHIFIASM_HIC                                                   -[K
[2m[[0;34m-        [0;2m] [0;2mSANGERTOL_GENOMEASSEMBLY:GENOMEASSEMBLY:RAW_ASSEMBLY:[mGFA_TO_FASTA_HAP1_HIC                                         -[K
[2m[[0;34m-        [0;2m] [0;2mSANGERTOL_GENOMEASSEMBLY:GENOMEASSEMBLY:RAW_ASSEMBLY:[mGFA_TO_FASTA_HAP2_HIC                                         -[K
[2m[[0;34m-        [0;2m] [0;2mSANGERTOL_GENOMEASSEMBLY:GENOMEASSEMBLY:GENOME_STATISTICS_RAW:[mGFASTATS_PRI                                         -[K
[2m[[0;34m-        [0;2m] [0;2mSANGERTOL_GENOMEASSEMBLY:GENOMEASSEMBLY:GENOME_STATISTICS_RAW:[mGFASTATS_HAP                                         -[K
[2m[[0;34m-        [0;2m] [0;2mSANGERTOL_GENOMEASSEMBLY:GENOMEASSEMBLY:GENOME_STATISTICS_RAW:[mBUSCO_PRI                                            -[K
[2m[[0;34m-        [0;2m] [0;2mSANGERTOL_GENOMEASSEMBLY:GENOMEASSEMBLY:GENOME_STATISTICS_RAW:[mMERQURYFK_MERQURYFK                                  -[K
[2m[[0;34m-        [0;2m] [0;2mSANGERTOL_GENOMEASSEMBLY:GENOMEASSEMBLY:[mCAT_CAT_RAW                                                                -[K
[2m[[0;34m-        [0;2m] [0;2mSANGERTOL_GENOMEASSEMBLY:GENOMEASSEMBLY:[mCAT_CAT_MITOHIFI_READS                                                     -[K
[2m[[0;34m-        [0;2m] [0;2mSANGERTOL_GENOMEASSEMBLY:GENOMEASSEMBLY:ORGANELLES:[mMITOHIFI_FINDMITOREFERENCE                                      -[K
[2m[[0;34m-        [0;2m] [0;2mSANGERTOL_GENOMEASSEMBLY:GENOMEASSEMBLY:ORGANELLES:[mMITOHIFI_MITOHIFI_READS                                         -[K
[2m[[0;34m-        [0;2m] [0;2mSANGERTOL_GENOMEASSEMBLY:GENOMEASSEMBLY:ORGANELLES:[mMITOHIFI_MITOHIFI_CONTIGS                                       -[K
[2m[[0;34m-        [0;2m] [0;2mSANGERTOL_GENOMEASSEMBLY:GENOMEASSEMBLY:ORGANELLES:[mOATK                                                            -[K
[3;2mPlus [1m77[0;3;2m more processes waiting for tasks…[m[K
[27A
[2m[[0;34m-        [0;2m] [0;2mSANGERTOL_GENOMEASSEMBLY:GENOMEASSEMBLY:GENOMESCOPE_MODEL:[mCAT_CAT_READS                                            -[K
[2m[[0;34m-        [0;2m] [0;2mSANGERTOL_GENOMEASSEMBLY:GENOMEASSEMBLY:GENOMESCOPE_MODEL:[mFASTK_FASTK                                              -[K
[2m[[0;34m-        [0;2m] [0;2mSANGERTOL_GENOMEASSEMBLY:GENOMEASSEMBLY:GENOMESCOPE_MODEL:[mFASTK_HISTEX                                             -[K
[2m[[0;34m-        [0;2m] [0;2mSANGERTOL_GENOMEASSEMBLY:GENOMEASSEMBLY:GENOMESCOPE_MODEL:TRIO_PROCESS:[mYAK_COUNT_PAT                               -[K
[2m[[0;34m-        [0;2m] [0;2mSANGERTOL_GENOMEASSEMBLY:GENOMEASSEMBLY:GENOMESCOPE_MODEL:TRIO_PROCESS:[mFASTK_PAT                                   -[K
[2m[[0;34m-        [0;2m] [0;2mSANGERTOL_GENOMEASSEMBLY:GENOMEASSEMBLY:GENOMESCOPE_MODEL:TRIO_PROCESS:[mYAK_COUNT_MAT                               -[K
[2m[[0;34m-        [0;2m] [0;2mSANGERTOL_GENOMEASSEMBLY:GENOMEASSEMBLY:GENOMESCOPE_MODEL:TRIO_PROCESS:[mFASTK_MAT                                   -[K
[2m[[0;34m-        [0;2m] [0;2mSANGERTOL_GENOMEASSEMBLY:GENOMEASSEMBLY:GENOMESCOPE_MODEL:TRIO_PROCESS:[mMERQURYFK_HAPMAKER                          -[K
[2m[[0;34m-        [0;2m] [0;2mSANGERTOL_GENOMEASSEMBLY:GENOMEASSEMBLY:GENOMESCOPE_MODEL:[mGENESCOPEFK                                              -[K
[2m[[0;34m-        [0;2m] [0;2mSANGERTOL_GENOMEASSEMBLY:GENOMEASSEMBLY:RAW_ASSEMBLY:[mHIFIASM_PRI                                                   -[K
[2m[[0;34m-        [0;2m] [0;2mSANGERTOL_GENOMEASSEMBLY:GENOMEASSEMBLY:RAW_ASSEMBLY:[mGFA_TO_FASTA_PRI                                              -[K
[2m[[0;34m-        [0;2m] [0;2mSANGERTOL_GENOMEASSEMBLY:GENOMEASSEMBLY:RAW_ASSEMBLY:[mGFA_TO_FASTA_ALT                                              -[K
[2m[[0;34m-        [0;2m] [0;2mSANGERTOL_GENOMEASSEMBLY:GENOMEASSEMBLY:RAW_ASSEMBLY:[mHIFIASM_HIC                                                   -[K
[2m[[0;34m-        [0;2m] [0;2mSANGERTOL_GENOMEASSEMBLY:GENOMEASSEMBLY:RAW_ASSEMBLY:[mGFA_TO_FASTA_HAP1_HIC                                         -[K
[2m[[0;34m-        [0;2m] [0;2mSANGERTOL_GENOMEASSEMBLY:GENOMEASSEMBLY:RAW_ASSEMBLY:[mGFA_TO_FASTA_HAP2_HIC                                         -[K
[2m[[0;34m-        [0;2m] [0;2mSANGERTOL_GENOMEASSEMBLY:GENOMEASSEMBLY:GENOME_STATISTICS_RAW:[mGFASTATS_PRI                                         -[K
[2m[[0;34m-        [0;2m] [0;2mSANGERTOL_GENOMEASSEMBLY:GENOMEASSEMBLY:GENOME_STATISTICS_RAW:[mGFASTATS_HAP                                         -[K
[2m[[0;34m-        [0;2m] [0;2mSANGERTOL_GENOMEASSEMBLY:GENOMEASSEMBLY:GENOME_STATISTICS_RAW:[mBUSCO_PRI                                            -[K
[2m[[0;34m-        [0;2m] [0;2mSANGERTOL_GENOMEASSEMBLY:GENOMEASSEMBLY:GENOME_STATISTICS_RAW:[mMERQURYFK_MERQURYFK                                  -[K
[2m[[0;34m-        [0;2m] [0;2mSANGERTOL_GENOMEASSEMBLY:GENOMEASSEMBLY:[mCAT_CAT_RAW                                                                -[K
[2m[[0;34m-        [0;2m] [0;2mSANGERTOL_GENOMEASSEMBLY:GENOMEASSEMBLY:[mCAT_CAT_MITOHIFI_READS                                                     -[K
[2m[[0;34m-        [0;2m] [0;2mSANGERTOL_GENOMEASSEMBLY:GENOMEASSEMBLY:ORGANELLES:[mMITOHIFI_FINDMITOREFERENCE                                      -[K
[2m[[0;34m-        [0;2m] [0;2mSANGERTOL_GENOMEASSEMBLY:GENOMEASSEMBLY:ORGANELLES:[mMITOHIFI_MITOHIFI_READS                                         -[K
[2m[[0;34m-        [0;2m] [0;2mSANGERTOL_GENOMEASSEMBLY:GENOMEASSEMBLY:ORGANELLES:[mMITOHIFI_MITOHIFI_CONTIGS                                       -[K
[2m[[0;34m-        [0;2m] [0;2mSANGERTOL_GENOMEASSEMBLY:GENOMEASSEMBLY:ORGANELLES:[mOATK                                                            -[K
[3;2mPlus [1m81[0;3;2m more processes waiting for tasks…[m[K
[27A
[2m[[0;34m-        [0;2m] [0;2mSANGERTOL_GENOMEASSEMBLY:GENOMEASSEMBLY:GENOMESCOPE_MODEL:[mCAT_CAT_READS                                            -[K
[2m[[0;34m-        [0;2m] [0;2mSANGERTOL_GENOMEASSEMBLY:GENOMEASSEMBLY:GENOMESCOPE_MODEL:[mFASTK_FASTK                                              -[K
[2m[[0;34m-        [0;2m] [0;2mSANGERTOL_GENOMEASSEMBLY:GENOMEASSEMBLY:GENOMESCOPE_MODEL:[mFASTK_HISTEX                                             -[K
[2m[[0;34m-        [0;2m] [0;2mSANGERTOL_GENOMEASSEMBLY:GENOMEASSEMBLY:GENOMESCOPE_MODEL:TRIO_PROCESS:[mYAK_COUNT_PAT                               -[K
[2m[[0;34m-        [0;2m] [0;2mSANGERTOL_GENOMEASSEMBLY:GENOMEASSEMBLY:GENOMESCOPE_MODEL:TRIO_PROCESS:[mFASTK_PAT                                   -[K
[2m[[0;34m-        [0;2m] [0;2mSANGERTOL_GENOMEASSEMBLY:GENOMEASSEMBLY:GENOMESCOPE_MODEL:TRIO_PROCESS:[mYAK_COUNT_MAT                               -[K
[2m[[0;34m-        [0;2m] [0;2mSANGERTOL_GENOMEASSEMBLY:GENOMEASSEMBLY:GENOMESCOPE_MODEL:TRIO_PROCESS:[mFASTK_MAT                                   -[K
[2m[[0;34m-        [0;2m] [0;2mSANGERTOL_GENOMEASSEMBLY:GENOMEASSEMBLY:GENOMESCOPE_MODEL:TRIO_PROCESS:[mMERQURYFK_HAPMAKER                          -[K
[2m[[0;34m-        [0;2m] [0;2mSANGERTOL_GENOMEASSEMBLY:GENOMEASSEMBLY:GENOMESCOPE_MODEL:[mGENESCOPEFK                                              -[K
[2m[[0;34m-        [0;2m] [0;2mSANGERTOL_GENOMEASSEMBLY:GENOMEASSEMBLY:RAW_ASSEMBLY:[mHIFIASM_PRI                                                   -[K
[2m[[0;34m-        [0;2m] [0;2mSANGERTOL_GENOMEASSEMBLY:GENOMEASSEMBLY:RAW_ASSEMBLY:[mGFA_TO_FASTA_PRI                                              -[K
[2m[[0;34m-        [0;2m] [0;2mSANGERTOL_GENOMEASSEMBLY:GENOMEASSEMBLY:RAW_ASSEMBLY:[mGFA_TO_FASTA_ALT                                              -[K
[2m[[0;34m-        [0;2m] [0;2mSANGERTOL_GENOMEASSEMBLY:GENOMEASSEMBLY:RAW_ASSEMBLY:[mHIFIASM_HIC                                                   -[K
[2m[[0;34m-        [0;2m] [0;2mSANGERTOL_GENOMEASSEMBLY:GENOMEASSEMBLY:RAW_ASSEMBLY:[mGFA_TO_FASTA_HAP1_HIC                                         -[K
[2m[[0;34m-        [0;2m] [0;2mSANGERTOL_GENOMEASSEMBLY:GENOMEASSEMBLY:RAW_ASSEMBLY:[mGFA_TO_FASTA_HAP2_HIC                                         -[K
[2m[[0;34m-        [0;2m] [0;2mSANGERTOL_GENOMEASSEMBLY:GENOMEASSEMBLY:GENOME_STATISTICS_RAW:[mGFASTATS_PRI                                         -[K
[2m[[0;34m-        [0;2m] [0;2mSANGERTOL_GENOMEASSEMBLY:GENOMEASSEMBLY:GENOME_STATISTICS_RAW:[mGFASTATS_HAP                                         -[K
[2m[[0;34m-        [0;2m] [0;2mSANGERTOL_GENOMEASSEMBLY:GENOMEASSEMBLY:GENOME_STATISTICS_RAW:[mBUSCO_PRI                                            -[K
[2m[[0;34m-        [0;2m] [0;2mSANGERTOL_GENOMEASSEMBLY:GENOMEASSEMBLY:GENOME_STATISTICS_RAW:[mMERQURYFK_MERQURYFK                                  -[K
[2m[[0;34m-        [0;2m] [0;2mSANGERTOL_GENOMEASSEMBLY:GENOMEASSEMBLY:[mCAT_CAT_RAW                                                                -[K
[2m[[0;34m-        [0;2m] [0;2mSANGERTOL_GENOMEASSEMBLY:GENOMEASSEMBLY:[mCAT_CAT_MITOHIFI_READS                                                     -[K
[2m[[0;34m-        [0;2m] [0;2mSANGERTOL_GENOMEASSEMBLY:GENOMEASSEMBLY:ORGANELLES:[mMITOHIFI_FINDMITOREFERENCE                                      -[K
[2m[[0;34m-        [0;2m] [0;2mSANGERTOL_GENOMEASSEMBLY:GENOMEASSEMBLY:ORGANELLES:[mMITOHIFI_MITOHIFI_READS                                         -[K
[2m[[0;34m-        [0;2m] [0;2mSANGERTOL_GENOMEASSEMBLY:GENOMEASSEMBLY:ORGANELLES:[mMITOHIFI_MITOHIFI_CONTIGS                                       -[K
[2m[[0;34m-        [0;2m] [0;2mSANGERTOL_GENOMEASSEMBLY:GENOMEASSEMBLY:ORGANELLES:[mOATK                                                            -[K
[3;2mPlus [1m85[0;3;2m more processes waiting for tasks…[m[K
[27A
[2m[[0;34m-        [0;2m] [0;2mSANGERTOL_GENOMEASSEMBLY:GENOMEASSEMBLY:GENOMESCOPE_MODEL:[mCAT_CAT_READS                                            -[K
[2m[[0;34m-        [0;2m] [0;2mSANGERTOL_GENOMEASSEMBLY:GENOMEASSEMBLY:GENOMESCOPE_MODEL:[mFASTK_FASTK                                              -[K
[2m[[0;34m-        [0;2m] [0;2mSANGERTOL_GENOMEASSEMBLY:GENOMEASSEMBLY:GENOMESCOPE_MODEL:[mFASTK_HISTEX                                             -[K
[2m[[0;34m-        [0;2m] [0;2mSANGERTOL_GENOMEASSEMBLY:GENOMEASSEMBLY:GENOMESCOPE_MODEL:TRIO_PROCESS:[mYAK_COUNT_PAT                               -[K
[2m[[0;34m-        [0;2m] [0;2mSANGERTOL_GENOMEASSEMBLY:GENOMEASSEMBLY:GENOMESCOPE_MODEL:TRIO_PROCESS:[mFASTK_PAT                                   -[K
[2m[[0;34m-        [0;2m] [0;2mSANGERTOL_GENOMEASSEMBLY:GENOMEASSEMBLY:GENOMESCOPE_MODEL:TRIO_PROCESS:[mYAK_COUNT_MAT                               -[K
[2m[[0;34m-        [0;2m] [0;2mSANGERTOL_GENOMEASSEMBLY:GENOMEASSEMBLY:GENOMESCOPE_MODEL:TRIO_PROCESS:[mFASTK_MAT                                   -[K
[2m[[0;34m-        [0;2m] [0;2mSANGERTOL_GENOMEASSEMBLY:GENOMEASSEMBLY:GENOMESCOPE_MODEL:TRIO_PROCESS:[mMERQURYFK_HAPMAKER                          -[K
[2m[[0;34m-        [0;2m] [0;2mSANGERTOL_GENOMEASSEMBLY:GENOMEASSEMBLY:GENOMESCOPE_MODEL:[mGENESCOPEFK                                              -[K
[2m[[0;34m-        [0;2m] [0;2mSANGERTOL_GENOMEASSEMBLY:GENOMEASSEMBLY:RAW_ASSEMBLY:[mHIFIASM_PRI                                                   -[K
[2m[[0;34m-        [0;2m] [0;2mSANGERTOL_GENOMEASSEMBLY:GENOMEASSEMBLY:RAW_ASSEMBLY:[mGFA_TO_FASTA_PRI                                              -[K
[2m[[0;34m-        [0;2m] [0;2mSANGERTOL_GENOMEASSEMBLY:GENOMEASSEMBLY:RAW_ASSEMBLY:[mGFA_TO_FASTA_ALT                                              -[K
[2m[[0;34m-        [0;2m] [0;2mSANGERTOL_GENOMEASSEMBLY:GENOMEASSEMBLY:RAW_ASSEMBLY:[mHIFIASM_HIC                                                   -[K
[2m[[0;34m-        [0;2m] [0;2mSANGERTOL_GENOMEASSEMBLY:GENOMEASSEMBLY:RAW_ASSEMBLY:[mGFA_TO_FASTA_HAP1_HIC                                         -[K
[2m[[0;34m-        [0;2m] [0;2mSANGERTOL_GENOMEASSEMBLY:GENOMEASSEMBLY:RAW_ASSEMBLY:[mGFA_TO_FASTA_HAP2_HIC                                         -[K
[2m[[0;34m-        [0;2m] [0;2mSANGERTOL_GENOMEASSEMBLY:GENOMEASSEMBLY:GENOME_STATISTICS_RAW:[mGFASTATS_PRI                                         -[K
[2m[[0;34m-        [0;2m] [0;2mSANGERTOL_GENOMEASSEMBLY:GENOMEASSEMBLY:GENOME_STATISTICS_RAW:[mGFASTATS_HAP                                         -[K
[2m[[0;34m-        [0;2m] [0;2mSANGERTOL_GENOMEASSEMBLY:GENOMEASSEMBLY:GENOME_STATISTICS_RAW:[mBUSCO_PRI                                            -[K
[2m[[0;34m-        [0;2m] [0;2mSANGERTOL_GENOMEASSEMBLY:GENOMEASSEMBLY:GENOME_STATISTICS_RAW:[mMERQURYFK_MERQURYFK                                  -[K
[2m[[0;34m-        [0;2m] [0;2mSANGERTOL_GENOMEASSEMBLY:GENOMEASSEMBLY:[mCAT_CAT_RAW                                                                -[K
[2m[[0;34m-        [0;2m] [0;2mSANGERTOL_GENOMEASSEMBLY:GENOMEASSEMBLY:[mCAT_CAT_MITOHIFI_READS                                                     -[K
[2m[[0;34m-        [0;2m] [0;2mSANGERTOL_GENOMEASSEMBLY:GENOMEASSEMBLY:ORGANELLES:[mMITOHIFI_FINDMITOREFERENCE                                      -[K
[2m[[0;34m-        [0;2m] [0;2mSANGERTOL_GENOMEASSEMBLY:GENOMEASSEMBLY:ORGANELLES:[mMITOHIFI_MITOHIFI_READS                                         -[K
[2m[[0;34m-        [0;2m] [0;2mSANGERTOL_GENOMEASSEMBLY:GENOMEASSEMBLY:ORGANELLES:[mMITOHIFI_MITOHIFI_CONTIGS                                       -[K
[2m[[0;34m-        [0;2m] [0;2mSANGERTOL_GENOMEASSEMBLY:GENOMEASSEMBLY:ORGANELLES:[mOATK                                                            -[K
[3;2mPlus [1m91[0;3;2m more processes waiting for tasks…[m[K
[27A
[2m[[0;34m-        [0;2m] [0;2mSANGERTOL_GENOMEASSEMBLY:GENOMEASSEMBLY:GENOMESCOPE_MODEL:[mCAT_CAT_READS                                            -[K
[2m[[0;34m-        [0;2m] [0;2mSANGERTOL_GENOMEASSEMBLY:GENOMEASSEMBLY:GENOMESCOPE_MODEL:[mFASTK_FASTK                                              -[K
[2m[[0;34m-        [0;2m] [0;2mSANGERTOL_GENOMEASSEMBLY:GENOMEASSEMBLY:GENOMESCOPE_MODEL:[mFASTK_HISTEX                                             -[K
[2m[[0;34m-        [0;2m] [0;2mSANGERTOL_GENOMEASSEMBLY:GENOMEASSEMBLY:GENOMESCOPE_MODEL:TRIO_PROCESS:[mYAK_COUNT_PAT                               -[K
[2m[[0;34m-        [0;2m] [0;2mSANGERTOL_GENOMEASSEMBLY:GENOMEASSEMBLY:GENOMESCOPE_MODEL:TRIO_PROCESS:[mFASTK_PAT                                   -[K
[2m[[0;34m-        [0;2m] [0;2mSANGERTOL_GENOMEASSEMBLY:GENOMEASSEMBLY:GENOMESCOPE_MODEL:TRIO_PROCESS:[mYAK_COUNT_MAT                               -[K
[2m[[0;34m-        [0;2m] [0;2mSANGERTOL_GENOMEASSEMBLY:GENOMEASSEMBLY:GENOMESCOPE_MODEL:TRIO_PROCESS:[mFASTK_MAT                                   -[K
[2m[[0;34m-        [0;2m] [0;2mSANGERTOL_GENOMEASSEMBLY:GENOMEASSEMBLY:GENOMESCOPE_MODEL:TRIO_PROCESS:[mMERQURYFK_HAPMAKER                          -[K
[2m[[0;34m-        [0;2m] [0;2mSANGERTOL_GENOMEASSEMBLY:GENOMEASSEMBLY:GENOMESCOPE_MODEL:[mGENESCOPEFK                                              -[K
[2m[[0;34m-        [0;2m] [0;2mSANGERTOL_GENOMEASSEMBLY:GENOMEASSEMBLY:RAW_ASSEMBLY:[mHIFIASM_PRI                                                   -[K
[2m[[0;34m-        [0;2m] [0;2mSANGERTOL_GENOMEASSEMBLY:GENOMEASSEMBLY:RAW_ASSEMBLY:[mGFA_TO_FASTA_PRI                                              -[K
[2m[[0;34m-        [0;2m] [0;2mSANGERTOL_GENOMEASSEMBLY:GENOMEASSEMBLY:RAW_ASSEMBLY:[mGFA_TO_FASTA_ALT                                              -[K
[2m[[0;34m-        [0;2m] [0;2mSANGERTOL_GENOMEASSEMBLY:GENOMEASSEMBLY:RAW_ASSEMBLY:[mHIFIASM_HIC                                                   -[K
[2m[[0;34m-        [0;2m] [0;2mSANGERTOL_GENOMEASSEMBLY:GENOMEASSEMBLY:RAW_ASSEMBLY:[mGFA_TO_FASTA_HAP1_HIC                                         -[K
[2m[[0;34m-        [0;2m] [0;2mSANGERTOL_GENOMEASSEMBLY:GENOMEASSEMBLY:RAW_ASSEMBLY:[mGFA_TO_FASTA_HAP2_HIC                                         -[K
[2m[[0;34m-        [0;2m] [0;2mSANGERTOL_GENOMEASSEMBLY:GENOMEASSEMBLY:GENOME_STATISTICS_RAW:[mGFASTATS_PRI                                         -[K
[2m[[0;34m-        [0;2m] [0;2mSANGERTOL_GENOMEASSEMBLY:GENOMEASSEMBLY:GENOME_STATISTICS_RAW:[mGFASTATS_HAP                                         -[K
[2m[[0;34m-        [0;2m] [0;2mSANGERTOL_GENOMEASSEMBLY:GENOMEASSEMBLY:GENOME_STATISTICS_RAW:[mBUSCO_PRI                                            -[K
[2m[[0;34m-        [0;2m] [0;2mSANGERTOL_GENOMEASSEMBLY:GENOMEASSEMBLY:GENOME_STATISTICS_RAW:[mMERQURYFK_MERQURYFK                                  -[K
[2m[[0;34m-        [0;2m] [0;2mSANGERTOL_GENOMEASSEMBLY:GENOMEASSEMBLY:[mCAT_CAT_RAW                                                                -[K
[2m[[0;34m-        [0;2m] [0;2mSANGERTOL_GENOMEASSEMBLY:GENOMEASSEMBLY:[mCAT_CAT_MITOHIFI_READS                                                     -[K
[2m[[0;34m-        [0;2m] [0;2mSANGERTOL_GENOMEASSEMBLY:GENOMEASSEMBLY:ORGANELLES:[mMITOHIFI_FINDMITOREFERENCE                                      -[K
[2m[[0;34m-        [0;2m] [0;2mSANGERTOL_GENOMEASSEMBLY:GENOMEASSEMBLY:ORGANELLES:[mMITOHIFI_MITOHIFI_READS                                         -[K
[2m[[0;34m-        [0;2m] [0;2mSANGERTOL_GENOMEASSEMBLY:GENOMEASSEMBLY:ORGANELLES:[mMITOHIFI_MITOHIFI_CONTIGS                                       -[K
[2m[[0;34m-        [0;2m] [0;2mSANGERTOL_GENOMEASSEMBLY:GENOMEASSEMBLY:ORGANELLES:[mOATK                                                            -[K
[3;2mPlus [1m97[0;3;2m more processes waiting for tasks…[m[K
[27A
[2m[[0;34m-        [0;2m] [0;2mSANGERTOL_GENOMEASSEMBLY:GENOMEASSEMBLY:GENOMESCOPE_MODEL:[mCAT_CAT_READS                                            -[K
[2m[[0;34m-        [0;2m] [0;2mSANGERTOL_GENOMEASSEMBLY:GENOMEASSEMBLY:GENOMESCOPE_MODEL:[mFASTK_FASTK                                              -[K
[2m[[0;34m-        [0;2m] [0;2mSANGERTOL_GENOMEASSEMBLY:GENOMEASSEMBLY:GENOMESCOPE_MODEL:[mFASTK_HISTEX                                             -[K
[2m[[0;34m-        [0;2m] [0;2mSANGERTOL_GENOMEASSEMBLY:GENOMEASSEMBLY:GENOMESCOPE_MODEL:TRIO_PROCESS:[mYAK_COUNT_PAT                               -[K
[2m[[0;34m-        [0;2m] [0;2mSANGERTOL_GENOMEASSEMBLY:GENOMEASSEMBLY:GENOMESCOPE_MODEL:TRIO_PROCESS:[mFASTK_PAT                                   -[K
[2m[[0;34m-        [0;2m] [0;2mSANGERTOL_GENOMEASSEMBLY:GENOMEASSEMBLY:GENOMESCOPE_MODEL:TRIO_PROCESS:[mYAK_COUNT_MAT                               -[K
[2m[[0;34m-        [0;2m] [0;2mSANGERTOL_GENOMEASSEMBLY:GENOMEASSEMBLY:GENOMESCOPE_MODEL:TRIO_PROCESS:[mFASTK_MAT                                   -[K
[2m[[0;34m-        [0;2m] [0;2mSANGERTOL_GENOMEASSEMBLY:GENOMEASSEMBLY:GENOMESCOPE_MODEL:TRIO_PROCESS:[mMERQURYFK_HAPMAKER                          -[K
[2m[[0;34m-        [0;2m] [0;2mSANGERTOL_GENOMEASSEMBLY:GENOMEASSEMBLY:GENOMESCOPE_MODEL:[mGENESCOPEFK                                              -[K
[2m[[0;34m-        [0;2m] [0;2mSANGERTOL_GENOMEASSEMBLY:GENOMEASSEMBLY:RAW_ASSEMBLY:[mHIFIASM_PRI                                                   -[K
[2m[[0;34m-        [0;2m] [0;2mSANGERTOL_GENOMEASSEMBLY:GENOMEASSEMBLY:RAW_ASSEMBLY:[mGFA_TO_FASTA_PRI                                              -[K
[2m[[0;34m-        [0;2m] [0;2mSANGERTOL_GENOMEASSEMBLY:GENOMEASSEMBLY:RAW_ASSEMBLY:[mGFA_TO_FASTA_ALT                                              -[K
[2m[[0;34m-        [0;2m] [0;2mSANGERTOL_GENOMEASSEMBLY:GENOMEASSEMBLY:RAW_ASSEMBLY:[mHIFIASM_HIC                                                   -[K
[2m[[0;34m-        [0;2m] [0;2mSANGERTOL_GENOMEASSEMBLY:GENOMEASSEMBLY:RAW_ASSEMBLY:[mGFA_TO_FASTA_HAP1_HIC                                         -[K
[2m[[0;34m-        [0;2m] [0;2mSANGERTOL_GENOMEASSEMBLY:GENOMEASSEMBLY:RAW_ASSEMBLY:[mGFA_TO_FASTA_HAP2_HIC                                         -[K
[2m[[0;34m-        [0;2m] [0;2mSANGERTOL_GENOMEASSEMBLY:GENOMEASSEMBLY:GENOME_STATISTICS_RAW:[mGFASTATS_PRI                                         -[K
[2m[[0;34m-        [0;2m] [0;2mSANGERTOL_GENOMEASSEMBLY:GENOMEASSEMBLY:GENOME_STATISTICS_RAW:[mGFASTATS_HAP                                         -[K
[2m[[0;34m-        [0;2m] [0;2mSANGERTOL_GENOMEASSEMBLY:GENOMEASSEMBLY:GENOME_STATISTICS_RAW:[mBUSCO_PRI                                            -[K
[2m[[0;34m-        [0;2m] [0;2mSANGERTOL_GENOMEASSEMBLY:GENOMEASSEMBLY:GENOME_STATISTICS_RAW:[mMERQURYFK_MERQURYFK                                  -[K
[2m[[0;34m-        [0;2m] [0;2mSANGERTOL_GENOMEASSEMBLY:GENOMEASSEMBLY:[mCAT_CAT_RAW                                                                -[K
[2m[[0;34m-        [0;2m] [0;2mSANGERTOL_GENOMEASSEMBLY:GENOMEASSEMBLY:[mCAT_CAT_MITOHIFI_READS                                                     -[K
[2m[[0;34m-        [0;2m] [0;2mSANGERTOL_GENOMEASSEMBLY:GENOMEASSEMBLY:ORGANELLES:[mMITOHIFI_FINDMITOREFERENCE                                      -[K
[2m[[0;34m-        [0;2m] [0;2mSANGERTOL_GENOMEASSEMBLY:GENOMEASSEMBLY:ORGANELLES:[mMITOHIFI_MITOHIFI_READS                                         -[K
[2m[[0;34m-        [0;2m] [0;2mSANGERTOL_GENOMEASSEMBLY:GENOMEASSEMBLY:ORGANELLES:[mMITOHIFI_MITOHIFI_CONTIGS                                       -[K
[2m[[0;34m-        [0;2m] [0;2mSANGERTOL_GENOMEASSEMBLY:GENOMEASSEMBLY:ORGANELLES:[mOATK                                                            -[K
[3;2mPlus [1m103[0;3;2m more processes waiting for tasks…[m[K
[27A
[2m[[0;34m-        [0;2m] [0;2mSANGERTOL_GENOMEASSEMBLY:GENOMEASSEMBLY:GENOMESCOPE_MODEL:[mCAT_CAT_READS                                            -[K
[2m[[0;34m-        [0;2m] [0;2mSANGERTOL_GENOMEASSEMBLY:GENOMEASSEMBLY:GENOMESCOPE_MODEL:[mFASTK_FASTK                                              -[K
[2m[[0;34m-        [0;2m] [0;2mSANGERTOL_GENOMEASSEMBLY:GENOMEASSEMBLY:GENOMESCOPE_MODEL:[mFASTK_HISTEX                                             -[K
[2m[[0;34m-        [0;2m] [0;2mSANGERTOL_GENOMEASSEMBLY:GENOMEASSEMBLY:GENOMESCOPE_MODEL:TRIO_PROCESS:[mYAK_COUNT_PAT                               -[K
[2m[[0;34m-        [0;2m] [0;2mSANGERTOL_GENOMEASSEMBLY:GENOMEASSEMBLY:GENOMESCOPE_MODEL:TRIO_PROCESS:[mFASTK_PAT                                   -[K
[2m[[0;34m-        [0;2m] [0;2mSANGERTOL_GENOMEASSEMBLY:GENOMEASSEMBLY:GENOMESCOPE_MODEL:TRIO_PROCESS:[mYAK_COUNT_MAT                               -[K
[2m[[0;34m-        [0;2m] [0;2mSANGERTOL_GENOMEASSEMBLY:GENOMEASSEMBLY:GENOMESCOPE_MODEL:TRIO_PROCESS:[mFASTK_MAT                                   -[K
[2m[[0;34m-        [0;2m] [0;2mSANGERTOL_GENOMEASSEMBLY:GENOMEASSEMBLY:GENOMESCOPE_MODEL:TRIO_PROCESS:[mMERQURYFK_HAPMAKER                          -[K
[2m[[0;34m-        [0;2m] [0;2mSANGERTOL_GENOMEASSEMBLY:GENOMEASSEMBLY:GENOMESCOPE_MODEL:[mGENESCOPEFK                                              -[K
[2m[[0;34m-        [0;2m] [0;2mSANGERTOL_GENOMEASSEMBLY:GENOMEASSEMBLY:RAW_ASSEMBLY:[mHIFIASM_PRI                                                   -[K
[2m[[0;34m-        [0;2m] [0;2mSANGERTOL_GENOMEASSEMBLY:GENOMEASSEMBLY:RAW_ASSEMBLY:[mGFA_TO_FASTA_PRI                                              -[K
[2m[[0;34m-        [0;2m] [0;2mSANGERTOL_GENOMEASSEMBLY:GENOMEASSEMBLY:RAW_ASSEMBLY:[mGFA_TO_FASTA_ALT                                              -[K
[2m[[0;34m-        [0;2m] [0;2mSANGERTOL_GENOMEASSEMBLY:GENOMEASSEMBLY:RAW_ASSEMBLY:[mHIFIASM_HIC                                                   -[K
[2m[[0;34m-        [0;2m] [0;2mSANGERTOL_GENOMEASSEMBLY:GENOMEASSEMBLY:RAW_ASSEMBLY:[mGFA_TO_FASTA_HAP1_HIC                                         -[K
[2m[[0;34m-        [0;2m] [0;2mSANGERTOL_GENOMEASSEMBLY:GENOMEASSEMBLY:RAW_ASSEMBLY:[mGFA_TO_FASTA_HAP2_HIC                                         -[K
[2m[[0;34m-        [0;2m] [0;2mSANGERTOL_GENOMEASSEMBLY:GENOMEASSEMBLY:GENOME_STATISTICS_RAW:[mGFASTATS_PRI                                         -[K
[2m[[0;34m-        [0;2m] [0;2mSANGERTOL_GENOMEASSEMBLY:GENOMEASSEMBLY:GENOME_STATISTICS_RAW:[mGFASTATS_HAP                                         -[K
[2m[[0;34m-        [0;2m] [0;2mSANGERTOL_GENOMEASSEMBLY:GENOMEASSEMBLY:GENOME_STATISTICS_RAW:[mBUSCO_PRI                                            -[K
[2m[[0;34m-        [0;2m] [0;2mSANGERTOL_GENOMEASSEMBLY:GENOMEASSEMBLY:GENOME_STATISTICS_RAW:[mMERQURYFK_MERQURYFK                                  -[K
[2m[[0;34m-        [0;2m] [0;2mSANGERTOL_GENOMEASSEMBLY:GENOMEASSEMBLY:[mCAT_CAT_RAW                                                                -[K
[2m[[0;34m-        [0;2m] [0;2mSANGERTOL_GENOMEASSEMBLY:GENOMEASSEMBLY:[mCAT_CAT_MITOHIFI_READS                                                     -[K
[2m[[0;34m-        [0;2m] [0;2mSANGERTOL_GENOMEASSEMBLY:GENOMEASSEMBLY:ORGANELLES:[mMITOHIFI_FINDMITOREFERENCE                                      -[K
[2m[[0;34m-        [0;2m] [0;2mSANGERTOL_GENOMEASSEMBLY:GENOMEASSEMBLY:ORGANELLES:[mMITOHIFI_MITOHIFI_READS                                         -[K
[2m[[0;34m-        [0;2m] [0;2mSANGERTOL_GENOMEASSEMBLY:GENOMEASSEMBLY:ORGANELLES:[mMITOHIFI_MITOHIFI_CONTIGS                                       -[K
[2m[[0;34m-        [0;2m] [0;2mSANGERTOL_GENOMEASSEMBLY:GENOMEASSEMBLY:ORGANELLES:[mOATK                                                            -[K
[3;2mPlus [1m106[0;3;2m more processes waiting for tasks…[m[K
[27A
[2m[[0;34m-        [0;2m] [0;2mSANGERTOL_GENOMEASSEMBLY:GENOMEASSEMBLY:GENOMESCOPE_MODEL:[mCAT_CAT_READS                                            -[K
[2m[[0;34m-        [0;2m] [0;2mSANGERTOL_GENOMEASSEMBLY:GENOMEASSEMBLY:GENOMESCOPE_MODEL:[mFASTK_FASTK                                              -[K
[2m[[0;34m-        [0;2m] [0;2mSANGERTOL_GENOMEASSEMBLY:GENOMEASSEMBLY:GENOMESCOPE_MODEL:[mFASTK_HISTEX                                             -[K
[2m[[0;34m-        [0;2m] [0;2mSANGERTOL_GENOMEASSEMBLY:GENOMEASSEMBLY:GENOMESCOPE_MODEL:TRIO_PROCESS:[mYAK_COUNT_PAT                               -[K
[2m[[0;34m-        [0;2m] [0;2mSANGERTOL_GENOMEASSEMBLY:GENOMEASSEMBLY:GENOMESCOPE_MODEL:TRIO_PROCESS:[mFASTK_PAT                                   -[K
[2m[[0;34m-        [0;2m] [0;2mSANGERTOL_GENOMEASSEMBLY:GENOMEASSEMBLY:GENOMESCOPE_MODEL:TRIO_PROCESS:[mYAK_COUNT_MAT                               -[K
[2m[[0;34m-        [0;2m] [0;2mSANGERTOL_GENOMEASSEMBLY:GENOMEASSEMBLY:GENOMESCOPE_MODEL:TRIO_PROCESS:[mFASTK_MAT                                   -[K
[2m[[0;34m-        [0;2m] [0;2mSANGERTOL_GENOMEASSEMBLY:GENOMEASSEMBLY:GENOMESCOPE_MODEL:TRIO_PROCESS:[mMERQURYFK_HAPMAKER                          -[K
[2m[[0;34m-        [0;2m] [0;2mSANGERTOL_GENOMEASSEMBLY:GENOMEASSEMBLY:GENOMESCOPE_MODEL:[mGENESCOPEFK                                              -[K
[2m[[0;34m-        [0;2m] [0;2mSANGERTOL_GENOMEASSEMBLY:GENOMEASSEMBLY:RAW_ASSEMBLY:[mHIFIASM_PRI                                                   -[K
[2m[[0;34m-        [0;2m] [0;2mSANGERTOL_GENOMEASSEMBLY:GENOMEASSEMBLY:RAW_ASSEMBLY:[mGFA_TO_FASTA_PRI                                              -[K
[2m[[0;34m-        [0;2m] [0;2mSANGERTOL_GENOMEASSEMBLY:GENOMEASSEMBLY:RAW_ASSEMBLY:[mGFA_TO_FASTA_ALT                                              -[K
[2m[[0;34m-        [0;2m] [0;2mSANGERTOL_GENOMEASSEMBLY:GENOMEASSEMBLY:RAW_ASSEMBLY:[mHIFIASM_HIC                                                   -[K
[2m[[0;34m-        [0;2m] [0;2mSANGERTOL_GENOMEASSEMBLY:GENOMEASSEMBLY:RAW_ASSEMBLY:[mGFA_TO_FASTA_HAP1_HIC                                         -[K
[2m[[0;34m-        [0;2m] [0;2mSANGERTOL_GENOMEASSEMBLY:GENOMEASSEMBLY:RAW_ASSEMBLY:[mGFA_TO_FASTA_HAP2_HIC                                         -[K
[2m[[0;34m-        [0;2m] [0;2mSANGERTOL_GENOMEASSEMBLY:GENOMEASSEMBLY:GENOME_STATISTICS_RAW:[mGFASTATS_PRI                                         -[K
[2m[[0;34m-        [0;2m] [0;2mSANGERTOL_GENOMEASSEMBLY:GENOMEASSEMBLY:GENOME_STATISTICS_RAW:[mGFASTATS_HAP                                         -[K
[2m[[0;34m-        [0;2m] [0;2mSANGERTOL_GENOMEASSEMBLY:GENOMEASSEMBLY:GENOME_STATISTICS_RAW:[mBUSCO_PRI                                            -[K
[2m[[0;34m-        [0;2m] [0;2mSANGERTOL_GENOMEASSEMBLY:GENOMEASSEMBLY:GENOME_STATISTICS_RAW:[mMERQURYFK_MERQURYFK                                  -[K
[2m[[0;34m-        [0;2m] [0;2mSANGERTOL_GENOMEASSEMBLY:GENOMEASSEMBLY:[mCAT_CAT_RAW                                                                -[K
[2m[[0;34m-        [0;2m] [0;2mSANGERTOL_GENOMEASSEMBLY:GENOMEASSEMBLY:[mCAT_CAT_MITOHIFI_READS                                                     -[K
[2m[[0;34m-        [0;2m] [0;2mSANGERTOL_GENOMEASSEMBLY:GENOMEASSEMBLY:ORGANELLES:[mMITOHIFI_FINDMITOREFERENCE                                      -[K
[2m[[0;34m-        [0;2m] [0;2mSANGERTOL_GENOMEASSEMBLY:GENOMEASSEMBLY:ORGANELLES:[mMITOHIFI_MITOHIFI_READS                                         -[K
[2m[[0;34m-        [0;2m] [0;2mSANGERTOL_GENOMEASSEMBLY:GENOMEASSEMBLY:ORGANELLES:[mMITOHIFI_MITOHIFI_CONTIGS                                       -[K
[2m[[0;34m-        [0;2m] [0;2mSANGERTOL_GENOMEASSEMBLY:GENOMEASSEMBLY:ORGANELLES:[mOATK                                                            -[K
[3;2mPlus [1m106[0;3;2m more processes waiting for tasks…[m[K
Pulling Singularity image docker://ghcr.io/marcelauliano/mitohifi:3.2.3 [cache /lustre/scratch123/tol/teams/tola/users/jd42/nextflow/singularity/ghcr.io-marcelauliano-mitohifi-3.2.3.img][K
[28A
[2m[[0;34m-        [0;2m] [0;2mSANGERTOL_GENOMEASSEMBLY:GENOMEASSEMBLY:GENOMESCOPE_MODEL:[mCAT_CAT_READS                                            -[K
[2m[[0;34m-        [0;2m] [0;2mSANGERTOL_GENOMEASSEMBLY:GENOMEASSEMBLY:GENOMESCOPE_MODEL:[mFASTK_FASTK                                              -[K
[2m[[0;34m-        [0;2m] [0;2mSANGERTOL_GENOMEASSEMBLY:GENOMEASSEMBLY:GENOMESCOPE_MODEL:[mFASTK_HISTEX                                             -[K
[2m[[0;34m-        [0;2m] [0;2mSANGERTOL_GENOMEASSEMBLY:GENOMEASSEMBLY:GENOMESCOPE_MODEL:TRIO_PROCESS:[mYAK_COUNT_PAT                               -[K
[2m[[0;34m-        [0;2m] [0;2mSANGERTOL_GENOMEASSEMBLY:GENOMEASSEMBLY:GENOMESCOPE_MODEL:TRIO_PROCESS:[mFASTK_PAT                                   -[K
[2m[[0;34m-        [0;2m] [0;2mSANGERTOL_GENOMEASSEMBLY:GENOMEASSEMBLY:GENOMESCOPE_MODEL:TRIO_PROCESS:[mYAK_COUNT_MAT                               -[K
[2m[[0;34m-        [0;2m] [0;2mSANGERTOL_GENOMEASSEMBLY:GENOMEASSEMBLY:GENOMESCOPE_MODEL:TRIO_PROCESS:[mFASTK_MAT                                   -[K
[2m[[0;34m-        [0;2m] [0;2mSANGERTOL_GENOMEASSEMBLY:GENOMEASSEMBLY:GENOMESCOPE_MODEL:TRIO_PROCESS:[mMERQURYFK_HAPMAKER                          -[K
[2m[[0;34m-        [0;2m] [0;2mSANGERTOL_GENOMEASSEMBLY:GENOMEASSEMBLY:GENOMESCOPE_MODEL:[mGENESCOPEFK                                              -[K
[2m[[0;34m-        [0;2m] [0;2mSANGERTOL_GENOMEASSEMBLY:GENOMEASSEMBLY:RAW_ASSEMBLY:[mHIFIASM_PRI                                                   -[K
[2m[[0;34m-        [0;2m] [0;2mSANGERTOL_GENOMEASSEMBLY:GENOMEASSEMBLY:RAW_ASSEMBLY:[mGFA_TO_FASTA_PRI                                              -[K
[2m[[0;34m-        [0;2m] [0;2mSANGERTOL_GENOMEASSEMBLY:GENOMEASSEMBLY:RAW_ASSEMBLY:[mGFA_TO_FASTA_ALT                                              -[K
[2m[[0;34m-        [0;2m] [0;2mSANGERTOL_GENOMEASSEMBLY:GENOMEASSEMBLY:RAW_ASSEMBLY:[mHIFIASM_HIC                                                   -[K
[2m[[0;34m-        [0;2m] [0;2mSANGERTOL_GENOMEASSEMBLY:GENOMEASSEMBLY:RAW_ASSEMBLY:[mGFA_TO_FASTA_HAP1_HIC                                         -[K
[2m[[0;34m-        [0;2m] [0;2mSANGERTOL_GENOMEASSEMBLY:GENOMEASSEMBLY:RAW_ASSEMBLY:[mGFA_TO_FASTA_HAP2_HIC                                         -[K
[2m[[0;34m-        [0;2m] [0;2mSANGERTOL_GENOMEASSEMBLY:GENOMEASSEMBLY:GENOME_STATISTICS_RAW:[mGFASTATS_PRI                                         -[K
[2m[[0;34m-        [0;2m] [0;2mSANGERTOL_GENOMEASSEMBLY:GENOMEASSEMBLY:GENOME_STATISTICS_RAW:[mGFASTATS_HAP                                         -[K
[2m[[0;34m-        [0;2m] [0;2mSANGERTOL_GENOMEASSEMBLY:GENOMEASSEMBLY:GENOME_STATISTICS_RAW:[mBUSCO_PRI                                            -[K
[2m[[0;34m-        [0;2m] [0;2mSANGERTOL_GENOMEASSEMBLY:GENOMEASSEMBLY:GENOME_STATISTICS_RAW:[mMERQURYFK_MERQURYFK                                  -[K
[2m[[0;34m-        [0;2m] [0;2mSANGERTOL_GENOMEASSEMBLY:GENOMEASSEMBLY:[mCAT_CAT_RAW                                                                -[K
[2m[[0;34m-        [0;2m] [0;2mSANGERTOL_GENOMEASSEMBLY:GENOMEASSEMBLY:[mCAT_CAT_MITOHIFI_READS                                                     -[K
[2m[[0;34m-        [0;2m] [0;2mSANGERTOL_GENOMEASSEMBLY:GENOMEASSEMBLY:ORGANELLES:[mMITOHIFI_FINDMITOREFERENCE                                      -[K
[2m[[0;34m-        [0;2m] [0;2mSANGERTOL_GENOMEASSEMBLY:GENOMEASSEMBLY:ORGANELLES:[mMITOHIFI_MITOHIFI_READS                                         -[K
[2m[[0;34m-        [0;2m] [0;2mSANGERTOL_GENOMEASSEMBLY:GENOMEASSEMBLY:ORGANELLES:[mMITOHIFI_MITOHIFI_CONTIGS                                       -[K
[2m[[0;34m-        [0;2m] [0;2mSANGERTOL_GENOMEASSEMBLY:GENOMEASSEMBLY:ORGANELLES:[mOATK                                                            -[K
[3;2mPlus [1m106[0;3;2m more processes waiting for tasks…[m[K
Pulling Singularity image docker://ghcr.io/marcelauliano/mitohifi:3.2.3 [cache /lustre/scratch123/tol/teams/tola/users/jd42/nextflow/singularity/ghcr.io-marcelauliano-mitohifi-3.2.3.img][K
[28A
[2m[[0;34m-        [0;2m] [0;2mSANGERTOL_GENOMEASSEMBLY:GENOMEASSEMBLY:GENOMESCOPE_MODEL:[mCAT_CAT_READS                                           [2m [[0;34m  0%[0;2m][m 0 of 1[K
[2m[[0;34m-        [0;2m] [0;2mSANGERTOL_GENOMEASSEMBLY:GENOMEASSEMBLY:GENOMESCOPE_MODEL:[mFASTK_FASTK                                              -[K
[2m[[0;34m-        [0;2m] [0;2mSANGERTOL_GENOMEASSEMBLY:GENOMEASSEMBLY:GENOMESCOPE_MODEL:[mFASTK_HISTEX                                             -[K
[2m[[0;34m-        [0;2m] [0;2mSANGERTOL_GENOMEASSEMBLY:GENOMEASSEMBLY:GENOMESCOPE_MODEL:TRIO_PROCESS:[mYAK_COUNT_PAT                               -[K
[2m[[0;34m-        [0;2m] [0;2mSANGERTOL_GENOMEASSEMBLY:GENOMEASSEMBLY:GENOMESCOPE_MODEL:TRIO_PROCESS:[mFASTK_PAT                                   -[K
[2m[[0;34m-        [0;2m] [0;2mSANGERTOL_GENOMEASSEMBLY:GENOMEASSEMBLY:GENOMESCOPE_MODEL:TRIO_PROCESS:[mYAK_COUNT_MAT                               -[K
[2m[[0;34m-        [0;2m] [0;2mSANGERTOL_GENOMEASSEMBLY:GENOMEASSEMBLY:GENOMESCOPE_MODEL:TRIO_PROCESS:[mFASTK_MAT                                   -[K
[2m[[0;34m-        [0;2m] [0;2mSANGERTOL_GENOMEASSEMBLY:GENOMEASSEMBLY:GENOMESCOPE_MODEL:TRIO_PROCESS:[mMERQURYFK_HAPMAKER                          -[K
[2m[[0;34m-        [0;2m] [0;2mSANGERTOL_GENOMEASSEMBLY:GENOMEASSEMBLY:GENOMESCOPE_MODEL:[mGENESCOPEFK                                              -[K
[2m[[0;34m-        [0;2m] [0;2mSANGERTOL_GENOMEASSEMBLY:GENOMEASSEMBLY:RAW_ASSEMBLY:[mHIFIASM_PRI                                                  [2m [[0;34m  0%[0;2m][m 0 of 1[K
[2m[[0;34m-        [0;2m] [0;2mSANGERTOL_GENOMEASSEMBLY:GENOMEASSEMBLY:RAW_ASSEMBLY:[mGFA_TO_FASTA_PRI                                              -[K
[2m[[0;34m-        [0;2m] [0;2mSANGERTOL_GENOMEASSEMBLY:GENOMEASSEMBLY:RAW_ASSEMBLY:[mGFA_TO_FASTA_ALT                                              -[K
[2m[[0;34m-        [0;2m] [0;2mSANGERTOL_GENOMEASSEMBLY:GENOMEASSEMBLY:RAW_ASSEMBLY:[mHIFIASM_HIC                                                   -[K
[2m[[0;34m-        [0;2m] [0;2mSANGERTOL_GENOMEASSEMBLY:GENOMEASSEMBLY:RAW_ASSEMBLY:[mGFA_TO_FASTA_HAP1_HIC                                         -[K
[2m[[0;34m-        [0;2m] [0;2mSANGERTOL_GENOMEASSEMBLY:GENOMEASSEMBLY:RAW_ASSEMBLY:[mGFA_TO_FASTA_HAP2_HIC                                         -[K
[2m[[0;34m-        [0;2m] [0;2mSANGERTOL_GENOMEASSEMBLY:GENOMEASSEMBLY:GENOME_STATISTICS_RAW:[mGFASTATS_PRI                                         -[K
[2m[[0;34m-        [0;2m] [0;2mSANGERTOL_GENOMEASSEMBLY:GENOMEASSEMBLY:GENOME_STATISTICS_RAW:[mGFASTATS_HAP                                         -[K
[2m[[0;34m-        [0;2m] [0;2mSANGERTOL_GENOMEASSEMBLY:GENOMEASSEMBLY:GENOME_STATISTICS_RAW:[mBUSCO_PRI                                            -[K
[2m[[0;34m-        [0;2m] [0;2mSANGERTOL_GENOMEASSEMBLY:GENOMEASSEMBLY:GENOME_STATISTICS_RAW:[mMERQURYFK_MERQURYFK                                  -[K
[2m[[0;34m-        [0;2m] [0;2mSANGERTOL_GENOMEASSEMBLY:GENOMEASSEMBLY:[mCAT_CAT_RAW                                                                -[K
[2m[[0;34m-        [0;2m] [0;2mSANGERTOL_GENOMEASSEMBLY:GENOMEASSEMBLY:[mCAT_CAT_MITOHIFI_READS                                                    [2m [[0;34m  0%[0;2m][m 0 of 1[K
[2m[[0;34m-        [0;2m] [0;2mSANGERTOL_GENOMEASSEMBLY:GENOMEASSEMBLY:ORGANELLES:[mMITOHIFI_FINDMITOREFERENCE                                      -[K
[2m[[0;34m-        [0;2m] [0;2mSANGERTOL_GENOMEASSEMBLY:GENOMEASSEMBLY:ORGANELLES:[mMITOHIFI_MITOHIFI_READS                                         -[K
[2m[[0;34m-        [0;2m] [0;2mSANGERTOL_GENOMEASSEMBLY:GENOMEASSEMBLY:ORGANELLES:[mMITOHIFI_MITOHIFI_CONTIGS                                       -[K
[2m[[0;34m-        [0;2m] [0;2mSANGERTOL_GENOMEASSEMBLY:GENOMEASSEMBLY:ORGANELLES:[mOATK                                                            -[K
[3;2mPlus [1m106[0;3;2m more processes waiting for tasks…[m[K
Pulling Singularity image docker://ghcr.io/marcelauliano/mitohifi:3.2.3 [cache /lustre/scratch123/tol/teams/tola/users/jd42/nextflow/singularity/ghcr.io-marcelauliano-mitohifi-3.2.3.img][K
[28A
[2mexecutor >  lsf (1)[m[K
[2m[[0;34m-        [0;2m] [0;2mSANGERTOL_GENOMEASSEMBLY:GENOMEASSEMBLY:GENOMESCOPE_MODEL:[mCAT_CAT_READS                                           [2m [[0;34m  0%[0;2m][m 0 of 1[K
[2m[[0;34m-        [0;2m] [0;2mSANGERTOL_GENOMEASSEMBLY:GENOMEASSEMBLY:GENOMESCOPE_MODEL:[mFASTK_FASTK                                              -[K
[2m[[0;34m-        [0;2m] [0;2mSANGERTOL_GENOMEASSEMBLY:GENOMEASSEMBLY:GENOMESCOPE_MODEL:[mFASTK_HISTEX                                             -[K
[2m[[0;34m-        [0;2m] [0;2mSANGERTOL_GENOMEASSEMBLY:GENOMEASSEMBLY:GENOMESCOPE_MODEL:TRIO_PROCESS:[mYAK_COUNT_PAT                               -[K
[2m[[0;34m-        [0;2m] [0;2mSANGERTOL_GENOMEASSEMBLY:GENOMEASSEMBLY:GENOMESCOPE_MODEL:TRIO_PROCESS:[mFASTK_PAT                                   -[K
[2m[[0;34m-        [0;2m] [0;2mSANGERTOL_GENOMEASSEMBLY:GENOMEASSEMBLY:GENOMESCOPE_MODEL:TRIO_PROCESS:[mYAK_COUNT_MAT                               -[K
[2m[[0;34m-        [0;2m] [0;2mSANGERTOL_GENOMEASSEMBLY:GENOMEASSEMBLY:GENOMESCOPE_MODEL:TRIO_PROCESS:[mFASTK_MAT                                   -[K
[2m[[0;34m-        [0;2m] [0;2mSANGERTOL_GENOMEASSEMBLY:GENOMEASSEMBLY:GENOMESCOPE_MODEL:TRIO_PROCESS:[mMERQURYFK_HAPMAKER                          -[K
[2m[[0;34m-        [0;2m] [0;2mSANGERTOL_GENOMEASSEMBLY:GENOMEASSEMBLY:GENOMESCOPE_MODEL:[mGENESCOPEFK                                              -[K
[2m[[0;34m-        [0;2m] [0;2mSANGERTOL_GENOMEASSEMBLY:GENOMEASSEMBLY:RAW_ASSEMBLY:[mHIFIASM_PRI                                                  [2m [[0;34m  0%[0;2m][m 0 of 1[K
[2m[[0;34m-        [0;2m] [0;2mSANGERTOL_GENOMEASSEMBLY:GENOMEASSEMBLY:RAW_ASSEMBLY:[mGFA_TO_FASTA_PRI                                              -[K
[2m[[0;34m-        [0;2m] [0;2mSANGERTOL_GENOMEASSEMBLY:GENOMEASSEMBLY:RAW_ASSEMBLY:[mGFA_TO_FASTA_ALT                                              -[K
[2m[[0;34m-        [0;2m] [0;2mSANGERTOL_GENOMEASSEMBLY:GENOMEASSEMBLY:RAW_ASSEMBLY:[mHIFIASM_HIC                                                   -[K
[2m[[0;34m-        [0;2m] [0;2mSANGERTOL_GENOMEASSEMBLY:GENOMEASSEMBLY:RAW_ASSEMBLY:[mGFA_TO_FASTA_HAP1_HIC                                         -[K
[2m[[0;34m-        [0;2m] [0;2mSANGERTOL_GENOMEASSEMBLY:GENOMEASSEMBLY:RAW_ASSEMBLY:[mGFA_TO_FASTA_HAP2_HIC                                         -[K
[2m[[0;34m-        [0;2m] [0;2mSANGERTOL_GENOMEASSEMBLY:GENOMEASSEMBLY:GENOME_STATISTICS_RAW:[mGFASTATS_PRI                                         -[K
[2m[[0;34m-        [0;2m] [0;2mSANGERTOL_GENOMEASSEMBLY:GENOMEASSEMBLY:GENOME_STATISTICS_RAW:[mGFASTATS_HAP                                         -[K
[2m[[0;34m-        [0;2m] [0;2mSANGERTOL_GENOMEASSEMBLY:GENOMEASSEMBLY:GENOME_STATISTICS_RAW:[mBUSCO_PRI                                            -[K
[2m[[0;34m-        [0;2m] [0;2mSANGERTOL_GENOMEASSEMBLY:GENOMEASSEMBLY:GENOME_STATISTICS_RAW:[mMERQURYFK_MERQURYFK                                  -[K
[2m[[0;34m-        [0;2m] [0;2mSANGERTOL_GENOMEASSEMBLY:GENOMEASSEMBLY:[mCAT_CAT_RAW                                                                -[K
[2m[[0;34mca/ccc2f1[0;2m] [0;2mSANGERTOL_GENOMEASSEMBLY:GENOMEASSEMBLY:[mCAT_CAT_MITOHIFI_READS[33;2m ([0;33mbaUndUnlc1[2m)[m                                       [2m [[0;34m  0%[0;2m][m 0 of 1[K
[2m[[0;34m-        [0;2m] [0;2mSANGERTOL_GENOMEASSEMBLY:GENOMEASSEMBLY:ORGANELLES:[mMITOHIFI_FINDMITOREFERENCE                                      -[K
[2m[[0;34m-        [0;2m] [0;2mSANGERTOL_GENOMEASSEMBLY:GENOMEASSEMBLY:ORGANELLES:[mMITOHIFI_MITOHIFI_READS                                         -[K
[2m[[0;34m-        [0;2m] [0;2mSANGERTOL_GENOMEASSEMBLY:GENOMEASSEMBLY:ORGANELLES:[mMITOHIFI_MITOHIFI_CONTIGS                                       -[K
[2m[[0;34m-        [0;2m] [0;2mSANGERTOL_GENOMEASSEMBLY:GENOMEASSEMBLY:ORGANELLES:[mOATK                                                            -[K
[3;2mPlus [1m106[0;3;2m more processes waiting for tasks…[m[K
Pulling Singularity image docker://ghcr.io/marcelauliano/mitohifi:3.2.3 [cache /lustre/scratch123/tol/teams/tola/users/jd42/nextflow/singularity/ghcr.io-marcelauliano-mitohifi-3.2.3.img][K
Staging foreign file: https://tolit.cog.sanger.ac.uk/test-data/Undibacterium_unclassified/genomic_data/baUndUnlc1/hic-arima2/41741_2%237.sub.cram[K
[30A
[2mexecutor >  lsf (1)[m[K
[2m[[0;34m-        [0;2m] [0;2mSANGERTOL_GENOMEASSEMBLY:GENOMEASSEMBLY:GENOMESCOPE_MODEL:[mCAT_CAT_READS                                           [2m [[0;34m  0%[0;2m][m 0 of 1[K
[2m[[0;34m-        [0;2m] [0;2mSANGERTOL_GENOMEASSEMBLY:GENOMEASSEMBLY:GENOMESCOPE_MODEL:[mFASTK_FASTK                                              -[K
[2m[[0;34m-        [0;2m] [0;2mSANGERTOL_GENOMEASSEMBLY:GENOMEASSEMBLY:GENOMESCOPE_MODEL:[mFASTK_HISTEX                                             -[K
[2m[[0;34m-        [0;2m] [0;2mSANGERTOL_GENOMEASSEMBLY:GENOMEASSEMBLY:GENOMESCOPE_MODEL:TRIO_PROCESS:[mYAK_COUNT_PAT                               -[K
[2m[[0;34m-        [0;2m] [0;2mSANGERTOL_GENOMEASSEMBLY:GENOMEASSEMBLY:GENOMESCOPE_MODEL:TRIO_PROCESS:[mFASTK_PAT                                   -[K
[2m[[0;34m-        [0;2m] [0;2mSANGERTOL_GENOMEASSEMBLY:GENOMEASSEMBLY:GENOMESCOPE_MODEL:TRIO_PROCESS:[mYAK_COUNT_MAT                               -[K
[2m[[0;34m-        [0;2m] [0;2mSANGERTOL_GENOMEASSEMBLY:GENOMEASSEMBLY:GENOMESCOPE_MODEL:TRIO_PROCESS:[mFASTK_MAT                                   -[K
[2m[[0;34m-        [0;2m] [0;2mSANGERTOL_GENOMEASSEMBLY:GENOMEASSEMBLY:GENOMESCOPE_MODEL:TRIO_PROCESS:[mMERQURYFK_HAPMAKER                          -[K
[2m[[0;34m-        [0;2m] [0;2mSANGERTOL_GENOMEASSEMBLY:GENOMEASSEMBLY:GENOMESCOPE_MODEL:[mGENESCOPEFK                                              -[K
[2m[[0;34m-        [0;2m] [0;2mSANGERTOL_GENOMEASSEMBLY:GENOMEASSEMBLY:RAW_ASSEMBLY:[mHIFIASM_PRI                                                  [2m [[0;34m  0%[0;2m][m 0 of 1[K
[2m[[0;34m-        [0;2m] [0;2mSANGERTOL_GENOMEASSEMBLY:GENOMEASSEMBLY:RAW_ASSEMBLY:[mGFA_TO_FASTA_PRI                                              -[K
[2m[[0;34m-        [0;2m] [0;2mSANGERTOL_GENOMEASSEMBLY:GENOMEASSEMBLY:RAW_ASSEMBLY:[mGFA_TO_FASTA_ALT                                              -[K
[2m[[0;34m-        [0;2m] [0;2mSANGERTOL_GENOMEASSEMBLY:GENOMEASSEMBLY:RAW_ASSEMBLY:[mHIFIASM_HIC                                                  [2m [[0;34m  0%[0;2m][m 0 of 1[K
[2m[[0;34m-        [0;2m] [0;2mSANGERTOL_GENOMEASSEMBLY:GENOMEASSEMBLY:RAW_ASSEMBLY:[mGFA_TO_FASTA_HAP1_HIC                                         -[K
[2m[[0;34m-        [0;2m] [0;2mSANGERTOL_GENOMEASSEMBLY:GENOMEASSEMBLY:RAW_ASSEMBLY:[mGFA_TO_FASTA_HAP2_HIC                                         -[K
[2m[[0;34m-        [0;2m] [0;2mSANGERTOL_GENOMEASSEMBLY:GENOMEASSEMBLY:GENOME_STATISTICS_RAW:[mGFASTATS_PRI                                         -[K
[2m[[0;34m-        [0;2m] [0;2mSANGERTOL_GENOMEASSEMBLY:GENOMEASSEMBLY:GENOME_STATISTICS_RAW:[mGFASTATS_HAP                                         -[K
[2m[[0;34m-        [0;2m] [0;2mSANGERTOL_GENOMEASSEMBLY:GENOMEASSEMBLY:GENOME_STATISTICS_RAW:[mBUSCO_PRI                                            -[K
[2m[[0;34m-        [0;2m] [0;2mSANGERTOL_GENOMEASSEMBLY:GENOMEASSEMBLY:GENOME_STATISTICS_RAW:[mMERQURYFK_MERQURYFK                                  -[K
[2m[[0;34m-        [0;2m] [0;2mSANGERTOL_GENOMEASSEMBLY:GENOMEASSEMBLY:[mCAT_CAT_RAW                                                                -[K
[2m[[0;34mca/ccc2f1[0;2m] [0;2mSANGERTOL_GENOMEASSEMBLY:GENOMEASSEMBLY:[mCAT_CAT_MITOHIFI_READS[33;2m ([0;33mbaUndUnlc1[2m)[m                                       [2m [[0;34m  0%[0;2m][m 0 of 1[K
[2m[[0;34m-        [0;2m] [0;2mSANGERTOL_GENOMEASSEMBLY:GENOMEASSEMBLY:ORGANELLES:[mMITOHIFI_FINDMITOREFERENCE                                      -[K
[2m[[0;34m-        [0;2m] [0;2mSANGERTOL_GENOMEASSEMBLY:GENOMEASSEMBLY:ORGANELLES:[mMITOHIFI_MITOHIFI_READS                                         -[K
[2m[[0;34m-        [0;2m] [0;2mSANGERTOL_GENOMEASSEMBLY:GENOMEASSEMBLY:ORGANELLES:[mMITOHIFI_MITOHIFI_CONTIGS                                       -[K
[2m[[0;34m-        [0;2m] [0;2mSANGERTOL_GENOMEASSEMBLY:GENOMEASSEMBLY:ORGANELLES:[mOATK                                                            -[K
[3;2mPlus [1m106[0;3;2m more processes waiting for tasks…[m[K
Pulling Singularity image docker://ghcr.io/marcelauliano/mitohifi:3.2.3 [cache /lustre/scratch123/tol/teams/tola/users/jd42/nextflow/singularity/ghcr.io-marcelauliano-mitohifi-3.2.3.img][K
Staging foreign file: https://tolit.cog.sanger.ac.uk/test-data/Undibacterium_unclassified/genomic_data/baUndUnlc1/hic-arima2/41741_2%237.sub.cram[K
[30A
[2mexecutor >  lsf (2)[m[K
[2m[[0;34m-        [0;2m] [0;2mSANGERTOL_GENOMEASSEMBLY:GENOMEASSEMBLY:GENOMESCOPE_MODEL:[mCAT_CAT_READS                                           [2m [[0;34m  0%[0;2m][m 0 of 1[K
[2m[[0;34m-        [0;2m] [0;2mSANGERTOL_GENOMEASSEMBLY:GENOMEASSEMBLY:GENOMESCOPE_MODEL:[mFASTK_FASTK                                              -[K
[2m[[0;34m-        [0;2m] [0;2mSANGERTOL_GENOMEASSEMBLY:GENOMEASSEMBLY:GENOMESCOPE_MODEL:[mFASTK_HISTEX                                             -[K
[2m[[0;34m-        [0;2m] [0;2mSANGERTOL_GENOMEASSEMBLY:GENOMEASSEMBLY:GENOMESCOPE_MODEL:TRIO_PROCESS:[mYAK_COUNT_PAT                               -[K
[2m[[0;34m-        [0;2m] [0;2mSANGERTOL_GENOMEASSEMBLY:GENOMEASSEMBLY:GENOMESCOPE_MODEL:TRIO_PROCESS:[mFASTK_PAT                                   -[K
[2m[[0;34m-        [0;2m] [0;2mSANGERTOL_GENOMEASSEMBLY:GENOMEASSEMBLY:GENOMESCOPE_MODEL:TRIO_PROCESS:[mYAK_COUNT_MAT                               -[K
[2m[[0;34m-        [0;2m] [0;2mSANGERTOL_GENOMEASSEMBLY:GENOMEASSEMBLY:GENOMESCOPE_MODEL:TRIO_PROCESS:[mFASTK_MAT                                   -[K
[2m[[0;34m-        [0;2m] [0;2mSANGERTOL_GENOMEASSEMBLY:GENOMEASSEMBLY:GENOMESCOPE_MODEL:TRIO_PROCESS:[mMERQURYFK_HAPMAKER                          -[K
[2m[[0;34m-        [0;2m] [0;2mSANGERTOL_GENOMEASSEMBLY:GENOMEASSEMBLY:GENOMESCOPE_MODEL:[mGENESCOPEFK                                              -[K
[2m[[0;34m9e/b9c04e[0;2m] [0;2mSANGERTOL_GENOMEASSEMBLY:GENOMEASSEMBLY:RAW_ASSEMBLY:[mHIFIASM_PRI[33;2m ([0;33mbaUndUnlc1[2m)[m                                     [2m [[0;34m  0%[0;2m][m 0 of 1[K
[2m[[0;34m-        [0;2m] [0;2mSANGERTOL_GENOMEASSEMBLY:GENOMEASSEMBLY:RAW_ASSEMBLY:[mGFA_TO_FASTA_PRI                                              -[K
[2m[[0;34m-        [0;2m] [0;2mSANGERTOL_GENOMEASSEMBLY:GENOMEASSEMBLY:RAW_ASSEMBLY:[mGFA_TO_FASTA_ALT                                              -[K
[2m[[0;34m-        [0;2m] [0;2mSANGERTOL_GENOMEASSEMBLY:GENOMEASSEMBLY:RAW_ASSEMBLY:[mHIFIASM_HIC                                                  [2m [[0;34m  0%[0;2m][m 0 of 1[K
[2m[[0;34m-        [0;2m] [0;2mSANGERTOL_GENOMEASSEMBLY:GENOMEASSEMBLY:RAW_ASSEMBLY:[mGFA_TO_FASTA_HAP1_HIC                                         -[K
[2m[[0;34m-        [0;2m] [0;2mSANGERTOL_GENOMEASSEMBLY:GENOMEASSEMBLY:RAW_ASSEMBLY:[mGFA_TO_FASTA_HAP2_HIC                                         -[K
[2m[[0;34m-        [0;2m] [0;2mSANGERTOL_GENOMEASSEMBLY:GENOMEASSEMBLY:GENOME_STATISTICS_RAW:[mGFASTATS_PRI                                         -[K
[2m[[0;34m-        [0;2m] [0;2mSANGERTOL_GENOMEASSEMBLY:GENOMEASSEMBLY:GENOME_STATISTICS_RAW:[mGFASTATS_HAP                                         -[K
[2m[[0;34m-        [0;2m] [0;2mSANGERTOL_GENOMEASSEMBLY:GENOMEASSEMBLY:GENOME_STATISTICS_RAW:[mBUSCO_PRI                                            -[K
[2m[[0;34m-        [0;2m] [0;2mSANGERTOL_GENOMEASSEMBLY:GENOMEASSEMBLY:GENOME_STATISTICS_RAW:[mMERQURYFK_MERQURYFK                                  -[K
[2m[[0;34m-        [0;2m] [0;2mSANGERTOL_GENOMEASSEMBLY:GENOMEASSEMBLY:[mCAT_CAT_RAW                                                                -[K
[2m[[0;34mca/ccc2f1[0;2m] [0;2mSANGERTOL_GENOMEASSEMBLY:GENOMEASSEMBLY:[mCAT_CAT_MITOHIFI_READS[33;2m ([0;33mbaUndUnlc1[2m)[m                                       [2m [[0;34m  0%[0;2m][m 0 of 1[K
[2m[[0;34m-        [0;2m] [0;2mSANGERTOL_GENOMEASSEMBLY:GENOMEASSEMBLY:ORGANELLES:[mMITOHIFI_FINDMITOREFERENCE                                      -[K
[2m[[0;34m-        [0;2m] [0;2mSANGERTOL_GENOMEASSEMBLY:GENOMEASSEMBLY:ORGANELLES:[mMITOHIFI_MITOHIFI_READS                                         -[K
[2m[[0;34m-        [0;2m] [0;2mSANGERTOL_GENOMEASSEMBLY:GENOMEASSEMBLY:ORGANELLES:[mMITOHIFI_MITOHIFI_CONTIGS                                       -[K
[2m[[0;34m-        [0;2m] [0;2mSANGERTOL_GENOMEASSEMBLY:GENOMEASSEMBLY:ORGANELLES:[mOATK                                                            -[K
[3;2mPlus [1m106[0;3;2m more processes waiting for tasks…[m[K
Pulling Singularity image docker://ghcr.io/marcelauliano/mitohifi:3.2.3 [cache /lustre/scratch123/tol/teams/tola/users/jd42/nextflow/singularity/ghcr.io-marcelauliano-mitohifi-3.2.3.img][K
Staging foreign file: https://tolit.cog.sanger.ac.uk/test-data/Undibacterium_unclassified/genomic_data/baUndUnlc1/hic-arima2/41741_2%237.sub.cram[K
[30A
[2mexecutor >  lsf (3)[m[K
[2m[[0;34m7d/413873[0;2m] [0;2mSANGERTOL_GENOMEASSEMBLY:GENOMEASSEMBLY:GENOMESCOPE_MODEL:[mCAT_CAT_READS[33;2m ([0;33mbaUndUnlc1[2m)[m                              [2m [[0;34m  0%[0;2m][m 0 of 1[K
[2m[[0;34m-        [0;2m] [0;2mSANGERTOL_GENOMEASSEMBLY:GENOMEASSEMBLY:GENOMESCOPE_MODEL:[mFASTK_FASTK                                              -[K
[2m[[0;34m-        [0;2m] [0;2mSANGERTOL_GENOMEASSEMBLY:GENOMEASSEMBLY:GENOMESCOPE_MODEL:[mFASTK_HISTEX                                             -[K
[2m[[0;34m-        [0;2m] [0;2mSANGERTOL_GENOMEASSEMBLY:GENOMEASSEMBLY:GENOMESCOPE_MODEL:TRIO_PROCESS:[mYAK_COUNT_PAT                               -[K
[2m[[0;34m-        [0;2m] [0;2mSANGERTOL_GENOMEASSEMBLY:GENOMEASSEMBLY:GENOMESCOPE_MODEL:TRIO_PROCESS:[mFASTK_PAT                                   -[K
[2m[[0;34m-        [0;2m] [0;2mSANGERTOL_GENOMEASSEMBLY:GENOMEASSEMBLY:GENOMESCOPE_MODEL:TRIO_PROCESS:[mYAK_COUNT_MAT                               -[K
[2m[[0;34m-        [0;2m] [0;2mSANGERTOL_GENOMEASSEMBLY:GENOMEASSEMBLY:GENOMESCOPE_MODEL:TRIO_PROCESS:[mFASTK_MAT                                   -[K
[2m[[0;34m-        [0;2m] [0;2mSANGERTOL_GENOMEASSEMBLY:GENOMEASSEMBLY:GENOMESCOPE_MODEL:TRIO_PROCESS:[mMERQURYFK_HAPMAKER                          -[K
[2m[[0;34m-        [0;2m] [0;2mSANGERTOL_GENOMEASSEMBLY:GENOMEASSEMBLY:GENOMESCOPE_MODEL:[mGENESCOPEFK                                              -[K
[2m[[0;34m9e/b9c04e[0;2m] [0;2mSANGERTOL_GENOMEASSEMBLY:GENOMEASSEMBLY:RAW_ASSEMBLY:[mHIFIASM_PRI[33;2m ([0;33mbaUndUnlc1[2m)[m                                     [2m [[0;34m  0%[0;2m][m 0 of 1[K
[2m[[0;34m-        [0;2m] [0;2mSANGERTOL_GENOMEASSEMBLY:GENOMEASSEMBLY:RAW_ASSEMBLY:[mGFA_TO_FASTA_PRI                                              -[K
[2m[[0;34m-        [0;2m] [0;2mSANGERTOL_GENOMEASSEMBLY:GENOMEASSEMBLY:RAW_ASSEMBLY:[mGFA_TO_FASTA_ALT                                              -[K
[2m[[0;34m-        [0;2m] [0;2mSANGERTOL_GENOMEASSEMBLY:GENOMEASSEMBLY:RAW_ASSEMBLY:[mHIFIASM_HIC                                                  [2m [[0;34m  0%[0;2m][m 0 of 1[K
[2m[[0;34m-        [0;2m] [0;2mSANGERTOL_GENOMEASSEMBLY:GENOMEASSEMBLY:RAW_ASSEMBLY:[mGFA_TO_FASTA_HAP1_HIC                                         -[K
[2m[[0;34m-        [0;2m] [0;2mSANGERTOL_GENOMEASSEMBLY:GENOMEASSEMBLY:RAW_ASSEMBLY:[mGFA_TO_FASTA_HAP2_HIC                                         -[K
[2m[[0;34m-        [0;2m] [0;2mSANGERTOL_GENOMEASSEMBLY:GENOMEASSEMBLY:GENOME_STATISTICS_RAW:[mGFASTATS_PRI                                         -[K
[2m[[0;34m-        [0;2m] [0;2mSANGERTOL_GENOMEASSEMBLY:GENOMEASSEMBLY:GENOME_STATISTICS_RAW:[mGFASTATS_HAP                                         -[K
[2m[[0;34m-        [0;2m] [0;2mSANGERTOL_GENOMEASSEMBLY:GENOMEASSEMBLY:GENOME_STATISTICS_RAW:[mBUSCO_PRI                                            -[K
[2m[[0;34m-        [0;2m] [0;2mSANGERTOL_GENOMEASSEMBLY:GENOMEASSEMBLY:GENOME_STATISTICS_RAW:[mMERQURYFK_MERQURYFK                                  -[K
[2m[[0;34m-        [0;2m] [0;2mSANGERTOL_GENOMEASSEMBLY:GENOMEASSEMBLY:[mCAT_CAT_RAW                                                                -[K
[2m[[0;34mca/ccc2f1[0;2m] [0;2mSANGERTOL_GENOMEASSEMBLY:GENOMEASSEMBLY:[mCAT_CAT_MITOHIFI_READS[33;2m ([0;33mbaUndUnlc1[2m)[m                                       [2m [[0;34m  0%[0;2m][m 0 of 1[K
[2m[[0;34m-        [0;2m] [0;2mSANGERTOL_GENOMEASSEMBLY:GENOMEASSEMBLY:ORGANELLES:[mMITOHIFI_FINDMITOREFERENCE                                      -[K
[2m[[0;34m-        [0;2m] [0;2mSANGERTOL_GENOMEASSEMBLY:GENOMEASSEMBLY:ORGANELLES:[mMITOHIFI_MITOHIFI_READS                                         -[K
[2m[[0;34m-        [0;2m] [0;2mSANGERTOL_GENOMEASSEMBLY:GENOMEASSEMBLY:ORGANELLES:[mMITOHIFI_MITOHIFI_CONTIGS                                       -[K
[2m[[0;34m-        [0;2m] [0;2mSANGERTOL_GENOMEASSEMBLY:GENOMEASSEMBLY:ORGANELLES:[mOATK                                                            -[K
[3;2mPlus [1m106[0;3;2m more processes waiting for tasks…[m[K
Pulling Singularity image docker://ghcr.io/marcelauliano/mitohifi:3.2.3 [cache /lustre/scratch123/tol/teams/tola/users/jd42/nextflow/singularity/ghcr.io-marcelauliano-mitohifi-3.2.3.img][K
Staging foreign file: https://tolit.cog.sanger.ac.uk/test-data/Undibacterium_unclassified/genomic_data/baUndUnlc1/hic-arima2/41741_2%237.sub.cram[K
[30A
[2mexecutor >  lsf (4)[m[K
[2m[[0;34m7d/413873[0;2m] [0;2mSANGERTOL_GENOMEASSEMBLY:GENOMEASSEMBLY:GENOMESCOPE_MODEL:[mCAT_CAT_READS[33;2m ([0;33mbaUndUnlc1[2m)[m                              [2m [[0;34m  0%[0;2m][m 0 of 1[K
[2m[[0;34m-        [0;2m] [0;2mSANGERTOL_GENOMEASSEMBLY:GENOMEASSEMBLY:GENOMESCOPE_MODEL:[mFASTK_FASTK                                              -[K
[2m[[0;34m-        [0;2m] [0;2mSANGERTOL_GENOMEASSEMBLY:GENOMEASSEMBLY:GENOMESCOPE_MODEL:[mFASTK_HISTEX                                             -[K
[2m[[0;34m-        [0;2m] [0;2mSANGERTOL_GENOMEASSEMBLY:GENOMEASSEMBLY:GENOMESCOPE_MODEL:TRIO_PROCESS:[mYAK_COUNT_PAT                               -[K
[2m[[0;34m-        [0;2m] [0;2mSANGERTOL_GENOMEASSEMBLY:GENOMEASSEMBLY:GENOMESCOPE_MODEL:TRIO_PROCESS:[mFASTK_PAT                                   -[K
[2m[[0;34m-        [0;2m] [0;2mSANGERTOL_GENOMEASSEMBLY:GENOMEASSEMBLY:GENOMESCOPE_MODEL:TRIO_PROCESS:[mYAK_COUNT_MAT                               -[K
[2m[[0;34m-        [0;2m] [0;2mSANGERTOL_GENOMEASSEMBLY:GENOMEASSEMBLY:GENOMESCOPE_MODEL:TRIO_PROCESS:[mFASTK_MAT                                   -[K
[2m[[0;34m-        [0;2m] [0;2mSANGERTOL_GENOMEASSEMBLY:GENOMEASSEMBLY:GENOMESCOPE_MODEL:TRIO_PROCESS:[mMERQURYFK_HAPMAKER                          -[K
[2m[[0;34m-        [0;2m] [0;2mSANGERTOL_GENOMEASSEMBLY:GENOMEASSEMBLY:GENOMESCOPE_MODEL:[mGENESCOPEFK                                              -[K
[2m[[0;34m9e/b9c04e[0;2m] [0;2mSANGERTOL_GENOMEASSEMBLY:GENOMEASSEMBLY:RAW_ASSEMBLY:[mHIFIASM_PRI[33;2m ([0;33mbaUndUnlc1[2m)[m                                     [2m [[0;34m  0%[0;2m][m 0 of 1[K
[2m[[0;34m-        [0;2m] [0;2mSANGERTOL_GENOMEASSEMBLY:GENOMEASSEMBLY:RAW_ASSEMBLY:[mGFA_TO_FASTA_PRI                                              -[K
[2m[[0;34m-        [0;2m] [0;2mSANGERTOL_GENOMEASSEMBLY:GENOMEASSEMBLY:RAW_ASSEMBLY:[mGFA_TO_FASTA_ALT                                              -[K
[2m[[0;34m4b/49967f[0;2m] [0;2mSANGERTOL_GENOMEASSEMBLY:GENOMEASSEMBLY:RAW_ASSEMBLY:[mHIFIASM_HIC[33;2m ([0;33mbaUndUnlc1[2m)[m                                     [2m [[0;34m  0%[0;2m][m 0 of 1[K
[2m[[0;34m-        [0;2m] [0;2mSANGERTOL_GENOMEASSEMBLY:GENOMEASSEMBLY:RAW_ASSEMBLY:[mGFA_TO_FASTA_HAP1_HIC                                         -[K
[2m[[0;34m-        [0;2m] [0;2mSANGERTOL_GENOMEASSEMBLY:GENOMEASSEMBLY:RAW_ASSEMBLY:[mGFA_TO_FASTA_HAP2_HIC                                         -[K
[2m[[0;34m-        [0;2m] [0;2mSANGERTOL_GENOMEASSEMBLY:GENOMEASSEMBLY:GENOME_STATISTICS_RAW:[mGFASTATS_PRI                                         -[K
[2m[[0;34m-        [0;2m] [0;2mSANGERTOL_GENOMEASSEMBLY:GENOMEASSEMBLY:GENOME_STATISTICS_RAW:[mGFASTATS_HAP                                         -[K
[2m[[0;34m-        [0;2m] [0;2mSANGERTOL_GENOMEASSEMBLY:GENOMEASSEMBLY:GENOME_STATISTICS_RAW:[mBUSCO_PRI                                            -[K
[2m[[0;34m-        [0;2m] [0;2mSANGERTOL_GENOMEASSEMBLY:GENOMEASSEMBLY:GENOME_STATISTICS_RAW:[mMERQURYFK_MERQURYFK                                  -[K
[2m[[0;34m-        [0;2m] [0;2mSANGERTOL_GENOMEASSEMBLY:GENOMEASSEMBLY:[mCAT_CAT_RAW                                                                -[K
[2m[[0;34mca/ccc2f1[0;2m] [0;2mSANGERTOL_GENOMEASSEMBLY:GENOMEASSEMBLY:[mCAT_CAT_MITOHIFI_READS[33;2m ([0;33mbaUndUnlc1[2m)[m                                       [2m [[0;34m  0%[0;2m][m 0 of 1[K
[2m[[0;34m-        [0;2m] [0;2mSANGERTOL_GENOMEASSEMBLY:GENOMEASSEMBLY:ORGANELLES:[mMITOHIFI_FINDMITOREFERENCE                                      -[K
[2m[[0;34m-        [0;2m] [0;2mSANGERTOL_GENOMEASSEMBLY:GENOMEASSEMBLY:ORGANELLES:[mMITOHIFI_MITOHIFI_READS                                         -[K
[2m[[0;34m-        [0;2m] [0;2mSANGERTOL_GENOMEASSEMBLY:GENOMEASSEMBLY:ORGANELLES:[mMITOHIFI_MITOHIFI_CONTIGS                                       -[K
[2m[[0;34m-        [0;2m] [0;2mSANGERTOL_GENOMEASSEMBLY:GENOMEASSEMBLY:ORGANELLES:[mOATK                                                            -[K
[3;2mPlus [1m106[0;3;2m more processes waiting for tasks…[m[K
Pulling Singularity image docker://ghcr.io/marcelauliano/mitohifi:3.2.3 [cache /lustre/scratch123/tol/teams/tola/users/jd42/nextflow/singularity/ghcr.io-marcelauliano-mitohifi-3.2.3.img][K
Staging foreign file: https://tolit.cog.sanger.ac.uk/test-data/Undibacterium_unclassified/genomic_data/baUndUnlc1/hic-arima2/41741_2%237.sub.cram[K
[30A
[2mexecutor >  lsf (4)[m[K
[2m[[0;34m7d/413873[0;2m] [0;2mSANGERTOL_GENOMEASSEMBLY:GENOMEASSEMBLY:GENOMESCOPE_MODEL:[mCAT_CAT_READS[33;2m ([0;33mbaUndUnlc1[2m)[m                              [2m [[0;34m  0%[0;2m][m 0 of 1[K
[2m[[0;34m-        [0;2m] [0;2mSANGERTOL_GENOMEASSEMBLY:GENOMEASSEMBLY:GENOMESCOPE_MODEL:[mFASTK_FASTK                                              -[K
[2m[[0;34m-        [0;2m] [0;2mSANGERTOL_GENOMEASSEMBLY:GENOMEASSEMBLY:GENOMESCOPE_MODEL:[mFASTK_HISTEX                                             -[K
[2m[[0;34m-        [0;2m] [0;2mSANGERTOL_GENOMEASSEMBLY:GENOMEASSEMBLY:GENOMESCOPE_MODEL:TRIO_PROCESS:[mYAK_COUNT_PAT                               -[K
[2m[[0;34m-        [0;2m] [0;2mSANGERTOL_GENOMEASSEMBLY:GENOMEASSEMBLY:GENOMESCOPE_MODEL:TRIO_PROCESS:[mFASTK_PAT                                   -[K
[2m[[0;34m-        [0;2m] [0;2mSANGERTOL_GENOMEASSEMBLY:GENOMEASSEMBLY:GENOMESCOPE_MODEL:TRIO_PROCESS:[mYAK_COUNT_MAT                               -[K
[2m[[0;34m-        [0;2m] [0;2mSANGERTOL_GENOMEASSEMBLY:GENOMEASSEMBLY:GENOMESCOPE_MODEL:TRIO_PROCESS:[mFASTK_MAT                                   -[K
[2m[[0;34m-        [0;2m] [0;2mSANGERTOL_GENOMEASSEMBLY:GENOMEASSEMBLY:GENOMESCOPE_MODEL:TRIO_PROCESS:[mMERQURYFK_HAPMAKER                          -[K
[2m[[0;34m-        [0;2m] [0;2mSANGERTOL_GENOMEASSEMBLY:GENOMEASSEMBLY:GENOMESCOPE_MODEL:[mGENESCOPEFK                                              -[K
[2m[[0;34m9e/b9c04e[0;2m] [0;2mSANGERTOL_GENOMEASSEMBLY:GENOMEASSEMBLY:RAW_ASSEMBLY:[mHIFIASM_PRI[33;2m ([0;33mbaUndUnlc1[2m)[m                                     [2m [[0;34m  0%[0;2m][m 0 of 1[K
[2m[[0;34m-        [0;2m] [0;2mSANGERTOL_GENOMEASSEMBLY:GENOMEASSEMBLY:RAW_ASSEMBLY:[mGFA_TO_FASTA_PRI                                              -[K
[2m[[0;34m-        [0;2m] [0;2mSANGERTOL_GENOMEASSEMBLY:GENOMEASSEMBLY:RAW_ASSEMBLY:[mGFA_TO_FASTA_ALT                                              -[K
[2m[[0;34m4b/49967f[0;2m] [0;2mSANGERTOL_GENOMEASSEMBLY:GENOMEASSEMBLY:RAW_ASSEMBLY:[mHIFIASM_HIC[33;2m ([0;33mbaUndUnlc1[2m)[m                                     [2m [[0;34m  0%[0;2m][m 0 of 1[K
[2m[[0;34m-        [0;2m] [0;2mSANGERTOL_GENOMEASSEMBLY:GENOMEASSEMBLY:RAW_ASSEMBLY:[mGFA_TO_FASTA_HAP1_HIC                                         -[K
[2m[[0;34m-        [0;2m] [0;2mSANGERTOL_GENOMEASSEMBLY:GENOMEASSEMBLY:RAW_ASSEMBLY:[mGFA_TO_FASTA_HAP2_HIC                                         -[K
[2m[[0;34m-        [0;2m] [0;2mSANGERTOL_GENOMEASSEMBLY:GENOMEASSEMBLY:GENOME_STATISTICS_RAW:[mGFASTATS_PRI                                         -[K
[2m[[0;34m-        [0;2m] [0;2mSANGERTOL_GENOMEASSEMBLY:GENOMEASSEMBLY:GENOME_STATISTICS_RAW:[mGFASTATS_HAP                                         -[K
[2m[[0;34m-        [0;2m] [0;2mSANGERTOL_GENOMEASSEMBLY:GENOMEASSEMBLY:GENOME_STATISTICS_RAW:[mBUSCO_PRI                                            -[K
[2m[[0;34m-        [0;2m] [0;2mSANGERTOL_GENOMEASSEMBLY:GENOMEASSEMBLY:GENOME_STATISTICS_RAW:[mMERQURYFK_MERQURYFK                                  -[K
[2m[[0;34m-        [0;2m] [0;2mSANGERTOL_GENOMEASSEMBLY:GENOMEASSEMBLY:[mCAT_CAT_RAW                                                                -[K
[2m[[0;34mca/ccc2f1[0;2m] [0;2mSANGERTOL_GENOMEASSEMBLY:GENOMEASSEMBLY:[mCAT_CAT_MITOHIFI_READS[33;2m ([0;33mbaUndUnlc1[2m)[m                                       [2m [[0;34m  0%[0;2m][m 0 of 1[K
[2m[[0;34m-        [0;2m] [0;2mSANGERTOL_GENOMEASSEMBLY:GENOMEASSEMBLY:ORGANELLES:[mMITOHIFI_FINDMITOREFERENCE                                      -[K
[2m[[0;34m-        [0;2m] [0;2mSANGERTOL_GENOMEASSEMBLY:GENOMEASSEMBLY:ORGANELLES:[mMITOHIFI_MITOHIFI_READS                                         -[K
[2m[[0;34m-        [0;2m] [0;2mSANGERTOL_GENOMEASSEMBLY:GENOMEASSEMBLY:ORGANELLES:[mMITOHIFI_MITOHIFI_CONTIGS                                       -[K
[2m[[0;34m-        [0;2m] [0;2mSANGERTOL_GENOMEASSEMBLY:GENOMEASSEMBLY:ORGANELLES:[mOATK                                                            -[K
[3;2mPlus [1m106[0;3;2m more processes waiting for tasks…[m[K
Pulling Singularity image docker://ghcr.io/marcelauliano/mitohifi:3.2.3 [cache /lustre/scratch123/tol/teams/tola/users/jd42/nextflow/singularity/ghcr.io-marcelauliano-mitohifi-3.2.3.img][K
Staging foreign file: https://tolit.cog.sanger.ac.uk/test-data/Undibacterium_unclassified/genomic_data/baUndUnlc1/hic-arima2/41741_2%237.sub.cram[K
[30A
[2mexecutor >  lsf (4)[m[K
[2m[[0;34m7d/413873[0;2m] [0;2mSANGERTOL_GENOMEASSEMBLY:GENOMEASSEMBLY:GENOMESCOPE_MODEL:[mCAT_CAT_READS[33;2m ([0;33mbaUndUnlc1[2m)[m                              [2m [[0;34m  0%[0;2m][m 0 of 1[32m ✔[m[K
[2m[[0;34m-        [0;2m] [0;2mSANGERTOL_GENOMEASSEMBLY:GENOMEASSEMBLY:GENOMESCOPE_MODEL:[mFASTK_FASTK                                              -[K
[2m[[0;34m-        [0;2m] [0;2mSANGERTOL_GENOMEASSEMBLY:GENOMEASSEMBLY:GENOMESCOPE_MODEL:[mFASTK_HISTEX                                             -[K
[2m[[0;34m-        [0;2m] [0;2mSANGERTOL_GENOMEASSEMBLY:GENOMEASSEMBLY:GENOMESCOPE_MODEL:TRIO_PROCESS:[mYAK_COUNT_PAT                               -[K
[2m[[0;34m-        [0;2m] [0;2mSANGERTOL_GENOMEASSEMBLY:GENOMEASSEMBLY:GENOMESCOPE_MODEL:TRIO_PROCESS:[mFASTK_PAT                                   -[K
[2m[[0;34m-        [0;2m] [0;2mSANGERTOL_GENOMEASSEMBLY:GENOMEASSEMBLY:GENOMESCOPE_MODEL:TRIO_PROCESS:[mYAK_COUNT_MAT                               -[K
[2m[[0;34m-        [0;2m] [0;2mSANGERTOL_GENOMEASSEMBLY:GENOMEASSEMBLY:GENOMESCOPE_MODEL:TRIO_PROCESS:[mFASTK_MAT                                   -[K
[2m[[0;34m-        [0;2m] [0;2mSANGERTOL_GENOMEASSEMBLY:GENOMEASSEMBLY:GENOMESCOPE_MODEL:TRIO_PROCESS:[mMERQURYFK_HAPMAKER                          -[K
[2m[[0;34m-        [0;2m] [0;2mSANGERTOL_GENOMEASSEMBLY:GENOMEASSEMBLY:GENOMESCOPE_MODEL:[mGENESCOPEFK                                              -[K
[2m[[0;34m9e/b9c04e[0;2m] [0;2mSANGERTOL_GENOMEASSEMBLY:GENOMEASSEMBLY:RAW_ASSEMBLY:[mHIFIASM_PRI[33;2m ([0;33mbaUndUnlc1[2m)[m                                     [2m [[0;34m  0%[0;2m][m 0 of 1[K
[2m[[0;34m-        [0;2m] [0;2mSANGERTOL_GENOMEASSEMBLY:GENOMEASSEMBLY:RAW_ASSEMBLY:[mGFA_TO_FASTA_PRI                                              -[K
[2m[[0;34m-        [0;2m] [0;2mSANGERTOL_GENOMEASSEMBLY:GENOMEASSEMBLY:RAW_ASSEMBLY:[mGFA_TO_FASTA_ALT                                              -[K
[2m[[0;34m4b/49967f[0;2m] [0;2mSANGERTOL_GENOMEASSEMBLY:GENOMEASSEMBLY:RAW_ASSEMBLY:[mHIFIASM_HIC[33;2m ([0;33mbaUndUnlc1[2m)[m                                     [2m [[0;34m  0%[0;2m][m 0 of 1[K
[2m[[0;34m-        [0;2m] [0;2mSANGERTOL_GENOMEASSEMBLY:GENOMEASSEMBLY:RAW_ASSEMBLY:[mGFA_TO_FASTA_HAP1_HIC                                         -[K
[2m[[0;34m-        [0;2m] [0;2mSANGERTOL_GENOMEASSEMBLY:GENOMEASSEMBLY:RAW_ASSEMBLY:[mGFA_TO_FASTA_HAP2_HIC                                         -[K
[2m[[0;34m-        [0;2m] [0;2mSANGERTOL_GENOMEASSEMBLY:GENOMEASSEMBLY:GENOME_STATISTICS_RAW:[mGFASTATS_PRI                                         -[K
[2m[[0;34m-        [0;2m] [0;2mSANGERTOL_GENOMEASSEMBLY:GENOMEASSEMBLY:GENOME_STATISTICS_RAW:[mGFASTATS_HAP                                         -[K
[2m[[0;34m-        [0;2m] [0;2mSANGERTOL_GENOMEASSEMBLY:GENOMEASSEMBLY:GENOME_STATISTICS_RAW:[mBUSCO_PRI                                            -[K
[2m[[0;34m-        [0;2m] [0;2mSANGERTOL_GENOMEASSEMBLY:GENOMEASSEMBLY:GENOME_STATISTICS_RAW:[mMERQURYFK_MERQURYFK                                  -[K
[2m[[0;34m-        [0;2m] [0;2mSANGERTOL_GENOMEASSEMBLY:GENOMEASSEMBLY:[mCAT_CAT_RAW                                                                -[K
[2m[[0;34mca/ccc2f1[0;2m] [0;2mSANGERTOL_GENOMEASSEMBLY:GENOMEASSEMBLY:[mCAT_CAT_MITOHIFI_READS[33;2m ([0;33mbaUndUnlc1[2m)[m                                       [2m [[0;34m  0%[0;2m][m 0 of 1[32m ✔[m[K
[2m[[0;34m-        [0;2m] [0;2mSANGERTOL_GENOMEASSEMBLY:GENOMEASSEMBLY:ORGANELLES:[mMITOHIFI_FINDMITOREFERENCE                                      -[K
[2m[[0;34m-        [0;2m] [0;2mSANGERTOL_GENOMEASSEMBLY:GENOMEASSEMBLY:ORGANELLES:[mMITOHIFI_MITOHIFI_READS                                         -[K
[2m[[0;34m-        [0;2m] [0;2mSANGERTOL_GENOMEASSEMBLY:GENOMEASSEMBLY:ORGANELLES:[mMITOHIFI_MITOHIFI_CONTIGS                                       -[K
[2m[[0;34m-        [0;2m] [0;2mSANGERTOL_GENOMEASSEMBLY:GENOMEASSEMBLY:ORGANELLES:[mOATK                                                            -[K
[3;2mPlus [1m106[0;3;2m more processes waiting for tasks…[m[K
Pulling Singularity image docker://ghcr.io/marcelauliano/mitohifi:3.2.3 [cache /lustre/scratch123/tol/teams/tola/users/jd42/nextflow/singularity/ghcr.io-marcelauliano-mitohifi-3.2.3.img][K
Staging foreign file: https://tolit.cog.sanger.ac.uk/test-data/Undibacterium_unclassified/genomic_data/baUndUnlc1/hic-arima2/41741_2%237.sub.cram[K
[30A
[2mexecutor >  lsf (4)[m[K
[2m[[0;34m7d/413873[0;2m] [0;2mSANGERTOL_GENOMEASSEMBLY:GENOMEASSEMBLY:GENOMESCOPE_MODEL:[mCAT_CAT_READS[33;2m ([0;33mbaUndUnlc1[2m)[m                              [2m [[0;32m100%[0;2m][m 1 of 1[32m ✔[m[K
[2m[[0;34m-        [0;2m] [0;2mSANGERTOL_GENOMEASSEMBLY:GENOMEASSEMBLY:GENOMESCOPE_MODEL:[mFASTK_FASTK                                             [2m [[0;34m  0%[0;2m][m 0 of 1[K
[2m[[0;34m-        [0;2m] [0;2mSANGERTOL_GENOMEASSEMBLY:GENOMEASSEMBLY:GENOMESCOPE_MODEL:[mFASTK_HISTEX                                             -[K
[2m[[0;34m-        [0;2m] [0;2mSANGERTOL_GENOMEASSEMBLY:GENOMEASSEMBLY:GENOMESCOPE_MODEL:TRIO_PROCESS:[mYAK_COUNT_PAT                               -[K
[2m[[0;34m-        [0;2m] [0;2mSANGERTOL_GENOMEASSEMBLY:GENOMEASSEMBLY:GENOMESCOPE_MODEL:TRIO_PROCESS:[mFASTK_PAT                                   -[K
[2m[[0;34m-        [0;2m] [0;2mSANGERTOL_GENOMEASSEMBLY:GENOMEASSEMBLY:GENOMESCOPE_MODEL:TRIO_PROCESS:[mYAK_COUNT_MAT                               -[K
[2m[[0;34m-        [0;2m] [0;2mSANGERTOL_GENOMEASSEMBLY:GENOMEASSEMBLY:GENOMESCOPE_MODEL:TRIO_PROCESS:[mFASTK_MAT                                   -[K
[2m[[0;34m-        [0;2m] [0;2mSANGERTOL_GENOMEASSEMBLY:GENOMEASSEMBLY:GENOMESCOPE_MODEL:TRIO_PROCESS:[mMERQURYFK_HAPMAKER                          -[K
[2m[[0;34m-        [0;2m] [0;2mSANGERTOL_GENOMEASSEMBLY:GENOMEASSEMBLY:GENOMESCOPE_MODEL:[mGENESCOPEFK                                              -[K
[2m[[0;34m9e/b9c04e[0;2m] [0;2mSANGERTOL_GENOMEASSEMBLY:GENOMEASSEMBLY:RAW_ASSEMBLY:[mHIFIASM_PRI[33;2m ([0;33mbaUndUnlc1[2m)[m                                     [2m [[0;34m  0%[0;2m][m 0 of 1[K
[2m[[0;34m-        [0;2m] [0;2mSANGERTOL_GENOMEASSEMBLY:GENOMEASSEMBLY:RAW_ASSEMBLY:[mGFA_TO_FASTA_PRI                                              -[K
[2m[[0;34m-        [0;2m] [0;2mSANGERTOL_GENOMEASSEMBLY:GENOMEASSEMBLY:RAW_ASSEMBLY:[mGFA_TO_FASTA_ALT                                              -[K
[2m[[0;34m4b/49967f[0;2m] [0;2mSANGERTOL_GENOMEASSEMBLY:GENOMEASSEMBLY:RAW_ASSEMBLY:[mHIFIASM_HIC[33;2m ([0;33mbaUndUnlc1[2m)[m                                     [2m [[0;34m  0%[0;2m][m 0 of 1[K
[2m[[0;34m-        [0;2m] [0;2mSANGERTOL_GENOMEASSEMBLY:GENOMEASSEMBLY:RAW_ASSEMBLY:[mGFA_TO_FASTA_HAP1_HIC                                         -[K
[2m[[0;34m-        [0;2m] [0;2mSANGERTOL_GENOMEASSEMBLY:GENOMEASSEMBLY:RAW_ASSEMBLY:[mGFA_TO_FASTA_HAP2_HIC                                         -[K
[2m[[0;34m-        [0;2m] [0;2mSANGERTOL_GENOMEASSEMBLY:GENOMEASSEMBLY:GENOME_STATISTICS_RAW:[mGFASTATS_PRI                                         -[K
[2m[[0;34m-        [0;2m] [0;2mSANGERTOL_GENOMEASSEMBLY:GENOMEASSEMBLY:GENOME_STATISTICS_RAW:[mGFASTATS_HAP                                         -[K
[2m[[0;34m-        [0;2m] [0;2mSANGERTOL_GENOMEASSEMBLY:GENOMEASSEMBLY:GENOME_STATISTICS_RAW:[mBUSCO_PRI                                            -[K
[2m[[0;34m-        [0;2m] [0;2mSANGERTOL_GENOMEASSEMBLY:GENOMEASSEMBLY:GENOME_STATISTICS_RAW:[mMERQURYFK_MERQURYFK                                  -[K
[2m[[0;34m-        [0;2m] [0;2mSANGERTOL_GENOMEASSEMBLY:GENOMEASSEMBLY:[mCAT_CAT_RAW                                                                -[K
[2m[[0;34mca/ccc2f1[0;2m] [0;2mSANGERTOL_GENOMEASSEMBLY:GENOMEASSEMBLY:[mCAT_CAT_MITOHIFI_READS[33;2m ([0;33mbaUndUnlc1[2m)[m                                       [2m [[0;32m100%[0;2m][m 1 of 1[32m ✔[m[K
[2m[[0;34m-        [0;2m] [0;2mSANGERTOL_GENOMEASSEMBLY:GENOMEASSEMBLY:ORGANELLES:[mMITOHIFI_FINDMITOREFERENCE                                      -[K
[2m[[0;34m-        [0;2m] [0;2mSANGERTOL_GENOMEASSEMBLY:GENOMEASSEMBLY:ORGANELLES:[mMITOHIFI_MITOHIFI_READS                                         -[K
[2m[[0;34m-        [0;2m] [0;2mSANGERTOL_GENOMEASSEMBLY:GENOMEASSEMBLY:ORGANELLES:[mMITOHIFI_MITOHIFI_CONTIGS                                       -[K
[2m[[0;34m-        [0;2m] [0;2mSANGERTOL_GENOMEASSEMBLY:GENOMEASSEMBLY:ORGANELLES:[mOATK                                                            -[K
[3;2mPlus [1m106[0;3;2m more processes waiting for tasks…[m[K
Pulling Singularity image docker://ghcr.io/marcelauliano/mitohifi:3.2.3 [cache /lustre/scratch123/tol/teams/tola/users/jd42/nextflow/singularity/ghcr.io-marcelauliano-mitohifi-3.2.3.img][K
Staging foreign file: https://tolit.cog.sanger.ac.uk/test-data/Undibacterium_unclassified/genomic_data/baUndUnlc1/hic-arima2/41741_2%237.sub.cram[K
[30A
[2mexecutor >  lsf (5)[m[K
[2m[[0;34m7d/413873[0;2m] [0;2mSANGERTOL_GENOMEASSEMBLY:GENOMEASSEMBLY:GENOMESCOPE_MODEL:[mCAT_CAT_READS[33;2m ([0;33mbaUndUnlc1[2m)[m                              [2m [[0;32m100%[0;2m][m 1 of 1[32m ✔[m[K
[2m[[0;34ma4/cbccef[0;2m] [0;2mSANGERTOL_GENOMEASSEMBLY:GENOMEASSEMBLY:GENOMESCOPE_MODEL:[mFASTK_FASTK[33;2m ([0;33mbaUndUnlc1[2m)[m                                [2m [[0;34m  0%[0;2m][m 0 of 1[K
[2m[[0;34m-        [0;2m] [0;2mSANGERTOL_GENOMEASSEMBLY:GENOMEASSEMBLY:GENOMESCOPE_MODEL:[mFASTK_HISTEX                                             -[K
[2m[[0;34m-        [0;2m] [0;2mSANGERTOL_GENOMEASSEMBLY:GENOMEASSEMBLY:GENOMESCOPE_MODEL:TRIO_PROCESS:[mYAK_COUNT_PAT                               -[K
[2m[[0;34m-        [0;2m] [0;2mSANGERTOL_GENOMEASSEMBLY:GENOMEASSEMBLY:GENOMESCOPE_MODEL:TRIO_PROCESS:[mFASTK_PAT                                   -[K
[2m[[0;34m-        [0;2m] [0;2mSANGERTOL_GENOMEASSEMBLY:GENOMEASSEMBLY:GENOMESCOPE_MODEL:TRIO_PROCESS:[mYAK_COUNT_MAT                               -[K
[2m[[0;34m-        [0;2m] [0;2mSANGERTOL_GENOMEASSEMBLY:GENOMEASSEMBLY:GENOMESCOPE_MODEL:TRIO_PROCESS:[mFASTK_MAT                                   -[K
[2m[[0;34m-        [0;2m] [0;2mSANGERTOL_GENOMEASSEMBLY:GENOMEASSEMBLY:GENOMESCOPE_MODEL:TRIO_PROCESS:[mMERQURYFK_HAPMAKER                          -[K
[2m[[0;34m-        [0;2m] [0;2mSANGERTOL_GENOMEASSEMBLY:GENOMEASSEMBLY:GENOMESCOPE_MODEL:[mGENESCOPEFK                                              -[K
[2m[[0;34m9e/b9c04e[0;2m] [0;2mSANGERTOL_GENOMEASSEMBLY:GENOMEASSEMBLY:RAW_ASSEMBLY:[mHIFIASM_PRI[33;2m ([0;33mbaUndUnlc1[2m)[m                                     [2m [[0;34m  0%[0;2m][m 0 of 1[K
[2m[[0;34m-        [0;2m] [0;2mSANGERTOL_GENOMEASSEMBLY:GENOMEASSEMBLY:RAW_ASSEMBLY:[mGFA_TO_FASTA_PRI                                              -[K
[2m[[0;34m-        [0;2m] [0;2mSANGERTOL_GENOMEASSEMBLY:GENOMEASSEMBLY:RAW_ASSEMBLY:[mGFA_TO_FASTA_ALT                                              -[K
[2m[[0;34m4b/49967f[0;2m] [0;2mSANGERTOL_GENOMEASSEMBLY:GENOMEASSEMBLY:RAW_ASSEMBLY:[mHIFIASM_HIC[33;2m ([0;33mbaUndUnlc1[2m)[m                                     [2m [[0;34m  0%[0;2m][m 0 of 1[K
[2m[[0;34m-        [0;2m] [0;2mSANGERTOL_GENOMEASSEMBLY:GENOMEASSEMBLY:RAW_ASSEMBLY:[mGFA_TO_FASTA_HAP1_HIC                                         -[K
[2m[[0;34m-        [0;2m] [0;2mSANGERTOL_GENOMEASSEMBLY:GENOMEASSEMBLY:RAW_ASSEMBLY:[mGFA_TO_FASTA_HAP2_HIC                                         -[K
[2m[[0;34m-        [0;2m] [0;2mSANGERTOL_GENOMEASSEMBLY:GENOMEASSEMBLY:GENOME_STATISTICS_RAW:[mGFASTATS_PRI                                         -[K
[2m[[0;34m-        [0;2m] [0;2mSANGERTOL_GENOMEASSEMBLY:GENOMEASSEMBLY:GENOME_STATISTICS_RAW:[mGFASTATS_HAP                                         -[K
[2m[[0;34m-        [0;2m] [0;2mSANGERTOL_GENOMEASSEMBLY:GENOMEASSEMBLY:GENOME_STATISTICS_RAW:[mBUSCO_PRI                                            -[K
[2m[[0;34m-        [0;2m] [0;2mSANGERTOL_GENOMEASSEMBLY:GENOMEASSEMBLY:GENOME_STATISTICS_RAW:[mMERQURYFK_MERQURYFK                                  -[K
[2m[[0;34m-        [0;2m] [0;2mSANGERTOL_GENOMEASSEMBLY:GENOMEASSEMBLY:[mCAT_CAT_RAW                                                                -[K
[2m[[0;34mca/ccc2f1[0;2m] [0;2mSANGERTOL_GENOMEASSEMBLY:GENOMEASSEMBLY:[mCAT_CAT_MITOHIFI_READS[33;2m ([0;33mbaUndUnlc1[2m)[m                                       [2m [[0;32m100%[0;2m][m 1 of 1[32m ✔[m[K
[2m[[0;34m-        [0;2m] [0;2mSANGERTOL_GENOMEASSEMBLY:GENOMEASSEMBLY:ORGANELLES:[mMITOHIFI_FINDMITOREFERENCE                                      -[K
[2m[[0;34m-        [0;2m] [0;2mSANGERTOL_GENOMEASSEMBLY:GENOMEASSEMBLY:ORGANELLES:[mMITOHIFI_MITOHIFI_READS                                         -[K
[2m[[0;34m-        [0;2m] [0;2mSANGERTOL_GENOMEASSEMBLY:GENOMEASSEMBLY:ORGANELLES:[mMITOHIFI_MITOHIFI_CONTIGS                                       -[K
[2m[[0;34m-        [0;2m] [0;2mSANGERTOL_GENOMEASSEMBLY:GENOMEASSEMBLY:ORGANELLES:[mOATK                                                            -[K
[3;2mPlus [1m106[0;3;2m more processes waiting for tasks…[m[K
Pulling Singularity image docker://ghcr.io/marcelauliano/mitohifi:3.2.3 [cache /lustre/scratch123/tol/teams/tola/users/jd42/nextflow/singularity/ghcr.io-marcelauliano-mitohifi-3.2.3.img][K
Staging foreign file: https://tolit.cog.sanger.ac.uk/test-data/Undibacterium_unclassified/genomic_data/baUndUnlc1/hic-arima2/41741_2%237.sub.cram[K
[30A
[2mexecutor >  lsf (5)[m[K
[2m[[0;34m7d/413873[0;2m] [0;2mSANGERTOL_GENOMEASSEMBLY:GENOMEASSEMBLY:GENOMESCOPE_MODEL:[mCAT_CAT_READS[33;2m ([0;33mbaUndUnlc1[2m)[m                              [2m [[0;32m100%[0;2m][m 1 of 1[32m ✔[m[K
[2m[[0;34ma4/cbccef[0;2m] [0;2mSANGERTOL_GENOMEASSEMBLY:GENOMEASSEMBLY:GENOMESCOPE_MODEL:[mFASTK_FASTK[33;2m ([0;33mbaUndUnlc1[2m)[m                                [2m [[0;34m  0%[0;2m][m 0 of 1[K
[2m[[0;34m-        [0;2m] [0;2mSANGERTOL_GENOMEASSEMBLY:GENOMEASSEMBLY:GENOMESCOPE_MODEL:[mFASTK_HISTEX                                             -[K
[2m[[0;34m-        [0;2m] [0;2mSANGERTOL_GENOMEASSEMBLY:GENOMEASSEMBLY:GENOMESCOPE_MODEL:TRIO_PROCESS:[mYAK_COUNT_PAT                               -[K
[2m[[0;34m-        [0;2m] [0;2mSANGERTOL_GENOMEASSEMBLY:GENOMEASSEMBLY:GENOMESCOPE_MODEL:TRIO_PROCESS:[mFASTK_PAT                                   -[K
[2m[[0;34m-        [0;2m] [0;2mSANGERTOL_GENOMEASSEMBLY:GENOMEASSEMBLY:GENOMESCOPE_MODEL:TRIO_PROCESS:[mYAK_COUNT_MAT                               -[K
[2m[[0;34m-        [0;2m] [0;2mSANGERTOL_GENOMEASSEMBLY:GENOMEASSEMBLY:GENOMESCOPE_MODEL:TRIO_PROCESS:[mFASTK_MAT                                   -[K
[2m[[0;34m-        [0;2m] [0;2mSANGERTOL_GENOMEASSEMBLY:GENOMEASSEMBLY:GENOMESCOPE_MODEL:TRIO_PROCESS:[mMERQURYFK_HAPMAKER                          -[K
[2m[[0;34m-        [0;2m] [0;2mSANGERTOL_GENOMEASSEMBLY:GENOMEASSEMBLY:GENOMESCOPE_MODEL:[mGENESCOPEFK                                              -[K
[2m[[0;34m9e/b9c04e[0;2m] [0;2mSANGERTOL_GENOMEASSEMBLY:GENOMEASSEMBLY:RAW_ASSEMBLY:[mHIFIASM_PRI[33;2m ([0;33mbaUndUnlc1[2m)[m                                     [2m [[0;34m  0%[0;2m][m 0 of 1[K
[2m[[0;34m-        [0;2m] [0;2mSANGERTOL_GENOMEASSEMBLY:GENOMEASSEMBLY:RAW_ASSEMBLY:[mGFA_TO_FASTA_PRI                                              -[K
[2m[[0;34m-        [0;2m] [0;2mSANGERTOL_GENOMEASSEMBLY:GENOMEASSEMBLY:RAW_ASSEMBLY:[mGFA_TO_FASTA_ALT                                              -[K
[2m[[0;34m4b/49967f[0;2m] [0;2mSANGERTOL_GENOMEASSEMBLY:GENOMEASSEMBLY:RAW_ASSEMBLY:[mHIFIASM_HIC[33;2m ([0;33mbaUndUnlc1[2m)[m                                     [2m [[0;34m  0%[0;2m][m 0 of 1[K
[2m[[0;34m-        [0;2m] [0;2mSANGERTOL_GENOMEASSEMBLY:GENOMEASSEMBLY:RAW_ASSEMBLY:[mGFA_TO_FASTA_HAP1_HIC                                         -[K
[2m[[0;34m-        [0;2m] [0;2mSANGERTOL_GENOMEASSEMBLY:GENOMEASSEMBLY:RAW_ASSEMBLY:[mGFA_TO_FASTA_HAP2_HIC                                         -[K
[2m[[0;34m-        [0;2m] [0;2mSANGERTOL_GENOMEASSEMBLY:GENOMEASSEMBLY:GENOME_STATISTICS_RAW:[mGFASTATS_PRI                                         -[K
[2m[[0;34m-        [0;2m] [0;2mSANGERTOL_GENOMEASSEMBLY:GENOMEASSEMBLY:GENOME_STATISTICS_RAW:[mGFASTATS_HAP                                         -[K
[2m[[0;34m-        [0;2m] [0;2mSANGERTOL_GENOMEASSEMBLY:GENOMEASSEMBLY:GENOME_STATISTICS_RAW:[mBUSCO_PRI                                            -[K
[2m[[0;34m-        [0;2m] [0;2mSANGERTOL_GENOMEASSEMBLY:GENOMEASSEMBLY:GENOME_STATISTICS_RAW:[mMERQURYFK_MERQURYFK                                  -[K
[2m[[0;34m-        [0;2m] [0;2mSANGERTOL_GENOMEASSEMBLY:GENOMEASSEMBLY:[mCAT_CAT_RAW                                                                -[K
[2m[[0;34mca/ccc2f1[0;2m] [0;2mSANGERTOL_GENOMEASSEMBLY:GENOMEASSEMBLY:[mCAT_CAT_MITOHIFI_READS[33;2m ([0;33mbaUndUnlc1[2m)[m                                       [2m [[0;32m100%[0;2m][m 1 of 1[32m ✔[m[K
[2m[[0;34m-        [0;2m] [0;2mSANGERTOL_GENOMEASSEMBLY:GENOMEASSEMBLY:ORGANELLES:[mMITOHIFI_FINDMITOREFERENCE                                      -[K
[2m[[0;34m-        [0;2m] [0;2mSANGERTOL_GENOMEASSEMBLY:GENOMEASSEMBLY:ORGANELLES:[mMITOHIFI_MITOHIFI_READS                                         -[K
[2m[[0;34m-        [0;2m] [0;2mSANGERTOL_GENOMEASSEMBLY:GENOMEASSEMBLY:ORGANELLES:[mMITOHIFI_MITOHIFI_CONTIGS                                       -[K
[2m[[0;34m-        [0;2m] [0;2mSANGERTOL_GENOMEASSEMBLY:GENOMEASSEMBLY:ORGANELLES:[mOATK                                                            -[K
[3;2mPlus [1m106[0;3;2m more processes waiting for tasks…[m[K
Pulling Singularity image docker://ghcr.io/marcelauliano/mitohifi:3.2.3 [cache /lustre/scratch123/tol/teams/tola/users/jd42/nextflow/singularity/ghcr.io-marcelauliano-mitohifi-3.2.3.img][K
Staging foreign file: https://tolit.cog.sanger.ac.uk/test-data/Undibacterium_unclassified/genomic_data/baUndUnlc1/hic-arima2/41741_2%237.sub.cram[K
[30A
[2mexecutor >  lsf (5)[m[K
[2m[[0;34m7d/413873[0;2m] [0;2mSANGERTOL_GENOMEASSEMBLY:GENOMEASSEMBLY:GENOMESCOPE_MODEL:[mCAT_CAT_READS[33;2m ([0;33mbaUndUnlc1[2m)[m                              [2m [[0;32m100%[0;2m][m 1 of 1[32m ✔[m[K
[2m[[0;34ma4/cbccef[0;2m] [0;2mSANGERTOL_GENOMEASSEMBLY:GENOMEASSEMBLY:GENOMESCOPE_MODEL:[mFASTK_FASTK[33;2m ([0;33mbaUndUnlc1[2m)[m                                [2m [[0;34m  0%[0;2m][m 0 of 1[32m ✔[m[K
[2m[[0;34m-        [0;2m] [0;2mSANGERTOL_GENOMEASSEMBLY:GENOMEASSEMBLY:GENOMESCOPE_MODEL:[mFASTK_HISTEX                                            [2m [[0;34m  0%[0;2m][m 0 of 1[K
[2m[[0;34m-        [0;2m] [0;2mSANGERTOL_GENOMEASSEMBLY:GENOMEASSEMBLY:GENOMESCOPE_MODEL:TRIO_PROCESS:[mYAK_COUNT_PAT                               -[K
[2m[[0;34m-        [0;2m] [0;2mSANGERTOL_GENOMEASSEMBLY:GENOMEASSEMBLY:GENOMESCOPE_MODEL:TRIO_PROCESS:[mFASTK_PAT                                   -[K
[2m[[0;34m-        [0;2m] [0;2mSANGERTOL_GENOMEASSEMBLY:GENOMEASSEMBLY:GENOMESCOPE_MODEL:TRIO_PROCESS:[mYAK_COUNT_MAT                               -[K
[2m[[0;34m-        [0;2m] [0;2mSANGERTOL_GENOMEASSEMBLY:GENOMEASSEMBLY:GENOMESCOPE_MODEL:TRIO_PROCESS:[mFASTK_MAT                                   -[K
[2m[[0;34m-        [0;2m] [0;2mSANGERTOL_GENOMEASSEMBLY:GENOMEASSEMBLY:GENOMESCOPE_MODEL:TRIO_PROCESS:[mMERQURYFK_HAPMAKER                          -[K
[2m[[0;34m-        [0;2m] [0;2mSANGERTOL_GENOMEASSEMBLY:GENOMEASSEMBLY:GENOMESCOPE_MODEL:[mGENESCOPEFK                                              -[K
[2m[[0;34m9e/b9c04e[0;2m] [0;2mSANGERTOL_GENOMEASSEMBLY:GENOMEASSEMBLY:RAW_ASSEMBLY:[mHIFIASM_PRI[33;2m ([0;33mbaUndUnlc1[2m)[m                                     [2m [[0;34m  0%[0;2m][m 0 of 1[K
[2m[[0;34m-        [0;2m] [0;2mSANGERTOL_GENOMEASSEMBLY:GENOMEASSEMBLY:RAW_ASSEMBLY:[mGFA_TO_FASTA_PRI                                              -[K
[2m[[0;34m-        [0;2m] [0;2mSANGERTOL_GENOMEASSEMBLY:GENOMEASSEMBLY:RAW_ASSEMBLY:[mGFA_TO_FASTA_ALT                                              -[K
[2m[[0;34m4b/49967f[0;2m] [0;2mSANGERTOL_GENOMEASSEMBLY:GENOMEASSEMBLY:RAW_ASSEMBLY:[mHIFIASM_HIC[33;2m ([0;33mbaUndUnlc1[2m)[m                                     [2m [[0;34m  0%[0;2m][m 0 of 1[K
[2m[[0;34m-        [0;2m] [0;2mSANGERTOL_GENOMEASSEMBLY:GENOMEASSEMBLY:RAW_ASSEMBLY:[mGFA_TO_FASTA_HAP1_HIC                                         -[K
[2m[[0;34m-        [0;2m] [0;2mSANGERTOL_GENOMEASSEMBLY:GENOMEASSEMBLY:RAW_ASSEMBLY:[mGFA_TO_FASTA_HAP2_HIC                                         -[K
[2m[[0;34m-        [0;2m] [0;2mSANGERTOL_GENOMEASSEMBLY:GENOMEASSEMBLY:GENOME_STATISTICS_RAW:[mGFASTATS_PRI                                         -[K
[2m[[0;34m-        [0;2m] [0;2mSANGERTOL_GENOMEASSEMBLY:GENOMEASSEMBLY:GENOME_STATISTICS_RAW:[mGFASTATS_HAP                                         -[K
[2m[[0;34m-        [0;2m] [0;2mSANGERTOL_GENOMEASSEMBLY:GENOMEASSEMBLY:GENOME_STATISTICS_RAW:[mBUSCO_PRI                                            -[K
[2m[[0;34m-        [0;2m] [0;2mSANGERTOL_GENOMEASSEMBLY:GENOMEASSEMBLY:GENOME_STATISTICS_RAW:[mMERQURYFK_MERQURYFK                                  -[K
[2m[[0;34m-        [0;2m] [0;2mSANGERTOL_GENOMEASSEMBLY:GENOMEASSEMBLY:[mCAT_CAT_RAW                                                                -[K
[2m[[0;34mca/ccc2f1[0;2m] [0;2mSANGERTOL_GENOMEASSEMBLY:GENOMEASSEMBLY:[mCAT_CAT_MITOHIFI_READS[33;2m ([0;33mbaUndUnlc1[2m)[m                                       [2m [[0;32m100%[0;2m][m 1 of 1[32m ✔[m[K
[2m[[0;34m-        [0;2m] [0;2mSANGERTOL_GENOMEASSEMBLY:GENOMEASSEMBLY:ORGANELLES:[mMITOHIFI_FINDMITOREFERENCE                                      -[K
[2m[[0;34m-        [0;2m] [0;2mSANGERTOL_GENOMEASSEMBLY:GENOMEASSEMBLY:ORGANELLES:[mMITOHIFI_MITOHIFI_READS                                         -[K
[2m[[0;34m-        [0;2m] [0;2mSANGERTOL_GENOMEASSEMBLY:GENOMEASSEMBLY:ORGANELLES:[mMITOHIFI_MITOHIFI_CONTIGS                                       -[K
[2m[[0;34m-        [0;2m] [0;2mSANGERTOL_GENOMEASSEMBLY:GENOMEASSEMBLY:ORGANELLES:[mOATK                                                            -[K
[3;2mPlus [1m106[0;3;2m more processes waiting for tasks…[m[K
Pulling Singularity image docker://ghcr.io/marcelauliano/mitohifi:3.2.3 [cache /lustre/scratch123/tol/teams/tola/users/jd42/nextflow/singularity/ghcr.io-marcelauliano-mitohifi-3.2.3.img][K
Staging foreign file: https://tolit.cog.sanger.ac.uk/test-data/Undibacterium_unclassified/genomic_data/baUndUnlc1/hic-arima2/41741_2%237.sub.cram[K
[30A
[2mexecutor >  lsf (5)[m[K
[2m[[0;34m7d/413873[0;2m] [0;2mSANGERTOL_GENOMEASSEMBLY:GENOMEASSEMBLY:GENOMESCOPE_MODEL:[mCAT_CAT_READS[33;2m ([0;33mbaUndUnlc1[2m)[m                              [2m [[0;32m100%[0;2m][m 1 of 1[32m ✔[m[K
[2m[[0;34ma4/cbccef[0;2m] [0;2mSANGERTOL_GENOMEASSEMBLY:GENOMEASSEMBLY:GENOMESCOPE_MODEL:[mFASTK_FASTK[33;2m ([0;33mbaUndUnlc1[2m)[m                                [2m [[0;32m100%[0;2m][m 1 of 1[32m ✔[m[K
[2m[[0;34m-        [0;2m] [0;2mSANGERTOL_GENOMEASSEMBLY:GENOMEASSEMBLY:GENOMESCOPE_MODEL:[mFASTK_HISTEX                                            [2m [[0;34m  0%[0;2m][m 0 of 1[K
[2m[[0;34m-        [0;2m] [0;2mSANGERTOL_GENOMEASSEMBLY:GENOMEASSEMBLY:GENOMESCOPE_MODEL:TRIO_PROCESS:[mYAK_COUNT_PAT                               -[K
[2m[[0;34m-        [0;2m] [0;2mSANGERTOL_GENOMEASSEMBLY:GENOMEASSEMBLY:GENOMESCOPE_MODEL:TRIO_PROCESS:[mFASTK_PAT                                   -[K
[2m[[0;34m-        [0;2m] [0;2mSANGERTOL_GENOMEASSEMBLY:GENOMEASSEMBLY:GENOMESCOPE_MODEL:TRIO_PROCESS:[mYAK_COUNT_MAT                               -[K
[2m[[0;34m-        [0;2m] [0;2mSANGERTOL_GENOMEASSEMBLY:GENOMEASSEMBLY:GENOMESCOPE_MODEL:TRIO_PROCESS:[mFASTK_MAT                                   -[K
[2m[[0;34m-        [0;2m] [0;2mSANGERTOL_GENOMEASSEMBLY:GENOMEASSEMBLY:GENOMESCOPE_MODEL:TRIO_PROCESS:[mMERQURYFK_HAPMAKER                          -[K
[2m[[0;34m-        [0;2m] [0;2mSANGERTOL_GENOMEASSEMBLY:GENOMEASSEMBLY:GENOMESCOPE_MODEL:[mGENESCOPEFK                                              -[K
[2m[[0;34m9e/b9c04e[0;2m] [0;2mSANGERTOL_GENOMEASSEMBLY:GENOMEASSEMBLY:RAW_ASSEMBLY:[mHIFIASM_PRI[33;2m ([0;33mbaUndUnlc1[2m)[m                                     [2m [[0;34m  0%[0;2m][m 0 of 1[K
[2m[[0;34m-        [0;2m] [0;2mSANGERTOL_GENOMEASSEMBLY:GENOMEASSEMBLY:RAW_ASSEMBLY:[mGFA_TO_FASTA_PRI                                              -[K
[2m[[0;34m-        [0;2m] [0;2mSANGERTOL_GENOMEASSEMBLY:GENOMEASSEMBLY:RAW_ASSEMBLY:[mGFA_TO_FASTA_ALT                                              -[K
[2m[[0;34m4b/49967f[0;2m] [0;2mSANGERTOL_GENOMEASSEMBLY:GENOMEASSEMBLY:RAW_ASSEMBLY:[mHIFIASM_HIC[33;2m ([0;33mbaUndUnlc1[2m)[m                                     [2m [[0;34m  0%[0;2m][m 0 of 1[K
[2m[[0;34m-        [0;2m] [0;2mSANGERTOL_GENOMEASSEMBLY:GENOMEASSEMBLY:RAW_ASSEMBLY:[mGFA_TO_FASTA_HAP1_HIC                                         -[K
[2m[[0;34m-        [0;2m] [0;2mSANGERTOL_GENOMEASSEMBLY:GENOMEASSEMBLY:RAW_ASSEMBLY:[mGFA_TO_FASTA_HAP2_HIC                                         -[K
[2m[[0;34m-        [0;2m] [0;2mSANGERTOL_GENOMEASSEMBLY:GENOMEASSEMBLY:GENOME_STATISTICS_RAW:[mGFASTATS_PRI                                         -[K
[2m[[0;34m-        [0;2m] [0;2mSANGERTOL_GENOMEASSEMBLY:GENOMEASSEMBLY:GENOME_STATISTICS_RAW:[mGFASTATS_HAP                                         -[K
[2m[[0;34m-        [0;2m] [0;2mSANGERTOL_GENOMEASSEMBLY:GENOMEASSEMBLY:GENOME_STATISTICS_RAW:[mBUSCO_PRI                                            -[K
[2m[[0;34m-        [0;2m] [0;2mSANGERTOL_GENOMEASSEMBLY:GENOMEASSEMBLY:GENOME_STATISTICS_RAW:[mMERQURYFK_MERQURYFK                                  -[K
[2m[[0;34m-        [0;2m] [0;2mSANGERTOL_GENOMEASSEMBLY:GENOMEASSEMBLY:[mCAT_CAT_RAW                                                                -[K
[2m[[0;34mca/ccc2f1[0;2m] [0;2mSANGERTOL_GENOMEASSEMBLY:GENOMEASSEMBLY:[mCAT_CAT_MITOHIFI_READS[33;2m ([0;33mbaUndUnlc1[2m)[m                                       [2m [[0;32m100%[0;2m][m 1 of 1[32m ✔[m[K
[2m[[0;34m-        [0;2m] [0;2mSANGERTOL_GENOMEASSEMBLY:GENOMEASSEMBLY:ORGANELLES:[mMITOHIFI_FINDMITOREFERENCE                                      -[K
[2m[[0;34m-        [0;2m] [0;2mSANGERTOL_GENOMEASSEMBLY:GENOMEASSEMBLY:ORGANELLES:[mMITOHIFI_MITOHIFI_READS                                         -[K
[2m[[0;34m-        [0;2m] [0;2mSANGERTOL_GENOMEASSEMBLY:GENOMEASSEMBLY:ORGANELLES:[mMITOHIFI_MITOHIFI_CONTIGS                                       -[K
[2m[[0;34m-        [0;2m] [0;2mSANGERTOL_GENOMEASSEMBLY:GENOMEASSEMBLY:ORGANELLES:[mOATK                                                            -[K
[3;2mPlus [1m106[0;3;2m more processes waiting for tasks…[m[K
Pulling Singularity image docker://ghcr.io/marcelauliano/mitohifi:3.2.3 [cache /lustre/scratch123/tol/teams/tola/users/jd42/nextflow/singularity/ghcr.io-marcelauliano-mitohifi-3.2.3.img][K
Staging foreign file: https://tolit.cog.sanger.ac.uk/test-data/Undibacterium_unclassified/genomic_data/baUndUnlc1/hic-arima2/41741_2%237.sub.cram[K
[30A
[2mexecutor >  lsf (6)[m[K
[2m[[0;34m7d/413873[0;2m] [0;2mSANGERTOL_GENOMEASSEMBLY:GENOMEASSEMBLY:GENOMESCOPE_MODEL:[mCAT_CAT_READS[33;2m ([0;33mbaUndUnlc1[2m)[m                              [2m [[0;32m100%[0;2m][m 1 of 1[32m ✔[m[K
[2m[[0;34ma4/cbccef[0;2m] [0;2mSANGERTOL_GENOMEASSEMBLY:GENOMEASSEMBLY:GENOMESCOPE_MODEL:[mFASTK_FASTK[33;2m ([0;33mbaUndUnlc1[2m)[m                                [2m [[0;32m100%[0;2m][m 1 of 1[32m ✔[m[K
[2m[[0;34m70/4b557b[0;2m] [0;2mSANGERTOL_GENOMEASSEMBLY:GENOMEASSEMBLY:GENOMESCOPE_MODEL:[mFASTK_HISTEX[33;2m ([0;33mbaUndUnlc1[2m)[m                               [2m [[0;34m  0%[0;2m][m 0 of 1[K
[2m[[0;34m-        [0;2m] [0;2mSANGERTOL_GENOMEASSEMBLY:GENOMEASSEMBLY:GENOMESCOPE_MODEL:TRIO_PROCESS:[mYAK_COUNT_PAT                               -[K
[2m[[0;34m-        [0;2m] [0;2mSANGERTOL_GENOMEASSEMBLY:GENOMEASSEMBLY:GENOMESCOPE_MODEL:TRIO_PROCESS:[mFASTK_PAT                                   -[K
[2m[[0;34m-        [0;2m] [0;2mSANGERTOL_GENOMEASSEMBLY:GENOMEASSEMBLY:GENOMESCOPE_MODEL:TRIO_PROCESS:[mYAK_COUNT_MAT                               -[K
[2m[[0;34m-        [0;2m] [0;2mSANGERTOL_GENOMEASSEMBLY:GENOMEASSEMBLY:GENOMESCOPE_MODEL:TRIO_PROCESS:[mFASTK_MAT                                   -[K
[2m[[0;34m-        [0;2m] [0;2mSANGERTOL_GENOMEASSEMBLY:GENOMEASSEMBLY:GENOMESCOPE_MODEL:TRIO_PROCESS:[mMERQURYFK_HAPMAKER                          -[K
[2m[[0;34m-        [0;2m] [0;2mSANGERTOL_GENOMEASSEMBLY:GENOMEASSEMBLY:GENOMESCOPE_MODEL:[mGENESCOPEFK                                              -[K
[2m[[0;34m9e/b9c04e[0;2m] [0;2mSANGERTOL_GENOMEASSEMBLY:GENOMEASSEMBLY:RAW_ASSEMBLY:[mHIFIASM_PRI[33;2m ([0;33mbaUndUnlc1[2m)[m                                     [2m [[0;34m  0%[0;2m][m 0 of 1[K
[2m[[0;34m-        [0;2m] [0;2mSANGERTOL_GENOMEASSEMBLY:GENOMEASSEMBLY:RAW_ASSEMBLY:[mGFA_TO_FASTA_PRI                                              -[K
[2m[[0;34m-        [0;2m] [0;2mSANGERTOL_GENOMEASSEMBLY:GENOMEASSEMBLY:RAW_ASSEMBLY:[mGFA_TO_FASTA_ALT                                              -[K
[2m[[0;34m4b/49967f[0;2m] [0;2mSANGERTOL_GENOMEASSEMBLY:GENOMEASSEMBLY:RAW_ASSEMBLY:[mHIFIASM_HIC[33;2m ([0;33mbaUndUnlc1[2m)[m                                     [2m [[0;34m  0%[0;2m][m 0 of 1[K
[2m[[0;34m-        [0;2m] [0;2mSANGERTOL_GENOMEASSEMBLY:GENOMEASSEMBLY:RAW_ASSEMBLY:[mGFA_TO_FASTA_HAP1_HIC                                         -[K
[2m[[0;34m-        [0;2m] [0;2mSANGERTOL_GENOMEASSEMBLY:GENOMEASSEMBLY:RAW_ASSEMBLY:[mGFA_TO_FASTA_HAP2_HIC                                         -[K
[2m[[0;34m-        [0;2m] [0;2mSANGERTOL_GENOMEASSEMBLY:GENOMEASSEMBLY:GENOME_STATISTICS_RAW:[mGFASTATS_PRI                                         -[K
[2m[[0;34m-        [0;2m] [0;2mSANGERTOL_GENOMEASSEMBLY:GENOMEASSEMBLY:GENOME_STATISTICS_RAW:[mGFASTATS_HAP                                         -[K
[2m[[0;34m-        [0;2m] [0;2mSANGERTOL_GENOMEASSEMBLY:GENOMEASSEMBLY:GENOME_STATISTICS_RAW:[mBUSCO_PRI                                            -[K
[2m[[0;34m-        [0;2m] [0;2mSANGERTOL_GENOMEASSEMBLY:GENOMEASSEMBLY:GENOME_STATISTICS_RAW:[mMERQURYFK_MERQURYFK                                  -[K
[2m[[0;34m-        [0;2m] [0;2mSANGERTOL_GENOMEASSEMBLY:GENOMEASSEMBLY:[mCAT_CAT_RAW                                                                -[K
[2m[[0;34mca/ccc2f1[0;2m] [0;2mSANGERTOL_GENOMEASSEMBLY:GENOMEASSEMBLY:[mCAT_CAT_MITOHIFI_READS[33;2m ([0;33mbaUndUnlc1[2m)[m                                       [2m [[0;32m100%[0;2m][m 1 of 1[32m ✔[m[K
[2m[[0;34m-        [0;2m] [0;2mSANGERTOL_GENOMEASSEMBLY:GENOMEASSEMBLY:ORGANELLES:[mMITOHIFI_FINDMITOREFERENCE                                      -[K
[2m[[0;34m-        [0;2m] [0;2mSANGERTOL_GENOMEASSEMBLY:GENOMEASSEMBLY:ORGANELLES:[mMITOHIFI_MITOHIFI_READS                                         -[K
[2m[[0;34m-        [0;2m] [0;2mSANGERTOL_GENOMEASSEMBLY:GENOMEASSEMBLY:ORGANELLES:[mMITOHIFI_MITOHIFI_CONTIGS                                       -[K
[2m[[0;34m-        [0;2m] [0;2mSANGERTOL_GENOMEASSEMBLY:GENOMEASSEMBLY:ORGANELLES:[mOATK                                                            -[K
[3;2mPlus [1m106[0;3;2m more processes waiting for tasks…[m[K
Pulling Singularity image docker://ghcr.io/marcelauliano/mitohifi:3.2.3 [cache /lustre/scratch123/tol/teams/tola/users/jd42/nextflow/singularity/ghcr.io-marcelauliano-mitohifi-3.2.3.img][K
Staging foreign file: https://tolit.cog.sanger.ac.uk/test-data/Undibacterium_unclassified/genomic_data/baUndUnlc1/hic-arima2/41741_2%237.sub.cram[K
Pulling Singularity image https://depot.galaxyproject.org/singularity/oatk:1.0 [cache /lustre/scratch123/tol/teams/tola/users/jd42/nextflow/singularity/depot.galaxyproject.org-singularity-oatk-1.0.img][K
[31A
[2mexecutor >  lsf (6)[m[K
[2m[[0;34m7d/413873[0;2m] [0;2mSANGERTOL_GENOMEASSEMBLY:GENOMEASSEMBLY:GENOMESCOPE_MODEL:[mCAT_CAT_READS[33;2m ([0;33mbaUndUnlc1[2m)[m                              [2m [[0;32m100%[0;2m][m 1 of 1[32m ✔[m[K
[2m[[0;34ma4/cbccef[0;2m] [0;2mSANGERTOL_GENOMEASSEMBLY:GENOMEASSEMBLY:GENOMESCOPE_MODEL:[mFASTK_FASTK[33;2m ([0;33mbaUndUnlc1[2m)[m                                [2m [[0;32m100%[0;2m][m 1 of 1[32m ✔[m[K
[2m[[0;34m70/4b557b[0;2m] [0;2mSANGERTOL_GENOMEASSEMBLY:GENOMEASSEMBLY:GENOMESCOPE_MODEL:[mFASTK_HISTEX[33;2m ([0;33mbaUndUnlc1[2m)[m                               [2m [[0;34m  0%[0;2m][m 0 of 1[K
[2m[[0;34m-        [0;2m] [0;2mSANGERTOL_GENOMEASSEMBLY:GENOMEASSEMBLY:GENOMESCOPE_MODEL:TRIO_PROCESS:[mYAK_COUNT_PAT                               -[K
[2m[[0;34m-        [0;2m] [0;2mSANGERTOL_GENOMEASSEMBLY:GENOMEASSEMBLY:GENOMESCOPE_MODEL:TRIO_PROCESS:[mFASTK_PAT                                   -[K
[2m[[0;34m-        [0;2m] [0;2mSANGERTOL_GENOMEASSEMBLY:GENOMEASSEMBLY:GENOMESCOPE_MODEL:TRIO_PROCESS:[mYAK_COUNT_MAT                               -[K
[2m[[0;34m-        [0;2m] [0;2mSANGERTOL_GENOMEASSEMBLY:GENOMEASSEMBLY:GENOMESCOPE_MODEL:TRIO_PROCESS:[mFASTK_MAT                                   -[K
[2m[[0;34m-        [0;2m] [0;2mSANGERTOL_GENOMEASSEMBLY:GENOMEASSEMBLY:GENOMESCOPE_MODEL:TRIO_PROCESS:[mMERQURYFK_HAPMAKER                          -[K
[2m[[0;34m-        [0;2m] [0;2mSANGERTOL_GENOMEASSEMBLY:GENOMEASSEMBLY:GENOMESCOPE_MODEL:[mGENESCOPEFK                                              -[K
[2m[[0;34m9e/b9c04e[0;2m] [0;2mSANGERTOL_GENOMEASSEMBLY:GENOMEASSEMBLY:RAW_ASSEMBLY:[mHIFIASM_PRI[33;2m ([0;33mbaUndUnlc1[2m)[m                                     [2m [[0;34m  0%[0;2m][m 0 of 1[K
[2m[[0;34m-        [0;2m] [0;2mSANGERTOL_GENOMEASSEMBLY:GENOMEASSEMBLY:RAW_ASSEMBLY:[mGFA_TO_FASTA_PRI                                              -[K
[2m[[0;34m-        [0;2m] [0;2mSANGERTOL_GENOMEASSEMBLY:GENOMEASSEMBLY:RAW_ASSEMBLY:[mGFA_TO_FASTA_ALT                                              -[K
[2m[[0;34m4b/49967f[0;2m] [0;2mSANGERTOL_GENOMEASSEMBLY:GENOMEASSEMBLY:RAW_ASSEMBLY:[mHIFIASM_HIC[33;2m ([0;33mbaUndUnlc1[2m)[m                                     [2m [[0;34m  0%[0;2m][m 0 of 1[K
[2m[[0;34m-        [0;2m] [0;2mSANGERTOL_GENOMEASSEMBLY:GENOMEASSEMBLY:RAW_ASSEMBLY:[mGFA_TO_FASTA_HAP1_HIC                                         -[K
[2m[[0;34m-        [0;2m] [0;2mSANGERTOL_GENOMEASSEMBLY:GENOMEASSEMBLY:RAW_ASSEMBLY:[mGFA_TO_FASTA_HAP2_HIC                                         -[K
[2m[[0;34m-        [0;2m] [0;2mSANGERTOL_GENOMEASSEMBLY:GENOMEASSEMBLY:GENOME_STATISTICS_RAW:[mGFASTATS_PRI                                         -[K
[2m[[0;34m-        [0;2m] [0;2mSANGERTOL_GENOMEASSEMBLY:GENOMEASSEMBLY:GENOME_STATISTICS_RAW:[mGFASTATS_HAP                                         -[K
[2m[[0;34m-        [0;2m] [0;2mSANGERTOL_GENOMEASSEMBLY:GENOMEASSEMBLY:GENOME_STATISTICS_RAW:[mBUSCO_PRI                                            -[K
[2m[[0;34m-        [0;2m] [0;2mSANGERTOL_GENOMEASSEMBLY:GENOMEASSEMBLY:GENOME_STATISTICS_RAW:[mMERQURYFK_MERQURYFK                                  -[K
[2m[[0;34m-        [0;2m] [0;2mSANGERTOL_GENOMEASSEMBLY:GENOMEASSEMBLY:[mCAT_CAT_RAW                                                                -[K
[2m[[0;34mca/ccc2f1[0;2m] [0;2mSANGERTOL_GENOMEASSEMBLY:GENOMEASSEMBLY:[mCAT_CAT_MITOHIFI_READS[33;2m ([0;33mbaUndUnlc1[2m)[m                                       [2m [[0;32m100%[0;2m][m 1 of 1[32m ✔[m[K
[2m[[0;34m-        [0;2m] [0;2mSANGERTOL_GENOMEASSEMBLY:GENOMEASSEMBLY:ORGANELLES:[mMITOHIFI_FINDMITOREFERENCE                                      -[K
[2m[[0;34m-        [0;2m] [0;2mSANGERTOL_GENOMEASSEMBLY:GENOMEASSEMBLY:ORGANELLES:[mMITOHIFI_MITOHIFI_READS                                         -[K
[2m[[0;34m-        [0;2m] [0;2mSANGERTOL_GENOMEASSEMBLY:GENOMEASSEMBLY:ORGANELLES:[mMITOHIFI_MITOHIFI_CONTIGS                                       -[K
[2m[[0;34m-        [0;2m] [0;2mSANGERTOL_GENOMEASSEMBLY:GENOMEASSEMBLY:ORGANELLES:[mOATK                                                           [2m [[0;34m  0%[0;2m][m 0 of 1[K
[3;2mPlus [1m106[0;3;2m more processes waiting for tasks…[m[K
Pulling Singularity image docker://ghcr.io/marcelauliano/mitohifi:3.2.3 [cache /lustre/scratch123/tol/teams/tola/users/jd42/nextflow/singularity/ghcr.io-marcelauliano-mitohifi-3.2.3.img][K
Staging foreign file: https://tolit.cog.sanger.ac.uk/test-data/Undibacterium_unclassified/genomic_data/baUndUnlc1/hic-arima2/41741_2%237.sub.cram[K
Pulling Singularity image https://depot.galaxyproject.org/singularity/oatk:1.0 [cache /lustre/scratch123/tol/teams/tola/users/jd42/nextflow/singularity/depot.galaxyproject.org-singularity-oatk-1.0.img][K
[31A
[2mexecutor >  lsf (7)[m[K
[2m[[0;34m7d/413873[0;2m] [0;2mSANGERTOL_GENOMEASSEMBLY:GENOMEASSEMBLY:GENOMESCOPE_MODEL:[mCAT_CAT_READS[33;2m ([0;33mbaUndUnlc1[2m)[m                              [2m [[0;32m100%[0;2m][m 1 of 1[32m ✔[m[K
[2m[[0;34ma4/cbccef[0;2m] [0;2mSANGERTOL_GENOMEASSEMBLY:GENOMEASSEMBLY:GENOMESCOPE_MODEL:[mFASTK_FASTK[33;2m ([0;33mbaUndUnlc1[2m)[m                                [2m [[0;32m100%[0;2m][m 1 of 1[32m ✔[m[K
[2m[[0;34m70/4b557b[0;2m] [0;2mSANGERTOL_GENOMEASSEMBLY:GENOMEASSEMBLY:GENOMESCOPE_MODEL:[mFASTK_HISTEX[33;2m ([0;33mbaUndUnlc1[2m)[m                               [2m [[0;34m  0%[0;2m][m 0 of 1[K
[2m[[0;34m-        [0;2m] [0;2mSANGERTOL_GENOMEASSEMBLY:GENOMEASSEMBLY:GENOMESCOPE_MODEL:TRIO_PROCESS:[mYAK_COUNT_PAT                               -[K
[2m[[0;34m-        [0;2m] [0;2mSANGERTOL_GENOMEASSEMBLY:GENOMEASSEMBLY:GENOMESCOPE_MODEL:TRIO_PROCESS:[mFASTK_PAT                                   -[K
[2m[[0;34m-        [0;2m] [0;2mSANGERTOL_GENOMEASSEMBLY:GENOMEASSEMBLY:GENOMESCOPE_MODEL:TRIO_PROCESS:[mYAK_COUNT_MAT                               -[K
[2m[[0;34m-        [0;2m] [0;2mSANGERTOL_GENOMEASSEMBLY:GENOMEASSEMBLY:GENOMESCOPE_MODEL:TRIO_PROCESS:[mFASTK_MAT                                   -[K
[2m[[0;34m-        [0;2m] [0;2mSANGERTOL_GENOMEASSEMBLY:GENOMEASSEMBLY:GENOMESCOPE_MODEL:TRIO_PROCESS:[mMERQURYFK_HAPMAKER                          -[K
[2m[[0;34m-        [0;2m] [0;2mSANGERTOL_GENOMEASSEMBLY:GENOMEASSEMBLY:GENOMESCOPE_MODEL:[mGENESCOPEFK                                              -[K
[2m[[0;34m9e/b9c04e[0;2m] [0;2mSANGERTOL_GENOMEASSEMBLY:GENOMEASSEMBLY:RAW_ASSEMBLY:[mHIFIASM_PRI[33;2m ([0;33mbaUndUnlc1[2m)[m                                     [2m [[0;34m  0%[0;2m][m 0 of 1[K
[2m[[0;34m-        [0;2m] [0;2mSANGERTOL_GENOMEASSEMBLY:GENOMEASSEMBLY:RAW_ASSEMBLY:[mGFA_TO_FASTA_PRI                                              -[K
[2m[[0;34m-        [0;2m] [0;2mSANGERTOL_GENOMEASSEMBLY:GENOMEASSEMBLY:RAW_ASSEMBLY:[mGFA_TO_FASTA_ALT                                              -[K
[2m[[0;34m4b/49967f[0;2m] [0;2mSANGERTOL_GENOMEASSEMBLY:GENOMEASSEMBLY:RAW_ASSEMBLY:[mHIFIASM_HIC[33;2m ([0;33mbaUndUnlc1[2m)[m                                     [2m [[0;34m  0%[0;2m][m 0 of 1[K
[2m[[0;34m-        [0;2m] [0;2mSANGERTOL_GENOMEASSEMBLY:GENOMEASSEMBLY:RAW_ASSEMBLY:[mGFA_TO_FASTA_HAP1_HIC                                         -[K
[2m[[0;34m-        [0;2m] [0;2mSANGERTOL_GENOMEASSEMBLY:GENOMEASSEMBLY:RAW_ASSEMBLY:[mGFA_TO_FASTA_HAP2_HIC                                         -[K
[2m[[0;34m-        [0;2m] [0;2mSANGERTOL_GENOMEASSEMBLY:GENOMEASSEMBLY:GENOME_STATISTICS_RAW:[mGFASTATS_PRI                                         -[K
[2m[[0;34m-        [0;2m] [0;2mSANGERTOL_GENOMEASSEMBLY:GENOMEASSEMBLY:GENOME_STATISTICS_RAW:[mGFASTATS_HAP                                         -[K
[2m[[0;34m-        [0;2m] [0;2mSANGERTOL_GENOMEASSEMBLY:GENOMEASSEMBLY:GENOME_STATISTICS_RAW:[mBUSCO_PRI                                            -[K
[2m[[0;34m-        [0;2m] [0;2mSANGERTOL_GENOMEASSEMBLY:GENOMEASSEMBLY:GENOME_STATISTICS_RAW:[mMERQURYFK_MERQURYFK                                  -[K
[2m[[0;34m-        [0;2m] [0;2mSANGERTOL_GENOMEASSEMBLY:GENOMEASSEMBLY:[mCAT_CAT_RAW                                                                -[K
[2m[[0;34mca/ccc2f1[0;2m] [0;2mSANGERTOL_GENOMEASSEMBLY:GENOMEASSEMBLY:[mCAT_CAT_MITOHIFI_READS[33;2m ([0;33mbaUndUnlc1[2m)[m                                       [2m [[0;32m100%[0;2m][m 1 of 1[32m ✔[m[K
[2m[[0;34m-        [0;2m] [0;2mSANGERTOL_GENOMEASSEMBLY:GENOMEASSEMBLY:ORGANELLES:[mMITOHIFI_FINDMITOREFERENCE                                      -[K
[2m[[0;34m-        [0;2m] [0;2mSANGERTOL_GENOMEASSEMBLY:GENOMEASSEMBLY:ORGANELLES:[mMITOHIFI_MITOHIFI_READS                                         -[K
[2m[[0;34m-        [0;2m] [0;2mSANGERTOL_GENOMEASSEMBLY:GENOMEASSEMBLY:ORGANELLES:[mMITOHIFI_MITOHIFI_CONTIGS                                       -[K
[2m[[0;34mdd/28b2db[0;2m] [0;2mSANGERTOL_GENOMEASSEMBLY:GENOMEASSEMBLY:ORGANELLES:[mOATK[33;2m ([0;33mbaUndUnlc1[2m)[m                                              [2m [[0;34m  0%[0;2m][m 0 of 1[K
[3;2mPlus [1m106[0;3;2m more processes waiting for tasks…[m[K
Pulling Singularity image docker://ghcr.io/marcelauliano/mitohifi:3.2.3 [cache /lustre/scratch123/tol/teams/tola/users/jd42/nextflow/singularity/ghcr.io-marcelauliano-mitohifi-3.2.3.img][K
Staging foreign file: https://tolit.cog.sanger.ac.uk/test-data/Undibacterium_unclassified/genomic_data/baUndUnlc1/hic-arima2/41741_2%237.sub.cram[K
Pulling Singularity image https://depot.galaxyproject.org/singularity/oatk:1.0 [cache /lustre/scratch123/tol/teams/tola/users/jd42/nextflow/singularity/depot.galaxyproject.org-singularity-oatk-1.0.img][K
[31A
[2mexecutor >  lsf (7)[m[K
[2m[[0;34m7d/413873[0;2m] [0;2mSANGERTOL_GENOMEASSEMBLY:GENOMEASSEMBLY:GENOMESCOPE_MODEL:[mCAT_CAT_READS[33;2m ([0;33mbaUndUnlc1[2m)[m                              [2m [[0;32m100%[0;2m][m 1 of 1[32m ✔[m[K
[2m[[0;34ma4/cbccef[0;2m] [0;2mSANGERTOL_GENOMEASSEMBLY:GENOMEASSEMBLY:GENOMESCOPE_MODEL:[mFASTK_FASTK[33;2m ([0;33mbaUndUnlc1[2m)[m                                [2m [[0;32m100%[0;2m][m 1 of 1[32m ✔[m[K
[2m[[0;34m70/4b557b[0;2m] [0;2mSANGERTOL_GENOMEASSEMBLY:GENOMEASSEMBLY:GENOMESCOPE_MODEL:[mFASTK_HISTEX[33;2m ([0;33mbaUndUnlc1[2m)[m                               [2m [[0;34m  0%[0;2m][m 0 of 1[K
[2m[[0;34m-        [0;2m] [0;2mSANGERTOL_GENOMEASSEMBLY:GENOMEASSEMBLY:GENOMESCOPE_MODEL:TRIO_PROCESS:[mYAK_COUNT_PAT                               -[K
[2m[[0;34m-        [0;2m] [0;2mSANGERTOL_GENOMEASSEMBLY:GENOMEASSEMBLY:GENOMESCOPE_MODEL:TRIO_PROCESS:[mFASTK_PAT                                   -[K
[2m[[0;34m-        [0;2m] [0;2mSANGERTOL_GENOMEASSEMBLY:GENOMEASSEMBLY:GENOMESCOPE_MODEL:TRIO_PROCESS:[mYAK_COUNT_MAT                               -[K
[2m[[0;34m-        [0;2m] [0;2mSANGERTOL_GENOMEASSEMBLY:GENOMEASSEMBLY:GENOMESCOPE_MODEL:TRIO_PROCESS:[mFASTK_MAT                                   -[K
[2m[[0;34m-        [0;2m] [0;2mSANGERTOL_GENOMEASSEMBLY:GENOMEASSEMBLY:GENOMESCOPE_MODEL:TRIO_PROCESS:[mMERQURYFK_HAPMAKER                          -[K
[2m[[0;34m-        [0;2m] [0;2mSANGERTOL_GENOMEASSEMBLY:GENOMEASSEMBLY:GENOMESCOPE_MODEL:[mGENESCOPEFK                                              -[K
[2m[[0;34m9e/b9c04e[0;2m] [0;2mSANGERTOL_GENOMEASSEMBLY:GENOMEASSEMBLY:RAW_ASSEMBLY:[mHIFIASM_PRI[33;2m ([0;33mbaUndUnlc1[2m)[m                                     [2m [[0;34m  0%[0;2m][m 0 of 1[K
[2m[[0;34m-        [0;2m] [0;2mSANGERTOL_GENOMEASSEMBLY:GENOMEASSEMBLY:RAW_ASSEMBLY:[mGFA_TO_FASTA_PRI                                              -[K
[2m[[0;34m-        [0;2m] [0;2mSANGERTOL_GENOMEASSEMBLY:GENOMEASSEMBLY:RAW_ASSEMBLY:[mGFA_TO_FASTA_ALT                                              -[K
[2m[[0;34m4b/49967f[0;2m] [0;2mSANGERTOL_GENOMEASSEMBLY:GENOMEASSEMBLY:RAW_ASSEMBLY:[mHIFIASM_HIC[33;2m ([0;33mbaUndUnlc1[2m)[m                                     [2m [[0;34m  0%[0;2m][m 0 of 1[K
[2m[[0;34m-        [0;2m] [0;2mSANGERTOL_GENOMEASSEMBLY:GENOMEASSEMBLY:RAW_ASSEMBLY:[mGFA_TO_FASTA_HAP1_HIC                                         -[K
[2m[[0;34m-        [0;2m] [0;2mSANGERTOL_GENOMEASSEMBLY:GENOMEASSEMBLY:RAW_ASSEMBLY:[mGFA_TO_FASTA_HAP2_HIC                                         -[K
[2m[[0;34m-        [0;2m] [0;2mSANGERTOL_GENOMEASSEMBLY:GENOMEASSEMBLY:GENOME_STATISTICS_RAW:[mGFASTATS_PRI                                         -[K
[2m[[0;34m-        [0;2m] [0;2mSANGERTOL_GENOMEASSEMBLY:GENOMEASSEMBLY:GENOME_STATISTICS_RAW:[mGFASTATS_HAP                                         -[K
[2m[[0;34m-        [0;2m] [0;2mSANGERTOL_GENOMEASSEMBLY:GENOMEASSEMBLY:GENOME_STATISTICS_RAW:[mBUSCO_PRI                                            -[K
[2m[[0;34m-        [0;2m] [0;2mSANGERTOL_GENOMEASSEMBLY:GENOMEASSEMBLY:GENOME_STATISTICS_RAW:[mMERQURYFK_MERQURYFK                                  -[K
[2m[[0;34m-        [0;2m] [0;2mSANGERTOL_GENOMEASSEMBLY:GENOMEASSEMBLY:[mCAT_CAT_RAW                                                                -[K
[2m[[0;34mca/ccc2f1[0;2m] [0;2mSANGERTOL_GENOMEASSEMBLY:GENOMEASSEMBLY:[mCAT_CAT_MITOHIFI_READS[33;2m ([0;33mbaUndUnlc1[2m)[m                                       [2m [[0;32m100%[0;2m][m 1 of 1[32m ✔[m[K
[2m[[0;34m-        [0;2m] [0;2mSANGERTOL_GENOMEASSEMBLY:GENOMEASSEMBLY:ORGANELLES:[mMITOHIFI_FINDMITOREFERENCE                                      -[K
[2m[[0;34m-        [0;2m] [0;2mSANGERTOL_GENOMEASSEMBLY:GENOMEASSEMBLY:ORGANELLES:[mMITOHIFI_MITOHIFI_READS                                         -[K
[2m[[0;34m-        [0;2m] [0;2mSANGERTOL_GENOMEASSEMBLY:GENOMEASSEMBLY:ORGANELLES:[mMITOHIFI_MITOHIFI_CONTIGS                                       -[K
[2m[[0;34mdd/28b2db[0;2m] [0;2mSANGERTOL_GENOMEASSEMBLY:GENOMEASSEMBLY:ORGANELLES:[mOATK[33;2m ([0;33mbaUndUnlc1[2m)[m                                              [2m [[0;34m  0%[0;2m][m 0 of 1[K
[3;2mPlus [1m106[0;3;2m more processes waiting for tasks…[m[K
Pulling Singularity image docker://ghcr.io/marcelauliano/mitohifi:3.2.3 [cache /lustre/scratch123/tol/teams/tola/users/jd42/nextflow/singularity/ghcr.io-marcelauliano-mitohifi-3.2.3.img][K
Staging foreign file: https://tolit.cog.sanger.ac.uk/test-data/Undibacterium_unclassified/genomic_data/baUndUnlc1/hic-arima2/41741_2%237.sub.cram[K
Pulling Singularity image https://depot.galaxyproject.org/singularity/oatk:1.0 [cache /lustre/scratch123/tol/teams/tola/users/jd42/nextflow/singularity/depot.galaxyproject.org-singularity-oatk-1.0.img][K
[31A
[2mexecutor >  lsf (7)[m[K
[2m[[0;34m7d/413873[0;2m] [0;2mSANGERTOL_GENOMEASSEMBLY:GENOMEASSEMBLY:GENOMESCOPE_MODEL:[mCAT_CAT_READS[33;2m ([0;33mbaUndUnlc1[2m)[m                              [2m [[0;32m100%[0;2m][m 1 of 1[32m ✔[m[K
[2m[[0;34ma4/cbccef[0;2m] [0;2mSANGERTOL_GENOMEASSEMBLY:GENOMEASSEMBLY:GENOMESCOPE_MODEL:[mFASTK_FASTK[33;2m ([0;33mbaUndUnlc1[2m)[m                                [2m [[0;32m100%[0;2m][m 1 of 1[32m ✔[m[K
[2m[[0;34m70/4b557b[0;2m] [0;2mSANGERTOL_GENOMEASSEMBLY:GENOMEASSEMBLY:GENOMESCOPE_MODEL:[mFASTK_HISTEX[33;2m ([0;33mbaUndUnlc1[2m)[m                               [2m [[0;32m100%[0;2m][m 1 of 1[32m ✔[m[K
[2m[[0;34m-        [0;2m] [0;2mSANGERTOL_GENOMEASSEMBLY:GENOMEASSEMBLY:GENOMESCOPE_MODEL:TRIO_PROCESS:[mYAK_COUNT_PAT                               -[K
[2m[[0;34m-        [0;2m] [0;2mSANGERTOL_GENOMEASSEMBLY:GENOMEASSEMBLY:GENOMESCOPE_MODEL:TRIO_PROCESS:[mFASTK_PAT                                   -[K
[2m[[0;34m-        [0;2m] [0;2mSANGERTOL_GENOMEASSEMBLY:GENOMEASSEMBLY:GENOMESCOPE_MODEL:TRIO_PROCESS:[mYAK_COUNT_MAT                               -[K
[2m[[0;34m-        [0;2m] [0;2mSANGERTOL_GENOMEASSEMBLY:GENOMEASSEMBLY:GENOMESCOPE_MODEL:TRIO_PROCESS:[mFASTK_MAT                                   -[K
[2m[[0;34m-        [0;2m] [0;2mSANGERTOL_GENOMEASSEMBLY:GENOMEASSEMBLY:GENOMESCOPE_MODEL:TRIO_PROCESS:[mMERQURYFK_HAPMAKER                          -[K
[2m[[0;34m-        [0;2m] [0;2mSANGERTOL_GENOMEASSEMBLY:GENOMEASSEMBLY:GENOMESCOPE_MODEL:[mGENESCOPEFK                                             [2m [[0;34m  0%[0;2m][m 0 of 1[K
[2m[[0;34m9e/b9c04e[0;2m] [0;2mSANGERTOL_GENOMEASSEMBLY:GENOMEASSEMBLY:RAW_ASSEMBLY:[mHIFIASM_PRI[33;2m ([0;33mbaUndUnlc1[2m)[m                                     [2m [[0;34m  0%[0;2m][m 0 of 1[K
[2m[[0;34m-        [0;2m] [0;2mSANGERTOL_GENOMEASSEMBLY:GENOMEASSEMBLY:RAW_ASSEMBLY:[mGFA_TO_FASTA_PRI                                              -[K
[2m[[0;34m-        [0;2m] [0;2mSANGERTOL_GENOMEASSEMBLY:GENOMEASSEMBLY:RAW_ASSEMBLY:[mGFA_TO_FASTA_ALT                                              -[K
[2m[[0;34m4b/49967f[0;2m] [0;2mSANGERTOL_GENOMEASSEMBLY:GENOMEASSEMBLY:RAW_ASSEMBLY:[mHIFIASM_HIC[33;2m ([0;33mbaUndUnlc1[2m)[m                                     [2m [[0;34m  0%[0;2m][m 0 of 1[K
[2m[[0;34m-        [0;2m] [0;2mSANGERTOL_GENOMEASSEMBLY:GENOMEASSEMBLY:RAW_ASSEMBLY:[mGFA_TO_FASTA_HAP1_HIC                                         -[K
[2m[[0;34m-        [0;2m] [0;2mSANGERTOL_GENOMEASSEMBLY:GENOMEASSEMBLY:RAW_ASSEMBLY:[mGFA_TO_FASTA_HAP2_HIC                                         -[K
[2m[[0;34m-        [0;2m] [0;2mSANGERTOL_GENOMEASSEMBLY:GENOMEASSEMBLY:GENOME_STATISTICS_RAW:[mGFASTATS_PRI                                         -[K
[2m[[0;34m-        [0;2m] [0;2mSANGERTOL_GENOMEASSEMBLY:GENOMEASSEMBLY:GENOME_STATISTICS_RAW:[mGFASTATS_HAP                                         -[K
[2m[[0;34m-        [0;2m] [0;2mSANGERTOL_GENOMEASSEMBLY:GENOMEASSEMBLY:GENOME_STATISTICS_RAW:[mBUSCO_PRI                                            -[K
[2m[[0;34m-        [0;2m] [0;2mSANGERTOL_GENOMEASSEMBLY:GENOMEASSEMBLY:GENOME_STATISTICS_RAW:[mMERQURYFK_MERQURYFK                                  -[K
[2m[[0;34m-        [0;2m] [0;2mSANGERTOL_GENOMEASSEMBLY:GENOMEASSEMBLY:[mCAT_CAT_RAW                                                                -[K
[2m[[0;34mca/ccc2f1[0;2m] [0;2mSANGERTOL_GENOMEASSEMBLY:GENOMEASSEMBLY:[mCAT_CAT_MITOHIFI_READS[33;2m ([0;33mbaUndUnlc1[2m)[m                                       [2m [[0;32m100%[0;2m][m 1 of 1[32m ✔[m[K
[2m[[0;34m-        [0;2m] [0;2mSANGERTOL_GENOMEASSEMBLY:GENOMEASSEMBLY:ORGANELLES:[mMITOHIFI_FINDMITOREFERENCE                                      -[K
[2m[[0;34m-        [0;2m] [0;2mSANGERTOL_GENOMEASSEMBLY:GENOMEASSEMBLY:ORGANELLES:[mMITOHIFI_MITOHIFI_READS                                         -[K
[2m[[0;34m-        [0;2m] [0;2mSANGERTOL_GENOMEASSEMBLY:GENOMEASSEMBLY:ORGANELLES:[mMITOHIFI_MITOHIFI_CONTIGS                                       -[K
[2m[[0;34mdd/28b2db[0;2m] [0;2mSANGERTOL_GENOMEASSEMBLY:GENOMEASSEMBLY:ORGANELLES:[mOATK[33;2m ([0;33mbaUndUnlc1[2m)[m                                              [2m [[0;34m  0%[0;2m][m 0 of 1[K
[3;2mPlus [1m106[0;3;2m more processes waiting for tasks…[m[K
Pulling Singularity image docker://ghcr.io/marcelauliano/mitohifi:3.2.3 [cache /lustre/scratch123/tol/teams/tola/users/jd42/nextflow/singularity/ghcr.io-marcelauliano-mitohifi-3.2.3.img][K
Staging foreign file: https://tolit.cog.sanger.ac.uk/test-data/Undibacterium_unclassified/genomic_data/baUndUnlc1/hic-arima2/41741_2%237.sub.cram[K
Pulling Singularity image https://depot.galaxyproject.org/singularity/oatk:1.0 [cache /lustre/scratch123/tol/teams/tola/users/jd42/nextflow/singularity/depot.galaxyproject.org-singularity-oatk-1.0.img][K
[31A
[2mexecutor >  lsf (8)[m[K
[2m[[0;34m7d/413873[0;2m] [0;2mSANGERTOL_GENOMEASSEMBLY:GENOMEASSEMBLY:GENOMESCOPE_MODEL:[mCAT_CAT_READS[33;2m ([0;33mbaUndUnlc1[2m)[m                              [2m [[0;32m100%[0;2m][m 1 of 1[32m ✔[m[K
[2m[[0;34ma4/cbccef[0;2m] [0;2mSANGERTOL_GENOMEASSEMBLY:GENOMEASSEMBLY:GENOMESCOPE_MODEL:[mFASTK_FASTK[33;2m ([0;33mbaUndUnlc1[2m)[m                                [2m [[0;32m100%[0;2m][m 1 of 1[32m ✔[m[K
[2m[[0;34m70/4b557b[0;2m] [0;2mSANGERTOL_GENOMEASSEMBLY:GENOMEASSEMBLY:GENOMESCOPE_MODEL:[mFASTK_HISTEX[33;2m ([0;33mbaUndUnlc1[2m)[m                               [2m [[0;32m100%[0;2m][m 1 of 1[32m ✔[m[K
[2m[[0;34m-        [0;2m] [0;2mSANGERTOL_GENOMEASSEMBLY:GENOMEASSEMBLY:GENOMESCOPE_MODEL:TRIO_PROCESS:[mYAK_COUNT_PAT                               -[K
[2m[[0;34m-        [0;2m] [0;2mSANGERTOL_GENOMEASSEMBLY:GENOMEASSEMBLY:GENOMESCOPE_MODEL:TRIO_PROCESS:[mFASTK_PAT                                   -[K
[2m[[0;34m-        [0;2m] [0;2mSANGERTOL_GENOMEASSEMBLY:GENOMEASSEMBLY:GENOMESCOPE_MODEL:TRIO_PROCESS:[mYAK_COUNT_MAT                               -[K
[2m[[0;34m-        [0;2m] [0;2mSANGERTOL_GENOMEASSEMBLY:GENOMEASSEMBLY:GENOMESCOPE_MODEL:TRIO_PROCESS:[mFASTK_MAT                                   -[K
[2m[[0;34m-        [0;2m] [0;2mSANGERTOL_GENOMEASSEMBLY:GENOMEASSEMBLY:GENOMESCOPE_MODEL:TRIO_PROCESS:[mMERQURYFK_HAPMAKER                          -[K
[2m[[0;34ma6/d43693[0;2m] [0;2mSANGERTOL_GENOMEASSEMBLY:GENOMEASSEMBLY:GENOMESCOPE_MODEL:[mGENESCOPEFK[33;2m ([0;33mbaUndUnlc1[2m)[m                                [2m [[0;34m  0%[0;2m][m 0 of 1[K
[2m[[0;34m9e/b9c04e[0;2m] [0;2mSANGERTOL_GENOMEASSEMBLY:GENOMEASSEMBLY:RAW_ASSEMBLY:[mHIFIASM_PRI[33;2m ([0;33mbaUndUnlc1[2m)[m                                     [2m [[0;34m  0%[0;2m][m 0 of 1[K
[2m[[0;34m-        [0;2m] [0;2mSANGERTOL_GENOMEASSEMBLY:GENOMEASSEMBLY:RAW_ASSEMBLY:[mGFA_TO_FASTA_PRI                                              -[K
[2m[[0;34m-        [0;2m] [0;2mSANGERTOL_GENOMEASSEMBLY:GENOMEASSEMBLY:RAW_ASSEMBLY:[mGFA_TO_FASTA_ALT                                              -[K
[2m[[0;34m4b/49967f[0;2m] [0;2mSANGERTOL_GENOMEASSEMBLY:GENOMEASSEMBLY:RAW_ASSEMBLY:[mHIFIASM_HIC[33;2m ([0;33mbaUndUnlc1[2m)[m                                     [2m [[0;34m  0%[0;2m][m 0 of 1[K
[2m[[0;34m-        [0;2m] [0;2mSANGERTOL_GENOMEASSEMBLY:GENOMEASSEMBLY:RAW_ASSEMBLY:[mGFA_TO_FASTA_HAP1_HIC                                         -[K
[2m[[0;34m-        [0;2m] [0;2mSANGERTOL_GENOMEASSEMBLY:GENOMEASSEMBLY:RAW_ASSEMBLY:[mGFA_TO_FASTA_HAP2_HIC                                         -[K
[2m[[0;34m-        [0;2m] [0;2mSANGERTOL_GENOMEASSEMBLY:GENOMEASSEMBLY:GENOME_STATISTICS_RAW:[mGFASTATS_PRI                                         -[K
[2m[[0;34m-        [0;2m] [0;2mSANGERTOL_GENOMEASSEMBLY:GENOMEASSEMBLY:GENOME_STATISTICS_RAW:[mGFASTATS_HAP                                         -[K
[2m[[0;34m-        [0;2m] [0;2mSANGERTOL_GENOMEASSEMBLY:GENOMEASSEMBLY:GENOME_STATISTICS_RAW:[mBUSCO_PRI                                            -[K
[2m[[0;34m-        [0;2m] [0;2mSANGERTOL_GENOMEASSEMBLY:GENOMEASSEMBLY:GENOME_STATISTICS_RAW:[mMERQURYFK_MERQURYFK                                  -[K
[2m[[0;34m-        [0;2m] [0;2mSANGERTOL_GENOMEASSEMBLY:GENOMEASSEMBLY:[mCAT_CAT_RAW                                                                -[K
[2m[[0;34mca/ccc2f1[0;2m] [0;2mSANGERTOL_GENOMEASSEMBLY:GENOMEASSEMBLY:[mCAT_CAT_MITOHIFI_READS[33;2m ([0;33mbaUndUnlc1[2m)[m                                       [2m [[0;32m100%[0;2m][m 1 of 1[32m ✔[m[K
[2m[[0;34m-        [0;2m] [0;2mSANGERTOL_GENOMEASSEMBLY:GENOMEASSEMBLY:ORGANELLES:[mMITOHIFI_FINDMITOREFERENCE                                      -[K
[2m[[0;34m-        [0;2m] [0;2mSANGERTOL_GENOMEASSEMBLY:GENOMEASSEMBLY:ORGANELLES:[mMITOHIFI_MITOHIFI_READS                                         -[K
[2m[[0;34m-        [0;2m] [0;2mSANGERTOL_GENOMEASSEMBLY:GENOMEASSEMBLY:ORGANELLES:[mMITOHIFI_MITOHIFI_CONTIGS                                       -[K
[2m[[0;34mdd/28b2db[0;2m] [0;2mSANGERTOL_GENOMEASSEMBLY:GENOMEASSEMBLY:ORGANELLES:[mOATK[33;2m ([0;33mbaUndUnlc1[2m)[m                                              [2m [[0;34m  0%[0;2m][m 0 of 1[K
[3;2mPlus [1m106[0;3;2m more processes waiting for tasks…[m[K
Pulling Singularity image docker://ghcr.io/marcelauliano/mitohifi:3.2.3 [cache /lustre/scratch123/tol/teams/tola/users/jd42/nextflow/singularity/ghcr.io-marcelauliano-mitohifi-3.2.3.img][K
Staging foreign file: https://tolit.cog.sanger.ac.uk/test-data/Undibacterium_unclassified/genomic_data/baUndUnlc1/hic-arima2/41741_2%237.sub.cram[K
Pulling Singularity image https://depot.galaxyproject.org/singularity/oatk:1.0 [cache /lustre/scratch123/tol/teams/tola/users/jd42/nextflow/singularity/depot.galaxyproject.org-singularity-oatk-1.0.img][K
[31A
[2mexecutor >  lsf (8)[m[K
[2m[[0;34m7d/413873[0;2m] [0;2mSANGERTOL_GENOMEASSEMBLY:GENOMEASSEMBLY:GENOMESCOPE_MODEL:[mCAT_CAT_READS[33;2m ([0;33mbaUndUnlc1[2m)[m                              [2m [[0;32m100%[0;2m][m 1 of 1[32m ✔[m[K
[2m[[0;34ma4/cbccef[0;2m] [0;2mSANGERTOL_GENOMEASSEMBLY:GENOMEASSEMBLY:GENOMESCOPE_MODEL:[mFASTK_FASTK[33;2m ([0;33mbaUndUnlc1[2m)[m                                [2m [[0;32m100%[0;2m][m 1 of 1[32m ✔[m[K
[2m[[0;34m70/4b557b[0;2m] [0;2mSANGERTOL_GENOMEASSEMBLY:GENOMEASSEMBLY:GENOMESCOPE_MODEL:[mFASTK_HISTEX[33;2m ([0;33mbaUndUnlc1[2m)[m                               [2m [[0;32m100%[0;2m][m 1 of 1[32m ✔[m[K
[2m[[0;34m-        [0;2m] [0;2mSANGERTOL_GENOMEASSEMBLY:GENOMEASSEMBLY:GENOMESCOPE_MODEL:TRIO_PROCESS:[mYAK_COUNT_PAT                               -[K
[2m[[0;34m-        [0;2m] [0;2mSANGERTOL_GENOMEASSEMBLY:GENOMEASSEMBLY:GENOMESCOPE_MODEL:TRIO_PROCESS:[mFASTK_PAT                                   -[K
[2m[[0;34m-        [0;2m] [0;2mSANGERTOL_GENOMEASSEMBLY:GENOMEASSEMBLY:GENOMESCOPE_MODEL:TRIO_PROCESS:[mYAK_COUNT_MAT                               -[K
[2m[[0;34m-        [0;2m] [0;2mSANGERTOL_GENOMEASSEMBLY:GENOMEASSEMBLY:GENOMESCOPE_MODEL:TRIO_PROCESS:[mFASTK_MAT                                   -[K
[2m[[0;34m-        [0;2m] [0;2mSANGERTOL_GENOMEASSEMBLY:GENOMEASSEMBLY:GENOMESCOPE_MODEL:TRIO_PROCESS:[mMERQURYFK_HAPMAKER                          -[K
[2m[[0;34ma6/d43693[0;2m] [0;2mSANGERTOL_GENOMEASSEMBLY:GENOMEASSEMBLY:GENOMESCOPE_MODEL:[mGENESCOPEFK[33;2m ([0;33mbaUndUnlc1[2m)[m                                [2m [[0;34m  0%[0;2m][m 0 of 1[K
[2m[[0;34m9e/b9c04e[0;2m] [0;2mSANGERTOL_GENOMEASSEMBLY:GENOMEASSEMBLY:RAW_ASSEMBLY:[mHIFIASM_PRI[33;2m ([0;33mbaUndUnlc1[2m)[m                                     [2m [[0;34m  0%[0;2m][m 0 of 1[K
[2m[[0;34m-        [0;2m] [0;2mSANGERTOL_GENOMEASSEMBLY:GENOMEASSEMBLY:RAW_ASSEMBLY:[mGFA_TO_FASTA_PRI                                              -[K
[2m[[0;34m-        [0;2m] [0;2mSANGERTOL_GENOMEASSEMBLY:GENOMEASSEMBLY:RAW_ASSEMBLY:[mGFA_TO_FASTA_ALT                                              -[K
[2m[[0;34m4b/49967f[0;2m] [0;2mSANGERTOL_GENOMEASSEMBLY:GENOMEASSEMBLY:RAW_ASSEMBLY:[mHIFIASM_HIC[33;2m ([0;33mbaUndUnlc1[2m)[m                                     [2m [[0;34m  0%[0;2m][m 0 of 1[K
[2m[[0;34m-        [0;2m] [0;2mSANGERTOL_GENOMEASSEMBLY:GENOMEASSEMBLY:RAW_ASSEMBLY:[mGFA_TO_FASTA_HAP1_HIC                                         -[K
[2m[[0;34m-        [0;2m] [0;2mSANGERTOL_GENOMEASSEMBLY:GENOMEASSEMBLY:RAW_ASSEMBLY:[mGFA_TO_FASTA_HAP2_HIC                                         -[K
[2m[[0;34m-        [0;2m] [0;2mSANGERTOL_GENOMEASSEMBLY:GENOMEASSEMBLY:GENOME_STATISTICS_RAW:[mGFASTATS_PRI                                         -[K
[2m[[0;34m-        [0;2m] [0;2mSANGERTOL_GENOMEASSEMBLY:GENOMEASSEMBLY:GENOME_STATISTICS_RAW:[mGFASTATS_HAP                                         -[K
[2m[[0;34m-        [0;2m] [0;2mSANGERTOL_GENOMEASSEMBLY:GENOMEASSEMBLY:GENOME_STATISTICS_RAW:[mBUSCO_PRI                                            -[K
[2m[[0;34m-        [0;2m] [0;2mSANGERTOL_GENOMEASSEMBLY:GENOMEASSEMBLY:GENOME_STATISTICS_RAW:[mMERQURYFK_MERQURYFK                                  -[K
[2m[[0;34m-        [0;2m] [0;2mSANGERTOL_GENOMEASSEMBLY:GENOMEASSEMBLY:[mCAT_CAT_RAW                                                                -[K
[2m[[0;34mca/ccc2f1[0;2m] [0;2mSANGERTOL_GENOMEASSEMBLY:GENOMEASSEMBLY:[mCAT_CAT_MITOHIFI_READS[33;2m ([0;33mbaUndUnlc1[2m)[m                                       [2m [[0;32m100%[0;2m][m 1 of 1[32m ✔[m[K
[2m[[0;34m-        [0;2m] [0;2mSANGERTOL_GENOMEASSEMBLY:GENOMEASSEMBLY:ORGANELLES:[mMITOHIFI_FINDMITOREFERENCE                                      -[K
[2m[[0;34m-        [0;2m] [0;2mSANGERTOL_GENOMEASSEMBLY:GENOMEASSEMBLY:ORGANELLES:[mMITOHIFI_MITOHIFI_READS                                         -[K
[2m[[0;34m-        [0;2m] [0;2mSANGERTOL_GENOMEASSEMBLY:GENOMEASSEMBLY:ORGANELLES:[mMITOHIFI_MITOHIFI_CONTIGS                                       -[K
[2m[[0;34mdd/28b2db[0;2m] [0;2mSANGERTOL_GENOMEASSEMBLY:GENOMEASSEMBLY:ORGANELLES:[mOATK[33;2m ([0;33mbaUndUnlc1[2m)[m                                              [2m [[0;34m  0%[0;2m][m 0 of 1[K
[3;2mPlus [1m106[0;3;2m more processes waiting for tasks…[m[K
Pulling Singularity image docker://ghcr.io/marcelauliano/mitohifi:3.2.3 [cache /lustre/scratch123/tol/teams/tola/users/jd42/nextflow/singularity/ghcr.io-marcelauliano-mitohifi-3.2.3.img][K
Staging foreign file: https://tolit.cog.sanger.ac.uk/test-data/Undibacterium_unclassified/genomic_data/baUndUnlc1/hic-arima2/41741_2%237.sub.cram[K
Pulling Singularity image https://depot.galaxyproject.org/singularity/oatk:1.0 [cache /lustre/scratch123/tol/teams/tola/users/jd42/nextflow/singularity/depot.galaxyproject.org-singularity-oatk-1.0.img][K
[31A
[2mexecutor >  lsf (8)[m[K
[2m[[0;34m7d/413873[0;2m] [0;2mSANGERTOL_GENOMEASSEMBLY:GENOMEASSEMBLY:GENOMESCOPE_MODEL:[mCAT_CAT_READS[33;2m ([0;33mbaUndUnlc1[2m)[m                              [2m [[0;32m100%[0;2m][m 1 of 1[32m ✔[m[K
[2m[[0;34ma4/cbccef[0;2m] [0;2mSANGERTOL_GENOMEASSEMBLY:GENOMEASSEMBLY:GENOMESCOPE_MODEL:[mFASTK_FASTK[33;2m ([0;33mbaUndUnlc1[2m)[m                                [2m [[0;32m100%[0;2m][m 1 of 1[32m ✔[m[K
[2m[[0;34m70/4b557b[0;2m] [0;2mSANGERTOL_GENOMEASSEMBLY:GENOMEASSEMBLY:GENOMESCOPE_MODEL:[mFASTK_HISTEX[33;2m ([0;33mbaUndUnlc1[2m)[m                               [2m [[0;32m100%[0;2m][m 1 of 1[32m ✔[m[K
[2m[[0;34m-        [0;2m] [0;2mSANGERTOL_GENOMEASSEMBLY:GENOMEASSEMBLY:GENOMESCOPE_MODEL:TRIO_PROCESS:[mYAK_COUNT_PAT                               -[K
[2m[[0;34m-        [0;2m] [0;2mSANGERTOL_GENOMEASSEMBLY:GENOMEASSEMBLY:GENOMESCOPE_MODEL:TRIO_PROCESS:[mFASTK_PAT                                   -[K
[2m[[0;34m-        [0;2m] [0;2mSANGERTOL_GENOMEASSEMBLY:GENOMEASSEMBLY:GENOMESCOPE_MODEL:TRIO_PROCESS:[mYAK_COUNT_MAT                               -[K
[2m[[0;34m-        [0;2m] [0;2mSANGERTOL_GENOMEASSEMBLY:GENOMEASSEMBLY:GENOMESCOPE_MODEL:TRIO_PROCESS:[mFASTK_MAT                                   -[K
[2m[[0;34m-        [0;2m] [0;2mSANGERTOL_GENOMEASSEMBLY:GENOMEASSEMBLY:GENOMESCOPE_MODEL:TRIO_PROCESS:[mMERQURYFK_HAPMAKER                          -[K
[2m[[0;34ma6/d43693[0;2m] [0;2mSANGERTOL_GENOMEASSEMBLY:GENOMEASSEMBLY:GENOMESCOPE_MODEL:[mGENESCOPEFK[33;2m ([0;33mbaUndUnlc1[2m)[m                                [2m [[0;32m100%[0;2m][m 1 of 1[32m ✔[m[K
[2m[[0;34m9e/b9c04e[0;2m] [0;2mSANGERTOL_GENOMEASSEMBLY:GENOMEASSEMBLY:RAW_ASSEMBLY:[mHIFIASM_PRI[33;2m ([0;33mbaUndUnlc1[2m)[m                                     [2m [[0;34m  0%[0;2m][m 0 of 1[K
[2m[[0;34m-        [0;2m] [0;2mSANGERTOL_GENOMEASSEMBLY:GENOMEASSEMBLY:RAW_ASSEMBLY:[mGFA_TO_FASTA_PRI                                              -[K
[2m[[0;34m-        [0;2m] [0;2mSANGERTOL_GENOMEASSEMBLY:GENOMEASSEMBLY:RAW_ASSEMBLY:[mGFA_TO_FASTA_ALT                                              -[K
[2m[[0;34m4b/49967f[0;2m] [0;2mSANGERTOL_GENOMEASSEMBLY:GENOMEASSEMBLY:RAW_ASSEMBLY:[mHIFIASM_HIC[33;2m ([0;33mbaUndUnlc1[2m)[m                                     [2m [[0;34m  0%[0;2m][m 0 of 1[K
[2m[[0;34m-        [0;2m] [0;2mSANGERTOL_GENOMEASSEMBLY:GENOMEASSEMBLY:RAW_ASSEMBLY:[mGFA_TO_FASTA_HAP1_HIC                                         -[K
[2m[[0;34m-        [0;2m] [0;2mSANGERTOL_GENOMEASSEMBLY:GENOMEASSEMBLY:RAW_ASSEMBLY:[mGFA_TO_FASTA_HAP2_HIC                                         -[K
[2m[[0;34m-        [0;2m] [0;2mSANGERTOL_GENOMEASSEMBLY:GENOMEASSEMBLY:GENOME_STATISTICS_RAW:[mGFASTATS_PRI                                         -[K
[2m[[0;34m-        [0;2m] [0;2mSANGERTOL_GENOMEASSEMBLY:GENOMEASSEMBLY:GENOME_STATISTICS_RAW:[mGFASTATS_HAP                                         -[K
[2m[[0;34m-        [0;2m] [0;2mSANGERTOL_GENOMEASSEMBLY:GENOMEASSEMBLY:GENOME_STATISTICS_RAW:[mBUSCO_PRI                                            -[K
[2m[[0;34m-        [0;2m] [0;2mSANGERTOL_GENOMEASSEMBLY:GENOMEASSEMBLY:GENOME_STATISTICS_RAW:[mMERQURYFK_MERQURYFK                                  -[K
[2m[[0;34m-        [0;2m] [0;2mSANGERTOL_GENOMEASSEMBLY:GENOMEASSEMBLY:[mCAT_CAT_RAW                                                                -[K
[2m[[0;34mca/ccc2f1[0;2m] [0;2mSANGERTOL_GENOMEASSEMBLY:GENOMEASSEMBLY:[mCAT_CAT_MITOHIFI_READS[33;2m ([0;33mbaUndUnlc1[2m)[m                                       [2m [[0;32m100%[0;2m][m 1 of 1[32m ✔[m[K
[2m[[0;34m-        [0;2m] [0;2mSANGERTOL_GENOMEASSEMBLY:GENOMEASSEMBLY:ORGANELLES:[mMITOHIFI_FINDMITOREFERENCE                                      -[K
[2m[[0;34m-        [0;2m] [0;2mSANGERTOL_GENOMEASSEMBLY:GENOMEASSEMBLY:ORGANELLES:[mMITOHIFI_MITOHIFI_READS                                         -[K
[2m[[0;34m-        [0;2m] [0;2mSANGERTOL_GENOMEASSEMBLY:GENOMEASSEMBLY:ORGANELLES:[mMITOHIFI_MITOHIFI_CONTIGS                                       -[K
[2m[[0;34mdd/28b2db[0;2m] [0;2mSANGERTOL_GENOMEASSEMBLY:GENOMEASSEMBLY:ORGANELLES:[mOATK[33;2m ([0;33mbaUndUnlc1[2m)[m                                              [2m [[0;34m  0%[0;2m][m 0 of 1[32m ✔[m[K
[3;2mPlus [1m106[0;3;2m more processes waiting for tasks…[m[K
Pulling Singularity image docker://ghcr.io/marcelauliano/mitohifi:3.2.3 [cache /lustre/scratch123/tol/teams/tola/users/jd42/nextflow/singularity/ghcr.io-marcelauliano-mitohifi-3.2.3.img][K
Staging foreign file: https://tolit.cog.sanger.ac.uk/test-data/Undibacterium_unclassified/genomic_data/baUndUnlc1/hic-arima2/41741_2%237.sub.cram[K
Pulling Singularity image https://depot.galaxyproject.org/singularity/oatk:1.0 [cache /lustre/scratch123/tol/teams/tola/users/jd42/nextflow/singularity/depot.galaxyproject.org-singularity-oatk-1.0.img][K
[31A
[2mexecutor >  lsf (8)[m[K
[2m[[0;34m7d/413873[0;2m] [0;2mSANGERTOL_GENOMEASSEMBLY:GENOMEASSEMBLY:GENOMESCOPE_MODEL:[mCAT_CAT_READS[33;2m ([0;33mbaUndUnlc1[2m)[m                              [2m [[0;32m100%[0;2m][m 1 of 1[32m ✔[m[K
[2m[[0;34ma4/cbccef[0;2m] [0;2mSANGERTOL_GENOMEASSEMBLY:GENOMEASSEMBLY:GENOMESCOPE_MODEL:[mFASTK_FASTK[33;2m ([0;33mbaUndUnlc1[2m)[m                                [2m [[0;32m100%[0;2m][m 1 of 1[32m ✔[m[K
[2m[[0;34m70/4b557b[0;2m] [0;2mSANGERTOL_GENOMEASSEMBLY:GENOMEASSEMBLY:GENOMESCOPE_MODEL:[mFASTK_HISTEX[33;2m ([0;33mbaUndUnlc1[2m)[m                               [2m [[0;32m100%[0;2m][m 1 of 1[32m ✔[m[K
[2m[[0;34m-        [0;2m] [0;2mSANGERTOL_GENOMEASSEMBLY:GENOMEASSEMBLY:GENOMESCOPE_MODEL:TRIO_PROCESS:[mYAK_COUNT_PAT                               -[K
[2m[[0;34m-        [0;2m] [0;2mSANGERTOL_GENOMEASSEMBLY:GENOMEASSEMBLY:GENOMESCOPE_MODEL:TRIO_PROCESS:[mFASTK_PAT                                   -[K
[2m[[0;34m-        [0;2m] [0;2mSANGERTOL_GENOMEASSEMBLY:GENOMEASSEMBLY:GENOMESCOPE_MODEL:TRIO_PROCESS:[mYAK_COUNT_MAT                               -[K
[2m[[0;34m-        [0;2m] [0;2mSANGERTOL_GENOMEASSEMBLY:GENOMEASSEMBLY:GENOMESCOPE_MODEL:TRIO_PROCESS:[mFASTK_MAT                                   -[K
[2m[[0;34m-        [0;2m] [0;2mSANGERTOL_GENOMEASSEMBLY:GENOMEASSEMBLY:GENOMESCOPE_MODEL:TRIO_PROCESS:[mMERQURYFK_HAPMAKER                          -[K
[2m[[0;34ma6/d43693[0;2m] [0;2mSANGERTOL_GENOMEASSEMBLY:GENOMEASSEMBLY:GENOMESCOPE_MODEL:[mGENESCOPEFK[33;2m ([0;33mbaUndUnlc1[2m)[m                                [2m [[0;32m100%[0;2m][m 1 of 1[32m ✔[m[K
[2m[[0;34m9e/b9c04e[0;2m] [0;2mSANGERTOL_GENOMEASSEMBLY:GENOMEASSEMBLY:RAW_ASSEMBLY:[mHIFIASM_PRI[33;2m ([0;33mbaUndUnlc1[2m)[m                                     [2m [[0;34m  0%[0;2m][m 0 of 1[K
[2m[[0;34m-        [0;2m] [0;2mSANGERTOL_GENOMEASSEMBLY:GENOMEASSEMBLY:RAW_ASSEMBLY:[mGFA_TO_FASTA_PRI                                              -[K
[2m[[0;34m-        [0;2m] [0;2mSANGERTOL_GENOMEASSEMBLY:GENOMEASSEMBLY:RAW_ASSEMBLY:[mGFA_TO_FASTA_ALT                                              -[K
[2m[[0;34m4b/49967f[0;2m] [0;2mSANGERTOL_GENOMEASSEMBLY:GENOMEASSEMBLY:RAW_ASSEMBLY:[mHIFIASM_HIC[33;2m ([0;33mbaUndUnlc1[2m)[m                                     [2m [[0;34m  0%[0;2m][m 0 of 1[K
[2m[[0;34m-        [0;2m] [0;2mSANGERTOL_GENOMEASSEMBLY:GENOMEASSEMBLY:RAW_ASSEMBLY:[mGFA_TO_FASTA_HAP1_HIC                                         -[K
[2m[[0;34m-        [0;2m] [0;2mSANGERTOL_GENOMEASSEMBLY:GENOMEASSEMBLY:RAW_ASSEMBLY:[mGFA_TO_FASTA_HAP2_HIC                                         -[K
[2m[[0;34m-        [0;2m] [0;2mSANGERTOL_GENOMEASSEMBLY:GENOMEASSEMBLY:GENOME_STATISTICS_RAW:[mGFASTATS_PRI                                         -[K
[2m[[0;34m-        [0;2m] [0;2mSANGERTOL_GENOMEASSEMBLY:GENOMEASSEMBLY:GENOME_STATISTICS_RAW:[mGFASTATS_HAP                                         -[K
[2m[[0;34m-        [0;2m] [0;2mSANGERTOL_GENOMEASSEMBLY:GENOMEASSEMBLY:GENOME_STATISTICS_RAW:[mBUSCO_PRI                                            -[K
[2m[[0;34m-        [0;2m] [0;2mSANGERTOL_GENOMEASSEMBLY:GENOMEASSEMBLY:GENOME_STATISTICS_RAW:[mMERQURYFK_MERQURYFK                                  -[K
[2m[[0;34m-        [0;2m] [0;2mSANGERTOL_GENOMEASSEMBLY:GENOMEASSEMBLY:[mCAT_CAT_RAW                                                                -[K
[2m[[0;34mca/ccc2f1[0;2m] [0;2mSANGERTOL_GENOMEASSEMBLY:GENOMEASSEMBLY:[mCAT_CAT_MITOHIFI_READS[33;2m ([0;33mbaUndUnlc1[2m)[m                                       [2m [[0;32m100%[0;2m][m 1 of 1[32m ✔[m[K
[2m[[0;34m-        [0;2m] [0;2mSANGERTOL_GENOMEASSEMBLY:GENOMEASSEMBLY:ORGANELLES:[mMITOHIFI_FINDMITOREFERENCE                                      -[K
[2m[[0;34m-        [0;2m] [0;2mSANGERTOL_GENOMEASSEMBLY:GENOMEASSEMBLY:ORGANELLES:[mMITOHIFI_MITOHIFI_READS                                         -[K
[2m[[0;34m-        [0;2m] [0;2mSANGERTOL_GENOMEASSEMBLY:GENOMEASSEMBLY:ORGANELLES:[mMITOHIFI_MITOHIFI_CONTIGS                                       -[K
[2m[[0;34mdd/28b2db[0;2m] [0;2mSANGERTOL_GENOMEASSEMBLY:GENOMEASSEMBLY:ORGANELLES:[mOATK[33;2m ([0;33mbaUndUnlc1[2m)[m                                              [2m [[0;32m100%[0;2m][m 1 of 1[32m ✔[m[K
[3;2mPlus [1m106[0;3;2m more processes waiting for tasks…[m[K
Pulling Singularity image docker://ghcr.io/marcelauliano/mitohifi:3.2.3 [cache /lustre/scratch123/tol/teams/tola/users/jd42/nextflow/singularity/ghcr.io-marcelauliano-mitohifi-3.2.3.img][K
Staging foreign file: https://tolit.cog.sanger.ac.uk/test-data/Undibacterium_unclassified/genomic_data/baUndUnlc1/hic-arima2/41741_2%237.sub.cram[K
Pulling Singularity image https://depot.galaxyproject.org/singularity/oatk:1.0 [cache /lustre/scratch123/tol/teams/tola/users/jd42/nextflow/singularity/depot.galaxyproject.org-singularity-oatk-1.0.img][K
[31A
-[0;35m[sanger-tol/genomeassembly][0;31m Pipeline completed with errors[0m-
WARN: Killing running tasks (2)

ERROR ~ Cannot invoke "java.nio.file.Path.getFileSystem()" because "path" is null

 -- Check script './workflows/../subworkflows/local/utils_nfcore_genomeassembly_pipeline/../../nf-core/utils_nfcore_pipeline/main.nf' at line: 82 or see '.nextflow.log' file for more details
[2mexecutor >  lsf (8)[m[K
[2m[[0;34m7d/413873[0;2m] [0;2mSANGERTOL_GENOMEASSEMBLY:GENOMEASSEMBLY:GENOMESCOPE_MODEL:[mCAT_CAT_READS[33;2m ([0;33mbaUndUnlc1[2m)[m                              [2m [[0;32m100%[0;2m][m 1 of 1[32m ✔[m[K
[2m[[0;34ma4/cbccef[0;2m] [0;2mSANGERTOL_GENOMEASSEMBLY:GENOMEASSEMBLY:GENOMESCOPE_MODEL:[mFASTK_FASTK[33;2m ([0;33mbaUndUnlc1[2m)[m                                [2m [[0;32m100%[0;2m][m 1 of 1[32m ✔[m[K
[2m[[0;34m70/4b557b[0;2m] [0;2mSANGERTOL_GENOMEASSEMBLY:GENOMEASSEMBLY:GENOMESCOPE_MODEL:[mFASTK_HISTEX[33;2m ([0;33mbaUndUnlc1[2m)[m                               [2m [[0;32m100%[0;2m][m 1 of 1[32m ✔[m[K
[2m[[0;34m-        [0;2m] [0;2mSANGERTOL_GENOMEASSEMBLY:GENOMEASSEMBLY:GENOMESCOPE_MODEL:TRIO_PROCESS:[mYAK_COUNT_PAT                               -[K
[2m[[0;34m-        [0;2m] [0;2mSANGERTOL_GENOMEASSEMBLY:GENOMEASSEMBLY:GENOMESCOPE_MODEL:TRIO_PROCESS:[mFASTK_PAT                                   -[K
[2m[[0;34m-        [0;2m] [0;2mSANGERTOL_GENOMEASSEMBLY:GENOMEASSEMBLY:GENOMESCOPE_MODEL:TRIO_PROCESS:[mYAK_COUNT_MAT                               -[K
[2m[[0;34m-        [0;2m] [0;2mSANGERTOL_GENOMEASSEMBLY:GENOMEASSEMBLY:GENOMESCOPE_MODEL:TRIO_PROCESS:[mFASTK_MAT                                   -[K
[2m[[0;34m-        [0;2m] [0;2mSANGERTOL_GENOMEASSEMBLY:GENOMEASSEMBLY:GENOMESCOPE_MODEL:TRIO_PROCESS:[mMERQURYFK_HAPMAKER                          -[K
[2m[[0;34ma6/d43693[0;2m] [0;2mSANGERTOL_GENOMEASSEMBLY:GENOMEASSEMBLY:GENOMESCOPE_MODEL:[mGENESCOPEFK[33;2m ([0;33mbaUndUnlc1[2m)[m                                [2m [[0;32m100%[0;2m][m 1 of 1[32m ✔[m[K
[2m[[0;34m9e/b9c04e[0;2m] [0;2mSANGERTOL_GENOMEASSEMBLY:GENOMEASSEMBLY:RAW_ASSEMBLY:[mHIFIASM_PRI[33;2m ([0;33mbaUndUnlc1[2m)[m                                     [2m [[0;34m  0%[0;2m][m 0 of 1[K
[2m[[0;34m4b/49967f[0;2m] [0;2mSANGERTOL_GENOMEASSEMBLY:GENOMEASSEMBLY:RAW_ASSEMBLY:[mHIFIASM_HIC[33;2m ([0;33mbaUndUnlc1[2m)[m                                     [2m [[0;34m  0%[0;2m][m 0 of 1[K
[2m[[0;34mca/ccc2f1[0;2m] [0;2mSANGERTOL_GENOMEASSEMBLY:GENOMEASSEMBLY:[mCAT_CAT_MITOHIFI_READS[33;2m ([0;33mbaUndUnlc1[2m)[m                                       [2m [[0;32m100%[0;2m][m 1 of 1[32m ✔[m[K
[2m[[0;34mdd/28b2db[0;2m] [0;2mSANGERTOL_GENOMEASSEMBLY:GENOMEASSEMBLY:ORGANELLES:[mOATK[33;2m ([0;33mbaUndUnlc1[2m)[m                                              [2m [[0;32m100%[0;2m][m 1 of 1[32m ✔[m[K
[3;2mPlus [1m118[0;3;2m more processes waiting for tasks…[m[K
[K
[K
[K
[31mERROR ~ Pipeline failed. Please refer to troubleshooting docs: https://nf-co.re/docs/usage/troubleshooting[K
[K
 -- Check '.nextflow.log' file for details[39m[K
[K
[K
[K
[K
[K
[K
[K
[K
[K

